



<ENVELOPE>
 <HEADER>
  <VERSION>1</VERSION>
  <STATUS>1</STATUS>
 </HEADER>
 <BODY>
  <DESC>
   <CMPINFO>
    <COMPANY>0</COMPANY>
    <GROUP>0</GROUP>
    <LEDGER>0</LEDGER>
    <COSTCATEGORY>0</COSTCATEGORY>
    <COSTCENTRE>0</COSTCENTRE>
    <GODOWN>0</GODOWN>
    <STOCKGROUP>0</STOCKGROUP>
    <STOCKCATEGORY>0</STOCKCATEGORY>
    <STOCKITEM>0</STOCKITEM>
    <VOUCHERTYPE>0</VOUCHERTYPE>
    <CURRENCY>0</CURRENCY>
    <UNIT>0</UNIT>
    <BUDGET>0</BUDGET>
    <CLIENTRULE>0</CLIENTRULE>
    <SERVERRULE>0</SERVERRULE>
    <STATE>0</STATE>
    <TDSRATE>0</TDSRATE>
    <TAXCLASSIFICATION>0</TAXCLASSIFICATION>
    <STCATEGORY>0</STCATEGORY>
    <DEDUCTEETYPE>0</DEDUCTEETYPE>
    <ATTENDANCETYPE>0</ATTENDANCETYPE>
    <FBTCATEGORY>0</FBTCATEGORY>
    <FBTASSESSEETYPE>0</FBTASSESSEETYPE>
    <TARIFFCLASSIFICATION>0</TARIFFCLASSIFICATION>
    <EXCISEDUTYCLASSIFICATION>0</EXCISEDUTYCLASSIFICATION>
    <SERIALNUMBER>0</SERIALNUMBER>
    <ADJUSTMENTCLASSIFICATION>0</ADJUSTMENTCLASSIFICATION>
    <INCOMETAXSLAB>0</INCOMETAXSLAB>
    <INCOMETAXCLASSIFICATION>0</INCOMETAXCLASSIFICATION>
    <LBTCLASSIFICATION>0</LBTCLASSIFICATION>
    <TAXUNIT>0</TAXUNIT>
    <RETURNMASTER>0</RETURNMASTER>
    <GSTCLASSIFICATION>0</GSTCLASSIFICATION>
    <VOUCHERNUMBERSERIES>0</VOUCHERNUMBERSERIES>
    <VOUCHER>0</VOUCHER>
   </CMPINFO>
  </DESC>
  <DATA>
   <COLLECTION ISMSTDEPTYPE="Yes" MSTDEPTYPE="8">
    <LEDGER NAME="Accounting Charge Payable" RESERVEDNAME="">
     <PARENT TYPE="String">Provisions</PARENT>
     <LANGUAGENAME.LIST>
      <NAME.LIST TYPE="String">
       <NAME>Accounting Charge Payable</NAME>
      </NAME.LIST>
      <LANGUAGEID TYPE="Number"> 1033</LANGUAGEID>
     </LANGUAGENAME.LIST>
    </LEDGER>
    <LEDGER NAME="Accounting Charges" RESERVEDNAME="">
     <PARENT TYPE="String">Indirect Expenses</PARENT>
     <LANGUAGENAME.LIST>
      <NAME.LIST TYPE="String">
       <NAME>Accounting Charges</NAME>
      </NAME.LIST>
      <LANGUAGEID TYPE="Number"> 1033</LANGUAGEID>
     </LANGUAGENAME.LIST>
    </LEDGER>
    <LEDGER NAME="A.G.S. Rathna Stores P Ltd" RESERVEDNAME="">
     <PARENT TYPE="String">Debtors - VBR</PARENT>
     <LANGUAGENAME.LIST>
      <NAME.LIST TYPE="String">
       <NAME>A.G.S. Rathna Stores P Ltd</NAME>
      </NAME.LIST>
      <LANGUAGEID TYPE="Number"> 1033</LANGUAGEID>
     </LANGUAGENAME.LIST>
    </LEDGER>
    <LEDGER NAME="Akilan" RESERVEDNAME="">
     <PARENT TYPE="String">Sundry Debtors</PARENT>
     <LANGUAGENAME.LIST>
      <NAME.LIST TYPE="String">
       <NAME>Akilan</NAME>
      </NAME.LIST>
      <LANGUAGEID TYPE="Number"> 1033</LANGUAGEID>
     </LANGUAGENAME.LIST>
    </LEDGER>
    <LEDGER NAME="AKR EXPRESS PRIVATE LIMITED" RESERVEDNAME="">
     <PARENT TYPE="String">Sundry Creditors</PARENT>
     <LANGUAGENAME.LIST>
      <NAME.LIST TYPE="String">
       <NAME>AKR EXPRESS PRIVATE LIMITED</NAME>
      </NAME.LIST>
      <LANGUAGEID TYPE="Number"> 1033</LANGUAGEID>
     </LANGUAGENAME.LIST>
    </LEDGER>
    <LEDGER NAME="Ambika Polypacks" RESERVEDNAME="">
     <PARENT TYPE="String">Sundry Creditors</PARENT>
     <LANGUAGENAME.LIST>
      <NAME.LIST TYPE="String">
       <NAME>Ambika Polypacks</NAME>
      </NAME.LIST>
      <LANGUAGEID TYPE="Number"> 1033</LANGUAGEID>
     </LANGUAGENAME.LIST>
    </LEDGER>
    <LEDGER NAME="Amudha" RESERVEDNAME="">
     <PARENT TYPE="String">Unsecured Loans</PARENT>
     <LANGUAGENAME.LIST>
      <NAME.LIST TYPE="String">
       <NAME>Amudha</NAME>
      </NAME.LIST>
      <LANGUAGEID TYPE="Number"> 1033</LANGUAGEID>
     </LANGUAGENAME.LIST>
    </LEDGER>
    <LEDGER NAME="Anadhan" RESERVEDNAME="">
     <PARENT TYPE="String">Sundry Debtors</PARENT>
     <LANGUAGENAME.LIST>
      <NAME.LIST TYPE="String">
       <NAME>Anadhan</NAME>
      </NAME.LIST>
      <LANGUAGEID TYPE="Number"> 1033</LANGUAGEID>
     </LANGUAGENAME.LIST>
    </LEDGER>
    <LEDGER NAME="ANANDA TEXTILES AND READYMADES" RESERVEDNAME="">
     <PARENT TYPE="String">Sundry Debtors</PARENT>
     <LANGUAGENAME.LIST>
      <NAME.LIST TYPE="String">
       <NAME>ANANDA TEXTILES AND READYMADES</NAME>
      </NAME.LIST>
      <LANGUAGEID TYPE="Number"> 1033</LANGUAGEID>
     </LANGUAGENAME.LIST>
    </LEDGER>
    <LEDGER NAME="Anandhan" RESERVEDNAME="">
     <PARENT TYPE="String">Sundry Debtors</PARENT>
     <LANGUAGENAME.LIST>
      <NAME.LIST TYPE="String">
       <NAME>Anandhan</NAME>
      </NAME.LIST>
      <LANGUAGEID TYPE="Number"> 1033</LANGUAGEID>
     </LANGUAGENAME.LIST>
    </LEDGER>
    <LEDGER NAME="Annadurai" RESERVEDNAME="">
     <PARENT TYPE="String">Sundry Debtors</PARENT>
     <LANGUAGENAME.LIST>
      <NAME.LIST TYPE="String">
       <NAME>Annadurai</NAME>
      </NAME.LIST>
      <LANGUAGEID TYPE="Number"> 1033</LANGUAGEID>
     </LANGUAGENAME.LIST>
    </LEDGER>
    <LEDGER NAME="APURVA TRADERS" RESERVEDNAME="">
     <PARENT TYPE="String">Sundry Debtors</PARENT>
     <LANGUAGENAME.LIST>
      <NAME.LIST TYPE="String">
       <NAME>APURVA TRADERS</NAME>
      </NAME.LIST>
      <LANGUAGEID TYPE="Number"> 1033</LANGUAGEID>
     </LANGUAGENAME.LIST>
    </LEDGER>
    <LEDGER NAME="Arulmozhi" RESERVEDNAME="">
     <PARENT TYPE="String">Sundry Creditors</PARENT>
     <LANGUAGENAME.LIST>
      <NAME.LIST TYPE="String">
       <NAME>Arulmozhi</NAME>
      </NAME.LIST>
      <LANGUAGEID TYPE="Number"> 1033</LANGUAGEID>
     </LANGUAGENAME.LIST>
    </LEDGER>
    <LEDGER NAME="Arulmozhi Commission Agent" RESERVEDNAME="">
     <PARENT TYPE="String">Sundry Creditors</PARENT>
     <LANGUAGENAME.LIST>
      <NAME.LIST TYPE="String">
       <NAME>Arulmozhi Commission Agent</NAME>
      </NAME.LIST>
      <LANGUAGEID TYPE="Number"> 1033</LANGUAGEID>
     </LANGUAGENAME.LIST>
    </LEDGER>
    <LEDGER NAME="A.Shanmugasundharam" RESERVEDNAME="">
     <PARENT TYPE="String">Sundry Debtors</PARENT>
     <LANGUAGENAME.LIST>
      <NAME.LIST TYPE="String">
       <NAME>A.Shanmugasundharam</NAME>
      </NAME.LIST>
      <LANGUAGEID TYPE="Number"> 1033</LANGUAGEID>
     </LANGUAGENAME.LIST>
    </LEDGER>
    <LEDGER NAME="Aswin Consultancy Service" RESERVEDNAME="">
     <PARENT TYPE="String">Sundry Creditors</PARENT>
     <LANGUAGENAME.LIST>
      <NAME.LIST TYPE="String">
       <NAME>Aswin Consultancy Service</NAME>
      </NAME.LIST>
      <LANGUAGEID TYPE="Number"> 1033</LANGUAGEID>
     </LANGUAGENAME.LIST>
    </LEDGER>
    <LEDGER NAME="Audit Fees Payable" RESERVEDNAME="">
     <PARENT TYPE="String">Provisions</PARENT>
     <LANGUAGENAME.LIST>
      <NAME.LIST TYPE="String">
       <NAME>Audit Fees Payable</NAME>
      </NAME.LIST>
      <LANGUAGEID TYPE="Number"> 1033</LANGUAGEID>
     </LANGUAGENAME.LIST>
    </LEDGER>
    <LEDGER NAME="AVC Traders" RESERVEDNAME="">
     <PARENT TYPE="String">Sundry Creditors</PARENT>
     <LANGUAGENAME.LIST>
      <NAME.LIST TYPE="String">
       <NAME>AVC Traders</NAME>
      </NAME.LIST>
      <LANGUAGEID TYPE="Number"> 1033</LANGUAGEID>
     </LANGUAGENAME.LIST>
    </LEDGER>
    <LEDGER NAME="Babu" RESERVEDNAME="">
     <PARENT TYPE="String">Sundry Debtors</PARENT>
     <LANGUAGENAME.LIST>
      <NAME.LIST TYPE="String">
       <NAME>Babu</NAME>
      </NAME.LIST>
      <LANGUAGEID TYPE="Number"> 1033</LANGUAGEID>
     </LANGUAGENAME.LIST>
    </LEDGER>
    <LEDGER NAME="Balaji" RESERVEDNAME="">
     <PARENT TYPE="String">Sundry Debtors</PARENT>
     <LANGUAGENAME.LIST>
      <NAME.LIST TYPE="String">
       <NAME>Balaji</NAME>
      </NAME.LIST>
      <LANGUAGEID TYPE="Number"> 1033</LANGUAGEID>
     </LANGUAGENAME.LIST>
    </LEDGER>
    <LEDGER NAME="Balaji Textiles &amp; Show Room" RESERVEDNAME="">
     <PARENT TYPE="String">Debtors-KMY</PARENT>
     <LANGUAGENAME.LIST>
      <NAME.LIST TYPE="String">
       <NAME>Balaji Textiles &amp; Show Room</NAME>
      </NAME.LIST>
      <LANGUAGEID TYPE="Number"> 1033</LANGUAGEID>
     </LANGUAGENAME.LIST>
    </LEDGER>
    <LEDGER NAME="Balu" RESERVEDNAME="">
     <PARENT TYPE="String">Sundry Debtors</PARENT>
     <LANGUAGENAME.LIST>
      <NAME.LIST TYPE="String">
       <NAME>Balu</NAME>
      </NAME.LIST>
      <LANGUAGEID TYPE="Number"> 1033</LANGUAGEID>
     </LANGUAGENAME.LIST>
    </LEDGER>
    <LEDGER NAME="Bank Charges" RESERVEDNAME="">
     <PARENT TYPE="String">Indirect Expenses</PARENT>
     <LANGUAGENAME.LIST>
      <NAME.LIST TYPE="String">
       <NAME>Bank Charges</NAME>
       <NAME>B</NAME>
      </NAME.LIST>
      <LANGUAGEID TYPE="Number"> 1033</LANGUAGEID>
     </LANGUAGENAME.LIST>
    </LEDGER>
    <LEDGER NAME="Barani Step in" RESERVEDNAME="">
     <PARENT TYPE="String">Debtors-Sps</PARENT>
     <LANGUAGENAME.LIST>
      <NAME.LIST TYPE="String">
       <NAME>Barani Step in</NAME>
      </NAME.LIST>
      <LANGUAGEID TYPE="Number"> 1033</LANGUAGEID>
     </LANGUAGENAME.LIST>
    </LEDGER>
    <LEDGER NAME="Baskar" RESERVEDNAME="">
     <PARENT TYPE="String">Sundry Debtors</PARENT>
     <LANGUAGENAME.LIST>
      <NAME.LIST TYPE="String">
       <NAME>Baskar</NAME>
      </NAME.LIST>
      <LANGUAGEID TYPE="Number"> 1033</LANGUAGEID>
     </LANGUAGENAME.LIST>
    </LEDGER>
    <LEDGER NAME="Baskaran" RESERVEDNAME="">
     <PARENT TYPE="String">Sundry Debtors</PARENT>
     <LANGUAGENAME.LIST>
      <NAME.LIST TYPE="String">
       <NAME>Baskaran</NAME>
      </NAME.LIST>
      <LANGUAGEID TYPE="Number"> 1033</LANGUAGEID>
     </LANGUAGENAME.LIST>
    </LEDGER>
    <LEDGER NAME="Bombay Electricals" RESERVEDNAME="">
     <PARENT TYPE="String">Indirect Expenses</PARENT>
     <LANGUAGENAME.LIST>
      <NAME.LIST TYPE="String">
       <NAME>Bombay Electricals</NAME>
      </NAME.LIST>
      <LANGUAGEID TYPE="Number"> 1033</LANGUAGEID>
     </LANGUAGENAME.LIST>
    </LEDGER>
    <LEDGER NAME="Bombay Electricals Agencies" RESERVEDNAME="">
     <PARENT TYPE="String">Sundry Creditors</PARENT>
     <LANGUAGENAME.LIST>
      <NAME.LIST TYPE="String">
       <NAME>Bombay Electricals Agencies</NAME>
      </NAME.LIST>
      <LANGUAGEID TYPE="Number"> 1033</LANGUAGEID>
     </LANGUAGENAME.LIST>
    </LEDGER>
    <LEDGER NAME="BSP Polymers" RESERVEDNAME="">
     <PARENT TYPE="String">Sundry Creditors</PARENT>
     <LANGUAGENAME.LIST>
      <NAME.LIST TYPE="String">
       <NAME>BSP Polymers</NAME>
      </NAME.LIST>
      <LANGUAGEID TYPE="Number"> 1033</LANGUAGEID>
     </LANGUAGENAME.LIST>
    </LEDGER>
    <LEDGER NAME="Building" RESERVEDNAME="">
     <PARENT TYPE="String">Fixed Assets</PARENT>
     <LANGUAGENAME.LIST>
      <NAME.LIST TYPE="String">
       <NAME>Building</NAME>
      </NAME.LIST>
      <LANGUAGEID TYPE="Number"> 1033</LANGUAGEID>
     </LANGUAGENAME.LIST>
    </LEDGER>
    <LEDGER NAME="CAR-PY01BF5667" RESERVEDNAME="">
     <PARENT TYPE="String">Assest @15%</PARENT>
     <LANGUAGENAME.LIST>
      <NAME.LIST TYPE="String">
       <NAME>CAR-PY01BF5667</NAME>
      </NAME.LIST>
      <LANGUAGEID TYPE="Number"> 1033</LANGUAGEID>
     </LANGUAGENAME.LIST>
    </LEDGER>
    <LEDGER NAME="Cash" RESERVEDNAME="">
     <PARENT TYPE="String">Cash-in-Hand</PARENT>
     <LANGUAGENAME.LIST>
      <NAME.LIST TYPE="String">
       <NAME>Cash</NAME>
      </NAME.LIST>
      <LANGUAGEID TYPE="Number"> 1033</LANGUAGEID>
     </LANGUAGENAME.LIST>
    </LEDGER>
    <LEDGER NAME="Cgst@6%" RESERVEDNAME="">
     <PARENT TYPE="String">Duties &amp; Taxes</PARENT>
     <LANGUAGENAME.LIST>
      <NAME.LIST TYPE="String">
       <NAME>Cgst@6%</NAME>
      </NAME.LIST>
      <LANGUAGEID TYPE="Number"> 1033</LANGUAGEID>
     </LANGUAGENAME.LIST>
    </LEDGER>
    <LEDGER NAME="Cgst@9%" RESERVEDNAME="">
     <PARENT TYPE="String">Duties &amp; Taxes</PARENT>
     <LANGUAGENAME.LIST>
      <NAME.LIST TYPE="String">
       <NAME>Cgst@9%</NAME>
      </NAME.LIST>
      <LANGUAGEID TYPE="Number"> 1033</LANGUAGEID>
     </LANGUAGENAME.LIST>
    </LEDGER>
    <LEDGER NAME="Chandra Hardware &amp; Electricals" RESERVEDNAME="">
     <PARENT TYPE="String">Sundry Creditors</PARENT>
     <LANGUAGENAME.LIST>
      <NAME.LIST TYPE="String">
       <NAME>Chandra Hardware &amp; Electricals</NAME>
      </NAME.LIST>
      <LANGUAGEID TYPE="Number"> 1033</LANGUAGEID>
     </LANGUAGENAME.LIST>
    </LEDGER>
    <LEDGER NAME="Chandralekha" RESERVEDNAME="">
     <PARENT TYPE="String">Sundry Creditors</PARENT>
     <LANGUAGENAME.LIST>
      <NAME.LIST TYPE="String">
       <NAME>Chandralekha</NAME>
      </NAME.LIST>
      <LANGUAGEID TYPE="Number"> 1033</LANGUAGEID>
     </LANGUAGENAME.LIST>
    </LEDGER>
    <LEDGER NAME="Chandran" RESERVEDNAME="">
     <PARENT TYPE="String">Sundry Debtors</PARENT>
     <LANGUAGENAME.LIST>
      <NAME.LIST TYPE="String">
       <NAME>Chandran</NAME>
      </NAME.LIST>
      <LANGUAGEID TYPE="Number"> 1033</LANGUAGEID>
     </LANGUAGENAME.LIST>
    </LEDGER>
    <LEDGER NAME="Chinnayan" RESERVEDNAME="">
     <PARENT TYPE="String">Sundry Debtors</PARENT>
     <LANGUAGENAME.LIST>
      <NAME.LIST TYPE="String">
       <NAME>Chinnayan</NAME>
      </NAME.LIST>
      <LANGUAGEID TYPE="Number"> 1033</LANGUAGEID>
     </LANGUAGENAME.LIST>
    </LEDGER>
    <LEDGER NAME="Chitra" RESERVEDNAME="">
     <PARENT TYPE="String">Sundry Debtors</PARENT>
     <LANGUAGENAME.LIST>
      <NAME.LIST TYPE="String">
       <NAME>Chitra</NAME>
      </NAME.LIST>
      <LANGUAGEID TYPE="Number"> 1033</LANGUAGEID>
     </LANGUAGENAME.LIST>
    </LEDGER>
    <LEDGER NAME="Chittra" RESERVEDNAME="">
     <PARENT TYPE="String">Sundry Debtors</PARENT>
     <LANGUAGENAME.LIST>
      <NAME.LIST TYPE="String">
       <NAME>Chittra</NAME>
      </NAME.LIST>
      <LANGUAGEID TYPE="Number"> 1033</LANGUAGEID>
     </LANGUAGENAME.LIST>
    </LEDGER>
    <LEDGER NAME="CHOLAMANDALAM INVESTMENT &amp; FINANCE COMPANY LTD" RESERVEDNAME="">
     <PARENT TYPE="String">Sundry Creditors</PARENT>
     <LANGUAGENAME.LIST>
      <NAME.LIST TYPE="String">
       <NAME>CHOLAMANDALAM INVESTMENT &amp; FINANCE COMPANY LTD</NAME>
      </NAME.LIST>
      <LANGUAGEID TYPE="Number"> 1033</LANGUAGEID>
     </LANGUAGENAME.LIST>
    </LEDGER>
    <LEDGER NAME="Computer" RESERVEDNAME="">
     <PARENT TYPE="String">Assets 40%</PARENT>
     <LANGUAGENAME.LIST>
      <NAME.LIST TYPE="String">
       <NAME>Computer</NAME>
      </NAME.LIST>
      <LANGUAGEID TYPE="Number"> 1033</LANGUAGEID>
     </LANGUAGENAME.LIST>
    </LEDGER>
    <LEDGER NAME="David" RESERVEDNAME="">
     <PARENT TYPE="String">Sundry Debtors</PARENT>
     <LANGUAGENAME.LIST>
      <NAME.LIST TYPE="String">
       <NAME>David</NAME>
      </NAME.LIST>
      <LANGUAGEID TYPE="Number"> 1033</LANGUAGEID>
     </LANGUAGENAME.LIST>
    </LEDGER>
    <LEDGER NAME="DEPRECIATION" RESERVEDNAME="">
     <PARENT TYPE="String">Indirect Expenses</PARENT>
     <LANGUAGENAME.LIST>
      <NAME.LIST TYPE="String">
       <NAME>DEPRECIATION</NAME>
      </NAME.LIST>
      <LANGUAGEID TYPE="Number"> 1033</LANGUAGEID>
     </LANGUAGENAME.LIST>
    </LEDGER>
    <LEDGER NAME="Devaki Foundations" RESERVEDNAME="">
     <PARENT TYPE="String">Sundry Creditors</PARENT>
     <LANGUAGENAME.LIST>
      <NAME.LIST TYPE="String">
       <NAME>Devaki Foundations</NAME>
      </NAME.LIST>
      <LANGUAGEID TYPE="Number"> 1033</LANGUAGEID>
     </LANGUAGENAME.LIST>
    </LEDGER>
    <LEDGER NAME="Devendiran" RESERVEDNAME="">
     <PARENT TYPE="String">Sundry Debtors</PARENT>
     <LANGUAGENAME.LIST>
      <NAME.LIST TYPE="String">
       <NAME>Devendiran</NAME>
      </NAME.LIST>
      <LANGUAGEID TYPE="Number"> 1033</LANGUAGEID>
     </LANGUAGENAME.LIST>
    </LEDGER>
    <LEDGER NAME="Dhamodaran" RESERVEDNAME="">
     <PARENT TYPE="String">Salary Account</PARENT>
     <LANGUAGENAME.LIST>
      <NAME.LIST TYPE="String">
       <NAME>Dhamodaran</NAME>
      </NAME.LIST>
      <LANGUAGEID TYPE="Number"> 1033</LANGUAGEID>
     </LANGUAGENAME.LIST>
    </LEDGER>
    <LEDGER NAME="Dhanapal" RESERVEDNAME="">
     <PARENT TYPE="String">Sundry Debtors</PARENT>
     <LANGUAGENAME.LIST>
      <NAME.LIST TYPE="String">
       <NAME>Dhanapal</NAME>
      </NAME.LIST>
      <LANGUAGEID TYPE="Number"> 1033</LANGUAGEID>
     </LANGUAGENAME.LIST>
    </LEDGER>
    <LEDGER NAME="Dhevendiran Em" RESERVEDNAME="">
     <PARENT TYPE="String">Salary Account</PARENT>
     <LANGUAGENAME.LIST>
      <NAME.LIST TYPE="String">
       <NAME>Dhevendiran Em</NAME>
      </NAME.LIST>
      <LANGUAGEID TYPE="Number"> 1033</LANGUAGEID>
     </LANGUAGENAME.LIST>
    </LEDGER>
    <LEDGER NAME="Dinakaran" RESERVEDNAME="">
     <PARENT TYPE="String">Sundry Debtors</PARENT>
     <LANGUAGENAME.LIST>
      <NAME.LIST TYPE="String">
       <NAME>Dinakaran</NAME>
      </NAME.LIST>
      <LANGUAGEID TYPE="Number"> 1033</LANGUAGEID>
     </LANGUAGENAME.LIST>
    </LEDGER>
    <LEDGER NAME="Discount" RESERVEDNAME="">
     <PARENT TYPE="String">Indirect Expenses</PARENT>
     <LANGUAGENAME.LIST>
      <NAME.LIST TYPE="String">
       <NAME>Discount</NAME>
      </NAME.LIST>
      <LANGUAGEID TYPE="Number"> 1033</LANGUAGEID>
     </LANGUAGENAME.LIST>
    </LEDGER>
    <LEDGER NAME="Drawing" RESERVEDNAME="">
     <PARENT TYPE="String">Capital Account</PARENT>
     <LANGUAGENAME.LIST>
      <NAME.LIST TYPE="String">
       <NAME>Drawing</NAME>
      </NAME.LIST>
      <LANGUAGEID TYPE="Number"> 1033</LANGUAGEID>
     </LANGUAGENAME.LIST>
    </LEDGER>
    <LEDGER NAME="Durai Raj" RESERVEDNAME="">
     <PARENT TYPE="String">Sundry Debtors</PARENT>
     <LANGUAGENAME.LIST>
      <NAME.LIST TYPE="String">
       <NAME>Durai Raj</NAME>
      </NAME.LIST>
      <LANGUAGEID TYPE="Number"> 1033</LANGUAGEID>
     </LANGUAGENAME.LIST>
    </LEDGER>
    <LEDGER NAME="Elagovan" RESERVEDNAME="">
     <PARENT TYPE="String">Sundry Debtors</PARENT>
     <LANGUAGENAME.LIST>
      <NAME.LIST TYPE="String">
       <NAME>Elagovan</NAME>
      </NAME.LIST>
      <LANGUAGEID TYPE="Number"> 1033</LANGUAGEID>
     </LANGUAGENAME.LIST>
    </LEDGER>
    <LEDGER NAME="Emi Refund (Covid19)" RESERVEDNAME="">
     <PARENT TYPE="String">Indirect Incomes</PARENT>
     <LANGUAGENAME.LIST>
      <NAME.LIST TYPE="String">
       <NAME>Emi Refund (Covid19)</NAME>
      </NAME.LIST>
      <LANGUAGEID TYPE="Number"> 1033</LANGUAGEID>
     </LANGUAGENAME.LIST>
    </LEDGER>
    <LEDGER NAME="E Tax Advisors Pvt" RESERVEDNAME="">
     <PARENT TYPE="String">Sundry Creditors</PARENT>
     <LANGUAGENAME.LIST>
      <NAME.LIST TYPE="String">
       <NAME>E Tax Advisors Pvt</NAME>
      </NAME.LIST>
      <LANGUAGEID TYPE="Number"> 1033</LANGUAGEID>
     </LANGUAGENAME.LIST>
    </LEDGER>
    <LEDGER NAME="Fire Safety Equipments" RESERVEDNAME="">
     <PARENT TYPE="String">Assest @15%</PARENT>
     <LANGUAGENAME.LIST>
      <NAME.LIST TYPE="String">
       <NAME>Fire Safety Equipments</NAME>
      </NAME.LIST>
      <LANGUAGEID TYPE="Number"> 1033</LANGUAGEID>
     </LANGUAGENAME.LIST>
    </LEDGER>
    <LEDGER NAME="Fransis Pandiyan" RESERVEDNAME="">
     <PARENT TYPE="String">Sundry Debtors</PARENT>
     <LANGUAGENAME.LIST>
      <NAME.LIST TYPE="String">
       <NAME>Fransis Pandiyan</NAME>
      </NAME.LIST>
      <LANGUAGEID TYPE="Number"> 1033</LANGUAGEID>
     </LANGUAGENAME.LIST>
    </LEDGER>
    <LEDGER NAME="GANAPATHY ENTERPRISES" RESERVEDNAME="">
     <PARENT TYPE="String">Sundry Creditors</PARENT>
     <LANGUAGENAME.LIST>
      <NAME.LIST TYPE="String">
       <NAME>GANAPATHY ENTERPRISES</NAME>
      </NAME.LIST>
      <LANGUAGEID TYPE="Number"> 1033</LANGUAGEID>
     </LANGUAGENAME.LIST>
    </LEDGER>
    <LEDGER NAME="Ganesh" RESERVEDNAME="">
     <PARENT TYPE="String">Sundry Debtors</PARENT>
     <LANGUAGENAME.LIST>
      <NAME.LIST TYPE="String">
       <NAME>Ganesh</NAME>
      </NAME.LIST>
      <LANGUAGEID TYPE="Number"> 1033</LANGUAGEID>
     </LANGUAGENAME.LIST>
    </LEDGER>
    <LEDGER NAME="Gems Traders" RESERVEDNAME="">
     <PARENT TYPE="String">Sundry Creditors</PARENT>
     <LANGUAGENAME.LIST>
      <NAME.LIST TYPE="String">
       <NAME>Gems Traders</NAME>
      </NAME.LIST>
      <LANGUAGEID TYPE="Number"> 1033</LANGUAGEID>
     </LANGUAGENAME.LIST>
    </LEDGER>
    <LEDGER NAME="General Expenses" RESERVEDNAME="">
     <PARENT TYPE="String">Indirect Expenses</PARENT>
     <LANGUAGENAME.LIST>
      <NAME.LIST TYPE="String">
       <NAME>General Expenses</NAME>
      </NAME.LIST>
      <LANGUAGEID TYPE="Number"> 1033</LANGUAGEID>
     </LANGUAGENAME.LIST>
    </LEDGER>
    <LEDGER NAME="GODREJ AND BOYCE MFG CO LTD" RESERVEDNAME="">
     <PARENT TYPE="String">Sundry Creditors</PARENT>
     <LANGUAGENAME.LIST>
      <NAME.LIST TYPE="String">
       <NAME>GODREJ AND BOYCE MFG CO LTD</NAME>
      </NAME.LIST>
      <LANGUAGEID TYPE="Number"> 1033</LANGUAGEID>
     </LANGUAGENAME.LIST>
    </LEDGER>
    <LEDGER NAME="Gold Loan Inetrest" RESERVEDNAME="">
     <PARENT TYPE="String">Indirect Expenses</PARENT>
     <LANGUAGENAME.LIST>
      <NAME.LIST TYPE="String">
       <NAME>Gold Loan Inetrest</NAME>
      </NAME.LIST>
      <LANGUAGEID TYPE="Number"> 1033</LANGUAGEID>
     </LANGUAGENAME.LIST>
    </LEDGER>
    <LEDGER NAME="Gopalan" RESERVEDNAME="">
     <PARENT TYPE="String">Sundry Debtors</PARENT>
     <LANGUAGENAME.LIST>
      <NAME.LIST TYPE="String">
       <NAME>Gopalan</NAME>
      </NAME.LIST>
      <LANGUAGEID TYPE="Number"> 1033</LANGUAGEID>
     </LANGUAGENAME.LIST>
    </LEDGER>
    <LEDGER NAME="Gothandapani" RESERVEDNAME="">
     <PARENT TYPE="String">Sundry Debtors</PARENT>
     <LANGUAGENAME.LIST>
      <NAME.LIST TYPE="String">
       <NAME>Gothandapani</NAME>
      </NAME.LIST>
      <LANGUAGEID TYPE="Number"> 1033</LANGUAGEID>
     </LANGUAGENAME.LIST>
    </LEDGER>
    <LEDGER NAME="Govindhan" RESERVEDNAME="">
     <PARENT TYPE="String">Sundry Debtors</PARENT>
     <LANGUAGENAME.LIST>
      <NAME.LIST TYPE="String">
       <NAME>Govindhan</NAME>
      </NAME.LIST>
      <LANGUAGEID TYPE="Number"> 1033</LANGUAGEID>
     </LANGUAGENAME.LIST>
    </LEDGER>
    <LEDGER NAME="G.Poonguzhali" RESERVEDNAME="">
     <PARENT TYPE="String">Debtors-VR</PARENT>
     <LANGUAGENAME.LIST>
      <NAME.LIST TYPE="String">
       <NAME>G.Poonguzhali</NAME>
       <NAME>G</NAME>
      </NAME.LIST>
      <LANGUAGEID TYPE="Number"> 1033</LANGUAGEID>
     </LANGUAGENAME.LIST>
    </LEDGER>
    <LEDGER NAME="GST Cash Balance" RESERVEDNAME="">
     <PARENT TYPE="String">Duties &amp; Taxes</PARENT>
     <LANGUAGENAME.LIST>
      <NAME.LIST TYPE="String">
       <NAME>GST Cash Balance</NAME>
      </NAME.LIST>
      <LANGUAGEID TYPE="Number"> 1033</LANGUAGEID>
     </LANGUAGENAME.LIST>
    </LEDGER>
    <LEDGER NAME="Gst Filing &amp; Account Charges Fees" RESERVEDNAME="">
     <PARENT TYPE="String">Indirect Expenses</PARENT>
     <LANGUAGENAME.LIST>
      <NAME.LIST TYPE="String">
       <NAME>Gst Filing &amp; Account Charges Fees</NAME>
      </NAME.LIST>
      <LANGUAGEID TYPE="Number"> 1033</LANGUAGEID>
     </LANGUAGENAME.LIST>
    </LEDGER>
    <LEDGER NAME="GST Late Fee" RESERVEDNAME="">
     <PARENT TYPE="String">Indirect Expenses</PARENT>
     <LANGUAGENAME.LIST>
      <NAME.LIST TYPE="String">
       <NAME>GST Late Fee</NAME>
      </NAME.LIST>
      <LANGUAGEID TYPE="Number"> 1033</LANGUAGEID>
     </LANGUAGENAME.LIST>
    </LEDGER>
    <LEDGER NAME="GST Paid" RESERVEDNAME="">
     <PARENT TYPE="String">Duties &amp; Taxes</PARENT>
     <LANGUAGENAME.LIST>
      <NAME.LIST TYPE="String">
       <NAME>GST Paid</NAME>
      </NAME.LIST>
      <LANGUAGEID TYPE="Number"> 1033</LANGUAGEID>
     </LANGUAGENAME.LIST>
    </LEDGER>
    <LEDGER NAME="GST Payable" RESERVEDNAME="">
     <PARENT TYPE="String">Provisions</PARENT>
     <LANGUAGENAME.LIST>
      <NAME.LIST TYPE="String">
       <NAME>GST Payable</NAME>
      </NAME.LIST>
      <LANGUAGEID TYPE="Number"> 1033</LANGUAGEID>
     </LANGUAGENAME.LIST>
    </LEDGER>
    <LEDGER NAME="Gunasekaran" RESERVEDNAME="">
     <PARENT TYPE="String">Sundry Debtors</PARENT>
     <LANGUAGENAME.LIST>
      <NAME.LIST TYPE="String">
       <NAME>Gunasekaran</NAME>
      </NAME.LIST>
      <LANGUAGEID TYPE="Number"> 1033</LANGUAGEID>
     </LANGUAGENAME.LIST>
    </LEDGER>
    <LEDGER NAME="Hari" RESERVEDNAME="">
     <PARENT TYPE="String">Sundry Debtors</PARENT>
     <LANGUAGENAME.LIST>
      <NAME.LIST TYPE="String">
       <NAME>Hari</NAME>
      </NAME.LIST>
      <LANGUAGEID TYPE="Number"> 1033</LANGUAGEID>
     </LANGUAGENAME.LIST>
    </LEDGER>
    <LEDGER NAME="Hariharan" RESERVEDNAME="">
     <PARENT TYPE="String">Sundry Debtors</PARENT>
     <LANGUAGENAME.LIST>
      <NAME.LIST TYPE="String">
       <NAME>Hariharan</NAME>
      </NAME.LIST>
      <LANGUAGEID TYPE="Number"> 1033</LANGUAGEID>
     </LANGUAGENAME.LIST>
    </LEDGER>
    <LEDGER NAME="Harish" RESERVEDNAME="">
     <PARENT TYPE="String">Sundry Debtors</PARENT>
     <LANGUAGENAME.LIST>
      <NAME.LIST TYPE="String">
       <NAME>Harish</NAME>
      </NAME.LIST>
      <LANGUAGEID TYPE="Number"> 1033</LANGUAGEID>
     </LANGUAGENAME.LIST>
    </LEDGER>
    <LEDGER NAME="Hemalatha T" RESERVEDNAME="">
     <PARENT TYPE="String">Capital Account</PARENT>
     <LANGUAGENAME.LIST>
      <NAME.LIST TYPE="String">
       <NAME>Hemalatha T</NAME>
      </NAME.LIST>
      <LANGUAGEID TYPE="Number"> 1033</LANGUAGEID>
     </LANGUAGENAME.LIST>
    </LEDGER>
    <LEDGER NAME="Hotel Campus" RESERVEDNAME="">
     <PARENT TYPE="String">Sundry Debtors</PARENT>
     <LANGUAGENAME.LIST>
      <NAME.LIST TYPE="String">
       <NAME>Hotel Campus</NAME>
      </NAME.LIST>
      <LANGUAGEID TYPE="Number"> 1033</LANGUAGEID>
     </LANGUAGENAME.LIST>
    </LEDGER>
    <LEDGER NAME="Hotel Saraswathy Bangajam" RESERVEDNAME="">
     <PARENT TYPE="String">Debtors-VR</PARENT>
     <LANGUAGENAME.LIST>
      <NAME.LIST TYPE="String">
       <NAME>Hotel Saraswathy Bangajam</NAME>
      </NAME.LIST>
      <LANGUAGEID TYPE="Number"> 1033</LANGUAGEID>
     </LANGUAGENAME.LIST>
    </LEDGER>
    <LEDGER NAME="Hriday Polyplast" RESERVEDNAME="">
     <PARENT TYPE="String">Sundry Creditors</PARENT>
     <LANGUAGENAME.LIST>
      <NAME.LIST TYPE="String">
       <NAME>Hriday Polyplast</NAME>
      </NAME.LIST>
      <LANGUAGEID TYPE="Number"> 1033</LANGUAGEID>
     </LANGUAGENAME.LIST>
    </LEDGER>
    <LEDGER NAME="Igst 18%" RESERVEDNAME="">
     <PARENT TYPE="String">Duties &amp; Taxes</PARENT>
     <LANGUAGENAME.LIST>
      <NAME.LIST TYPE="String">
       <NAME>Igst 18%</NAME>
      </NAME.LIST>
      <LANGUAGEID TYPE="Number"> 1033</LANGUAGEID>
     </LANGUAGENAME.LIST>
    </LEDGER>
    <LEDGER NAME="Igst@12%" RESERVEDNAME="">
     <PARENT TYPE="String">Duties &amp; Taxes</PARENT>
     <LANGUAGENAME.LIST>
      <NAME.LIST TYPE="String">
       <NAME>Igst@12%</NAME>
       <NAME>Ig</NAME>
      </NAME.LIST>
      <LANGUAGEID TYPE="Number"> 1033</LANGUAGEID>
     </LANGUAGENAME.LIST>
    </LEDGER>
    <LEDGER NAME="Igst@18%" RESERVEDNAME="">
     <PARENT TYPE="String">Duties &amp; Taxes</PARENT>
     <LANGUAGENAME.LIST>
      <NAME.LIST TYPE="String">
       <NAME>Igst@18%</NAME>
       <NAME>Ii</NAME>
      </NAME.LIST>
      <LANGUAGEID TYPE="Number"> 1033</LANGUAGEID>
     </LANGUAGENAME.LIST>
    </LEDGER>
    <LEDGER NAME="Indica Computers and Web Square" RESERVEDNAME="">
     <PARENT TYPE="String">Sundry Creditors</PARENT>
     <LANGUAGENAME.LIST>
      <NAME.LIST TYPE="String">
       <NAME>Indica Computers and Web Square</NAME>
      </NAME.LIST>
      <LANGUAGEID TYPE="Number"> 1033</LANGUAGEID>
     </LANGUAGENAME.LIST>
    </LEDGER>
    <LEDGER NAME="Input Cgst 2.5%" RESERVEDNAME="">
     <PARENT TYPE="String">Duties &amp; Taxes</PARENT>
     <LANGUAGENAME.LIST>
      <NAME.LIST TYPE="String">
       <NAME>Input Cgst 2.5%</NAME>
      </NAME.LIST>
      <LANGUAGEID TYPE="Number"> 1033</LANGUAGEID>
     </LANGUAGENAME.LIST>
    </LEDGER>
    <LEDGER NAME="INPUT CGST@14%" RESERVEDNAME="">
     <PARENT TYPE="String">Duties &amp; Taxes</PARENT>
     <LANGUAGENAME.LIST>
      <NAME.LIST TYPE="String">
       <NAME>INPUT CGST@14%</NAME>
      </NAME.LIST>
      <LANGUAGEID TYPE="Number"> 1033</LANGUAGEID>
     </LANGUAGENAME.LIST>
    </LEDGER>
    <LEDGER NAME="INPUT CGST@ 6%" RESERVEDNAME="">
     <PARENT TYPE="String">Duties &amp; Taxes</PARENT>
     <LANGUAGENAME.LIST>
      <NAME.LIST TYPE="String">
       <NAME>INPUT CGST@ 6%</NAME>
       <NAME>C6</NAME>
      </NAME.LIST>
      <LANGUAGEID TYPE="Number"> 1033</LANGUAGEID>
     </LANGUAGENAME.LIST>
    </LEDGER>
    <LEDGER NAME="INPUT CGST @ 9%" RESERVEDNAME="">
     <PARENT TYPE="String">Duties &amp; Taxes</PARENT>
     <LANGUAGENAME.LIST>
      <NAME.LIST TYPE="String">
       <NAME>INPUT CGST @ 9%</NAME>
       <NAME>Ic</NAME>
      </NAME.LIST>
      <LANGUAGEID TYPE="Number"> 1033</LANGUAGEID>
     </LANGUAGENAME.LIST>
    </LEDGER>
    <LEDGER NAME="Input IGST 18%" RESERVEDNAME="">
     <PARENT TYPE="String">Duties &amp; Taxes</PARENT>
     <LANGUAGENAME.LIST>
      <NAME.LIST TYPE="String">
       <NAME>Input IGST 18%</NAME>
      </NAME.LIST>
      <LANGUAGEID TYPE="Number"> 1033</LANGUAGEID>
     </LANGUAGENAME.LIST>
    </LEDGER>
    <LEDGER NAME="INPUT IGST @ 12%" RESERVEDNAME="">
     <PARENT TYPE="String">Duties &amp; Taxes</PARENT>
     <LANGUAGENAME.LIST>
      <NAME.LIST TYPE="String">
       <NAME>INPUT IGST @ 12%</NAME>
       <NAME>I1</NAME>
      </NAME.LIST>
      <LANGUAGEID TYPE="Number"> 1033</LANGUAGEID>
     </LANGUAGENAME.LIST>
    </LEDGER>
    <LEDGER NAME="Input Sgst 2.5%" RESERVEDNAME="">
     <PARENT TYPE="String">Duties &amp; Taxes</PARENT>
     <LANGUAGENAME.LIST>
      <NAME.LIST TYPE="String">
       <NAME>Input Sgst 2.5%</NAME>
      </NAME.LIST>
      <LANGUAGEID TYPE="Number"> 1033</LANGUAGEID>
     </LANGUAGENAME.LIST>
    </LEDGER>
    <LEDGER NAME="INPUT SGST@14%" RESERVEDNAME="">
     <PARENT TYPE="String">Duties &amp; Taxes</PARENT>
     <LANGUAGENAME.LIST>
      <NAME.LIST TYPE="String">
       <NAME>INPUT SGST@14%</NAME>
      </NAME.LIST>
      <LANGUAGEID TYPE="Number"> 1033</LANGUAGEID>
     </LANGUAGENAME.LIST>
    </LEDGER>
    <LEDGER NAME="INPUT SGST@ 6%" RESERVEDNAME="">
     <PARENT TYPE="String">Duties &amp; Taxes</PARENT>
     <LANGUAGENAME.LIST>
      <NAME.LIST TYPE="String">
       <NAME>INPUT SGST@ 6%</NAME>
       <NAME>S6</NAME>
      </NAME.LIST>
      <LANGUAGEID TYPE="Number"> 1033</LANGUAGEID>
     </LANGUAGENAME.LIST>
    </LEDGER>
    <LEDGER NAME="INPUT SGST@ 9%" RESERVEDNAME="">
     <PARENT TYPE="String">Duties &amp; Taxes</PARENT>
     <LANGUAGENAME.LIST>
      <NAME.LIST TYPE="String">
       <NAME>INPUT SGST@ 9%</NAME>
       <NAME>Is</NAME>
      </NAME.LIST>
      <LANGUAGEID TYPE="Number"> 1033</LANGUAGEID>
     </LANGUAGENAME.LIST>
    </LEDGER>
    <LEDGER NAME="Insurance" RESERVEDNAME="">
     <PARENT TYPE="String">Indirect Expenses</PARENT>
     <LANGUAGENAME.LIST>
      <NAME.LIST TYPE="String">
       <NAME>Insurance</NAME>
      </NAME.LIST>
      <LANGUAGEID TYPE="Number"> 1033</LANGUAGEID>
     </LANGUAGENAME.LIST>
    </LEDGER>
    <LEDGER NAME="Intercom" RESERVEDNAME="">
     <PARENT TYPE="String">Assest @15%</PARENT>
     <LANGUAGENAME.LIST>
      <NAME.LIST TYPE="String">
       <NAME>Intercom</NAME>
      </NAME.LIST>
      <LANGUAGEID TYPE="Number"> 1033</LANGUAGEID>
     </LANGUAGENAME.LIST>
    </LEDGER>
    <LEDGER NAME="Interest Accurred" RESERVEDNAME="">
     <PARENT TYPE="String">Current Assets</PARENT>
     <LANGUAGENAME.LIST>
      <NAME.LIST TYPE="String">
       <NAME>Interest Accurred</NAME>
      </NAME.LIST>
      <LANGUAGEID TYPE="Number"> 1033</LANGUAGEID>
     </LANGUAGENAME.LIST>
    </LEDGER>
    <LEDGER NAME="Interest on LC Margin" RESERVEDNAME="">
     <PARENT TYPE="String">Indirect Incomes</PARENT>
     <LANGUAGENAME.LIST>
      <NAME.LIST TYPE="String">
       <NAME>Interest on LC Margin</NAME>
      </NAME.LIST>
      <LANGUAGEID TYPE="Number"> 1033</LANGUAGEID>
     </LANGUAGENAME.LIST>
    </LEDGER>
    <LEDGER NAME="Interest on OD ACCOUNT" RESERVEDNAME="">
     <PARENT TYPE="String">Indirect Expenses</PARENT>
     <LANGUAGENAME.LIST>
      <NAME.LIST TYPE="String">
       <NAME>Interest on OD ACCOUNT</NAME>
       <NAME>Od</NAME>
      </NAME.LIST>
      <LANGUAGEID TYPE="Number"> 1033</LANGUAGEID>
     </LANGUAGENAME.LIST>
    </LEDGER>
    <LEDGER NAME="Internet Bill" RESERVEDNAME="">
     <PARENT TYPE="String">Indirect Expenses</PARENT>
     <LANGUAGENAME.LIST>
      <NAME.LIST TYPE="String">
       <NAME>Internet Bill</NAME>
      </NAME.LIST>
      <LANGUAGEID TYPE="Number"> 1033</LANGUAGEID>
     </LANGUAGENAME.LIST>
    </LEDGER>
    <LEDGER NAME="Int. on TL" RESERVEDNAME="">
     <PARENT TYPE="String">Indirect Expenses</PARENT>
     <LANGUAGENAME.LIST>
      <NAME.LIST TYPE="String">
       <NAME>Int. on TL</NAME>
      </NAME.LIST>
      <LANGUAGEID TYPE="Number"> 1033</LANGUAGEID>
     </LANGUAGENAME.LIST>
    </LEDGER>
    <LEDGER NAME="Jagan Enterprises" RESERVEDNAME="">
     <PARENT TYPE="String">Sundry Creditors</PARENT>
     <LANGUAGENAME.LIST>
      <NAME.LIST TYPE="String">
       <NAME>Jagan Enterprises</NAME>
      </NAME.LIST>
      <LANGUAGEID TYPE="Number"> 1033</LANGUAGEID>
     </LANGUAGENAME.LIST>
    </LEDGER>
    <LEDGER NAME="Janakiraman" RESERVEDNAME="">
     <PARENT TYPE="String">Sundry Debtors</PARENT>
     <LANGUAGENAME.LIST>
      <NAME.LIST TYPE="String">
       <NAME>Janakiraman</NAME>
      </NAME.LIST>
      <LANGUAGEID TYPE="Number"> 1033</LANGUAGEID>
     </LANGUAGENAME.LIST>
    </LEDGER>
    <LEDGER NAME="Jayakandhan" RESERVEDNAME="">
     <PARENT TYPE="String">Sundry Debtors</PARENT>
     <LANGUAGENAME.LIST>
      <NAME.LIST TYPE="String">
       <NAME>Jayakandhan</NAME>
      </NAME.LIST>
      <LANGUAGEID TYPE="Number"> 1033</LANGUAGEID>
     </LANGUAGENAME.LIST>
    </LEDGER>
    <LEDGER NAME="Jayakumar" RESERVEDNAME="">
     <PARENT TYPE="String">Sundry Creditors</PARENT>
     <LANGUAGENAME.LIST>
      <NAME.LIST TYPE="String">
       <NAME>Jayakumar</NAME>
      </NAME.LIST>
      <LANGUAGEID TYPE="Number"> 1033</LANGUAGEID>
     </LANGUAGENAME.LIST>
    </LEDGER>
    <LEDGER NAME="Jayaprakash" RESERVEDNAME="">
     <PARENT TYPE="String">Debtors-VR</PARENT>
     <LANGUAGENAME.LIST>
      <NAME.LIST TYPE="String">
       <NAME>Jayaprakash</NAME>
      </NAME.LIST>
      <LANGUAGEID TYPE="Number"> 1033</LANGUAGEID>
     </LANGUAGENAME.LIST>
    </LEDGER>
    <LEDGER NAME="Jaya Priya Chit Fund" RESERVEDNAME="">
     <PARENT TYPE="String">Sundry Debtors</PARENT>
     <LANGUAGENAME.LIST>
      <NAME.LIST TYPE="String">
       <NAME>Jaya Priya Chit Fund</NAME>
      </NAME.LIST>
      <LANGUAGEID TYPE="Number"> 1033</LANGUAGEID>
     </LANGUAGENAME.LIST>
    </LEDGER>
    <LEDGER NAME="Jayaraman" RESERVEDNAME="">
     <PARENT TYPE="String">Sundry Debtors</PARENT>
     <LANGUAGENAME.LIST>
      <NAME.LIST TYPE="String">
       <NAME>Jayaraman</NAME>
      </NAME.LIST>
      <LANGUAGEID TYPE="Number"> 1033</LANGUAGEID>
     </LANGUAGENAME.LIST>
    </LEDGER>
    <LEDGER NAME="Jeetendra Agencies" RESERVEDNAME="">
     <PARENT TYPE="String">Sundry Creditors</PARENT>
     <LANGUAGENAME.LIST>
      <NAME.LIST TYPE="String">
       <NAME>Jeetendra Agencies</NAME>
      </NAME.LIST>
      <LANGUAGEID TYPE="Number"> 1033</LANGUAGEID>
     </LANGUAGENAME.LIST>
    </LEDGER>
    <LEDGER NAME="JKR Tex" RESERVEDNAME="">
     <PARENT TYPE="String">Debtors-VR</PARENT>
     <LANGUAGENAME.LIST>
      <NAME.LIST TYPE="String">
       <NAME>JKR Tex</NAME>
      </NAME.LIST>
      <LANGUAGEID TYPE="Number"> 1033</LANGUAGEID>
     </LANGUAGENAME.LIST>
    </LEDGER>
    <LEDGER NAME="Jkr Tex - Kallakurichi" RESERVEDNAME="">
     <PARENT TYPE="String">Debtors-VR</PARENT>
     <LANGUAGENAME.LIST>
      <NAME.LIST TYPE="String">
       <NAME>Jkr Tex - Kallakurichi</NAME>
      </NAME.LIST>
      <LANGUAGEID TYPE="Number"> 1033</LANGUAGEID>
     </LANGUAGENAME.LIST>
    </LEDGER>
    <LEDGER NAME="Jkr Tex - Neyveli" RESERVEDNAME="">
     <PARENT TYPE="String">Debtors-VR</PARENT>
     <LANGUAGENAME.LIST>
      <NAME.LIST TYPE="String">
       <NAME>Jkr Tex - Neyveli</NAME>
      </NAME.LIST>
      <LANGUAGEID TYPE="Number"> 1033</LANGUAGEID>
     </LANGUAGENAME.LIST>
    </LEDGER>
    <LEDGER NAME="J.K.V. Tyres" RESERVEDNAME="">
     <PARENT TYPE="String">Sundry Creditors</PARENT>
     <LANGUAGENAME.LIST>
      <NAME.LIST TYPE="String">
       <NAME>J.K.V. Tyres</NAME>
      </NAME.LIST>
      <LANGUAGEID TYPE="Number"> 1033</LANGUAGEID>
     </LANGUAGENAME.LIST>
    </LEDGER>
    <LEDGER NAME="Kalanjiyam Designers" RESERVEDNAME="">
     <PARENT TYPE="String">Sundry Debtors</PARENT>
     <LANGUAGENAME.LIST>
      <NAME.LIST TYPE="String">
       <NAME>Kalanjiyam Designers</NAME>
      </NAME.LIST>
      <LANGUAGEID TYPE="Number"> 1033</LANGUAGEID>
     </LANGUAGENAME.LIST>
    </LEDGER>
    <LEDGER NAME="Kaliyan" RESERVEDNAME="">
     <PARENT TYPE="String">Sundry Debtors</PARENT>
     <LANGUAGENAME.LIST>
      <NAME.LIST TYPE="String">
       <NAME>Kaliyan</NAME>
      </NAME.LIST>
      <LANGUAGEID TYPE="Number"> 1033</LANGUAGEID>
     </LANGUAGENAME.LIST>
    </LEDGER>
    <LEDGER NAME="Kamal" RESERVEDNAME="">
     <PARENT TYPE="String">Sundry Debtors</PARENT>
     <LANGUAGENAME.LIST>
      <NAME.LIST TYPE="String">
       <NAME>Kamal</NAME>
      </NAME.LIST>
      <LANGUAGEID TYPE="Number"> 1033</LANGUAGEID>
     </LANGUAGENAME.LIST>
    </LEDGER>
    <LEDGER NAME="Kanna Agency" RESERVEDNAME="">
     <PARENT TYPE="String">Sundry Creditors</PARENT>
     <LANGUAGENAME.LIST>
      <NAME.LIST TYPE="String">
       <NAME>Kanna Agency</NAME>
      </NAME.LIST>
      <LANGUAGEID TYPE="Number"> 1033</LANGUAGEID>
     </LANGUAGENAME.LIST>
    </LEDGER>
    <LEDGER NAME="Kannan" RESERVEDNAME="">
     <PARENT TYPE="String">Sundry Debtors</PARENT>
     <LANGUAGENAME.LIST>
      <NAME.LIST TYPE="String">
       <NAME>Kannan</NAME>
      </NAME.LIST>
      <LANGUAGEID TYPE="Number"> 1033</LANGUAGEID>
     </LANGUAGENAME.LIST>
    </LEDGER>
    <LEDGER NAME="Kanna Silks" RESERVEDNAME="">
     <PARENT TYPE="String">Sundry Debtors</PARENT>
     <LANGUAGENAME.LIST>
      <NAME.LIST TYPE="String">
       <NAME>Kanna Silks</NAME>
      </NAME.LIST>
      <LANGUAGEID TYPE="Number"> 1033</LANGUAGEID>
     </LANGUAGENAME.LIST>
    </LEDGER>
    <LEDGER NAME="Karthik Safety Equipment" RESERVEDNAME="">
     <PARENT TYPE="String">Sundry Creditors</PARENT>
     <LANGUAGENAME.LIST>
      <NAME.LIST TYPE="String">
       <NAME>Karthik Safety Equipment</NAME>
      </NAME.LIST>
      <LANGUAGEID TYPE="Number"> 1033</LANGUAGEID>
     </LANGUAGENAME.LIST>
    </LEDGER>
    <LEDGER NAME="KARUR VYSYA BANK LTD" RESERVEDNAME="">
     <PARENT TYPE="String">Sundry Creditors</PARENT>
     <LANGUAGENAME.LIST>
      <NAME.LIST TYPE="String">
       <NAME>KARUR VYSYA BANK LTD</NAME>
      </NAME.LIST>
      <LANGUAGEID TYPE="Number"> 1033</LANGUAGEID>
     </LANGUAGENAME.LIST>
    </LEDGER>
    <LEDGER NAME="Kathiravan" RESERVEDNAME="">
     <PARENT TYPE="String">Sundry Debtors</PARENT>
     <LANGUAGENAME.LIST>
      <NAME.LIST TYPE="String">
       <NAME>Kathiravan</NAME>
      </NAME.LIST>
      <LANGUAGEID TYPE="Number"> 1033</LANGUAGEID>
     </LANGUAGENAME.LIST>
    </LEDGER>
    <LEDGER NAME="Kaviyarasan" RESERVEDNAME="">
     <PARENT TYPE="String">Sundry Debtors</PARENT>
     <LANGUAGENAME.LIST>
      <NAME.LIST TYPE="String">
       <NAME>Kaviyarasan</NAME>
      </NAME.LIST>
      <LANGUAGEID TYPE="Number"> 1033</LANGUAGEID>
     </LANGUAGENAME.LIST>
    </LEDGER>
    <LEDGER NAME="K.G. Chemicals &amp; Coatings" RESERVEDNAME="">
     <PARENT TYPE="String">Sundry Creditors</PARENT>
     <LANGUAGENAME.LIST>
      <NAME.LIST TYPE="String">
       <NAME>K.G. Chemicals &amp; Coatings</NAME>
      </NAME.LIST>
      <LANGUAGEID TYPE="Number"> 1033</LANGUAGEID>
     </LANGUAGENAME.LIST>
    </LEDGER>
    <LEDGER NAME="Khadhi Bavan -Pollachi" RESERVEDNAME="">
     <PARENT TYPE="String">Debtors-VR</PARENT>
     <LANGUAGENAME.LIST>
      <NAME.LIST TYPE="String">
       <NAME>Khadhi Bavan -Pollachi</NAME>
      </NAME.LIST>
      <LANGUAGEID TYPE="Number"> 1033</LANGUAGEID>
     </LANGUAGENAME.LIST>
    </LEDGER>
    <LEDGER NAME="K,Hari" RESERVEDNAME="">
     <PARENT TYPE="String">Debtors-VR</PARENT>
     <LANGUAGENAME.LIST>
      <NAME.LIST TYPE="String">
       <NAME>K,Hari</NAME>
      </NAME.LIST>
      <LANGUAGEID TYPE="Number"> 1033</LANGUAGEID>
     </LANGUAGENAME.LIST>
    </LEDGER>
    <LEDGER NAME="Kirudham Readymates" RESERVEDNAME="">
     <PARENT TYPE="String">Debtors-Sps</PARENT>
     <LANGUAGENAME.LIST>
      <NAME.LIST TYPE="String">
       <NAME>Kirudham Readymates</NAME>
      </NAME.LIST>
      <LANGUAGEID TYPE="Number"> 1033</LANGUAGEID>
     </LANGUAGENAME.LIST>
    </LEDGER>
    <LEDGER NAME="Kkv Chakra Ltd" RESERVEDNAME="">
     <PARENT TYPE="String">Sundry Debtors</PARENT>
     <LANGUAGENAME.LIST>
      <NAME.LIST TYPE="String">
       <NAME>Kkv Chakra Ltd</NAME>
      </NAME.LIST>
      <LANGUAGEID TYPE="Number"> 1033</LANGUAGEID>
     </LANGUAGENAME.LIST>
    </LEDGER>
    <LEDGER NAME="Klene Paks Ltd" RESERVEDNAME="">
     <PARENT TYPE="String">Sundry Creditors</PARENT>
     <LANGUAGENAME.LIST>
      <NAME.LIST TYPE="String">
       <NAME>Klene Paks Ltd</NAME>
      </NAME.LIST>
      <LANGUAGEID TYPE="Number"> 1033</LANGUAGEID>
     </LANGUAGENAME.LIST>
    </LEDGER>
    <LEDGER NAME="K Narasimhalu Chettiar" RESERVEDNAME="">
     <PARENT TYPE="String">Sundry Debtors</PARENT>
     <LANGUAGENAME.LIST>
      <NAME.LIST TYPE="String">
       <NAME>K Narasimhalu Chettiar</NAME>
      </NAME.LIST>
      <LANGUAGEID TYPE="Number"> 1033</LANGUAGEID>
     </LANGUAGENAME.LIST>
    </LEDGER>
    <LEDGER NAME="Krishnamoorty" RESERVEDNAME="">
     <PARENT TYPE="String">Sundry Creditors</PARENT>
     <LANGUAGENAME.LIST>
      <NAME.LIST TYPE="String">
       <NAME>Krishnamoorty</NAME>
      </NAME.LIST>
      <LANGUAGEID TYPE="Number"> 1033</LANGUAGEID>
     </LANGUAGENAME.LIST>
    </LEDGER>
    <LEDGER NAME="Krishnan" RESERVEDNAME="">
     <PARENT TYPE="String">Debtors-VR</PARENT>
     <LANGUAGENAME.LIST>
      <NAME.LIST TYPE="String">
       <NAME>Krishnan</NAME>
      </NAME.LIST>
      <LANGUAGEID TYPE="Number"> 1033</LANGUAGEID>
     </LANGUAGENAME.LIST>
    </LEDGER>
    <LEDGER NAME="Krishnann" RESERVEDNAME="">
     <PARENT TYPE="String">Sundry Debtors</PARENT>
     <LANGUAGENAME.LIST>
      <NAME.LIST TYPE="String">
       <NAME>Krishnann</NAME>
      </NAME.LIST>
      <LANGUAGEID TYPE="Number"> 1033</LANGUAGEID>
     </LANGUAGENAME.LIST>
    </LEDGER>
    <LEDGER NAME="Krystals Impex" RESERVEDNAME="">
     <PARENT TYPE="String">Sundry Creditors</PARENT>
     <LANGUAGENAME.LIST>
      <NAME.LIST TYPE="String">
       <NAME>Krystals Impex</NAME>
      </NAME.LIST>
      <LANGUAGEID TYPE="Number"> 1033</LANGUAGEID>
     </LANGUAGENAME.LIST>
    </LEDGER>
    <LEDGER NAME="Kumar" RESERVEDNAME="">
     <PARENT TYPE="String">Sundry Debtors</PARENT>
     <LANGUAGENAME.LIST>
      <NAME.LIST TYPE="String">
       <NAME>Kumar</NAME>
      </NAME.LIST>
      <LANGUAGEID TYPE="Number"> 1033</LANGUAGEID>
     </LANGUAGENAME.LIST>
    </LEDGER>
    <LEDGER NAME="Kumaran" RESERVEDNAME="">
     <PARENT TYPE="String">Sundry Debtors</PARENT>
     <LANGUAGENAME.LIST>
      <NAME.LIST TYPE="String">
       <NAME>Kumaran</NAME>
      </NAME.LIST>
      <LANGUAGEID TYPE="Number"> 1033</LANGUAGEID>
     </LANGUAGENAME.LIST>
    </LEDGER>
    <LEDGER NAME="KUN CAPITAL MOTORS PRIVATE LIMITED" RESERVEDNAME="">
     <PARENT TYPE="String">Sundry Creditors</PARENT>
     <LANGUAGENAME.LIST>
      <NAME.LIST TYPE="String">
       <NAME>KUN CAPITAL MOTORS PRIVATE LIMITED</NAME>
      </NAME.LIST>
      <LANGUAGEID TYPE="Number"> 1033</LANGUAGEID>
     </LANGUAGENAME.LIST>
    </LEDGER>
    <LEDGER NAME="Kuppan" RESERVEDNAME="">
     <PARENT TYPE="String">Sundry Debtors</PARENT>
     <LANGUAGENAME.LIST>
      <NAME.LIST TYPE="String">
       <NAME>Kuppan</NAME>
      </NAME.LIST>
      <LANGUAGEID TYPE="Number"> 1033</LANGUAGEID>
     </LANGUAGENAME.LIST>
    </LEDGER>
    <LEDGER NAME="KVN Impax Pvt Ltd" RESERVEDNAME="">
     <PARENT TYPE="String">Sundry Creditors</PARENT>
     <LANGUAGENAME.LIST>
      <NAME.LIST TYPE="String">
       <NAME>KVN Impax Pvt Ltd</NAME>
      </NAME.LIST>
      <LANGUAGEID TYPE="Number"> 1033</LANGUAGEID>
     </LANGUAGENAME.LIST>
    </LEDGER>
    <LEDGER NAME="K V N IMPEX PVT LTD" RESERVEDNAME="">
     <PARENT TYPE="String">Sundry Creditors</PARENT>
     <LANGUAGENAME.LIST>
      <NAME.LIST TYPE="String">
       <NAME>K V N IMPEX PVT LTD</NAME>
      </NAME.LIST>
      <LANGUAGEID TYPE="Number"> 1033</LANGUAGEID>
     </LANGUAGENAME.LIST>
    </LEDGER>
    <LEDGER NAME="K.V Tex" RESERVEDNAME="">
     <PARENT TYPE="String">Debtors-VR</PARENT>
     <LANGUAGENAME.LIST>
      <NAME.LIST TYPE="String">
       <NAME>K.V Tex</NAME>
      </NAME.LIST>
      <LANGUAGEID TYPE="Number"> 1033</LANGUAGEID>
     </LANGUAGENAME.LIST>
    </LEDGER>
    <LEDGER NAME="Lakshmi Inks (Kkl) Pvt.Ltd" RESERVEDNAME="">
     <PARENT TYPE="String">Sundry Creditors</PARENT>
     <LANGUAGENAME.LIST>
      <NAME.LIST TYPE="String">
       <NAME>Lakshmi Inks (Kkl) Pvt.Ltd</NAME>
      </NAME.LIST>
      <LANGUAGEID TYPE="Number"> 1033</LANGUAGEID>
     </LANGUAGENAME.LIST>
    </LEDGER>
    <LEDGER NAME="Land &amp; Building At Mariyappa Nagar , Usppur Village" RESERVEDNAME="">
     <PARENT TYPE="String">Assets @ 0%</PARENT>
     <LANGUAGENAME.LIST>
      <NAME.LIST TYPE="String">
       <NAME>Land &amp; Building At Mariyappa Nagar , Usppur Village</NAME>
      </NAME.LIST>
      <LANGUAGEID TYPE="Number"> 1033</LANGUAGEID>
     </LANGUAGENAME.LIST>
    </LEDGER>
    <LEDGER NAME="LC Morgine" RESERVEDNAME="">
     <PARENT TYPE="String">Current Assets</PARENT>
     <LANGUAGENAME.LIST>
      <NAME.LIST TYPE="String">
       <NAME>LC Morgine</NAME>
       <NAME>9</NAME>
      </NAME.LIST>
      <LANGUAGEID TYPE="Number"> 1033</LANGUAGEID>
     </LANGUAGENAME.LIST>
    </LEDGER>
    <LEDGER NAME="Lingam Pantone" RESERVEDNAME="">
     <PARENT TYPE="String">Sundry Creditors</PARENT>
     <LANGUAGENAME.LIST>
      <NAME.LIST TYPE="String">
       <NAME>Lingam Pantone</NAME>
      </NAME.LIST>
      <LANGUAGEID TYPE="Number"> 1033</LANGUAGEID>
     </LANGUAGENAME.LIST>
    </LEDGER>
    <LEDGER NAME="Lingam Vibgyor" RESERVEDNAME="">
     <PARENT TYPE="String">Sundry Creditors</PARENT>
     <LANGUAGENAME.LIST>
      <NAME.LIST TYPE="String">
       <NAME>Lingam Vibgyor</NAME>
      </NAME.LIST>
      <LANGUAGEID TYPE="Number"> 1033</LANGUAGEID>
     </LANGUAGENAME.LIST>
    </LEDGER>
    <LEDGER NAME="Linga Polymer" RESERVEDNAME="">
     <PARENT TYPE="String">Sundry Creditors</PARENT>
     <LANGUAGENAME.LIST>
      <NAME.LIST TYPE="String">
       <NAME>Linga Polymer</NAME>
      </NAME.LIST>
      <LANGUAGEID TYPE="Number"> 1033</LANGUAGEID>
     </LANGUAGENAME.LIST>
    </LEDGER>
    <LEDGER NAME="Loan Pracessing Fee" RESERVEDNAME="">
     <PARENT TYPE="String">Indirect Expenses</PARENT>
     <LANGUAGENAME.LIST>
      <NAME.LIST TYPE="String">
       <NAME>Loan Pracessing Fee</NAME>
      </NAME.LIST>
      <LANGUAGEID TYPE="Number"> 1033</LANGUAGEID>
     </LANGUAGENAME.LIST>
    </LEDGER>
    <LEDGER NAME="Madhan Packaging Machineries" RESERVEDNAME="">
     <PARENT TYPE="String">Sundry Creditors</PARENT>
     <LANGUAGENAME.LIST>
      <NAME.LIST TYPE="String">
       <NAME>Madhan Packaging Machineries</NAME>
      </NAME.LIST>
      <LANGUAGEID TYPE="Number"> 1033</LANGUAGEID>
     </LANGUAGENAME.LIST>
    </LEDGER>
    <LEDGER NAME="Madras Paper Agencies" RESERVEDNAME="">
     <PARENT TYPE="String">Sundry Creditors</PARENT>
     <LANGUAGENAME.LIST>
      <NAME.LIST TYPE="String">
       <NAME>Madras Paper Agencies</NAME>
      </NAME.LIST>
      <LANGUAGEID TYPE="Number"> 1033</LANGUAGEID>
     </LANGUAGENAME.LIST>
    </LEDGER>
    <LEDGER NAME="MADRAS PAPER MART" RESERVEDNAME="">
     <PARENT TYPE="String">Sundry Creditors</PARENT>
     <LANGUAGENAME.LIST>
      <NAME.LIST TYPE="String">
       <NAME>MADRAS PAPER MART</NAME>
      </NAME.LIST>
      <LANGUAGEID TYPE="Number"> 1033</LANGUAGEID>
     </LANGUAGENAME.LIST>
    </LEDGER>
    <LEDGER NAME="MADURAI ACME ENTERPRISES (P) LTD" RESERVEDNAME="">
     <PARENT TYPE="String">Sundry Creditors</PARENT>
     <LANGUAGENAME.LIST>
      <NAME.LIST TYPE="String">
       <NAME>MADURAI ACME ENTERPRISES (P) LTD</NAME>
      </NAME.LIST>
      <LANGUAGEID TYPE="Number"> 1033</LANGUAGEID>
     </LANGUAGENAME.LIST>
    </LEDGER>
    <LEDGER NAME="Madurai Engineer" RESERVEDNAME="">
     <PARENT TYPE="String">Loans &amp; Advances (Asset)</PARENT>
     <LANGUAGENAME.LIST>
      <NAME.LIST TYPE="String">
       <NAME>Madurai Engineer</NAME>
      </NAME.LIST>
      <LANGUAGEID TYPE="Number"> 1033</LANGUAGEID>
     </LANGUAGENAME.LIST>
    </LEDGER>
    <LEDGER NAME="Madurai Engineering Work" RESERVEDNAME="">
     <PARENT TYPE="String">Sundry Creditors</PARENT>
     <LANGUAGENAME.LIST>
      <NAME.LIST TYPE="String">
       <NAME>Madurai Engineering Work</NAME>
      </NAME.LIST>
      <LANGUAGEID TYPE="Number"> 1033</LANGUAGEID>
     </LANGUAGENAME.LIST>
    </LEDGER>
    <LEDGER NAME="Magesh" RESERVEDNAME="">
     <PARENT TYPE="String">Sundry Debtors</PARENT>
     <LANGUAGENAME.LIST>
      <NAME.LIST TYPE="String">
       <NAME>Magesh</NAME>
      </NAME.LIST>
      <LANGUAGEID TYPE="Number"> 1033</LANGUAGEID>
     </LANGUAGENAME.LIST>
    </LEDGER>
    <LEDGER NAME="Magesh Electricals" RESERVEDNAME="">
     <PARENT TYPE="String">Sundry Creditors</PARENT>
     <LANGUAGENAME.LIST>
      <NAME.LIST TYPE="String">
       <NAME>Magesh Electricals</NAME>
      </NAME.LIST>
      <LANGUAGEID TYPE="Number"> 1033</LANGUAGEID>
     </LANGUAGENAME.LIST>
    </LEDGER>
    <LEDGER NAME="Maharaja Silks- Thiruvarur" RESERVEDNAME="">
     <PARENT TYPE="String">Debtors-VR</PARENT>
     <LANGUAGENAME.LIST>
      <NAME.LIST TYPE="String">
       <NAME>Maharaja Silks- Thiruvarur</NAME>
      </NAME.LIST>
      <LANGUAGEID TYPE="Number"> 1033</LANGUAGEID>
     </LANGUAGENAME.LIST>
    </LEDGER>
    <LEDGER NAME="Mallika" RESERVEDNAME="">
     <PARENT TYPE="String">Sundry Debtors</PARENT>
     <LANGUAGENAME.LIST>
      <NAME.LIST TYPE="String">
       <NAME>Mallika</NAME>
      </NAME.LIST>
      <LANGUAGEID TYPE="Number"> 1033</LANGUAGEID>
     </LANGUAGENAME.LIST>
    </LEDGER>
    <LEDGER NAME="Mani" RESERVEDNAME="">
     <PARENT TYPE="String">Sundry Debtors</PARENT>
     <LANGUAGENAME.LIST>
      <NAME.LIST TYPE="String">
       <NAME>Mani</NAME>
      </NAME.LIST>
      <LANGUAGEID TYPE="Number"> 1033</LANGUAGEID>
     </LANGUAGENAME.LIST>
    </LEDGER>
    <LEDGER NAME="Manian" RESERVEDNAME="">
     <PARENT TYPE="String">Sundry Debtors</PARENT>
     <LANGUAGENAME.LIST>
      <NAME.LIST TYPE="String">
       <NAME>Manian</NAME>
      </NAME.LIST>
      <LANGUAGEID TYPE="Number"> 1033</LANGUAGEID>
     </LANGUAGENAME.LIST>
    </LEDGER>
    <LEDGER NAME="Manickam" RESERVEDNAME="">
     <PARENT TYPE="String">Sundry Debtors</PARENT>
     <LANGUAGENAME.LIST>
      <NAME.LIST TYPE="String">
       <NAME>Manickam</NAME>
      </NAME.LIST>
      <LANGUAGEID TYPE="Number"> 1033</LANGUAGEID>
     </LANGUAGENAME.LIST>
    </LEDGER>
    <LEDGER NAME="Manikandan" RESERVEDNAME="">
     <PARENT TYPE="String">Sundry Debtors</PARENT>
     <LANGUAGENAME.LIST>
      <NAME.LIST TYPE="String">
       <NAME>Manikandan</NAME>
      </NAME.LIST>
      <LANGUAGEID TYPE="Number"> 1033</LANGUAGEID>
     </LANGUAGENAME.LIST>
    </LEDGER>
    <LEDGER NAME="MANI &amp; PRABHU" RESERVEDNAME="">
     <PARENT TYPE="String">Sundry Debtors</PARENT>
     <LANGUAGENAME.LIST>
      <NAME.LIST TYPE="String">
       <NAME>MANI &amp; PRABHU</NAME>
      </NAME.LIST>
      <LANGUAGEID TYPE="Number"> 1033</LANGUAGEID>
     </LANGUAGENAME.LIST>
    </LEDGER>
    <LEDGER NAME="Mani &amp; Prabhu Silk House" RESERVEDNAME="">
     <PARENT TYPE="String">Debtors - VBR</PARENT>
     <LANGUAGENAME.LIST>
      <NAME.LIST TYPE="String">
       <NAME>Mani &amp; Prabhu Silk House</NAME>
      </NAME.LIST>
      <LANGUAGEID TYPE="Number"> 1033</LANGUAGEID>
     </LANGUAGENAME.LIST>
    </LEDGER>
    <LEDGER NAME="Mani Readymates" RESERVEDNAME="">
     <PARENT TYPE="String">Debtors - VBR</PARENT>
     <LANGUAGENAME.LIST>
      <NAME.LIST TYPE="String">
       <NAME>Mani Readymates</NAME>
      </NAME.LIST>
      <LANGUAGEID TYPE="Number"> 1033</LANGUAGEID>
     </LANGUAGENAME.LIST>
    </LEDGER>
    <LEDGER NAME="Manohar" RESERVEDNAME="">
     <PARENT TYPE="String">Sundry Debtors</PARENT>
     <LANGUAGENAME.LIST>
      <NAME.LIST TYPE="String">
       <NAME>Manohar</NAME>
      </NAME.LIST>
      <LANGUAGEID TYPE="Number"> 1033</LANGUAGEID>
     </LANGUAGENAME.LIST>
    </LEDGER>
    <LEDGER NAME="Martin" RESERVEDNAME="">
     <PARENT TYPE="String">Sundry Debtors</PARENT>
     <LANGUAGENAME.LIST>
      <NAME.LIST TYPE="String">
       <NAME>Martin</NAME>
      </NAME.LIST>
      <LANGUAGEID TYPE="Number"> 1033</LANGUAGEID>
     </LANGUAGENAME.LIST>
    </LEDGER>
    <LEDGER NAME="Maruthi Chemecals" RESERVEDNAME="">
     <PARENT TYPE="String">Sundry Creditors</PARENT>
     <LANGUAGENAME.LIST>
      <NAME.LIST TYPE="String">
       <NAME>Maruthi Chemecals</NAME>
      </NAME.LIST>
      <LANGUAGEID TYPE="Number"> 1033</LANGUAGEID>
     </LANGUAGENAME.LIST>
    </LEDGER>
    <LEDGER NAME="Mayan" RESERVEDNAME="">
     <PARENT TYPE="String">Sundry Debtors</PARENT>
     <LANGUAGENAME.LIST>
      <NAME.LIST TYPE="String">
       <NAME>Mayan</NAME>
      </NAME.LIST>
      <LANGUAGEID TYPE="Number"> 1033</LANGUAGEID>
     </LANGUAGENAME.LIST>
    </LEDGER>
    <LEDGER NAME="MISC. EXPENSES" RESERVEDNAME="">
     <PARENT TYPE="String">Indirect Expenses</PARENT>
     <LANGUAGENAME.LIST>
      <NAME.LIST TYPE="String">
       <NAME>MISC. EXPENSES</NAME>
      </NAME.LIST>
      <LANGUAGEID TYPE="Number"> 1033</LANGUAGEID>
     </LANGUAGENAME.LIST>
    </LEDGER>
    <LEDGER NAME="Misc. Income" RESERVEDNAME="">
     <PARENT TYPE="String">Indirect Incomes</PARENT>
     <LANGUAGENAME.LIST>
      <NAME.LIST TYPE="String">
       <NAME>Misc. Income</NAME>
      </NAME.LIST>
      <LANGUAGEID TYPE="Number"> 1033</LANGUAGEID>
     </LANGUAGENAME.LIST>
    </LEDGER>
    <LEDGER NAME="Mohammed Raffic" RESERVEDNAME="">
     <PARENT TYPE="String">Unsecured Loans</PARENT>
     <LANGUAGENAME.LIST>
      <NAME.LIST TYPE="String">
       <NAME>Mohammed Raffic</NAME>
      </NAME.LIST>
      <LANGUAGEID TYPE="Number"> 1033</LANGUAGEID>
     </LANGUAGENAME.LIST>
    </LEDGER>
    <LEDGER NAME="Mohan Doss" RESERVEDNAME="">
     <PARENT TYPE="String">Salary Account</PARENT>
     <LANGUAGENAME.LIST>
      <NAME.LIST TYPE="String">
       <NAME>Mohan Doss</NAME>
       <NAME>M</NAME>
      </NAME.LIST>
      <LANGUAGEID TYPE="Number"> 1033</LANGUAGEID>
     </LANGUAGENAME.LIST>
    </LEDGER>
    <LEDGER NAME="Mohan . J" RESERVEDNAME="">
     <PARENT TYPE="String">Sundry Creditors</PARENT>
     <LANGUAGENAME.LIST>
      <NAME.LIST TYPE="String">
       <NAME>Mohan . J</NAME>
      </NAME.LIST>
      <LANGUAGEID TYPE="Number"> 1033</LANGUAGEID>
     </LANGUAGENAME.LIST>
    </LEDGER>
    <LEDGER NAME="Mohan Raj" RESERVEDNAME="">
     <PARENT TYPE="String">Sundry Debtors</PARENT>
     <LANGUAGENAME.LIST>
      <NAME.LIST TYPE="String">
       <NAME>Mohan Raj</NAME>
      </NAME.LIST>
      <LANGUAGEID TYPE="Number"> 1033</LANGUAGEID>
     </LANGUAGENAME.LIST>
    </LEDGER>
    <LEDGER NAME="Moorthy" RESERVEDNAME="">
     <PARENT TYPE="String">Sundry Debtors</PARENT>
     <LANGUAGENAME.LIST>
      <NAME.LIST TYPE="String">
       <NAME>Moorthy</NAME>
      </NAME.LIST>
      <LANGUAGEID TYPE="Number"> 1033</LANGUAGEID>
     </LANGUAGENAME.LIST>
    </LEDGER>
    <LEDGER NAME="Mrs.Hemalatha" RESERVEDNAME="">
     <PARENT TYPE="String">Sundry Debtors</PARENT>
     <LANGUAGENAME.LIST>
      <NAME.LIST TYPE="String">
       <NAME>Mrs.Hemalatha</NAME>
      </NAME.LIST>
      <LANGUAGEID TYPE="Number"> 1033</LANGUAGEID>
     </LANGUAGENAME.LIST>
    </LEDGER>
    <LEDGER NAME="MR Sons" RESERVEDNAME="">
     <PARENT TYPE="String">Debtors-VR</PARENT>
     <LANGUAGENAME.LIST>
      <NAME.LIST TYPE="String">
       <NAME>MR Sons</NAME>
      </NAME.LIST>
      <LANGUAGEID TYPE="Number"> 1033</LANGUAGEID>
     </LANGUAGENAME.LIST>
    </LEDGER>
    <LEDGER NAME="M/S. GANPATI MACHINERY &amp; SPARES" RESERVEDNAME="">
     <PARENT TYPE="String">Sundry Creditors</PARENT>
     <LANGUAGENAME.LIST>
      <NAME.LIST TYPE="String">
       <NAME>M/S. GANPATI MACHINERY &amp; SPARES</NAME>
      </NAME.LIST>
      <LANGUAGEID TYPE="Number"> 1033</LANGUAGEID>
     </LANGUAGENAME.LIST>
    </LEDGER>
    <LEDGER NAME="Mura Textile" RESERVEDNAME="">
     <PARENT TYPE="String">Debtors - JMD</PARENT>
     <LANGUAGENAME.LIST>
      <NAME.LIST TYPE="String">
       <NAME>Mura Textile</NAME>
      </NAME.LIST>
      <LANGUAGEID TYPE="Number"> 1033</LANGUAGEID>
     </LANGUAGENAME.LIST>
    </LEDGER>
    <LEDGER NAME="Murugan" RESERVEDNAME="">
     <PARENT TYPE="String">Sundry Debtors</PARENT>
     <LANGUAGENAME.LIST>
      <NAME.LIST TYPE="String">
       <NAME>Murugan</NAME>
      </NAME.LIST>
      <LANGUAGEID TYPE="Number"> 1033</LANGUAGEID>
     </LANGUAGENAME.LIST>
    </LEDGER>
    <LEDGER NAME="Nagarajan" RESERVEDNAME="">
     <PARENT TYPE="String">Salary Account</PARENT>
     <LANGUAGENAME.LIST>
      <NAME.LIST TYPE="String">
       <NAME>Nagarajan</NAME>
      </NAME.LIST>
      <LANGUAGEID TYPE="Number"> 1033</LANGUAGEID>
     </LANGUAGENAME.LIST>
    </LEDGER>
    <LEDGER NAME="Namachivayam" RESERVEDNAME="">
     <PARENT TYPE="String">Sundry Debtors</PARENT>
     <LANGUAGENAME.LIST>
      <NAME.LIST TYPE="String">
       <NAME>Namachivayam</NAME>
      </NAME.LIST>
      <LANGUAGEID TYPE="Number"> 1033</LANGUAGEID>
     </LANGUAGENAME.LIST>
    </LEDGER>
    <LEDGER NAME="Narayanan" RESERVEDNAME="">
     <PARENT TYPE="String">Sundry Debtors</PARENT>
     <LANGUAGENAME.LIST>
      <NAME.LIST TYPE="String">
       <NAME>Narayanan</NAME>
      </NAME.LIST>
      <LANGUAGEID TYPE="Number"> 1033</LANGUAGEID>
     </LANGUAGENAME.LIST>
    </LEDGER>
    <LEDGER NAME="New Piolt Plastics" RESERVEDNAME="">
     <PARENT TYPE="String">Sundry Debtors</PARENT>
     <LANGUAGENAME.LIST>
      <NAME.LIST TYPE="String">
       <NAME>New Piolt Plastics</NAME>
      </NAME.LIST>
      <LANGUAGEID TYPE="Number"> 1033</LANGUAGEID>
     </LANGUAGENAME.LIST>
    </LEDGER>
    <LEDGER NAME="No Sales Cancelled" RESERVEDNAME="">
     <PARENT TYPE="String">Debtors-VR</PARENT>
     <LANGUAGENAME.LIST>
      <NAME.LIST TYPE="String">
       <NAME>No Sales Cancelled</NAME>
      </NAME.LIST>
      <LANGUAGEID TYPE="Number"> 1033</LANGUAGEID>
     </LANGUAGENAME.LIST>
    </LEDGER>
    <LEDGER NAME="Nua Enterprises" RESERVEDNAME="">
     <PARENT TYPE="String">Sundry Debtors</PARENT>
     <LANGUAGENAME.LIST>
      <NAME.LIST TYPE="String">
       <NAME>Nua Enterprises</NAME>
      </NAME.LIST>
      <LANGUAGEID TYPE="Number"> 1033</LANGUAGEID>
     </LANGUAGENAME.LIST>
    </LEDGER>
    <LEDGER NAME="OUTPUT CGST @ 6%" RESERVEDNAME="">
     <PARENT TYPE="String">Duties &amp; Taxes</PARENT>
     <LANGUAGENAME.LIST>
      <NAME.LIST TYPE="String">
       <NAME>OUTPUT CGST @ 6%</NAME>
       <NAME>C</NAME>
      </NAME.LIST>
      <LANGUAGEID TYPE="Number"> 1033</LANGUAGEID>
     </LANGUAGENAME.LIST>
    </LEDGER>
    <LEDGER NAME="OUTPUT CGST@9%" RESERVEDNAME="">
     <PARENT TYPE="String">Duties &amp; Taxes</PARENT>
     <LANGUAGENAME.LIST>
      <NAME.LIST TYPE="String">
       <NAME>OUTPUT CGST@9%</NAME>
      </NAME.LIST>
      <LANGUAGEID TYPE="Number"> 1033</LANGUAGEID>
     </LANGUAGENAME.LIST>
    </LEDGER>
    <LEDGER NAME="Output Igst 5%" RESERVEDNAME="">
     <PARENT TYPE="String">Duties &amp; Taxes</PARENT>
     <LANGUAGENAME.LIST>
      <NAME.LIST TYPE="String">
       <NAME>Output Igst 5%</NAME>
      </NAME.LIST>
      <LANGUAGEID TYPE="Number"> 1033</LANGUAGEID>
     </LANGUAGENAME.LIST>
    </LEDGER>
    <LEDGER NAME="OUTPUT IGST @12%" RESERVEDNAME="">
     <PARENT TYPE="String">Duties &amp; Taxes</PARENT>
     <LANGUAGENAME.LIST>
      <NAME.LIST TYPE="String">
       <NAME>OUTPUT IGST @12%</NAME>
       <NAME>I</NAME>
      </NAME.LIST>
      <LANGUAGEID TYPE="Number"> 1033</LANGUAGEID>
     </LANGUAGENAME.LIST>
    </LEDGER>
    <LEDGER NAME="OUTPUT IGST@18%" RESERVEDNAME="">
     <PARENT TYPE="String">Duties &amp; Taxes</PARENT>
     <LANGUAGENAME.LIST>
      <NAME.LIST TYPE="String">
       <NAME>OUTPUT IGST@18%</NAME>
       <NAME>18</NAME>
      </NAME.LIST>
      <LANGUAGEID TYPE="Number"> 1033</LANGUAGEID>
     </LANGUAGENAME.LIST>
    </LEDGER>
    <LEDGER NAME="OUTPUT SGST @ 6%" RESERVEDNAME="">
     <PARENT TYPE="String">Duties &amp; Taxes</PARENT>
     <LANGUAGENAME.LIST>
      <NAME.LIST TYPE="String">
       <NAME>OUTPUT SGST @ 6%</NAME>
       <NAME>S</NAME>
      </NAME.LIST>
      <LANGUAGEID TYPE="Number"> 1033</LANGUAGEID>
     </LANGUAGENAME.LIST>
    </LEDGER>
    <LEDGER NAME="OUTPUT SGST@9%" RESERVEDNAME="">
     <PARENT TYPE="String">Duties &amp; Taxes</PARENT>
     <LANGUAGENAME.LIST>
      <NAME.LIST TYPE="String">
       <NAME>OUTPUT SGST@9%</NAME>
      </NAME.LIST>
      <LANGUAGEID TYPE="Number"> 1033</LANGUAGEID>
     </LANGUAGENAME.LIST>
    </LEDGER>
    <LEDGER NAME="Pachappan" RESERVEDNAME="">
     <PARENT TYPE="String">Sundry Debtors</PARENT>
     <LANGUAGENAME.LIST>
      <NAME.LIST TYPE="String">
       <NAME>Pachappan</NAME>
      </NAME.LIST>
      <LANGUAGEID TYPE="Number"> 1033</LANGUAGEID>
     </LANGUAGENAME.LIST>
    </LEDGER>
    <LEDGER NAME="Padmavathy" RESERVEDNAME="">
     <PARENT TYPE="String">Salary Account</PARENT>
     <LANGUAGENAME.LIST>
      <NAME.LIST TYPE="String">
       <NAME>Padmavathy</NAME>
      </NAME.LIST>
      <LANGUAGEID TYPE="Number"> 1033</LANGUAGEID>
     </LANGUAGENAME.LIST>
    </LEDGER>
    <LEDGER NAME="Pandiyan" RESERVEDNAME="">
     <PARENT TYPE="String">Sundry Debtors</PARENT>
     <LANGUAGENAME.LIST>
      <NAME.LIST TYPE="String">
       <NAME>Pandiyan</NAME>
      </NAME.LIST>
      <LANGUAGEID TYPE="Number"> 1033</LANGUAGEID>
     </LANGUAGENAME.LIST>
    </LEDGER>
    <LEDGER NAME="Pari" RESERVEDNAME="">
     <PARENT TYPE="String">Sundry Debtors</PARENT>
     <LANGUAGENAME.LIST>
      <NAME.LIST TYPE="String">
       <NAME>Pari</NAME>
      </NAME.LIST>
      <LANGUAGEID TYPE="Number"> 1033</LANGUAGEID>
     </LANGUAGENAME.LIST>
    </LEDGER>
    <LEDGER NAME="Paris Textiles" RESERVEDNAME="">
     <PARENT TYPE="String">Sundry Debtors</PARENT>
     <LANGUAGENAME.LIST>
      <NAME.LIST TYPE="String">
       <NAME>Paris Textiles</NAME>
      </NAME.LIST>
      <LANGUAGEID TYPE="Number"> 1033</LANGUAGEID>
     </LANGUAGENAME.LIST>
    </LEDGER>
    <LEDGER NAME="Pazhaniappan" RESERVEDNAME="">
     <PARENT TYPE="String">Sundry Debtors</PARENT>
     <LANGUAGENAME.LIST>
      <NAME.LIST TYPE="String">
       <NAME>Pazhaniappan</NAME>
      </NAME.LIST>
      <LANGUAGEID TYPE="Number"> 1033</LANGUAGEID>
     </LANGUAGENAME.LIST>
    </LEDGER>
    <LEDGER NAME="Pazhanivel" RESERVEDNAME="">
     <PARENT TYPE="String">Sundry Debtors</PARENT>
     <LANGUAGENAME.LIST>
      <NAME.LIST TYPE="String">
       <NAME>Pazhanivel</NAME>
      </NAME.LIST>
      <LANGUAGEID TYPE="Number"> 1033</LANGUAGEID>
     </LANGUAGENAME.LIST>
    </LEDGER>
    <LEDGER NAME="Penality" RESERVEDNAME="">
     <PARENT TYPE="String">Indirect Expenses</PARENT>
     <LANGUAGENAME.LIST>
      <NAME.LIST TYPE="String">
       <NAME>Penality</NAME>
      </NAME.LIST>
      <LANGUAGEID TYPE="Number"> 1033</LANGUAGEID>
     </LANGUAGENAME.LIST>
    </LEDGER>
    <LEDGER NAME="Plant &amp; Machinery" RESERVEDNAME="">
     <PARENT TYPE="String">Assest @15%</PARENT>
     <LANGUAGENAME.LIST>
      <NAME.LIST TYPE="String">
       <NAME>Plant &amp; Machinery</NAME>
      </NAME.LIST>
      <LANGUAGEID TYPE="Number"> 1033</LANGUAGEID>
     </LANGUAGENAME.LIST>
    </LEDGER>
    <LEDGER NAME="Plasto Polychem Industries" RESERVEDNAME="">
     <PARENT TYPE="String">Sundry Creditors</PARENT>
     <LANGUAGENAME.LIST>
      <NAME.LIST TYPE="String">
       <NAME>Plasto Polychem Industries</NAME>
      </NAME.LIST>
      <LANGUAGEID TYPE="Number"> 1033</LANGUAGEID>
     </LANGUAGENAME.LIST>
    </LEDGER>
    <LEDGER NAME="Plot at Vadakkuthu 48" RESERVEDNAME="">
     <PARENT TYPE="String">Assets @ 0%</PARENT>
     <LANGUAGENAME.LIST>
      <NAME.LIST TYPE="String">
       <NAME>Plot at Vadakkuthu 48</NAME>
      </NAME.LIST>
      <LANGUAGEID TYPE="Number"> 1033</LANGUAGEID>
     </LANGUAGENAME.LIST>
    </LEDGER>
    <LEDGER NAME="Plot at Vadakkuthu-Durai Kaliyaperumal Nagar" RESERVEDNAME="">
     <PARENT TYPE="String">Assets @ 0%</PARENT>
     <LANGUAGENAME.LIST>
      <NAME.LIST TYPE="String">
       <NAME>Plot at Vadakkuthu-Durai Kaliyaperumal Nagar</NAME>
      </NAME.LIST>
      <LANGUAGEID TYPE="Number"> 1033</LANGUAGEID>
     </LANGUAGENAME.LIST>
    </LEDGER>
    <LEDGER NAME="Plot at Vadakkuthu No 26" RESERVEDNAME="">
     <PARENT TYPE="String">Assets @ 0%</PARENT>
     <LANGUAGENAME.LIST>
      <NAME.LIST TYPE="String">
       <NAME>Plot at Vadakkuthu No 26</NAME>
      </NAME.LIST>
      <LANGUAGEID TYPE="Number"> 1033</LANGUAGEID>
     </LANGUAGENAME.LIST>
    </LEDGER>
    <LEDGER NAME="Pollution Feses" RESERVEDNAME="">
     <PARENT TYPE="String">Indirect Expenses</PARENT>
     <LANGUAGENAME.LIST>
      <NAME.LIST TYPE="String">
       <NAME>Pollution Feses</NAME>
      </NAME.LIST>
      <LANGUAGEID TYPE="Number"> 1033</LANGUAGEID>
     </LANGUAGENAME.LIST>
    </LEDGER>
    <LEDGER NAME="PONDY WEIGHING SYSTEM" RESERVEDNAME="">
     <PARENT TYPE="String">Sundry Creditors</PARENT>
     <LANGUAGENAME.LIST>
      <NAME.LIST TYPE="String">
       <NAME>PONDY WEIGHING SYSTEM</NAME>
      </NAME.LIST>
      <LANGUAGEID TYPE="Number"> 1033</LANGUAGEID>
     </LANGUAGENAME.LIST>
    </LEDGER>
    <LEDGER NAME="Pooja Exp" RESERVEDNAME="">
     <PARENT TYPE="String">Indirect Expenses</PARENT>
     <LANGUAGENAME.LIST>
      <NAME.LIST TYPE="String">
       <NAME>Pooja Exp</NAME>
      </NAME.LIST>
      <LANGUAGEID TYPE="Number"> 1033</LANGUAGEID>
     </LANGUAGENAME.LIST>
    </LEDGER>
    <LEDGER NAME="Poongulali" RESERVEDNAME="">
     <PARENT TYPE="String">Unsecured Loans</PARENT>
     <LANGUAGENAME.LIST>
      <NAME.LIST TYPE="String">
       <NAME>Poongulali</NAME>
       <NAME>P</NAME>
      </NAME.LIST>
      <LANGUAGEID TYPE="Number"> 1033</LANGUAGEID>
     </LANGUAGENAME.LIST>
    </LEDGER>
    <LEDGER NAME="POORVIKA MOBILES PRIVATE LIMITED" RESERVEDNAME="">
     <PARENT TYPE="String">Sundry Creditors</PARENT>
     <LANGUAGENAME.LIST>
      <NAME.LIST TYPE="String">
       <NAME>POORVIKA MOBILES PRIVATE LIMITED</NAME>
      </NAME.LIST>
      <LANGUAGEID TYPE="Number"> 1033</LANGUAGEID>
     </LANGUAGENAME.LIST>
    </LEDGER>
    <LEDGER NAME="Prabhagaran" RESERVEDNAME="">
     <PARENT TYPE="String">Sundry Debtors</PARENT>
     <LANGUAGENAME.LIST>
      <NAME.LIST TYPE="String">
       <NAME>Prabhagaran</NAME>
      </NAME.LIST>
      <LANGUAGEID TYPE="Number"> 1033</LANGUAGEID>
     </LANGUAGENAME.LIST>
    </LEDGER>
    <LEDGER NAME="Prabhu" RESERVEDNAME="">
     <PARENT TYPE="String">Salary Account</PARENT>
     <LANGUAGENAME.LIST>
      <NAME.LIST TYPE="String">
       <NAME>Prabhu</NAME>
      </NAME.LIST>
      <LANGUAGEID TYPE="Number"> 1033</LANGUAGEID>
     </LANGUAGENAME.LIST>
    </LEDGER>
    <LEDGER NAME="Prakasam" RESERVEDNAME="">
     <PARENT TYPE="String">Consultant</PARENT>
     <LANGUAGENAME.LIST>
      <NAME.LIST TYPE="String">
       <NAME>Prakasam</NAME>
      </NAME.LIST>
      <LANGUAGEID TYPE="Number"> 1033</LANGUAGEID>
     </LANGUAGENAME.LIST>
    </LEDGER>
    <LEDGER NAME="Prakesh K" RESERVEDNAME="">
     <PARENT TYPE="String">Sundry Debtors</PARENT>
     <LANGUAGENAME.LIST>
      <NAME.LIST TYPE="String">
       <NAME>Prakesh K</NAME>
      </NAME.LIST>
      <LANGUAGEID TYPE="Number"> 1033</LANGUAGEID>
     </LANGUAGENAME.LIST>
    </LEDGER>
    <LEDGER NAME="Praveen" RESERVEDNAME="">
     <PARENT TYPE="String">Sundry Debtors</PARENT>
     <LANGUAGENAME.LIST>
      <NAME.LIST TYPE="String">
       <NAME>Praveen</NAME>
      </NAME.LIST>
      <LANGUAGEID TYPE="Number"> 1033</LANGUAGEID>
     </LANGUAGENAME.LIST>
    </LEDGER>
    <LEDGER NAME="Printing &amp; Stationery" RESERVEDNAME="">
     <PARENT TYPE="String">Indirect Expenses</PARENT>
     <LANGUAGENAME.LIST>
      <NAME.LIST TYPE="String">
       <NAME>Printing &amp; Stationery</NAME>
      </NAME.LIST>
      <LANGUAGEID TYPE="Number"> 1033</LANGUAGEID>
     </LANGUAGENAME.LIST>
    </LEDGER>
    <LEDGER NAME="Priyasamy Mouppanar &amp; Sons" RESERVEDNAME="">
     <PARENT TYPE="String">Debtors-VRJ</PARENT>
     <LANGUAGENAME.LIST>
      <NAME.LIST TYPE="String">
       <NAME>Priyasamy Mouppanar &amp; Sons</NAME>
      </NAME.LIST>
      <LANGUAGEID TYPE="Number"> 1033</LANGUAGEID>
     </LANGUAGENAME.LIST>
    </LEDGER>
    <LEDGER NAME="Professional Charges" RESERVEDNAME="">
     <PARENT TYPE="String">Indirect Expenses</PARENT>
     <LANGUAGENAME.LIST>
      <NAME.LIST TYPE="String">
       <NAME>Professional Charges</NAME>
      </NAME.LIST>
      <LANGUAGEID TYPE="Number"> 1033</LANGUAGEID>
     </LANGUAGENAME.LIST>
    </LEDGER>
    <LEDGER NAME="Profit &amp; Loss A/c" RESERVEDNAME="Profit &amp; Loss A/c">
     <PARENT TYPE="String">&#4; Primary</PARENT>
     <LANGUAGENAME.LIST>
      <NAME.LIST TYPE="String">
       <NAME>Profit &amp; Loss A/c</NAME>
      </NAME.LIST>
      <LANGUAGEID TYPE="Number"> 1033</LANGUAGEID>
     </LANGUAGENAME.LIST>
    </LEDGER>
    <LEDGER NAME="Purchase 5%" RESERVEDNAME="">
     <PARENT TYPE="String">Purchase Accounts</PARENT>
     <LANGUAGENAME.LIST>
      <NAME.LIST TYPE="String">
       <NAME>Purchase 5%</NAME>
      </NAME.LIST>
      <LANGUAGEID TYPE="Number"> 1033</LANGUAGEID>
     </LANGUAGENAME.LIST>
    </LEDGER>
    <LEDGER NAME="Purchase @ 12%" RESERVEDNAME="">
     <PARENT TYPE="String">Purchase Accounts</PARENT>
     <LANGUAGENAME.LIST>
      <NAME.LIST TYPE="String">
       <NAME>Purchase @ 12%</NAME>
      </NAME.LIST>
      <LANGUAGEID TYPE="Number"> 1033</LANGUAGEID>
     </LANGUAGENAME.LIST>
    </LEDGER>
    <LEDGER NAME="Purchase @ 18%" RESERVEDNAME="">
     <PARENT TYPE="String">Purchase Accounts</PARENT>
     <LANGUAGENAME.LIST>
      <NAME.LIST TYPE="String">
       <NAME>Purchase @ 18%</NAME>
      </NAME.LIST>
      <LANGUAGEID TYPE="Number"> 1033</LANGUAGEID>
     </LANGUAGENAME.LIST>
    </LEDGER>
    <LEDGER NAME="Purchase @28%" RESERVEDNAME="">
     <PARENT TYPE="String">Purchase Accounts</PARENT>
     <LANGUAGENAME.LIST>
      <NAME.LIST TYPE="String">
       <NAME>Purchase @28%</NAME>
      </NAME.LIST>
      <LANGUAGEID TYPE="Number"> 1033</LANGUAGEID>
     </LANGUAGENAME.LIST>
    </LEDGER>
    <LEDGER NAME="PURCHASE EXEMPTED" RESERVEDNAME="">
     <PARENT TYPE="String">Purchase Accounts</PARENT>
     <LANGUAGENAME.LIST>
      <NAME.LIST TYPE="String">
       <NAME>PURCHASE EXEMPTED</NAME>
      </NAME.LIST>
      <LANGUAGEID TYPE="Number"> 1033</LANGUAGEID>
     </LANGUAGENAME.LIST>
    </LEDGER>
    <LEDGER NAME="PURCHASE IGST 12%" RESERVEDNAME="">
     <PARENT TYPE="String">Purchase Accounts</PARENT>
     <LANGUAGENAME.LIST>
      <NAME.LIST TYPE="String">
       <NAME>PURCHASE IGST 12%</NAME>
      </NAME.LIST>
      <LANGUAGEID TYPE="Number"> 1033</LANGUAGEID>
     </LANGUAGENAME.LIST>
    </LEDGER>
    <LEDGER NAME="Purchase Igst @ 18%" RESERVEDNAME="">
     <PARENT TYPE="String">Purchase Accounts</PARENT>
     <LANGUAGENAME.LIST>
      <NAME.LIST TYPE="String">
       <NAME>Purchase Igst @ 18%</NAME>
      </NAME.LIST>
      <LANGUAGEID TYPE="Number"> 1033</LANGUAGEID>
     </LANGUAGENAME.LIST>
    </LEDGER>
    <LEDGER NAME="QUALITY ENTERPRISES" RESERVEDNAME="">
     <PARENT TYPE="String">Sundry Creditors</PARENT>
     <LANGUAGENAME.LIST>
      <NAME.LIST TYPE="String">
       <NAME>QUALITY ENTERPRISES</NAME>
      </NAME.LIST>
      <LANGUAGEID TYPE="Number"> 1033</LANGUAGEID>
     </LANGUAGENAME.LIST>
    </LEDGER>
    <LEDGER NAME="Ragavan" RESERVEDNAME="">
     <PARENT TYPE="String">Sundry Debtors</PARENT>
     <LANGUAGENAME.LIST>
      <NAME.LIST TYPE="String">
       <NAME>Ragavan</NAME>
      </NAME.LIST>
      <LANGUAGEID TYPE="Number"> 1033</LANGUAGEID>
     </LANGUAGENAME.LIST>
    </LEDGER>
    <LEDGER NAME="Raja" RESERVEDNAME="">
     <PARENT TYPE="String">Sundry Debtors</PARENT>
     <LANGUAGENAME.LIST>
      <NAME.LIST TYPE="String">
       <NAME>Raja</NAME>
      </NAME.LIST>
      <LANGUAGEID TYPE="Number"> 1033</LANGUAGEID>
     </LANGUAGENAME.LIST>
    </LEDGER>
    <LEDGER NAME="Rajan" RESERVEDNAME="">
     <PARENT TYPE="String">Sundry Debtors</PARENT>
     <LANGUAGENAME.LIST>
      <NAME.LIST TYPE="String">
       <NAME>Rajan</NAME>
      </NAME.LIST>
      <LANGUAGEID TYPE="Number"> 1033</LANGUAGEID>
     </LANGUAGENAME.LIST>
    </LEDGER>
    <LEDGER NAME="Raja Readymades" RESERVEDNAME="">
     <PARENT TYPE="String">Sundry Debtors</PARENT>
     <LANGUAGENAME.LIST>
      <NAME.LIST TYPE="String">
       <NAME>Raja Readymades</NAME>
      </NAME.LIST>
      <LANGUAGEID TYPE="Number"> 1033</LANGUAGEID>
     </LANGUAGENAME.LIST>
    </LEDGER>
    <LEDGER NAME="Rajasekar" RESERVEDNAME="">
     <PARENT TYPE="String">Sundry Debtors</PARENT>
     <LANGUAGENAME.LIST>
      <NAME.LIST TYPE="String">
       <NAME>Rajasekar</NAME>
      </NAME.LIST>
      <LANGUAGEID TYPE="Number"> 1033</LANGUAGEID>
     </LANGUAGENAME.LIST>
    </LEDGER>
    <LEDGER NAME="Rajesh" RESERVEDNAME="">
     <PARENT TYPE="String">Sundry Debtors</PARENT>
     <LANGUAGENAME.LIST>
      <NAME.LIST TYPE="String">
       <NAME>Rajesh</NAME>
      </NAME.LIST>
      <LANGUAGEID TYPE="Number"> 1033</LANGUAGEID>
     </LANGUAGENAME.LIST>
    </LEDGER>
    <LEDGER NAME="Raj Textiles" RESERVEDNAME="">
     <PARENT TYPE="String">Debtors-KMY</PARENT>
     <LANGUAGENAME.LIST>
      <NAME.LIST TYPE="String">
       <NAME>Raj Textiles</NAME>
      </NAME.LIST>
      <LANGUAGEID TYPE="Number"> 1033</LANGUAGEID>
     </LANGUAGENAME.LIST>
    </LEDGER>
    <LEDGER NAME="Ramachandran" RESERVEDNAME="">
     <PARENT TYPE="String">Sundry Debtors</PARENT>
     <LANGUAGENAME.LIST>
      <NAME.LIST TYPE="String">
       <NAME>Ramachandran</NAME>
      </NAME.LIST>
      <LANGUAGEID TYPE="Number"> 1033</LANGUAGEID>
     </LANGUAGENAME.LIST>
    </LEDGER>
    <LEDGER NAME="Ramalingam" RESERVEDNAME="">
     <PARENT TYPE="String">Unsecured Loans</PARENT>
     <LANGUAGENAME.LIST>
      <NAME.LIST TYPE="String">
       <NAME>Ramalingam</NAME>
      </NAME.LIST>
      <LANGUAGEID TYPE="Number"> 1033</LANGUAGEID>
     </LANGUAGENAME.LIST>
    </LEDGER>
    <LEDGER NAME="Ramalingam.V" RESERVEDNAME="">
     <PARENT TYPE="String">Debtors-VR</PARENT>
     <LANGUAGENAME.LIST>
      <NAME.LIST TYPE="String">
       <NAME>Ramalingam.V</NAME>
       <NAME>R</NAME>
      </NAME.LIST>
      <LANGUAGEID TYPE="Number"> 1033</LANGUAGEID>
     </LANGUAGENAME.LIST>
    </LEDGER>
    <LEDGER NAME="Ramamoorthy" RESERVEDNAME="">
     <PARENT TYPE="String">Sundry Debtors</PARENT>
     <LANGUAGENAME.LIST>
      <NAME.LIST TYPE="String">
       <NAME>Ramamoorthy</NAME>
      </NAME.LIST>
      <LANGUAGEID TYPE="Number"> 1033</LANGUAGEID>
     </LANGUAGENAME.LIST>
    </LEDGER>
    <LEDGER NAME="Raman" RESERVEDNAME="">
     <PARENT TYPE="String">Debtors-VR</PARENT>
     <LANGUAGENAME.LIST>
      <NAME.LIST TYPE="String">
       <NAME>Raman</NAME>
      </NAME.LIST>
      <LANGUAGEID TYPE="Number"> 1033</LANGUAGEID>
     </LANGUAGENAME.LIST>
    </LEDGER>
    <LEDGER NAME="Ramesh" RESERVEDNAME="">
     <PARENT TYPE="String">Sundry Debtors</PARENT>
     <LANGUAGENAME.LIST>
      <NAME.LIST TYPE="String">
       <NAME>Ramesh</NAME>
      </NAME.LIST>
      <LANGUAGEID TYPE="Number"> 1033</LANGUAGEID>
     </LANGUAGENAME.LIST>
    </LEDGER>
    <LEDGER NAME="Ramgopal" RESERVEDNAME="">
     <PARENT TYPE="String">Sundry Debtors</PARENT>
     <LANGUAGENAME.LIST>
      <NAME.LIST TYPE="String">
       <NAME>Ramgopal</NAME>
      </NAME.LIST>
      <LANGUAGEID TYPE="Number"> 1033</LANGUAGEID>
     </LANGUAGENAME.LIST>
    </LEDGER>
    <LEDGER NAME="Ramkrishnan" RESERVEDNAME="">
     <PARENT TYPE="String">Sundry Debtors</PARENT>
     <LANGUAGENAME.LIST>
      <NAME.LIST TYPE="String">
       <NAME>Ramkrishnan</NAME>
      </NAME.LIST>
      <LANGUAGEID TYPE="Number"> 1033</LANGUAGEID>
     </LANGUAGENAME.LIST>
    </LEDGER>
    <LEDGER NAME="RAMNATH AND COMPANY PRIVATE LIMITED" RESERVEDNAME="">
     <PARENT TYPE="String">Sundry Creditors</PARENT>
     <LANGUAGENAME.LIST>
      <NAME.LIST TYPE="String">
       <NAME>RAMNATH AND COMPANY PRIVATE LIMITED</NAME>
      </NAME.LIST>
      <LANGUAGEID TYPE="Number"> 1033</LANGUAGEID>
     </LANGUAGENAME.LIST>
    </LEDGER>
    <LEDGER NAME="RAM-NATH AND CO PVT LTD" RESERVEDNAME="">
     <PARENT TYPE="String">Sundry Creditors</PARENT>
     <LANGUAGENAME.LIST>
      <NAME.LIST TYPE="String">
       <NAME>RAM-NATH AND CO PVT LTD</NAME>
      </NAME.LIST>
      <LANGUAGEID TYPE="Number"> 1033</LANGUAGEID>
     </LANGUAGENAME.LIST>
    </LEDGER>
    <LEDGER NAME="Ram Silks" RESERVEDNAME="">
     <PARENT TYPE="String">Sundry Debtors</PARENT>
     <LANGUAGENAME.LIST>
      <NAME.LIST TYPE="String">
       <NAME>Ram Silks</NAME>
      </NAME.LIST>
      <LANGUAGEID TYPE="Number"> 1033</LANGUAGEID>
     </LANGUAGENAME.LIST>
    </LEDGER>
    <LEDGER NAME="Ravi" RESERVEDNAME="">
     <PARENT TYPE="String">Sundry Debtors</PARENT>
     <LANGUAGENAME.LIST>
      <NAME.LIST TYPE="String">
       <NAME>Ravi</NAME>
      </NAME.LIST>
      <LANGUAGEID TYPE="Number"> 1033</LANGUAGEID>
     </LANGUAGENAME.LIST>
    </LEDGER>
    <LEDGER NAME="Ravichandran" RESERVEDNAME="">
     <PARENT TYPE="String">Sundry Debtors</PARENT>
     <LANGUAGENAME.LIST>
      <NAME.LIST TYPE="String">
       <NAME>Ravichandran</NAME>
      </NAME.LIST>
      <LANGUAGEID TYPE="Number"> 1033</LANGUAGEID>
     </LANGUAGENAME.LIST>
    </LEDGER>
    <LEDGER NAME="Reliance Industries Limited" RESERVEDNAME="">
     <PARENT TYPE="String">Sundry Creditors</PARENT>
     <LANGUAGENAME.LIST>
      <NAME.LIST TYPE="String">
       <NAME>Reliance Industries Limited</NAME>
      </NAME.LIST>
      <LANGUAGEID TYPE="Number"> 1033</LANGUAGEID>
     </LANGUAGENAME.LIST>
    </LEDGER>
    <LEDGER NAME="Rental Advance" RESERVEDNAME="">
     <PARENT TYPE="String">Loans &amp; Advances (Asset)</PARENT>
     <LANGUAGENAME.LIST>
      <NAME.LIST TYPE="String">
       <NAME>Rental Advance</NAME>
      </NAME.LIST>
      <LANGUAGEID TYPE="Number"> 1033</LANGUAGEID>
     </LANGUAGENAME.LIST>
    </LEDGER>
    <LEDGER NAME="Rent Paid" RESERVEDNAME="">
     <PARENT TYPE="String">Indirect Expenses</PARENT>
     <LANGUAGENAME.LIST>
      <NAME.LIST TYPE="String">
       <NAME>Rent Paid</NAME>
      </NAME.LIST>
      <LANGUAGEID TYPE="Number"> 1033</LANGUAGEID>
     </LANGUAGENAME.LIST>
    </LEDGER>
    <LEDGER NAME="RENUKA SILKS" RESERVEDNAME="">
     <PARENT TYPE="String">Sundry Debtors</PARENT>
     <LANGUAGENAME.LIST>
      <NAME.LIST TYPE="String">
       <NAME>RENUKA SILKS</NAME>
      </NAME.LIST>
      <LANGUAGEID TYPE="Number"> 1033</LANGUAGEID>
     </LANGUAGENAME.LIST>
    </LEDGER>
    <LEDGER NAME="Renuka Silks And REadymates" RESERVEDNAME="">
     <PARENT TYPE="String">Sundry Debtors</PARENT>
     <LANGUAGENAME.LIST>
      <NAME.LIST TYPE="String">
       <NAME>Renuka Silks And REadymates</NAME>
      </NAME.LIST>
      <LANGUAGEID TYPE="Number"> 1033</LANGUAGEID>
     </LANGUAGENAME.LIST>
    </LEDGER>
    <LEDGER NAME="RENUKA SILKS &amp; READYMADE" RESERVEDNAME="">
     <PARENT TYPE="String">Sundry Debtors</PARENT>
     <LANGUAGENAME.LIST>
      <NAME.LIST TYPE="String">
       <NAME>RENUKA SILKS &amp; READYMADE</NAME>
      </NAME.LIST>
      <LANGUAGEID TYPE="Number"> 1033</LANGUAGEID>
     </LANGUAGENAME.LIST>
    </LEDGER>
    <LEDGER NAME="Repaire and Maintance" RESERVEDNAME="">
     <PARENT TYPE="String">Indirect Expenses</PARENT>
     <LANGUAGENAME.LIST>
      <NAME.LIST TYPE="String">
       <NAME>Repaire and Maintance</NAME>
      </NAME.LIST>
      <LANGUAGEID TYPE="Number"> 1033</LANGUAGEID>
     </LANGUAGENAME.LIST>
    </LEDGER>
    <LEDGER NAME="Rishabh Trixim LLP-Chennai" RESERVEDNAME="">
     <PARENT TYPE="String">Sundry Creditors</PARENT>
     <LANGUAGENAME.LIST>
      <NAME.LIST TYPE="String">
       <NAME>Rishabh Trixim LLP-Chennai</NAME>
      </NAME.LIST>
      <LANGUAGEID TYPE="Number"> 1033</LANGUAGEID>
     </LANGUAGENAME.LIST>
    </LEDGER>
    <LEDGER NAME="Riyazathunnisha Begam" RESERVEDNAME="">
     <PARENT TYPE="String">Loans (Liability)</PARENT>
     <LANGUAGENAME.LIST>
      <NAME.LIST TYPE="String">
       <NAME>Riyazathunnisha Begam</NAME>
      </NAME.LIST>
      <LANGUAGEID TYPE="Number"> 1033</LANGUAGEID>
     </LANGUAGENAME.LIST>
    </LEDGER>
    <LEDGER NAME="Round Off" RESERVEDNAME="">
     <PARENT TYPE="String">Indirect Expenses</PARENT>
     <LANGUAGENAME.LIST>
      <NAME.LIST TYPE="String">
       <NAME>Round Off</NAME>
       <NAME>O</NAME>
      </NAME.LIST>
      <LANGUAGEID TYPE="Number"> 1033</LANGUAGEID>
     </LANGUAGENAME.LIST>
    </LEDGER>
    <LEDGER NAME="R.S. ENTERPRISES" RESERVEDNAME="">
     <PARENT TYPE="String">Sundry Creditors</PARENT>
     <LANGUAGENAME.LIST>
      <NAME.LIST TYPE="String">
       <NAME>R.S. ENTERPRISES</NAME>
      </NAME.LIST>
      <LANGUAGEID TYPE="Number"> 1033</LANGUAGEID>
     </LANGUAGENAME.LIST>
    </LEDGER>
    <LEDGER NAME="SABARI AGENCIES" RESERVEDNAME="">
     <PARENT TYPE="String">Sundry Creditors</PARENT>
     <LANGUAGENAME.LIST>
      <NAME.LIST TYPE="String">
       <NAME>SABARI AGENCIES</NAME>
      </NAME.LIST>
      <LANGUAGEID TYPE="Number"> 1033</LANGUAGEID>
     </LANGUAGENAME.LIST>
    </LEDGER>
    <LEDGER NAME="Sai Graphics" RESERVEDNAME="">
     <PARENT TYPE="String">Sundry Creditors</PARENT>
     <LANGUAGENAME.LIST>
      <NAME.LIST TYPE="String">
       <NAME>Sai Graphics</NAME>
      </NAME.LIST>
      <LANGUAGEID TYPE="Number"> 1033</LANGUAGEID>
     </LANGUAGENAME.LIST>
    </LEDGER>
    <LEDGER NAME="SAKTHI MURUGAN COMPANY" RESERVEDNAME="">
     <PARENT TYPE="String">Sundry Creditors</PARENT>
     <LANGUAGENAME.LIST>
      <NAME.LIST TYPE="String">
       <NAME>SAKTHI MURUGAN COMPANY</NAME>
      </NAME.LIST>
      <LANGUAGEID TYPE="Number"> 1033</LANGUAGEID>
     </LANGUAGENAME.LIST>
    </LEDGER>
    <LEDGER NAME="Sakthivel" RESERVEDNAME="">
     <PARENT TYPE="String">Sundry Debtors</PARENT>
     <LANGUAGENAME.LIST>
      <NAME.LIST TYPE="String">
       <NAME>Sakthivel</NAME>
      </NAME.LIST>
      <LANGUAGEID TYPE="Number"> 1033</LANGUAGEID>
     </LANGUAGENAME.LIST>
    </LEDGER>
    <LEDGER NAME="Salary" RESERVEDNAME="">
     <PARENT TYPE="String">Indirect Expenses</PARENT>
     <LANGUAGENAME.LIST>
      <NAME.LIST TYPE="String">
       <NAME>Salary</NAME>
       <NAME>A</NAME>
      </NAME.LIST>
      <LANGUAGEID TYPE="Number"> 1033</LANGUAGEID>
     </LANGUAGENAME.LIST>
    </LEDGER>
    <LEDGER NAME="Sales" RESERVEDNAME="">
     <PARENT TYPE="String">Sales Accounts</PARENT>
     <LANGUAGENAME.LIST>
      <NAME.LIST TYPE="String">
       <NAME>Sales</NAME>
      </NAME.LIST>
      <LANGUAGEID TYPE="Number"> 1033</LANGUAGEID>
     </LANGUAGENAME.LIST>
    </LEDGER>
    <LEDGER NAME="Sales @12%" RESERVEDNAME="">
     <PARENT TYPE="String">Sales Accounts</PARENT>
     <LANGUAGENAME.LIST>
      <NAME.LIST TYPE="String">
       <NAME>Sales @12%</NAME>
      </NAME.LIST>
      <LANGUAGEID TYPE="Number"> 1033</LANGUAGEID>
     </LANGUAGENAME.LIST>
    </LEDGER>
    <LEDGER NAME="Sales@18%" RESERVEDNAME="">
     <PARENT TYPE="String">Sales Accounts</PARENT>
     <LANGUAGENAME.LIST>
      <NAME.LIST TYPE="String">
       <NAME>Sales@18%</NAME>
       <NAME>SA</NAME>
      </NAME.LIST>
      <LANGUAGEID TYPE="Number"> 1033</LANGUAGEID>
     </LANGUAGENAME.LIST>
    </LEDGER>
    <LEDGER NAME="Sales Igst@12%" RESERVEDNAME="">
     <PARENT TYPE="String">Sales Accounts</PARENT>
     <LANGUAGENAME.LIST>
      <NAME.LIST TYPE="String">
       <NAME>Sales Igst@12%</NAME>
       <NAME>12</NAME>
      </NAME.LIST>
      <LANGUAGEID TYPE="Number"> 1033</LANGUAGEID>
     </LANGUAGENAME.LIST>
    </LEDGER>
    <LEDGER NAME="Sales Igst@18%" RESERVEDNAME="">
     <PARENT TYPE="String">Sales Accounts</PARENT>
     <LANGUAGENAME.LIST>
      <NAME.LIST TYPE="String">
       <NAME>Sales Igst@18%</NAME>
       <NAME>Ss</NAME>
      </NAME.LIST>
      <LANGUAGEID TYPE="Number"> 1033</LANGUAGEID>
     </LANGUAGENAME.LIST>
    </LEDGER>
    <LEDGER NAME="Sales Igst @ 5%" RESERVEDNAME="">
     <PARENT TYPE="String">Sales Accounts</PARENT>
     <LANGUAGENAME.LIST>
      <NAME.LIST TYPE="String">
       <NAME>Sales Igst @ 5%</NAME>
      </NAME.LIST>
      <LANGUAGEID TYPE="Number"> 1033</LANGUAGEID>
     </LANGUAGENAME.LIST>
    </LEDGER>
    <LEDGER NAME="Saminathan" RESERVEDNAME="">
     <PARENT TYPE="String">Sundry Debtors</PARENT>
     <LANGUAGENAME.LIST>
      <NAME.LIST TYPE="String">
       <NAME>Saminathan</NAME>
      </NAME.LIST>
      <LANGUAGEID TYPE="Number"> 1033</LANGUAGEID>
     </LANGUAGENAME.LIST>
    </LEDGER>
    <LEDGER NAME="Samson Packaging" RESERVEDNAME="">
     <PARENT TYPE="String">Sundry Creditors</PARENT>
     <LANGUAGENAME.LIST>
      <NAME.LIST TYPE="String">
       <NAME>Samson Packaging</NAME>
      </NAME.LIST>
      <LANGUAGEID TYPE="Number"> 1033</LANGUAGEID>
     </LANGUAGENAME.LIST>
    </LEDGER>
    <LEDGER NAME="Sankar" RESERVEDNAME="">
     <PARENT TYPE="String">Sundry Debtors</PARENT>
     <LANGUAGENAME.LIST>
      <NAME.LIST TYPE="String">
       <NAME>Sankar</NAME>
      </NAME.LIST>
      <LANGUAGEID TYPE="Number"> 1033</LANGUAGEID>
     </LANGUAGENAME.LIST>
    </LEDGER>
    <LEDGER NAME="Sankaran" RESERVEDNAME="">
     <PARENT TYPE="String">Sundry Debtors</PARENT>
     <LANGUAGENAME.LIST>
      <NAME.LIST TYPE="String">
       <NAME>Sankaran</NAME>
      </NAME.LIST>
      <LANGUAGEID TYPE="Number"> 1033</LANGUAGEID>
     </LANGUAGENAME.LIST>
    </LEDGER>
    <LEDGER NAME="Santha Kumar" RESERVEDNAME="">
     <PARENT TYPE="String">Sundry Debtors</PARENT>
     <LANGUAGENAME.LIST>
      <NAME.LIST TYPE="String">
       <NAME>Santha Kumar</NAME>
      </NAME.LIST>
      <LANGUAGEID TYPE="Number"> 1033</LANGUAGEID>
     </LANGUAGENAME.LIST>
    </LEDGER>
    <LEDGER NAME="Santhosh" RESERVEDNAME="">
     <PARENT TYPE="String">Sundry Debtors</PARENT>
     <LANGUAGENAME.LIST>
      <NAME.LIST TYPE="String">
       <NAME>Santhosh</NAME>
      </NAME.LIST>
      <LANGUAGEID TYPE="Number"> 1033</LANGUAGEID>
     </LANGUAGENAME.LIST>
    </LEDGER>
    <LEDGER NAME="Santhosh Sweets" RESERVEDNAME="">
     <PARENT TYPE="String">Debtors-KMY</PARENT>
     <LANGUAGENAME.LIST>
      <NAME.LIST TYPE="String">
       <NAME>Santhosh Sweets</NAME>
      </NAME.LIST>
      <LANGUAGEID TYPE="Number"> 1033</LANGUAGEID>
     </LANGUAGENAME.LIST>
    </LEDGER>
    <LEDGER NAME="Saravanan" RESERVEDNAME="">
     <PARENT TYPE="String">Sundry Debtors</PARENT>
     <LANGUAGENAME.LIST>
      <NAME.LIST TYPE="String">
       <NAME>Saravanan</NAME>
      </NAME.LIST>
      <LANGUAGEID TYPE="Number"> 1033</LANGUAGEID>
     </LANGUAGENAME.LIST>
    </LEDGER>
    <LEDGER NAME="Saravanan Silks" RESERVEDNAME="">
     <PARENT TYPE="String">Sundry Debtors</PARENT>
     <LANGUAGENAME.LIST>
      <NAME.LIST TYPE="String">
       <NAME>Saravanan Silks</NAME>
      </NAME.LIST>
      <LANGUAGEID TYPE="Number"> 1033</LANGUAGEID>
     </LANGUAGENAME.LIST>
    </LEDGER>
    <LEDGER NAME="Saravana Stores (Celebrity)" RESERVEDNAME="">
     <PARENT TYPE="String">Sundry Debtors</PARENT>
     <LANGUAGENAME.LIST>
      <NAME.LIST TYPE="String">
       <NAME>Saravana Stores (Celebrity)</NAME>
      </NAME.LIST>
      <LANGUAGEID TYPE="Number"> 1033</LANGUAGEID>
     </LANGUAGENAME.LIST>
    </LEDGER>
    <LEDGER NAME="Saravana Textiles" RESERVEDNAME="">
     <PARENT TYPE="String">Debtors-VR</PARENT>
     <LANGUAGENAME.LIST>
      <NAME.LIST TYPE="String">
       <NAME>Saravana Textiles</NAME>
      </NAME.LIST>
      <LANGUAGEID TYPE="Number"> 1033</LANGUAGEID>
     </LANGUAGENAME.LIST>
    </LEDGER>
    <LEDGER NAME="Sarkar Silk House" RESERVEDNAME="">
     <PARENT TYPE="String">Sundry Debtors</PARENT>
     <LANGUAGENAME.LIST>
      <NAME.LIST TYPE="String">
       <NAME>Sarkar Silk House</NAME>
      </NAME.LIST>
      <LANGUAGEID TYPE="Number"> 1033</LANGUAGEID>
     </LANGUAGENAME.LIST>
    </LEDGER>
    <LEDGER NAME="Sathya" RESERVEDNAME="">
     <PARENT TYPE="String">Sundry Debtors</PARENT>
     <LANGUAGENAME.LIST>
      <NAME.LIST TYPE="String">
       <NAME>Sathya</NAME>
      </NAME.LIST>
      <LANGUAGEID TYPE="Number"> 1033</LANGUAGEID>
     </LANGUAGENAME.LIST>
    </LEDGER>
    <LEDGER NAME="Sathya Moorthy" RESERVEDNAME="">
     <PARENT TYPE="String">Sundry Debtors</PARENT>
     <LANGUAGENAME.LIST>
      <NAME.LIST TYPE="String">
       <NAME>Sathya Moorthy</NAME>
      </NAME.LIST>
      <LANGUAGEID TYPE="Number"> 1033</LANGUAGEID>
     </LANGUAGENAME.LIST>
    </LEDGER>
    <LEDGER NAME="Sathya Raj" RESERVEDNAME="">
     <PARENT TYPE="String">Sundry Debtors</PARENT>
     <LANGUAGENAME.LIST>
      <NAME.LIST TYPE="String">
       <NAME>Sathya Raj</NAME>
      </NAME.LIST>
      <LANGUAGEID TYPE="Number"> 1033</LANGUAGEID>
     </LANGUAGENAME.LIST>
    </LEDGER>
    <LEDGER NAME="Sathya Silks" RESERVEDNAME="">
     <PARENT TYPE="String">The Chennai Silks Groups</PARENT>
     <LANGUAGENAME.LIST>
      <NAME.LIST TYPE="String">
       <NAME>Sathya Silks</NAME>
      </NAME.LIST>
      <LANGUAGEID TYPE="Number"> 1033</LANGUAGEID>
     </LANGUAGENAME.LIST>
    </LEDGER>
    <LEDGER NAME="S.A. Traders" RESERVEDNAME="">
     <PARENT TYPE="String">Sundry Creditors</PARENT>
     <LANGUAGENAME.LIST>
      <NAME.LIST TYPE="String">
       <NAME>S.A. Traders</NAME>
      </NAME.LIST>
      <LANGUAGEID TYPE="Number"> 1033</LANGUAGEID>
     </LANGUAGENAME.LIST>
    </LEDGER>
    <LEDGER NAME="Sbi Credit Card Charges" RESERVEDNAME="">
     <PARENT TYPE="String">Indirect Expenses</PARENT>
     <LANGUAGENAME.LIST>
      <NAME.LIST TYPE="String">
       <NAME>Sbi Credit Card Charges</NAME>
      </NAME.LIST>
      <LANGUAGEID TYPE="Number"> 1033</LANGUAGEID>
     </LANGUAGENAME.LIST>
    </LEDGER>
    <LEDGER NAME="SBI GENERAL INSURANCE COMPANY LTD" RESERVEDNAME="">
     <PARENT TYPE="String">Sundry Creditors</PARENT>
     <LANGUAGENAME.LIST>
      <NAME.LIST TYPE="String">
       <NAME>SBI GENERAL INSURANCE COMPANY LTD</NAME>
      </NAME.LIST>
      <LANGUAGEID TYPE="Number"> 1033</LANGUAGEID>
     </LANGUAGENAME.LIST>
    </LEDGER>
    <LEDGER NAME="SBI OD A/c No. 670310703077" RESERVEDNAME="">
     <PARENT TYPE="String">Bank OD A/c</PARENT>
     <LANGUAGENAME.LIST>
      <NAME.LIST TYPE="String">
       <NAME>SBI OD A/c No. 670310703077</NAME>
       <NAME>7</NAME>
      </NAME.LIST>
      <LANGUAGEID TYPE="Number"> 1033</LANGUAGEID>
     </LANGUAGENAME.LIST>
    </LEDGER>
    <LEDGER NAME="SCIETECH INSPECTION SERVICES" RESERVEDNAME="">
     <PARENT TYPE="String">Loans &amp; Advances (Asset)</PARENT>
     <LANGUAGENAME.LIST>
      <NAME.LIST TYPE="String">
       <NAME>SCIETECH INSPECTION SERVICES</NAME>
      </NAME.LIST>
      <LANGUAGEID TYPE="Number"> 1033</LANGUAGEID>
     </LANGUAGENAME.LIST>
    </LEDGER>
    <LEDGER NAME="Scm Creation" RESERVEDNAME="">
     <PARENT TYPE="String">Sundry Debtors</PARENT>
     <LANGUAGENAME.LIST>
      <NAME.LIST TYPE="String">
       <NAME>Scm Creation</NAME>
      </NAME.LIST>
      <LANGUAGEID TYPE="Number"> 1033</LANGUAGEID>
     </LANGUAGENAME.LIST>
    </LEDGER>
    <LEDGER NAME="Scm Creations" RESERVEDNAME="">
     <PARENT TYPE="String">The Chennai Silks Groups</PARENT>
     <LANGUAGENAME.LIST>
      <NAME.LIST TYPE="String">
       <NAME>Scm Creations</NAME>
      </NAME.LIST>
      <LANGUAGEID TYPE="Number"> 1033</LANGUAGEID>
     </LANGUAGENAME.LIST>
    </LEDGER>
    <LEDGER NAME="Seanel Shipping Pvt Ltd" RESERVEDNAME="">
     <PARENT TYPE="String">Sundry Creditors</PARENT>
     <LANGUAGENAME.LIST>
      <NAME.LIST TYPE="String">
       <NAME>Seanel Shipping Pvt Ltd</NAME>
      </NAME.LIST>
      <LANGUAGEID TYPE="Number"> 1033</LANGUAGEID>
     </LANGUAGENAME.LIST>
    </LEDGER>
    <LEDGER NAME="Segar-Rent Advance" RESERVEDNAME="">
     <PARENT TYPE="String">Loans &amp; Advances (Asset)</PARENT>
     <LANGUAGENAME.LIST>
      <NAME.LIST TYPE="String">
       <NAME>Segar-Rent Advance</NAME>
      </NAME.LIST>
      <LANGUAGEID TYPE="Number"> 1033</LANGUAGEID>
     </LANGUAGENAME.LIST>
    </LEDGER>
    <LEDGER NAME="Sekar" RESERVEDNAME="">
     <PARENT TYPE="String">Sundry Debtors</PARENT>
     <LANGUAGENAME.LIST>
      <NAME.LIST TYPE="String">
       <NAME>Sekar</NAME>
      </NAME.LIST>
      <LANGUAGEID TYPE="Number"> 1033</LANGUAGEID>
     </LANGUAGENAME.LIST>
    </LEDGER>
    <LEDGER NAME="Selvam" RESERVEDNAME="">
     <PARENT TYPE="String">Sundry Debtors</PARENT>
     <LANGUAGENAME.LIST>
      <NAME.LIST TYPE="String">
       <NAME>Selvam</NAME>
      </NAME.LIST>
      <LANGUAGEID TYPE="Number"> 1033</LANGUAGEID>
     </LANGUAGENAME.LIST>
    </LEDGER>
    <LEDGER NAME="Senthil" RESERVEDNAME="">
     <PARENT TYPE="String">Sundry Debtors</PARENT>
     <LANGUAGENAME.LIST>
      <NAME.LIST TYPE="String">
       <NAME>Senthil</NAME>
      </NAME.LIST>
      <LANGUAGEID TYPE="Number"> 1033</LANGUAGEID>
     </LANGUAGENAME.LIST>
    </LEDGER>
    <LEDGER NAME="Senthil Kumar" RESERVEDNAME="">
     <PARENT TYPE="String">Sundry Debtors</PARENT>
     <LANGUAGENAME.LIST>
      <NAME.LIST TYPE="String">
       <NAME>Senthil Kumar</NAME>
      </NAME.LIST>
      <LANGUAGEID TYPE="Number"> 1033</LANGUAGEID>
     </LANGUAGENAME.LIST>
    </LEDGER>
    <LEDGER NAME="Sero Packagingn Limited" RESERVEDNAME="">
     <PARENT TYPE="String">Sundry Creditors</PARENT>
     <LANGUAGENAME.LIST>
      <NAME.LIST TYPE="String">
       <NAME>Sero Packagingn Limited</NAME>
      </NAME.LIST>
      <LANGUAGEID TYPE="Number"> 1033</LANGUAGEID>
     </LANGUAGENAME.LIST>
    </LEDGER>
    <LEDGER NAME="Sesha Agencies" RESERVEDNAME="">
     <PARENT TYPE="String">Debtors-VR</PARENT>
     <LANGUAGENAME.LIST>
      <NAME.LIST TYPE="String">
       <NAME>Sesha Agencies</NAME>
      </NAME.LIST>
      <LANGUAGEID TYPE="Number"> 1033</LANGUAGEID>
     </LANGUAGENAME.LIST>
    </LEDGER>
    <LEDGER NAME="Seyyon Hitech Poly Fabs Pvt. Ltd" RESERVEDNAME="">
     <PARENT TYPE="String">Sundry Creditors</PARENT>
     <LANGUAGENAME.LIST>
      <NAME.LIST TYPE="String">
       <NAME>Seyyon Hitech Poly Fabs Pvt. Ltd</NAME>
      </NAME.LIST>
      <LANGUAGEID TYPE="Number"> 1033</LANGUAGEID>
     </LANGUAGENAME.LIST>
    </LEDGER>
    <LEDGER NAME="Sgst@6%" RESERVEDNAME="">
     <PARENT TYPE="String">Duties &amp; Taxes</PARENT>
     <LANGUAGENAME.LIST>
      <NAME.LIST TYPE="String">
       <NAME>Sgst@6%</NAME>
      </NAME.LIST>
      <LANGUAGEID TYPE="Number"> 1033</LANGUAGEID>
     </LANGUAGENAME.LIST>
    </LEDGER>
    <LEDGER NAME="Sgst@9%" RESERVEDNAME="">
     <PARENT TYPE="String">Duties &amp; Taxes</PARENT>
     <LANGUAGENAME.LIST>
      <NAME.LIST TYPE="String">
       <NAME>Sgst@9%</NAME>
      </NAME.LIST>
      <LANGUAGEID TYPE="Number"> 1033</LANGUAGEID>
     </LANGUAGENAME.LIST>
    </LEDGER>
    <LEDGER NAME="Shanmugasundharam" RESERVEDNAME="">
     <PARENT TYPE="String">Debtors-VR</PARENT>
     <LANGUAGENAME.LIST>
      <NAME.LIST TYPE="String">
       <NAME>Shanmugasundharam</NAME>
      </NAME.LIST>
      <LANGUAGEID TYPE="Number"> 1033</LANGUAGEID>
     </LANGUAGENAME.LIST>
    </LEDGER>
    <LEDGER NAME="Shivasakthi Bearing Centre" RESERVEDNAME="">
     <PARENT TYPE="String">Sundry Creditors</PARENT>
     <LANGUAGENAME.LIST>
      <NAME.LIST TYPE="String">
       <NAME>Shivasakthi Bearing Centre</NAME>
      </NAME.LIST>
      <LANGUAGEID TYPE="Number"> 1033</LANGUAGEID>
     </LANGUAGENAME.LIST>
    </LEDGER>
    <LEDGER NAME="Shri Munishwara Poly Pvt Ltd" RESERVEDNAME="">
     <PARENT TYPE="String">Sundry Creditors</PARENT>
     <LANGUAGENAME.LIST>
      <NAME.LIST TYPE="String">
       <NAME>Shri Munishwara Poly Pvt Ltd</NAME>
      </NAME.LIST>
      <LANGUAGEID TYPE="Number"> 1033</LANGUAGEID>
     </LANGUAGENAME.LIST>
    </LEDGER>
    <LEDGER NAME="SI Media Poly Tech" RESERVEDNAME="">
     <PARENT TYPE="String">Sundry Creditors</PARENT>
     <LANGUAGENAME.LIST>
      <NAME.LIST TYPE="String">
       <NAME>SI Media Poly Tech</NAME>
      </NAME.LIST>
      <LANGUAGEID TYPE="Number"> 1033</LANGUAGEID>
     </LANGUAGENAME.LIST>
    </LEDGER>
    <LEDGER NAME="Sinduja" RESERVEDNAME="">
     <PARENT TYPE="String">Salary Account</PARENT>
     <LANGUAGENAME.LIST>
      <NAME.LIST TYPE="String">
       <NAME>Sinduja</NAME>
      </NAME.LIST>
      <LANGUAGEID TYPE="Number"> 1033</LANGUAGEID>
     </LANGUAGENAME.LIST>
    </LEDGER>
    <LEDGER NAME="Sivanantham" RESERVEDNAME="">
     <PARENT TYPE="String">Sundry Debtors</PARENT>
     <LANGUAGENAME.LIST>
      <NAME.LIST TYPE="String">
       <NAME>Sivanantham</NAME>
      </NAME.LIST>
      <LANGUAGEID TYPE="Number"> 1033</LANGUAGEID>
     </LANGUAGENAME.LIST>
    </LEDGER>
    <LEDGER NAME="Sivaranjani Agencies" RESERVEDNAME="">
     <PARENT TYPE="String">Sundry Creditors</PARENT>
     <LANGUAGENAME.LIST>
      <NAME.LIST TYPE="String">
       <NAME>Sivaranjani Agencies</NAME>
      </NAME.LIST>
      <LANGUAGEID TYPE="Number"> 1033</LANGUAGEID>
     </LANGUAGENAME.LIST>
    </LEDGER>
    <LEDGER NAME="SKA Agencies" RESERVEDNAME="">
     <PARENT TYPE="String">Sundry Creditors</PARENT>
     <LANGUAGENAME.LIST>
      <NAME.LIST TYPE="String">
       <NAME>SKA Agencies</NAME>
      </NAME.LIST>
      <LANGUAGEID TYPE="Number"> 1033</LANGUAGEID>
     </LANGUAGENAME.LIST>
    </LEDGER>
    <LEDGER NAME="Skanda Agencies" RESERVEDNAME="">
     <PARENT TYPE="String">Sundry Creditors</PARENT>
     <LANGUAGENAME.LIST>
      <NAME.LIST TYPE="String">
       <NAME>Skanda Agencies</NAME>
       <NAME>Sk</NAME>
      </NAME.LIST>
      <LANGUAGEID TYPE="Number"> 1033</LANGUAGEID>
     </LANGUAGENAME.LIST>
    </LEDGER>
    <LEDGER NAME="Skanda Agencies ADVANCE" RESERVEDNAME="">
     <PARENT TYPE="String">Loans &amp; Advances (Asset)</PARENT>
     <LANGUAGENAME.LIST>
      <NAME.LIST TYPE="String">
       <NAME>Skanda Agencies ADVANCE</NAME>
      </NAME.LIST>
      <LANGUAGEID TYPE="Number"> 1033</LANGUAGEID>
     </LANGUAGENAME.LIST>
    </LEDGER>
    <LEDGER NAME="SLC LOAN-40646350894" RESERVEDNAME="">
     <PARENT TYPE="String">Secured Loans</PARENT>
     <LANGUAGENAME.LIST>
      <NAME.LIST TYPE="String">
       <NAME>SLC LOAN-40646350894</NAME>
      </NAME.LIST>
      <LANGUAGEID TYPE="Number"> 1033</LANGUAGEID>
     </LANGUAGENAME.LIST>
    </LEDGER>
    <LEDGER NAME="SLC LOAN Interest" RESERVEDNAME="">
     <PARENT TYPE="String">Indirect Expenses</PARENT>
     <LANGUAGENAME.LIST>
      <NAME.LIST TYPE="String">
       <NAME>SLC LOAN Interest</NAME>
      </NAME.LIST>
      <LANGUAGEID TYPE="Number"> 1033</LANGUAGEID>
     </LANGUAGENAME.LIST>
    </LEDGER>
    <LEDGER NAME="SME GOLD LOAN 40469319594" RESERVEDNAME="">
     <PARENT TYPE="String">Secured Loans</PARENT>
     <LANGUAGENAME.LIST>
      <NAME.LIST TYPE="String">
       <NAME>SME GOLD LOAN 40469319594</NAME>
       <NAME>594</NAME>
      </NAME.LIST>
      <LANGUAGEID TYPE="Number"> 1033</LANGUAGEID>
     </LANGUAGENAME.LIST>
    </LEDGER>
    <LEDGER NAME="Space Textiles" RESERVEDNAME="">
     <PARENT TYPE="String">The Chennai Silks Groups</PARENT>
     <LANGUAGENAME.LIST>
      <NAME.LIST TYPE="String">
       <NAME>Space Textiles</NAME>
      </NAME.LIST>
      <LANGUAGEID TYPE="Number"> 1033</LANGUAGEID>
     </LANGUAGENAME.LIST>
    </LEDGER>
    <LEDGER NAME="Spectraa Net" RESERVEDNAME="">
     <PARENT TYPE="String">Sundry Creditors</PARENT>
     <LANGUAGENAME.LIST>
      <NAME.LIST TYPE="String">
       <NAME>Spectraa Net</NAME>
      </NAME.LIST>
      <LANGUAGEID TYPE="Number"> 1033</LANGUAGEID>
     </LANGUAGENAME.LIST>
    </LEDGER>
    <LEDGER NAME="Sree Durga Plasyics" RESERVEDNAME="">
     <PARENT TYPE="String">Sundry Debtors</PARENT>
     <LANGUAGENAME.LIST>
      <NAME.LIST TYPE="String">
       <NAME>Sree Durga Plasyics</NAME>
      </NAME.LIST>
      <LANGUAGEID TYPE="Number"> 1033</LANGUAGEID>
     </LANGUAGENAME.LIST>
    </LEDGER>
    <LEDGER NAME="Sree Jayasakthi Electrical" RESERVEDNAME="">
     <PARENT TYPE="String">Sundry Creditors</PARENT>
     <LANGUAGENAME.LIST>
      <NAME.LIST TYPE="String">
       <NAME>Sree Jayasakthi Electrical</NAME>
      </NAME.LIST>
      <LANGUAGEID TYPE="Number"> 1033</LANGUAGEID>
     </LANGUAGENAME.LIST>
    </LEDGER>
    <LEDGER NAME="Sree Kumaran" RESERVEDNAME="">
     <PARENT TYPE="String">The Chennai Silks Groups</PARENT>
     <LANGUAGENAME.LIST>
      <NAME.LIST TYPE="String">
       <NAME>Sree Kumaran</NAME>
      </NAME.LIST>
      <LANGUAGEID TYPE="Number"> 1033</LANGUAGEID>
     </LANGUAGENAME.LIST>
    </LEDGER>
    <LEDGER NAME="Sree Nandhi Silks" RESERVEDNAME="">
     <PARENT TYPE="String">The Chennai Silks Groups</PARENT>
     <LANGUAGENAME.LIST>
      <NAME.LIST TYPE="String">
       <NAME>Sree Nandhi Silks</NAME>
      </NAME.LIST>
      <LANGUAGEID TYPE="Number"> 1033</LANGUAGEID>
     </LANGUAGENAME.LIST>
    </LEDGER>
    <LEDGER NAME="Sri Amman Textiles" RESERVEDNAME="">
     <PARENT TYPE="String">Sundry Debtors</PARENT>
     <LANGUAGENAME.LIST>
      <NAME.LIST TYPE="String">
       <NAME>Sri Amman Textiles</NAME>
      </NAME.LIST>
      <LANGUAGEID TYPE="Number"> 1033</LANGUAGEID>
     </LANGUAGENAME.LIST>
    </LEDGER>
    <LEDGER NAME="Sri Chitra Paper Store" RESERVEDNAME="">
     <PARENT TYPE="String">Sundry Creditors</PARENT>
     <LANGUAGENAME.LIST>
      <NAME.LIST TYPE="String">
       <NAME>Sri Chitra Paper Store</NAME>
      </NAME.LIST>
      <LANGUAGEID TYPE="Number"> 1033</LANGUAGEID>
     </LANGUAGENAME.LIST>
    </LEDGER>
    <LEDGER NAME="Sri Durga Flastiks" RESERVEDNAME="">
     <PARENT TYPE="String">Sundry Debtors</PARENT>
     <LANGUAGENAME.LIST>
      <NAME.LIST TYPE="String">
       <NAME>Sri Durga Flastiks</NAME>
      </NAME.LIST>
      <LANGUAGEID TYPE="Number"> 1033</LANGUAGEID>
     </LANGUAGENAME.LIST>
    </LEDGER>
    <LEDGER NAME="SRI GANESH AGENCIES" RESERVEDNAME="">
     <PARENT TYPE="String">Sundry Creditors</PARENT>
     <LANGUAGENAME.LIST>
      <NAME.LIST TYPE="String">
       <NAME>SRI GANESH AGENCIES</NAME>
      </NAME.LIST>
      <LANGUAGEID TYPE="Number"> 1033</LANGUAGEID>
     </LANGUAGENAME.LIST>
    </LEDGER>
    <LEDGER NAME="Sri Ganesh Electricals" RESERVEDNAME="">
     <PARENT TYPE="String">Sundry Creditors</PARENT>
     <LANGUAGENAME.LIST>
      <NAME.LIST TYPE="String">
       <NAME>Sri Ganesh Electricals</NAME>
      </NAME.LIST>
      <LANGUAGEID TYPE="Number"> 1033</LANGUAGEID>
     </LANGUAGENAME.LIST>
    </LEDGER>
    <LEDGER NAME="Sri Gopal Greens" RESERVEDNAME="">
     <PARENT TYPE="String">Debtors - JMD</PARENT>
     <LANGUAGENAME.LIST>
      <NAME.LIST TYPE="String">
       <NAME>Sri Gopal Greens</NAME>
      </NAME.LIST>
      <LANGUAGEID TYPE="Number"> 1033</LANGUAGEID>
     </LANGUAGENAME.LIST>
    </LEDGER>
    <LEDGER NAME="Sri Guberan Traders" RESERVEDNAME="">
     <PARENT TYPE="String">Sundry Creditors</PARENT>
     <LANGUAGENAME.LIST>
      <NAME.LIST TYPE="String">
       <NAME>Sri Guberan Traders</NAME>
      </NAME.LIST>
      <LANGUAGEID TYPE="Number"> 1033</LANGUAGEID>
     </LANGUAGENAME.LIST>
    </LEDGER>
    <LEDGER NAME="Sri Kms Paper" RESERVEDNAME="">
     <PARENT TYPE="String">Sundry Creditors</PARENT>
     <LANGUAGENAME.LIST>
      <NAME.LIST TYPE="String">
       <NAME>Sri Kms Paper</NAME>
      </NAME.LIST>
      <LANGUAGEID TYPE="Number"> 1033</LANGUAGEID>
     </LANGUAGENAME.LIST>
    </LEDGER>
    <LEDGER NAME="Sri Kumaran Khadhi Bavan-Kum" RESERVEDNAME="">
     <PARENT TYPE="String">Debtors-VR</PARENT>
     <LANGUAGENAME.LIST>
      <NAME.LIST TYPE="String">
       <NAME>Sri Kumaran Khadhi Bavan-Kum</NAME>
      </NAME.LIST>
      <LANGUAGEID TYPE="Number"> 1033</LANGUAGEID>
     </LANGUAGENAME.LIST>
    </LEDGER>
    <LEDGER NAME="Sri Kumaran Silks" RESERVEDNAME="">
     <PARENT TYPE="String">Sundry Debtors</PARENT>
     <LANGUAGENAME.LIST>
      <NAME.LIST TYPE="String">
       <NAME>Sri Kumaran Silks</NAME>
      </NAME.LIST>
      <LANGUAGEID TYPE="Number"> 1033</LANGUAGEID>
     </LANGUAGENAME.LIST>
    </LEDGER>
    <LEDGER NAME="Sri Lakshmi Narayana Agencies" RESERVEDNAME="">
     <PARENT TYPE="String">Sundry Debtors</PARENT>
     <LANGUAGENAME.LIST>
      <NAME.LIST TYPE="String">
       <NAME>Sri Lakshmi Narayana Agencies</NAME>
      </NAME.LIST>
      <LANGUAGEID TYPE="Number"> 1033</LANGUAGEID>
     </LANGUAGENAME.LIST>
    </LEDGER>
    <LEDGER NAME="Sri Mahalakshmi Textiles &amp; Readymates" RESERVEDNAME="">
     <PARENT TYPE="String">Debtors-VR</PARENT>
     <LANGUAGENAME.LIST>
      <NAME.LIST TYPE="String">
       <NAME>Sri Mahalakshmi Textiles &amp; Readymates</NAME>
      </NAME.LIST>
      <LANGUAGEID TYPE="Number"> 1033</LANGUAGEID>
     </LANGUAGENAME.LIST>
    </LEDGER>
    <LEDGER NAME="Sri Murugan Khadhi Vasthralayam-Kum" RESERVEDNAME="">
     <PARENT TYPE="String">Debtors - JMD</PARENT>
     <LANGUAGENAME.LIST>
      <NAME.LIST TYPE="String">
       <NAME>Sri Murugan Khadhi Vasthralayam-Kum</NAME>
      </NAME.LIST>
      <LANGUAGEID TYPE="Number"> 1033</LANGUAGEID>
     </LANGUAGENAME.LIST>
    </LEDGER>
    <LEDGER NAME="Sri Murugan Khadi Bhavan" RESERVEDNAME="">
     <PARENT TYPE="String">Sundry Debtors</PARENT>
     <LANGUAGENAME.LIST>
      <NAME.LIST TYPE="String">
       <NAME>Sri Murugan Khadi Bhavan</NAME>
      </NAME.LIST>
      <LANGUAGEID TYPE="Number"> 1033</LANGUAGEID>
     </LANGUAGENAME.LIST>
    </LEDGER>
    <LEDGER NAME="Sri Murugan Textiles" RESERVEDNAME="">
     <PARENT TYPE="String">Sundry Debtors</PARENT>
     <LANGUAGENAME.LIST>
      <NAME.LIST TYPE="String">
       <NAME>Sri Murugan Textiles</NAME>
      </NAME.LIST>
      <LANGUAGEID TYPE="Number"> 1033</LANGUAGEID>
     </LANGUAGENAME.LIST>
    </LEDGER>
    <LEDGER NAME="Sri Senthil Murugan Khadhi Vastralayam- Erode" RESERVEDNAME="">
     <PARENT TYPE="String">Debtors-VR</PARENT>
     <LANGUAGENAME.LIST>
      <NAME.LIST TYPE="String">
       <NAME>Sri Senthil Murugan Khadhi Vastralayam- Erode</NAME>
      </NAME.LIST>
      <LANGUAGEID TYPE="Number"> 1033</LANGUAGEID>
     </LANGUAGENAME.LIST>
    </LEDGER>
    <LEDGER NAME="Sri Senthil Murugan Khadhi Vastralayam-Salem" RESERVEDNAME="">
     <PARENT TYPE="String">Debtors-VR</PARENT>
     <LANGUAGENAME.LIST>
      <NAME.LIST TYPE="String">
       <NAME>Sri Senthil Murugan Khadhi Vastralayam-Salem</NAME>
      </NAME.LIST>
      <LANGUAGEID TYPE="Number"> 1033</LANGUAGEID>
     </LANGUAGENAME.LIST>
    </LEDGER>
    <LEDGER NAME="Sri Senthil Murugan Khadi Vastralayam" RESERVEDNAME="">
     <PARENT TYPE="String">Sundry Debtors</PARENT>
     <LANGUAGENAME.LIST>
      <NAME.LIST TYPE="String">
       <NAME>Sri Senthil Murugan Khadi Vastralayam</NAME>
      </NAME.LIST>
      <LANGUAGEID TYPE="Number"> 1033</LANGUAGEID>
     </LANGUAGENAME.LIST>
    </LEDGER>
    <LEDGER NAME="Sri Turgai Graphics" RESERVEDNAME="">
     <PARENT TYPE="String">Sundry Creditors</PARENT>
     <LANGUAGENAME.LIST>
      <NAME.LIST TYPE="String">
       <NAME>Sri Turgai Graphics</NAME>
      </NAME.LIST>
      <LANGUAGEID TYPE="Number"> 1033</LANGUAGEID>
     </LANGUAGENAME.LIST>
    </LEDGER>
    <LEDGER NAME="Sri Vijayaganapathy Stores" RESERVEDNAME="">
     <PARENT TYPE="String">Debtors - JMD</PARENT>
     <LANGUAGENAME.LIST>
      <NAME.LIST TYPE="String">
       <NAME>Sri Vijayaganapathy Stores</NAME>
      </NAME.LIST>
      <LANGUAGEID TYPE="Number"> 1033</LANGUAGEID>
     </LANGUAGENAME.LIST>
    </LEDGER>
    <LEDGER NAME="SRI VIJAYALAKSHMI STORES" RESERVEDNAME="">
     <PARENT TYPE="String">Sundry Creditors</PARENT>
     <LANGUAGENAME.LIST>
      <NAME.LIST TYPE="String">
       <NAME>SRI VIJAYALAKSHMI STORES</NAME>
      </NAME.LIST>
      <LANGUAGEID TYPE="Number"> 1033</LANGUAGEID>
     </LANGUAGENAME.LIST>
    </LEDGER>
    <LEDGER NAME="Staff Welfare" RESERVEDNAME="">
     <PARENT TYPE="String">Indirect Expenses</PARENT>
     <LANGUAGENAME.LIST>
      <NAME.LIST TYPE="String">
       <NAME>Staff Welfare</NAME>
      </NAME.LIST>
      <LANGUAGEID TYPE="Number"> 1033</LANGUAGEID>
     </LANGUAGENAME.LIST>
    </LEDGER>
    <LEDGER NAME="State Bank  of India" RESERVEDNAME="">
     <PARENT TYPE="String">Sundry Creditors</PARENT>
     <LANGUAGENAME.LIST>
      <NAME.LIST TYPE="String">
       <NAME>State Bank  of India</NAME>
      </NAME.LIST>
      <LANGUAGEID TYPE="Number"> 1033</LANGUAGEID>
     </LANGUAGENAME.LIST>
    </LEDGER>
    <LEDGER NAME="State Bank of India 34" RESERVEDNAME="">
     <PARENT TYPE="String">Sundry Creditors</PARENT>
     <LANGUAGENAME.LIST>
      <NAME.LIST TYPE="String">
       <NAME>State Bank of India 34</NAME>
      </NAME.LIST>
      <LANGUAGEID TYPE="Number"> 1033</LANGUAGEID>
     </LANGUAGENAME.LIST>
    </LEDGER>
    <LEDGER NAME="Stickwel Industries" RESERVEDNAME="">
     <PARENT TYPE="String">Sundry Creditors</PARENT>
     <LANGUAGENAME.LIST>
      <NAME.LIST TYPE="String">
       <NAME>Stickwel Industries</NAME>
      </NAME.LIST>
      <LANGUAGEID TYPE="Number"> 1033</LANGUAGEID>
     </LANGUAGENAME.LIST>
    </LEDGER>
    <LEDGER NAME="Stock" RESERVEDNAME="">
     <PARENT TYPE="String">Stock-in-Hand</PARENT>
     <LANGUAGENAME.LIST>
      <NAME.LIST TYPE="String">
       <NAME>Stock</NAME>
      </NAME.LIST>
      <LANGUAGEID TYPE="Number"> 1033</LANGUAGEID>
     </LANGUAGENAME.LIST>
    </LEDGER>
    <LEDGER NAME="SUBASREE" RESERVEDNAME="">
     <PARENT TYPE="String">Sundry Debtors</PARENT>
     <LANGUAGENAME.LIST>
      <NAME.LIST TYPE="String">
       <NAME>SUBASREE</NAME>
      </NAME.LIST>
      <LANGUAGEID TYPE="Number"> 1033</LANGUAGEID>
     </LANGUAGENAME.LIST>
    </LEDGER>
    <LEDGER NAME="Subasree Resma" RESERVEDNAME="">
     <PARENT TYPE="String">Salary Account</PARENT>
     <LANGUAGENAME.LIST>
      <NAME.LIST TYPE="String">
       <NAME>Subasree Resma</NAME>
      </NAME.LIST>
      <LANGUAGEID TYPE="Number"> 1033</LANGUAGEID>
     </LANGUAGENAME.LIST>
    </LEDGER>
    <LEDGER NAME="Subramanian" RESERVEDNAME="">
     <PARENT TYPE="String">Sundry Debtors</PARENT>
     <LANGUAGENAME.LIST>
      <NAME.LIST TYPE="String">
       <NAME>Subramanian</NAME>
      </NAME.LIST>
      <LANGUAGEID TYPE="Number"> 1033</LANGUAGEID>
     </LANGUAGENAME.LIST>
    </LEDGER>
    <LEDGER NAME="Sudhakar" RESERVEDNAME="">
     <PARENT TYPE="String">Sundry Debtors</PARENT>
     <LANGUAGENAME.LIST>
      <NAME.LIST TYPE="String">
       <NAME>Sudhakar</NAME>
      </NAME.LIST>
      <LANGUAGEID TYPE="Number"> 1033</LANGUAGEID>
     </LANGUAGENAME.LIST>
    </LEDGER>
    <LEDGER NAME="Sudharsan" RESERVEDNAME="">
     <PARENT TYPE="String">Sundry Debtors</PARENT>
     <LANGUAGENAME.LIST>
      <NAME.LIST TYPE="String">
       <NAME>Sudharsan</NAME>
      </NAME.LIST>
      <LANGUAGEID TYPE="Number"> 1033</LANGUAGEID>
     </LANGUAGENAME.LIST>
    </LEDGER>
    <LEDGER NAME="SUMAN ELECTRICAL AGENCIES" RESERVEDNAME="">
     <PARENT TYPE="String">Sundry Creditors</PARENT>
     <LANGUAGENAME.LIST>
      <NAME.LIST TYPE="String">
       <NAME>SUMAN ELECTRICAL AGENCIES</NAME>
      </NAME.LIST>
      <LANGUAGEID TYPE="Number"> 1033</LANGUAGEID>
     </LANGUAGENAME.LIST>
    </LEDGER>
    <LEDGER NAME="Suman Electricals Agencies" RESERVEDNAME="">
     <PARENT TYPE="String">Sundry Creditors</PARENT>
     <LANGUAGENAME.LIST>
      <NAME.LIST TYPE="String">
       <NAME>Suman Electricals Agencies</NAME>
      </NAME.LIST>
      <LANGUAGEID TYPE="Number"> 1033</LANGUAGEID>
     </LANGUAGENAME.LIST>
    </LEDGER>
    <LEDGER NAME="Sumangali Silks" RESERVEDNAME="">
     <PARENT TYPE="String">Sundry Debtors</PARENT>
     <LANGUAGENAME.LIST>
      <NAME.LIST TYPE="String">
       <NAME>Sumangali Silks</NAME>
       <NAME>Mm</NAME>
      </NAME.LIST>
      <LANGUAGEID TYPE="Number"> 1033</LANGUAGEID>
     </LANGUAGENAME.LIST>
    </LEDGER>
    <LEDGER NAME="SUMANGALI SILKS-CHENNAI" RESERVEDNAME="">
     <PARENT TYPE="String">Sundry Debtors</PARENT>
     <LANGUAGENAME.LIST>
      <NAME.LIST TYPE="String">
       <NAME>SUMANGALI SILKS-CHENNAI</NAME>
      </NAME.LIST>
      <LANGUAGEID TYPE="Number"> 1033</LANGUAGEID>
     </LANGUAGENAME.LIST>
    </LEDGER>
    <LEDGER NAME="SUMANGALI TEX" RESERVEDNAME="">
     <PARENT TYPE="String">Sundry Debtors</PARENT>
     <LANGUAGENAME.LIST>
      <NAME.LIST TYPE="String">
       <NAME>SUMANGALI TEX</NAME>
      </NAME.LIST>
      <LANGUAGEID TYPE="Number"> 1033</LANGUAGEID>
     </LANGUAGENAME.LIST>
    </LEDGER>
    <LEDGER NAME="Sundaramoorthy" RESERVEDNAME="">
     <PARENT TYPE="String">Sundry Debtors</PARENT>
     <LANGUAGENAME.LIST>
      <NAME.LIST TYPE="String">
       <NAME>Sundaramoorthy</NAME>
      </NAME.LIST>
      <LANGUAGEID TYPE="Number"> 1033</LANGUAGEID>
     </LANGUAGENAME.LIST>
    </LEDGER>
    <LEDGER NAME="Sundhar" RESERVEDNAME="">
     <PARENT TYPE="String">Sundry Debtors</PARENT>
     <LANGUAGENAME.LIST>
      <NAME.LIST TYPE="String">
       <NAME>Sundhar</NAME>
      </NAME.LIST>
      <LANGUAGEID TYPE="Number"> 1033</LANGUAGEID>
     </LANGUAGENAME.LIST>
    </LEDGER>
    <LEDGER NAME="Sundharam" RESERVEDNAME="">
     <PARENT TYPE="String">Sundry Debtors</PARENT>
     <LANGUAGENAME.LIST>
      <NAME.LIST TYPE="String">
       <NAME>Sundharam</NAME>
      </NAME.LIST>
      <LANGUAGEID TYPE="Number"> 1033</LANGUAGEID>
     </LANGUAGENAME.LIST>
    </LEDGER>
    <LEDGER NAME="Sundry Debtors Sales" RESERVEDNAME="">
     <PARENT TYPE="String">Sundry Debtors</PARENT>
     <LANGUAGENAME.LIST>
      <NAME.LIST TYPE="String">
       <NAME>Sundry Debtors Sales</NAME>
      </NAME.LIST>
      <LANGUAGEID TYPE="Number"> 1033</LANGUAGEID>
     </LANGUAGENAME.LIST>
    </LEDGER>
    <LEDGER NAME="Supreme Rubber Industries" RESERVEDNAME="">
     <PARENT TYPE="String">Sundry Creditors</PARENT>
     <LANGUAGENAME.LIST>
      <NAME.LIST TYPE="String">
       <NAME>Supreme Rubber Industries</NAME>
      </NAME.LIST>
      <LANGUAGEID TYPE="Number"> 1033</LANGUAGEID>
     </LANGUAGENAME.LIST>
    </LEDGER>
    <LEDGER NAME="Suspense" RESERVEDNAME="">
     <PARENT TYPE="String">Suspense A/c</PARENT>
     <LANGUAGENAME.LIST>
      <NAME.LIST TYPE="String">
       <NAME>Suspense</NAME>
       <NAME>Su</NAME>
      </NAME.LIST>
      <LANGUAGEID TYPE="Number"> 1033</LANGUAGEID>
     </LANGUAGENAME.LIST>
    </LEDGER>
    <LEDGER NAME="Swastik Polimers Indusind Ltd" RESERVEDNAME="">
     <PARENT TYPE="String">Sundry Creditors</PARENT>
     <LANGUAGENAME.LIST>
      <NAME.LIST TYPE="String">
       <NAME>Swastik Polimers Indusind Ltd</NAME>
      </NAME.LIST>
      <LANGUAGEID TYPE="Number"> 1033</LANGUAGEID>
     </LANGUAGENAME.LIST>
    </LEDGER>
    <LEDGER NAME="Swastik Polymers" RESERVEDNAME="">
     <PARENT TYPE="String">Sundry Creditors</PARENT>
     <LANGUAGENAME.LIST>
      <NAME.LIST TYPE="String">
       <NAME>Swastik Polymers</NAME>
      </NAME.LIST>
      <LANGUAGEID TYPE="Number"> 1033</LANGUAGEID>
     </LANGUAGENAME.LIST>
    </LEDGER>
    <LEDGER NAME="SWASTIK WORLD" RESERVEDNAME="">
     <PARENT TYPE="String">Sundry Creditors</PARENT>
     <LANGUAGENAME.LIST>
      <NAME.LIST TYPE="String">
       <NAME>SWASTIK WORLD</NAME>
      </NAME.LIST>
      <LANGUAGEID TYPE="Number"> 1033</LANGUAGEID>
     </LANGUAGENAME.LIST>
    </LEDGER>
    <LEDGER NAME="TDS" RESERVEDNAME="">
     <PARENT TYPE="String">Current Assets</PARENT>
     <LANGUAGENAME.LIST>
      <NAME.LIST TYPE="String">
       <NAME>TDS</NAME>
      </NAME.LIST>
      <LANGUAGEID TYPE="Number"> 1033</LANGUAGEID>
     </LANGUAGENAME.LIST>
    </LEDGER>
    <LEDGER NAME="TDS 2014-15" RESERVEDNAME="">
     <PARENT TYPE="String">Current Assets</PARENT>
     <LANGUAGENAME.LIST>
      <NAME.LIST TYPE="String">
       <NAME>TDS 2014-15</NAME>
      </NAME.LIST>
      <LANGUAGEID TYPE="Number"> 1033</LANGUAGEID>
     </LANGUAGENAME.LIST>
    </LEDGER>
    <LEDGER NAME="TDS 2016-17" RESERVEDNAME="">
     <PARENT TYPE="String">Current Assets</PARENT>
     <LANGUAGENAME.LIST>
      <NAME.LIST TYPE="String">
       <NAME>TDS 2016-17</NAME>
      </NAME.LIST>
      <LANGUAGEID TYPE="Number"> 1033</LANGUAGEID>
     </LANGUAGENAME.LIST>
    </LEDGER>
    <LEDGER NAME="TDS 2017-16" RESERVEDNAME="">
     <PARENT TYPE="String">Current Assets</PARENT>
     <LANGUAGENAME.LIST>
      <NAME.LIST TYPE="String">
       <NAME>TDS 2017-16</NAME>
      </NAME.LIST>
      <LANGUAGEID TYPE="Number"> 1033</LANGUAGEID>
     </LANGUAGENAME.LIST>
    </LEDGER>
    <LEDGER NAME="Telephone Exp Paid" RESERVEDNAME="">
     <PARENT TYPE="String">Indirect Expenses</PARENT>
     <LANGUAGENAME.LIST>
      <NAME.LIST TYPE="String">
       <NAME>Telephone Exp Paid</NAME>
      </NAME.LIST>
      <LANGUAGEID TYPE="Number"> 1033</LANGUAGEID>
     </LANGUAGENAME.LIST>
    </LEDGER>
    <LEDGER NAME="Term Loan 39293663770" RESERVEDNAME="">
     <PARENT TYPE="String">Secured Loans</PARENT>
     <LANGUAGENAME.LIST>
      <NAME.LIST TYPE="String">
       <NAME>Term Loan 39293663770</NAME>
       <NAME>770</NAME>
      </NAME.LIST>
      <LANGUAGEID TYPE="Number"> 1033</LANGUAGEID>
     </LANGUAGENAME.LIST>
    </LEDGER>
    <LEDGER NAME="Term Loan 39363647173" RESERVEDNAME="">
     <PARENT TYPE="String">Secured Loans</PARENT>
     <LANGUAGENAME.LIST>
      <NAME.LIST TYPE="String">
       <NAME>Term Loan 39363647173</NAME>
       <NAME>7173</NAME>
      </NAME.LIST>
      <LANGUAGEID TYPE="Number"> 1033</LANGUAGEID>
     </LANGUAGENAME.LIST>
    </LEDGER>
    <LEDGER NAME="Term Loan 39507454906" RESERVEDNAME="">
     <PARENT TYPE="String">Secured Loans</PARENT>
     <LANGUAGENAME.LIST>
      <NAME.LIST TYPE="String">
       <NAME>Term Loan 39507454906</NAME>
      </NAME.LIST>
      <LANGUAGEID TYPE="Number"> 1033</LANGUAGEID>
     </LANGUAGENAME.LIST>
    </LEDGER>
    <LEDGER NAME="Term Loan 39607421559" RESERVEDNAME="">
     <PARENT TYPE="String">Secured Loans</PARENT>
     <LANGUAGENAME.LIST>
      <NAME.LIST TYPE="String">
       <NAME>Term Loan 39607421559</NAME>
      </NAME.LIST>
      <LANGUAGEID TYPE="Number"> 1033</LANGUAGEID>
     </LANGUAGENAME.LIST>
    </LEDGER>
    <LEDGER NAME="Term Loan 40344953090" RESERVEDNAME="">
     <PARENT TYPE="String">Secured Loans</PARENT>
     <LANGUAGENAME.LIST>
      <NAME.LIST TYPE="String">
       <NAME>Term Loan 40344953090</NAME>
       <NAME>3090</NAME>
      </NAME.LIST>
      <LANGUAGEID TYPE="Number"> 1033</LANGUAGEID>
     </LANGUAGENAME.LIST>
    </LEDGER>
    <LEDGER NAME="Term Loan 40345144192" RESERVEDNAME="">
     <PARENT TYPE="String">Secured Loans</PARENT>
     <LANGUAGENAME.LIST>
      <NAME.LIST TYPE="String">
       <NAME>Term Loan 40345144192</NAME>
       <NAME>192</NAME>
      </NAME.LIST>
      <LANGUAGEID TYPE="Number"> 1033</LANGUAGEID>
     </LANGUAGENAME.LIST>
    </LEDGER>
    <LEDGER NAME="Term Loan 41315329057" RESERVEDNAME="">
     <PARENT TYPE="String">Secured Loans</PARENT>
     <LANGUAGENAME.LIST>
      <NAME.LIST TYPE="String">
       <NAME>Term Loan 41315329057</NAME>
       <NAME>57</NAME>
      </NAME.LIST>
      <LANGUAGEID TYPE="Number"> 1033</LANGUAGEID>
     </LANGUAGENAME.LIST>
    </LEDGER>
    <LEDGER NAME="Term Loan 67396497592" RESERVEDNAME="">
     <PARENT TYPE="String">Secured Loans</PARENT>
     <LANGUAGENAME.LIST>
      <NAME.LIST TYPE="String">
       <NAME>Term Loan 67396497592</NAME>
       <NAME>7592</NAME>
      </NAME.LIST>
      <LANGUAGEID TYPE="Number"> 1033</LANGUAGEID>
     </LANGUAGENAME.LIST>
    </LEDGER>
    <LEDGER NAME="Term Loan7592" RESERVEDNAME="">
     <PARENT TYPE="String">Secured Loans</PARENT>
     <LANGUAGENAME.LIST>
      <NAME.LIST TYPE="String">
       <NAME>Term Loan7592</NAME>
      </NAME.LIST>
      <LANGUAGEID TYPE="Number"> 1033</LANGUAGEID>
     </LANGUAGENAME.LIST>
    </LEDGER>
    <LEDGER NAME="Term Loan Inetrest" RESERVEDNAME="">
     <PARENT TYPE="String">Indirect Expenses</PARENT>
     <LANGUAGENAME.LIST>
      <NAME.LIST TYPE="String">
       <NAME>Term Loan Inetrest</NAME>
       <NAME>L</NAME>
      </NAME.LIST>
      <LANGUAGEID TYPE="Number"> 1033</LANGUAGEID>
     </LANGUAGENAME.LIST>
    </LEDGER>
    <LEDGER NAME="The Apurvaa Silks" RESERVEDNAME="">
     <PARENT TYPE="String">Sundry Debtors</PARENT>
     <LANGUAGENAME.LIST>
      <NAME.LIST TYPE="String">
       <NAME>The Apurvaa Silks</NAME>
      </NAME.LIST>
      <LANGUAGEID TYPE="Number"> 1033</LANGUAGEID>
     </LANGUAGENAME.LIST>
    </LEDGER>
    <LEDGER NAME="The Chennai Silks" RESERVEDNAME="">
     <PARENT TYPE="String">The Chennai Silks Groups</PARENT>
     <LANGUAGENAME.LIST>
      <NAME.LIST TYPE="String">
       <NAME>The Chennai Silks</NAME>
       <NAME>T</NAME>
      </NAME.LIST>
      <LANGUAGEID TYPE="Number"> 1033</LANGUAGEID>
     </LANGUAGENAME.LIST>
    </LEDGER>
    <LEDGER NAME="The Chennai Silks - Chittoor" RESERVEDNAME="">
     <PARENT TYPE="String">The Chennai Silks Groups</PARENT>
     <LANGUAGENAME.LIST>
      <NAME.LIST TYPE="String">
       <NAME>The Chennai Silks - Chittoor</NAME>
      </NAME.LIST>
      <LANGUAGEID TYPE="Number"> 1033</LANGUAGEID>
     </LANGUAGENAME.LIST>
    </LEDGER>
    <LEDGER NAME="The Chennai Silks -Chrompet" RESERVEDNAME="">
     <PARENT TYPE="String">The Chennai Silks Groups</PARENT>
     <LANGUAGENAME.LIST>
      <NAME.LIST TYPE="String">
       <NAME>The Chennai Silks -Chrompet</NAME>
      </NAME.LIST>
      <LANGUAGEID TYPE="Number"> 1033</LANGUAGEID>
     </LANGUAGENAME.LIST>
    </LEDGER>
    <LEDGER NAME="The Chennai Silks - Coimbutore" RESERVEDNAME="">
     <PARENT TYPE="String">The Chennai Silks Groups</PARENT>
     <LANGUAGENAME.LIST>
      <NAME.LIST TYPE="String">
       <NAME>The Chennai Silks - Coimbutore</NAME>
      </NAME.LIST>
      <LANGUAGEID TYPE="Number"> 1033</LANGUAGEID>
     </LANGUAGENAME.LIST>
    </LEDGER>
    <LEDGER NAME="The Chennai Silks - Crosscut" RESERVEDNAME="">
     <PARENT TYPE="String">Debtors-VR</PARENT>
     <LANGUAGENAME.LIST>
      <NAME.LIST TYPE="String">
       <NAME>The Chennai Silks - Crosscut</NAME>
      </NAME.LIST>
      <LANGUAGEID TYPE="Number"> 1033</LANGUAGEID>
     </LANGUAGENAME.LIST>
    </LEDGER>
    <LEDGER NAME="The Chennai Silks- Dindigul" RESERVEDNAME="">
     <PARENT TYPE="String">The Chennai Silks Groups</PARENT>
     <LANGUAGENAME.LIST>
      <NAME.LIST TYPE="String">
       <NAME>The Chennai Silks- Dindigul</NAME>
      </NAME.LIST>
      <LANGUAGEID TYPE="Number"> 1033</LANGUAGEID>
     </LANGUAGENAME.LIST>
    </LEDGER>
    <LEDGER NAME="The Chennai Silks - Hosur" RESERVEDNAME="">
     <PARENT TYPE="String">The Chennai Silks Groups</PARENT>
     <LANGUAGENAME.LIST>
      <NAME.LIST TYPE="String">
       <NAME>The Chennai Silks - Hosur</NAME>
      </NAME.LIST>
      <LANGUAGEID TYPE="Number"> 1033</LANGUAGEID>
     </LANGUAGENAME.LIST>
    </LEDGER>
    <LEDGER NAME="The Chennai Silks- Karur" RESERVEDNAME="">
     <PARENT TYPE="String">The Chennai Silks Groups</PARENT>
     <LANGUAGENAME.LIST>
      <NAME.LIST TYPE="String">
       <NAME>The Chennai Silks- Karur</NAME>
      </NAME.LIST>
      <LANGUAGEID TYPE="Number"> 1033</LANGUAGEID>
     </LANGUAGENAME.LIST>
    </LEDGER>
    <LEDGER NAME="The Chennai Silks - Karur(Gst)" RESERVEDNAME="">
     <PARENT TYPE="String">The Chennai Silks Groups</PARENT>
     <LANGUAGENAME.LIST>
      <NAME.LIST TYPE="String">
       <NAME>The Chennai Silks - Karur(Gst)</NAME>
      </NAME.LIST>
      <LANGUAGEID TYPE="Number"> 1033</LANGUAGEID>
     </LANGUAGENAME.LIST>
    </LEDGER>
    <LEDGER NAME="The Chennai Silks - Kumbakonam" RESERVEDNAME="">
     <PARENT TYPE="String">The Chennai Silks Groups</PARENT>
     <LANGUAGENAME.LIST>
      <NAME.LIST TYPE="String">
       <NAME>The Chennai Silks - Kumbakonam</NAME>
      </NAME.LIST>
      <LANGUAGEID TYPE="Number"> 1033</LANGUAGEID>
     </LANGUAGENAME.LIST>
    </LEDGER>
    <LEDGER NAME="The Chennai Silks- Madurai" RESERVEDNAME="">
     <PARENT TYPE="String">The Chennai Silks Groups</PARENT>
     <LANGUAGENAME.LIST>
      <NAME.LIST TYPE="String">
       <NAME>The Chennai Silks- Madurai</NAME>
      </NAME.LIST>
      <LANGUAGEID TYPE="Number"> 1033</LANGUAGEID>
     </LANGUAGENAME.LIST>
    </LEDGER>
    <LEDGER NAME="The Chennai Silks-Ooty" RESERVEDNAME="">
     <PARENT TYPE="String">The Chennai Silks Groups</PARENT>
     <LANGUAGENAME.LIST>
      <NAME.LIST TYPE="String">
       <NAME>The Chennai Silks-Ooty</NAME>
      </NAME.LIST>
      <LANGUAGEID TYPE="Number"> 1033</LANGUAGEID>
     </LANGUAGENAME.LIST>
    </LEDGER>
    <LEDGER NAME="The Chennai Silks- Puducherry" RESERVEDNAME="">
     <PARENT TYPE="String">The Chennai Silks Groups</PARENT>
     <LANGUAGENAME.LIST>
      <NAME.LIST TYPE="String">
       <NAME>The Chennai Silks- Puducherry</NAME>
      </NAME.LIST>
      <LANGUAGEID TYPE="Number"> 1033</LANGUAGEID>
     </LANGUAGENAME.LIST>
    </LEDGER>
    <LEDGER NAME="The Chennai Silks- Pudukkottai" RESERVEDNAME="">
     <PARENT TYPE="String">The Chennai Silks Groups</PARENT>
     <LANGUAGENAME.LIST>
      <NAME.LIST TYPE="String">
       <NAME>The Chennai Silks- Pudukkottai</NAME>
      </NAME.LIST>
      <LANGUAGEID TYPE="Number"> 1033</LANGUAGEID>
     </LANGUAGENAME.LIST>
    </LEDGER>
    <LEDGER NAME="The Chennai Silks - Thanjavur" RESERVEDNAME="">
     <PARENT TYPE="String">The Chennai Silks Groups</PARENT>
     <LANGUAGENAME.LIST>
      <NAME.LIST TYPE="String">
       <NAME>The Chennai Silks - Thanjavur</NAME>
       <NAME>Z2</NAME>
      </NAME.LIST>
      <LANGUAGEID TYPE="Number"> 1033</LANGUAGEID>
     </LANGUAGENAME.LIST>
    </LEDGER>
    <LEDGER NAME="The Chennai Silks - Thirunelveli" RESERVEDNAME="">
     <PARENT TYPE="String">The Chennai Silks Groups</PARENT>
     <LANGUAGENAME.LIST>
      <NAME.LIST TYPE="String">
       <NAME>The Chennai Silks - Thirunelveli</NAME>
      </NAME.LIST>
      <LANGUAGEID TYPE="Number"> 1033</LANGUAGEID>
     </LANGUAGENAME.LIST>
    </LEDGER>
    <LEDGER NAME="THE CHENNAI SILKS - THOOTHUKUDI" RESERVEDNAME="">
     <PARENT TYPE="String">The Chennai Silks Groups</PARENT>
     <LANGUAGENAME.LIST>
      <NAME.LIST TYPE="String">
       <NAME>THE CHENNAI SILKS - THOOTHUKUDI</NAME>
      </NAME.LIST>
      <LANGUAGEID TYPE="Number"> 1033</LANGUAGEID>
     </LANGUAGENAME.LIST>
    </LEDGER>
    <LEDGER NAME="The Chennai Silks- Tiruppur" RESERVEDNAME="">
     <PARENT TYPE="String">The Chennai Silks Groups</PARENT>
     <LANGUAGENAME.LIST>
      <NAME.LIST TYPE="String">
       <NAME>The Chennai Silks- Tiruppur</NAME>
      </NAME.LIST>
      <LANGUAGEID TYPE="Number"> 1033</LANGUAGEID>
     </LANGUAGENAME.LIST>
    </LEDGER>
    <LEDGER NAME="The Chennai Silks - Tiruvallur ZB" RESERVEDNAME="">
     <PARENT TYPE="String">The Chennai Silks Groups</PARENT>
     <LANGUAGENAME.LIST>
      <NAME.LIST TYPE="String">
       <NAME>The Chennai Silks - Tiruvallur ZB</NAME>
       <NAME>ZB</NAME>
      </NAME.LIST>
      <LANGUAGEID TYPE="Number"> 1033</LANGUAGEID>
     </LANGUAGENAME.LIST>
    </LEDGER>
    <LEDGER NAME="The Chennai Silks - T. Nagar" RESERVEDNAME="">
     <PARENT TYPE="String">The Chennai Silks Groups</PARENT>
     <LANGUAGENAME.LIST>
      <NAME.LIST TYPE="String">
       <NAME>The Chennai Silks - T. Nagar</NAME>
      </NAME.LIST>
      <LANGUAGEID TYPE="Number"> 1033</LANGUAGEID>
     </LANGUAGENAME.LIST>
    </LEDGER>
    <LEDGER NAME="The Chennai Silks - Trichy" RESERVEDNAME="">
     <PARENT TYPE="String">The Chennai Silks Groups</PARENT>
     <LANGUAGENAME.LIST>
      <NAME.LIST TYPE="String">
       <NAME>The Chennai Silks - Trichy</NAME>
       <NAME>TH</NAME>
      </NAME.LIST>
      <LANGUAGEID TYPE="Number"> 1033</LANGUAGEID>
     </LANGUAGENAME.LIST>
    </LEDGER>
    <LEDGER NAME="The Chennai Silks - Tuticorin" RESERVEDNAME="">
     <PARENT TYPE="String">Debtors-VR</PARENT>
     <LANGUAGENAME.LIST>
      <NAME.LIST TYPE="String">
       <NAME>The Chennai Silks - Tuticorin</NAME>
      </NAME.LIST>
      <LANGUAGEID TYPE="Number"> 1033</LANGUAGEID>
     </LANGUAGENAME.LIST>
    </LEDGER>
    <LEDGER NAME="The Chennai Silks -Velacherry" RESERVEDNAME="">
     <PARENT TYPE="String">The Chennai Silks Groups</PARENT>
     <LANGUAGENAME.LIST>
      <NAME.LIST TYPE="String">
       <NAME>The Chennai Silks -Velacherry</NAME>
      </NAME.LIST>
      <LANGUAGEID TYPE="Number"> 1033</LANGUAGEID>
     </LANGUAGENAME.LIST>
    </LEDGER>
    <LEDGER NAME="The Chennai Silks- Vellore" RESERVEDNAME="">
     <PARENT TYPE="String">The Chennai Silks Groups</PARENT>
     <LANGUAGENAME.LIST>
      <NAME.LIST TYPE="String">
       <NAME>The Chennai Silks- Vellore</NAME>
      </NAME.LIST>
      <LANGUAGEID TYPE="Number"> 1033</LANGUAGEID>
     </LANGUAGENAME.LIST>
    </LEDGER>
    <LEDGER NAME="The Chennai Silks - Villupuram" RESERVEDNAME="">
     <PARENT TYPE="String">The Chennai Silks Groups</PARENT>
     <LANGUAGENAME.LIST>
      <NAME.LIST TYPE="String">
       <NAME>The Chennai Silks - Villupuram</NAME>
      </NAME.LIST>
      <LANGUAGEID TYPE="Number"> 1033</LANGUAGEID>
     </LANGUAGENAME.LIST>
    </LEDGER>
    <LEDGER NAME="The Fortune Enterrprises" RESERVEDNAME="">
     <PARENT TYPE="String">Sundry Creditors</PARENT>
     <LANGUAGENAME.LIST>
      <NAME.LIST TYPE="String">
       <NAME>The Fortune Enterrprises</NAME>
      </NAME.LIST>
      <LANGUAGEID TYPE="Number"> 1033</LANGUAGEID>
     </LANGUAGENAME.LIST>
    </LEDGER>
    <LEDGER NAME="The Madras Silks" RESERVEDNAME="">
     <PARENT TYPE="String">The Chennai Silks Groups</PARENT>
     <LANGUAGENAME.LIST>
      <NAME.LIST TYPE="String">
       <NAME>The Madras Silks</NAME>
      </NAME.LIST>
      <LANGUAGEID TYPE="Number"> 1033</LANGUAGEID>
     </LANGUAGENAME.LIST>
    </LEDGER>
    <LEDGER NAME="THE MURUGAN KHADI BHAVAN" RESERVEDNAME="">
     <PARENT TYPE="String">Sundry Debtors</PARENT>
     <LANGUAGENAME.LIST>
      <NAME.LIST TYPE="String">
       <NAME>THE MURUGAN KHADI BHAVAN</NAME>
      </NAME.LIST>
      <LANGUAGEID TYPE="Number"> 1033</LANGUAGEID>
     </LANGUAGENAME.LIST>
    </LEDGER>
    <LEDGER NAME="THE PROFESSIONAL COURIERS" RESERVEDNAME="">
     <PARENT TYPE="String">Sundry Creditors</PARENT>
     <LANGUAGENAME.LIST>
      <NAME.LIST TYPE="String">
       <NAME>THE PROFESSIONAL COURIERS</NAME>
      </NAME.LIST>
      <LANGUAGEID TYPE="Number"> 1033</LANGUAGEID>
     </LANGUAGENAME.LIST>
    </LEDGER>
    <LEDGER NAME="Thirumuruga Polymers" RESERVEDNAME="">
     <PARENT TYPE="String">Debtors-VR</PARENT>
     <LANGUAGENAME.LIST>
      <NAME.LIST TYPE="String">
       <NAME>Thirumuruga Polymers</NAME>
      </NAME.LIST>
      <LANGUAGEID TYPE="Number"> 1033</LANGUAGEID>
     </LANGUAGENAME.LIST>
    </LEDGER>
    <LEDGER NAME="Thiru Senthil Andavar &amp; Co" RESERVEDNAME="">
     <PARENT TYPE="String">Sundry Debtors</PARENT>
     <LANGUAGENAME.LIST>
      <NAME.LIST TYPE="String">
       <NAME>Thiru Senthil Andavar &amp; Co</NAME>
      </NAME.LIST>
      <LANGUAGEID TYPE="Number"> 1033</LANGUAGEID>
     </LANGUAGENAME.LIST>
    </LEDGER>
    <LEDGER NAME="Tirumala Colours" RESERVEDNAME="">
     <PARENT TYPE="String">Sundry Creditors</PARENT>
     <LANGUAGENAME.LIST>
      <NAME.LIST TYPE="String">
       <NAME>Tirumala Colours</NAME>
      </NAME.LIST>
      <LANGUAGEID TYPE="Number"> 1033</LANGUAGEID>
     </LANGUAGENAME.LIST>
    </LEDGER>
    <LEDGER NAME="T. NITHYANATHAM&#13;&#10;" RESERVEDNAME="">
     <PARENT TYPE="String">Sundry Creditors</PARENT>
     <LANGUAGENAME.LIST>
      <NAME.LIST TYPE="String">
       <NAME>T. NITHYANATHAM&#13;&#10;</NAME>
      </NAME.LIST>
      <LANGUAGEID TYPE="Number"> 1033</LANGUAGEID>
     </LANGUAGENAME.LIST>
    </LEDGER>
    <LEDGER NAME="Unichem Impex" RESERVEDNAME="">
     <PARENT TYPE="String">Sundry Creditors</PARENT>
     <LANGUAGENAME.LIST>
      <NAME.LIST TYPE="String">
       <NAME>Unichem Impex</NAME>
      </NAME.LIST>
      <LANGUAGEID TYPE="Number"> 1033</LANGUAGEID>
     </LANGUAGENAME.LIST>
    </LEDGER>
    <LEDGER NAME="Vallaban" RESERVEDNAME="">
     <PARENT TYPE="String">Sundry Debtors</PARENT>
     <LANGUAGENAME.LIST>
      <NAME.LIST TYPE="String">
       <NAME>Vallaban</NAME>
      </NAME.LIST>
      <LANGUAGEID TYPE="Number"> 1033</LANGUAGEID>
     </LANGUAGENAME.LIST>
    </LEDGER>
    <LEDGER NAME="VAMSHA RETAIL VENTURES PVT LTD" RESERVEDNAME="">
     <PARENT TYPE="String">Sundry Debtors</PARENT>
     <LANGUAGENAME.LIST>
      <NAME.LIST TYPE="String">
       <NAME>VAMSHA RETAIL VENTURES PVT LTD</NAME>
      </NAME.LIST>
      <LANGUAGEID TYPE="Number"> 1033</LANGUAGEID>
     </LANGUAGENAME.LIST>
    </LEDGER>
    <LEDGER NAME="Van Rent" RESERVEDNAME="">
     <PARENT TYPE="String">Indirect Expenses</PARENT>
     <LANGUAGENAME.LIST>
      <NAME.LIST TYPE="String">
       <NAME>Van Rent</NAME>
      </NAME.LIST>
      <LANGUAGEID TYPE="Number"> 1033</LANGUAGEID>
     </LANGUAGENAME.LIST>
    </LEDGER>
    <LEDGER NAME="Vasudevan" RESERVEDNAME="">
     <PARENT TYPE="String">Sundry Debtors</PARENT>
     <LANGUAGENAME.LIST>
      <NAME.LIST TYPE="String">
       <NAME>Vasudevan</NAME>
      </NAME.LIST>
      <LANGUAGEID TYPE="Number"> 1033</LANGUAGEID>
     </LANGUAGENAME.LIST>
    </LEDGER>
    <LEDGER NAME="Vat &amp; CST" RESERVEDNAME="">
     <PARENT TYPE="String">Provisions</PARENT>
     <LANGUAGENAME.LIST>
      <NAME.LIST TYPE="String">
       <NAME>Vat &amp; CST</NAME>
      </NAME.LIST>
      <LANGUAGEID TYPE="Number"> 1033</LANGUAGEID>
     </LANGUAGENAME.LIST>
    </LEDGER>
    <LEDGER NAME="Vee Arr Infotech" RESERVEDNAME="">
     <PARENT TYPE="String">Sundry Creditors</PARENT>
     <LANGUAGENAME.LIST>
      <NAME.LIST TYPE="String">
       <NAME>Vee Arr Infotech</NAME>
      </NAME.LIST>
      <LANGUAGEID TYPE="Number"> 1033</LANGUAGEID>
     </LANGUAGENAME.LIST>
    </LEDGER>
    <LEDGER NAME="Veeran" RESERVEDNAME="">
     <PARENT TYPE="String">Sundry Debtors</PARENT>
     <LANGUAGENAME.LIST>
      <NAME.LIST TYPE="String">
       <NAME>Veeran</NAME>
      </NAME.LIST>
      <LANGUAGEID TYPE="Number"> 1033</LANGUAGEID>
     </LANGUAGENAME.LIST>
    </LEDGER>
    <LEDGER NAME="VELAVAN STORES SILKS P LTD" RESERVEDNAME="">
     <PARENT TYPE="String">Sundry Debtors</PARENT>
     <LANGUAGENAME.LIST>
      <NAME.LIST TYPE="String">
       <NAME>VELAVAN STORES SILKS P LTD</NAME>
      </NAME.LIST>
      <LANGUAGEID TYPE="Number"> 1033</LANGUAGEID>
     </LANGUAGENAME.LIST>
    </LEDGER>
    <LEDGER NAME="Velayudham" RESERVEDNAME="">
     <PARENT TYPE="String">Sundry Debtors</PARENT>
     <LANGUAGENAME.LIST>
      <NAME.LIST TYPE="String">
       <NAME>Velayudham</NAME>
      </NAME.LIST>
      <LANGUAGEID TYPE="Number"> 1033</LANGUAGEID>
     </LANGUAGENAME.LIST>
    </LEDGER>
    <LEDGER NAME="Vellumani" RESERVEDNAME="">
     <PARENT TYPE="String">Salary Account</PARENT>
     <LANGUAGENAME.LIST>
      <NAME.LIST TYPE="String">
       <NAME>Vellumani</NAME>
      </NAME.LIST>
      <LANGUAGEID TYPE="Number"> 1033</LANGUAGEID>
     </LANGUAGENAME.LIST>
    </LEDGER>
    <LEDGER NAME="Velu" RESERVEDNAME="">
     <PARENT TYPE="String">Sundry Debtors</PARENT>
     <LANGUAGENAME.LIST>
      <NAME.LIST TYPE="String">
       <NAME>Velu</NAME>
      </NAME.LIST>
      <LANGUAGEID TYPE="Number"> 1033</LANGUAGEID>
     </LANGUAGENAME.LIST>
    </LEDGER>
    <LEDGER NAME="Venkat" RESERVEDNAME="">
     <PARENT TYPE="String">Sundry Debtors</PARENT>
     <LANGUAGENAME.LIST>
      <NAME.LIST TYPE="String">
       <NAME>Venkat</NAME>
      </NAME.LIST>
      <LANGUAGEID TYPE="Number"> 1033</LANGUAGEID>
     </LANGUAGENAME.LIST>
    </LEDGER>
    <LEDGER NAME="Venkatesan" RESERVEDNAME="">
     <PARENT TYPE="String">Debtors-VR</PARENT>
     <LANGUAGENAME.LIST>
      <NAME.LIST TYPE="String">
       <NAME>Venkatesan</NAME>
      </NAME.LIST>
      <LANGUAGEID TYPE="Number"> 1033</LANGUAGEID>
     </LANGUAGENAME.LIST>
    </LEDGER>
    <LEDGER NAME="Venus Plastics" RESERVEDNAME="">
     <PARENT TYPE="String">Sundry Debtors</PARENT>
     <LANGUAGENAME.LIST>
      <NAME.LIST TYPE="String">
       <NAME>Venus Plastics</NAME>
      </NAME.LIST>
      <LANGUAGEID TYPE="Number"> 1033</LANGUAGEID>
     </LANGUAGENAME.LIST>
    </LEDGER>
    <LEDGER NAME="Vignesh" RESERVEDNAME="">
     <PARENT TYPE="String">Sundry Debtors</PARENT>
     <LANGUAGENAME.LIST>
      <NAME.LIST TYPE="String">
       <NAME>Vignesh</NAME>
      </NAME.LIST>
      <LANGUAGEID TYPE="Number"> 1033</LANGUAGEID>
     </LANGUAGENAME.LIST>
    </LEDGER>
    <LEDGER NAME="Vignesh Agency" RESERVEDNAME="">
     <PARENT TYPE="String">Sundry Creditors</PARENT>
     <LANGUAGENAME.LIST>
      <NAME.LIST TYPE="String">
       <NAME>Vignesh Agency</NAME>
      </NAME.LIST>
      <LANGUAGEID TYPE="Number"> 1033</LANGUAGEID>
     </LANGUAGENAME.LIST>
    </LEDGER>
    <LEDGER NAME="Viknesh" RESERVEDNAME="">
     <PARENT TYPE="String">Sundry Creditors</PARENT>
     <LANGUAGENAME.LIST>
      <NAME.LIST TYPE="String">
       <NAME>Viknesh</NAME>
      </NAME.LIST>
      <LANGUAGEID TYPE="Number"> 1033</LANGUAGEID>
     </LANGUAGENAME.LIST>
    </LEDGER>
    <LEDGER NAME="Vikram Narayan" RESERVEDNAME="">
     <PARENT TYPE="String">Sundry Debtors</PARENT>
     <LANGUAGENAME.LIST>
      <NAME.LIST TYPE="String">
       <NAME>Vikram Narayan</NAME>
      </NAME.LIST>
      <LANGUAGEID TYPE="Number"> 1033</LANGUAGEID>
     </LANGUAGENAME.LIST>
    </LEDGER>
    <LEDGER NAME="Vinayagam" RESERVEDNAME="">
     <PARENT TYPE="String">Sundry Debtors</PARENT>
     <LANGUAGENAME.LIST>
      <NAME.LIST TYPE="String">
       <NAME>Vinayagam</NAME>
      </NAME.LIST>
      <LANGUAGEID TYPE="Number"> 1033</LANGUAGEID>
     </LANGUAGENAME.LIST>
    </LEDGER>
    <LEDGER NAME="Vin Poly Manfacturing LLP" RESERVEDNAME="">
     <PARENT TYPE="String">Sundry Creditors</PARENT>
     <LANGUAGENAME.LIST>
      <NAME.LIST TYPE="String">
       <NAME>Vin Poly Manfacturing LLP</NAME>
      </NAME.LIST>
      <LANGUAGEID TYPE="Number"> 1033</LANGUAGEID>
     </LANGUAGENAME.LIST>
    </LEDGER>
    <LEDGER NAME="Vishnu" RESERVEDNAME="">
     <PARENT TYPE="String">Sundry Debtors</PARENT>
     <LANGUAGENAME.LIST>
      <NAME.LIST TYPE="String">
       <NAME>Vishnu</NAME>
      </NAME.LIST>
      <LANGUAGEID TYPE="Number"> 1033</LANGUAGEID>
     </LANGUAGENAME.LIST>
    </LEDGER>
    <LEDGER NAME="Vivek" RESERVEDNAME="">
     <PARENT TYPE="String">Sundry Debtors</PARENT>
     <LANGUAGENAME.LIST>
      <NAME.LIST TYPE="String">
       <NAME>Vivek</NAME>
      </NAME.LIST>
      <LANGUAGEID TYPE="Number"> 1033</LANGUAGEID>
     </LANGUAGENAME.LIST>
    </LEDGER>
    <LEDGER NAME="Vjn Poly Manufacture" RESERVEDNAME="">
     <PARENT TYPE="String">Sundry Creditors</PARENT>
     <LANGUAGENAME.LIST>
      <NAME.LIST TYPE="String">
       <NAME>Vjn Poly Manufacture</NAME>
      </NAME.LIST>
      <LANGUAGEID TYPE="Number"> 1033</LANGUAGEID>
     </LANGUAGENAME.LIST>
    </LEDGER>
    <LEDGER NAME="Vythiyanathan" RESERVEDNAME="">
     <PARENT TYPE="String">Debtors-VR</PARENT>
     <LANGUAGENAME.LIST>
      <NAME.LIST TYPE="String">
       <NAME>Vythiyanathan</NAME>
      </NAME.LIST>
      <LANGUAGEID TYPE="Number"> 1033</LANGUAGEID>
     </LANGUAGENAME.LIST>
    </LEDGER>
    <LEDGER NAME="Waheeda Muneem" RESERVEDNAME="">
     <PARENT TYPE="String">Unsecured Loans</PARENT>
     <LANGUAGENAME.LIST>
      <NAME.LIST TYPE="String">
       <NAME>Waheeda Muneem</NAME>
      </NAME.LIST>
      <LANGUAGEID TYPE="Number"> 1033</LANGUAGEID>
     </LANGUAGENAME.LIST>
    </LEDGER>
    <LEDGER NAME="Weighing Scale" RESERVEDNAME="">
     <PARENT TYPE="String">Assest @15%</PARENT>
     <LANGUAGENAME.LIST>
      <NAME.LIST TYPE="String">
       <NAME>Weighing Scale</NAME>
      </NAME.LIST>
      <LANGUAGEID TYPE="Number"> 1033</LANGUAGEID>
     </LANGUAGENAME.LIST>
    </LEDGER>
    <LEDGER NAME="WELLKNOWNS SYNDICATE" RESERVEDNAME="">
     <PARENT TYPE="String">Sundry Creditors</PARENT>
     <LANGUAGENAME.LIST>
      <NAME.LIST TYPE="String">
       <NAME>WELLKNOWNS SYNDICATE</NAME>
      </NAME.LIST>
      <LANGUAGEID TYPE="Number"> 1033</LANGUAGEID>
     </LANGUAGENAME.LIST>
    </LEDGER>
    <LEDGER NAME="Wonders Shoes&amp; Gifts" RESERVEDNAME="">
     <PARENT TYPE="String">Debtors-Sps</PARENT>
     <LANGUAGENAME.LIST>
      <NAME.LIST TYPE="String">
       <NAME>Wonders Shoes&amp; Gifts</NAME>
      </NAME.LIST>
      <LANGUAGEID TYPE="Number"> 1033</LANGUAGEID>
     </LANGUAGENAME.LIST>
    </LEDGER>
    <LEDGER NAME="Xavier" RESERVEDNAME="">
     <PARENT TYPE="String">Sundry Debtors</PARENT>
     <LANGUAGENAME.LIST>
      <NAME.LIST TYPE="String">
       <NAME>Xavier</NAME>
      </NAME.LIST>
      <LANGUAGEID TYPE="Number"> 1033</LANGUAGEID>
     </LANGUAGENAME.LIST>
    </LEDGER>
    <LEDGER NAME="Yuvaraj" RESERVEDNAME="">
     <PARENT TYPE="String">Debtors-VR</PARENT>
     <LANGUAGENAME.LIST>
      <NAME.LIST TYPE="String">
       <NAME>Yuvaraj</NAME>
      </NAME.LIST>
      <LANGUAGEID TYPE="Number"> 1033</LANGUAGEID>
     </LANGUAGENAME.LIST>
    </LEDGER>
   </COLLECTION>
  </DATA>
 </BODY>
</ENVELOPE>


<ENVELOPE>
 <HEADER>
  <VERSION>1</VERSION>
  <STATUS>1</STATUS>
 </HEADER>
 <BODY>
  <DESC>
   <CMPINFO>
    <COMPANY>0</COMPANY>
    <GROUP>0</GROUP>
    <LEDGER>0</LEDGER>
    <COSTCATEGORY>0</COSTCATEGORY>
    <COSTCENTRE>0</COSTCENTRE>
    <GODOWN>0</GODOWN>
    <STOCKGROUP>0</STOCKGROUP>
    <STOCKCATEGORY>0</STOCKCATEGORY>
    <STOCKITEM>0</STOCKITEM>
    <VOUCHERTYPE>0</VOUCHERTYPE>
    <CURRENCY>0</CURRENCY>
    <UNIT>0</UNIT>
    <BUDGET>0</BUDGET>
    <CLIENTRULE>0</CLIENTRULE>
    <SERVERRULE>0</SERVERRULE>
    <STATE>0</STATE>
    <TDSRATE>0</TDSRATE>
    <TAXCLASSIFICATION>0</TAXCLASSIFICATION>
    <STCATEGORY>0</STCATEGORY>
    <DEDUCTEETYPE>0</DEDUCTEETYPE>
    <ATTENDANCETYPE>0</ATTENDANCETYPE>
    <FBTCATEGORY>0</FBTCATEGORY>
    <FBTASSESSEETYPE>0</FBTASSESSEETYPE>
    <TARIFFCLASSIFICATION>0</TARIFFCLASSIFICATION>
    <EXCISEDUTYCLASSIFICATION>0</EXCISEDUTYCLASSIFICATION>
    <SERIALNUMBER>0</SERIALNUMBER>
    <ADJUSTMENTCLASSIFICATION>0</ADJUSTMENTCLASSIFICATION>
    <INCOMETAXSLAB>0</INCOMETAXSLAB>
    <INCOMETAXCLASSIFICATION>0</INCOMETAXCLASSIFICATION>
    <LBTCLASSIFICATION>0</LBTCLASSIFICATION>
    <TAXUNIT>0</TAXUNIT>
    <RETURNMASTER>0</RETURNMASTER>
    <GSTCLASSIFICATION>0</GSTCLASSIFICATION>
    <VOUCHERNUMBERSERIES>0</VOUCHERNUMBERSERIES>
    <VOUCHER>0</VOUCHER>
   </CMPINFO>
  </DESC>
  <DATA>
   <COLLECTION ISMSTDEPTYPE="Yes" MSTDEPTYPE="8">
    <LEDGER NAME="Accounting Charge Payable" RESERVEDNAME="">
     <PARENT TYPE="String">Provisions</PARENT>
     <LANGUAGENAME.LIST>
      <NAME.LIST TYPE="String">
       <NAME>Accounting Charge Payable</NAME>
      </NAME.LIST>
      <LANGUAGEID TYPE="Number"> 1033</LANGUAGEID>
     </LANGUAGENAME.LIST>
    </LEDGER>
    <LEDGER NAME="Accounting Charges" RESERVEDNAME="">
     <PARENT TYPE="String">Indirect Expenses</PARENT>
     <LANGUAGENAME.LIST>
      <NAME.LIST TYPE="String">
       <NAME>Accounting Charges</NAME>
      </NAME.LIST>
      <LANGUAGEID TYPE="Number"> 1033</LANGUAGEID>
     </LANGUAGENAME.LIST>
    </LEDGER>
    <LEDGER NAME="A.G.S. Rathna Stores P Ltd" RESERVEDNAME="">
     <PARENT TYPE="String">Debtors - VBR</PARENT>
     <LANGUAGENAME.LIST>
      <NAME.LIST TYPE="String">
       <NAME>A.G.S. Rathna Stores P Ltd</NAME>
      </NAME.LIST>
      <LANGUAGEID TYPE="Number"> 1033</LANGUAGEID>
     </LANGUAGENAME.LIST>
    </LEDGER>
    <LEDGER NAME="Akilan" RESERVEDNAME="">
     <PARENT TYPE="String">Sundry Debtors</PARENT>
     <LANGUAGENAME.LIST>
      <NAME.LIST TYPE="String">
       <NAME>Akilan</NAME>
      </NAME.LIST>
      <LANGUAGEID TYPE="Number"> 1033</LANGUAGEID>
     </LANGUAGENAME.LIST>
    </LEDGER>
    <LEDGER NAME="AKR EXPRESS PRIVATE LIMITED" RESERVEDNAME="">
     <PARENT TYPE="String">Sundry Creditors</PARENT>
     <LANGUAGENAME.LIST>
      <NAME.LIST TYPE="String">
       <NAME>AKR EXPRESS PRIVATE LIMITED</NAME>
      </NAME.LIST>
      <LANGUAGEID TYPE="Number"> 1033</LANGUAGEID>
     </LANGUAGENAME.LIST>
    </LEDGER>
    <LEDGER NAME="Ambika Polypacks" RESERVEDNAME="">
     <PARENT TYPE="String">Sundry Creditors</PARENT>
     <LANGUAGENAME.LIST>
      <NAME.LIST TYPE="String">
       <NAME>Ambika Polypacks</NAME>
      </NAME.LIST>
      <LANGUAGEID TYPE="Number"> 1033</LANGUAGEID>
     </LANGUAGENAME.LIST>
    </LEDGER>
    <LEDGER NAME="Amudha" RESERVEDNAME="">
     <PARENT TYPE="String">Unsecured Loans</PARENT>
     <LANGUAGENAME.LIST>
      <NAME.LIST TYPE="String">
       <NAME>Amudha</NAME>
      </NAME.LIST>
      <LANGUAGEID TYPE="Number"> 1033</LANGUAGEID>
     </LANGUAGENAME.LIST>
    </LEDGER>
    <LEDGER NAME="Anadhan" RESERVEDNAME="">
     <PARENT TYPE="String">Sundry Debtors</PARENT>
     <LANGUAGENAME.LIST>
      <NAME.LIST TYPE="String">
       <NAME>Anadhan</NAME>
      </NAME.LIST>
      <LANGUAGEID TYPE="Number"> 1033</LANGUAGEID>
     </LANGUAGENAME.LIST>
    </LEDGER>
    <LEDGER NAME="ANANDA TEXTILES AND READYMADES" RESERVEDNAME="">
     <PARENT TYPE="String">Sundry Debtors</PARENT>
     <LANGUAGENAME.LIST>
      <NAME.LIST TYPE="String">
       <NAME>ANANDA TEXTILES AND READYMADES</NAME>
      </NAME.LIST>
      <LANGUAGEID TYPE="Number"> 1033</LANGUAGEID>
     </LANGUAGENAME.LIST>
    </LEDGER>
    <LEDGER NAME="Anandhan" RESERVEDNAME="">
     <PARENT TYPE="String">Sundry Debtors</PARENT>
     <LANGUAGENAME.LIST>
      <NAME.LIST TYPE="String">
       <NAME>Anandhan</NAME>
      </NAME.LIST>
      <LANGUAGEID TYPE="Number"> 1033</LANGUAGEID>
     </LANGUAGENAME.LIST>
    </LEDGER>
    <LEDGER NAME="Annadurai" RESERVEDNAME="">
     <PARENT TYPE="String">Sundry Debtors</PARENT>
     <LANGUAGENAME.LIST>
      <NAME.LIST TYPE="String">
       <NAME>Annadurai</NAME>
      </NAME.LIST>
      <LANGUAGEID TYPE="Number"> 1033</LANGUAGEID>
     </LANGUAGENAME.LIST>
    </LEDGER>
    <LEDGER NAME="APURVA TRADERS" RESERVEDNAME="">
     <PARENT TYPE="String">Sundry Debtors</PARENT>
     <LANGUAGENAME.LIST>
      <NAME.LIST TYPE="String">
       <NAME>APURVA TRADERS</NAME>
      </NAME.LIST>
      <LANGUAGEID TYPE="Number"> 1033</LANGUAGEID>
     </LANGUAGENAME.LIST>
    </LEDGER>
    <LEDGER NAME="Arulmozhi" RESERVEDNAME="">
     <PARENT TYPE="String">Sundry Creditors</PARENT>
     <LANGUAGENAME.LIST>
      <NAME.LIST TYPE="String">
       <NAME>Arulmozhi</NAME>
      </NAME.LIST>
      <LANGUAGEID TYPE="Number"> 1033</LANGUAGEID>
     </LANGUAGENAME.LIST>
    </LEDGER>
    <LEDGER NAME="Arulmozhi Commission Agent" RESERVEDNAME="">
     <PARENT TYPE="String">Sundry Creditors</PARENT>
     <LANGUAGENAME.LIST>
      <NAME.LIST TYPE="String">
       <NAME>Arulmozhi Commission Agent</NAME>
      </NAME.LIST>
      <LANGUAGEID TYPE="Number"> 1033</LANGUAGEID>
     </LANGUAGENAME.LIST>
    </LEDGER>
    <LEDGER NAME="A.Shanmugasundharam" RESERVEDNAME="">
     <PARENT TYPE="String">Sundry Debtors</PARENT>
     <LANGUAGENAME.LIST>
      <NAME.LIST TYPE="String">
       <NAME>A.Shanmugasundharam</NAME>
      </NAME.LIST>
      <LANGUAGEID TYPE="Number"> 1033</LANGUAGEID>
     </LANGUAGENAME.LIST>
    </LEDGER>
    <LEDGER NAME="Aswin Consultancy Service" RESERVEDNAME="">
     <PARENT TYPE="String">Sundry Creditors</PARENT>
     <LANGUAGENAME.LIST>
      <NAME.LIST TYPE="String">
       <NAME>Aswin Consultancy Service</NAME>
      </NAME.LIST>
      <LANGUAGEID TYPE="Number"> 1033</LANGUAGEID>
     </LANGUAGENAME.LIST>
    </LEDGER>
    <LEDGER NAME="Audit Fees Payable" RESERVEDNAME="">
     <PARENT TYPE="String">Provisions</PARENT>
     <LANGUAGENAME.LIST>
      <NAME.LIST TYPE="String">
       <NAME>Audit Fees Payable</NAME>
      </NAME.LIST>
      <LANGUAGEID TYPE="Number"> 1033</LANGUAGEID>
     </LANGUAGENAME.LIST>
    </LEDGER>
    <LEDGER NAME="AVC Traders" RESERVEDNAME="">
     <PARENT TYPE="String">Sundry Creditors</PARENT>
     <LANGUAGENAME.LIST>
      <NAME.LIST TYPE="String">
       <NAME>AVC Traders</NAME>
      </NAME.LIST>
      <LANGUAGEID TYPE="Number"> 1033</LANGUAGEID>
     </LANGUAGENAME.LIST>
    </LEDGER>
    <LEDGER NAME="Babu" RESERVEDNAME="">
     <PARENT TYPE="String">Sundry Debtors</PARENT>
     <LANGUAGENAME.LIST>
      <NAME.LIST TYPE="String">
       <NAME>Babu</NAME>
      </NAME.LIST>
      <LANGUAGEID TYPE="Number"> 1033</LANGUAGEID>
     </LANGUAGENAME.LIST>
    </LEDGER>
    <LEDGER NAME="Balaji" RESERVEDNAME="">
     <PARENT TYPE="String">Sundry Debtors</PARENT>
     <LANGUAGENAME.LIST>
      <NAME.LIST TYPE="String">
       <NAME>Balaji</NAME>
      </NAME.LIST>
      <LANGUAGEID TYPE="Number"> 1033</LANGUAGEID>
     </LANGUAGENAME.LIST>
    </LEDGER>
    <LEDGER NAME="Balaji Textiles &amp; Show Room" RESERVEDNAME="">
     <PARENT TYPE="String">Debtors-KMY</PARENT>
     <LANGUAGENAME.LIST>
      <NAME.LIST TYPE="String">
       <NAME>Balaji Textiles &amp; Show Room</NAME>
      </NAME.LIST>
      <LANGUAGEID TYPE="Number"> 1033</LANGUAGEID>
     </LANGUAGENAME.LIST>
    </LEDGER>
    <LEDGER NAME="Balu" RESERVEDNAME="">
     <PARENT TYPE="String">Sundry Debtors</PARENT>
     <LANGUAGENAME.LIST>
      <NAME.LIST TYPE="String">
       <NAME>Balu</NAME>
      </NAME.LIST>
      <LANGUAGEID TYPE="Number"> 1033</LANGUAGEID>
     </LANGUAGENAME.LIST>
    </LEDGER>
    <LEDGER NAME="Bank Charges" RESERVEDNAME="">
     <PARENT TYPE="String">Indirect Expenses</PARENT>
     <LANGUAGENAME.LIST>
      <NAME.LIST TYPE="String">
       <NAME>Bank Charges</NAME>
       <NAME>B</NAME>
      </NAME.LIST>
      <LANGUAGEID TYPE="Number"> 1033</LANGUAGEID>
     </LANGUAGENAME.LIST>
    </LEDGER>
    <LEDGER NAME="Barani Step in" RESERVEDNAME="">
     <PARENT TYPE="String">Debtors-Sps</PARENT>
     <LANGUAGENAME.LIST>
      <NAME.LIST TYPE="String">
       <NAME>Barani Step in</NAME>
      </NAME.LIST>
      <LANGUAGEID TYPE="Number"> 1033</LANGUAGEID>
     </LANGUAGENAME.LIST>
    </LEDGER>
    <LEDGER NAME="Baskar" RESERVEDNAME="">
     <PARENT TYPE="String">Sundry Debtors</PARENT>
     <LANGUAGENAME.LIST>
      <NAME.LIST TYPE="String">
       <NAME>Baskar</NAME>
      </NAME.LIST>
      <LANGUAGEID TYPE="Number"> 1033</LANGUAGEID>
     </LANGUAGENAME.LIST>
    </LEDGER>
    <LEDGER NAME="Baskaran" RESERVEDNAME="">
     <PARENT TYPE="String">Sundry Debtors</PARENT>
     <LANGUAGENAME.LIST>
      <NAME.LIST TYPE="String">
       <NAME>Baskaran</NAME>
      </NAME.LIST>
      <LANGUAGEID TYPE="Number"> 1033</LANGUAGEID>
     </LANGUAGENAME.LIST>
    </LEDGER>
    <LEDGER NAME="Bombay Electricals" RESERVEDNAME="">
     <PARENT TYPE="String">Indirect Expenses</PARENT>
     <LANGUAGENAME.LIST>
      <NAME.LIST TYPE="String">
       <NAME>Bombay Electricals</NAME>
      </NAME.LIST>
      <LANGUAGEID TYPE="Number"> 1033</LANGUAGEID>
     </LANGUAGENAME.LIST>
    </LEDGER>
    <LEDGER NAME="Bombay Electricals Agencies" RESERVEDNAME="">
     <PARENT TYPE="String">Sundry Creditors</PARENT>
     <LANGUAGENAME.LIST>
      <NAME.LIST TYPE="String">
       <NAME>Bombay Electricals Agencies</NAME>
      </NAME.LIST>
      <LANGUAGEID TYPE="Number"> 1033</LANGUAGEID>
     </LANGUAGENAME.LIST>
    </LEDGER>
    <LEDGER NAME="BSP Polymers" RESERVEDNAME="">
     <PARENT TYPE="String">Sundry Creditors</PARENT>
     <LANGUAGENAME.LIST>
      <NAME.LIST TYPE="String">
       <NAME>BSP Polymers</NAME>
      </NAME.LIST>
      <LANGUAGEID TYPE="Number"> 1033</LANGUAGEID>
     </LANGUAGENAME.LIST>
    </LEDGER>
    <LEDGER NAME="Building" RESERVEDNAME="">
     <PARENT TYPE="String">Fixed Assets</PARENT>
     <LANGUAGENAME.LIST>
      <NAME.LIST TYPE="String">
       <NAME>Building</NAME>
      </NAME.LIST>
      <LANGUAGEID TYPE="Number"> 1033</LANGUAGEID>
     </LANGUAGENAME.LIST>
    </LEDGER>
    <LEDGER NAME="CAR-PY01BF5667" RESERVEDNAME="">
     <PARENT TYPE="String">Assest @15%</PARENT>
     <LANGUAGENAME.LIST>
      <NAME.LIST TYPE="String">
       <NAME>CAR-PY01BF5667</NAME>
      </NAME.LIST>
      <LANGUAGEID TYPE="Number"> 1033</LANGUAGEID>
     </LANGUAGENAME.LIST>
    </LEDGER>
    <LEDGER NAME="Cash" RESERVEDNAME="">
     <PARENT TYPE="String">Cash-in-Hand</PARENT>
     <LANGUAGENAME.LIST>
      <NAME.LIST TYPE="String">
       <NAME>Cash</NAME>
      </NAME.LIST>
      <LANGUAGEID TYPE="Number"> 1033</LANGUAGEID>
     </LANGUAGENAME.LIST>
    </LEDGER>
    <LEDGER NAME="Cgst@6%" RESERVEDNAME="">
     <PARENT TYPE="String">Duties &amp; Taxes</PARENT>
     <LANGUAGENAME.LIST>
      <NAME.LIST TYPE="String">
       <NAME>Cgst@6%</NAME>
      </NAME.LIST>
      <LANGUAGEID TYPE="Number"> 1033</LANGUAGEID>
     </LANGUAGENAME.LIST>
    </LEDGER>
    <LEDGER NAME="Cgst@9%" RESERVEDNAME="">
     <PARENT TYPE="String">Duties &amp; Taxes</PARENT>
     <LANGUAGENAME.LIST>
      <NAME.LIST TYPE="String">
       <NAME>Cgst@9%</NAME>
      </NAME.LIST>
      <LANGUAGEID TYPE="Number"> 1033</LANGUAGEID>
     </LANGUAGENAME.LIST>
    </LEDGER>
    <LEDGER NAME="Chandra Hardware &amp; Electricals" RESERVEDNAME="">
     <PARENT TYPE="String">Sundry Creditors</PARENT>
     <LANGUAGENAME.LIST>
      <NAME.LIST TYPE="String">
       <NAME>Chandra Hardware &amp; Electricals</NAME>
      </NAME.LIST>
      <LANGUAGEID TYPE="Number"> 1033</LANGUAGEID>
     </LANGUAGENAME.LIST>
    </LEDGER>
    <LEDGER NAME="Chandralekha" RESERVEDNAME="">
     <PARENT TYPE="String">Sundry Creditors</PARENT>
     <LANGUAGENAME.LIST>
      <NAME.LIST TYPE="String">
       <NAME>Chandralekha</NAME>
      </NAME.LIST>
      <LANGUAGEID TYPE="Number"> 1033</LANGUAGEID>
     </LANGUAGENAME.LIST>
    </LEDGER>
    <LEDGER NAME="Chandran" RESERVEDNAME="">
     <PARENT TYPE="String">Sundry Debtors</PARENT>
     <LANGUAGENAME.LIST>
      <NAME.LIST TYPE="String">
       <NAME>Chandran</NAME>
      </NAME.LIST>
      <LANGUAGEID TYPE="Number"> 1033</LANGUAGEID>
     </LANGUAGENAME.LIST>
    </LEDGER>
    <LEDGER NAME="Chinnayan" RESERVEDNAME="">
     <PARENT TYPE="String">Sundry Debtors</PARENT>
     <LANGUAGENAME.LIST>
      <NAME.LIST TYPE="String">
       <NAME>Chinnayan</NAME>
      </NAME.LIST>
      <LANGUAGEID TYPE="Number"> 1033</LANGUAGEID>
     </LANGUAGENAME.LIST>
    </LEDGER>
    <LEDGER NAME="Chitra" RESERVEDNAME="">
     <PARENT TYPE="String">Sundry Debtors</PARENT>
     <LANGUAGENAME.LIST>
      <NAME.LIST TYPE="String">
       <NAME>Chitra</NAME>
      </NAME.LIST>
      <LANGUAGEID TYPE="Number"> 1033</LANGUAGEID>
     </LANGUAGENAME.LIST>
    </LEDGER>
    <LEDGER NAME="Chittra" RESERVEDNAME="">
     <PARENT TYPE="String">Sundry Debtors</PARENT>
     <LANGUAGENAME.LIST>
      <NAME.LIST TYPE="String">
       <NAME>Chittra</NAME>
      </NAME.LIST>
      <LANGUAGEID TYPE="Number"> 1033</LANGUAGEID>
     </LANGUAGENAME.LIST>
    </LEDGER>
    <LEDGER NAME="CHOLAMANDALAM INVESTMENT &amp; FINANCE COMPANY LTD" RESERVEDNAME="">
     <PARENT TYPE="String">Sundry Creditors</PARENT>
     <LANGUAGENAME.LIST>
      <NAME.LIST TYPE="String">
       <NAME>CHOLAMANDALAM INVESTMENT &amp; FINANCE COMPANY LTD</NAME>
      </NAME.LIST>
      <LANGUAGEID TYPE="Number"> 1033</LANGUAGEID>
     </LANGUAGENAME.LIST>
    </LEDGER>
    <LEDGER NAME="Computer" RESERVEDNAME="">
     <PARENT TYPE="String">Assets 40%</PARENT>
     <LANGUAGENAME.LIST>
      <NAME.LIST TYPE="String">
       <NAME>Computer</NAME>
      </NAME.LIST>
      <LANGUAGEID TYPE="Number"> 1033</LANGUAGEID>
     </LANGUAGENAME.LIST>
    </LEDGER>
    <LEDGER NAME="David" RESERVEDNAME="">
     <PARENT TYPE="String">Sundry Debtors</PARENT>
     <LANGUAGENAME.LIST>
      <NAME.LIST TYPE="String">
       <NAME>David</NAME>
      </NAME.LIST>
      <LANGUAGEID TYPE="Number"> 1033</LANGUAGEID>
     </LANGUAGENAME.LIST>
    </LEDGER>
    <LEDGER NAME="DEPRECIATION" RESERVEDNAME="">
     <PARENT TYPE="String">Indirect Expenses</PARENT>
     <LANGUAGENAME.LIST>
      <NAME.LIST TYPE="String">
       <NAME>DEPRECIATION</NAME>
      </NAME.LIST>
      <LANGUAGEID TYPE="Number"> 1033</LANGUAGEID>
     </LANGUAGENAME.LIST>
    </LEDGER>
    <LEDGER NAME="Devaki Foundations" RESERVEDNAME="">
     <PARENT TYPE="String">Sundry Creditors</PARENT>
     <LANGUAGENAME.LIST>
      <NAME.LIST TYPE="String">
       <NAME>Devaki Foundations</NAME>
      </NAME.LIST>
      <LANGUAGEID TYPE="Number"> 1033</LANGUAGEID>
     </LANGUAGENAME.LIST>
    </LEDGER>
    <LEDGER NAME="Devendiran" RESERVEDNAME="">
     <PARENT TYPE="String">Sundry Debtors</PARENT>
     <LANGUAGENAME.LIST>
      <NAME.LIST TYPE="String">
       <NAME>Devendiran</NAME>
      </NAME.LIST>
      <LANGUAGEID TYPE="Number"> 1033</LANGUAGEID>
     </LANGUAGENAME.LIST>
    </LEDGER>
    <LEDGER NAME="Dhamodaran" RESERVEDNAME="">
     <PARENT TYPE="String">Salary Account</PARENT>
     <LANGUAGENAME.LIST>
      <NAME.LIST TYPE="String">
       <NAME>Dhamodaran</NAME>
      </NAME.LIST>
      <LANGUAGEID TYPE="Number"> 1033</LANGUAGEID>
     </LANGUAGENAME.LIST>
    </LEDGER>
    <LEDGER NAME="Dhanapal" RESERVEDNAME="">
     <PARENT TYPE="String">Sundry Debtors</PARENT>
     <LANGUAGENAME.LIST>
      <NAME.LIST TYPE="String">
       <NAME>Dhanapal</NAME>
      </NAME.LIST>
      <LANGUAGEID TYPE="Number"> 1033</LANGUAGEID>
     </LANGUAGENAME.LIST>
    </LEDGER>
    <LEDGER NAME="Dhevendiran Em" RESERVEDNAME="">
     <PARENT TYPE="String">Salary Account</PARENT>
     <LANGUAGENAME.LIST>
      <NAME.LIST TYPE="String">
       <NAME>Dhevendiran Em</NAME>
      </NAME.LIST>
      <LANGUAGEID TYPE="Number"> 1033</LANGUAGEID>
     </LANGUAGENAME.LIST>
    </LEDGER>
    <LEDGER NAME="Dinakaran" RESERVEDNAME="">
     <PARENT TYPE="String">Sundry Debtors</PARENT>
     <LANGUAGENAME.LIST>
      <NAME.LIST TYPE="String">
       <NAME>Dinakaran</NAME>
      </NAME.LIST>
      <LANGUAGEID TYPE="Number"> 1033</LANGUAGEID>
     </LANGUAGENAME.LIST>
    </LEDGER>
    <LEDGER NAME="Discount" RESERVEDNAME="">
     <PARENT TYPE="String">Indirect Expenses</PARENT>
     <LANGUAGENAME.LIST>
      <NAME.LIST TYPE="String">
       <NAME>Discount</NAME>
      </NAME.LIST>
      <LANGUAGEID TYPE="Number"> 1033</LANGUAGEID>
     </LANGUAGENAME.LIST>
    </LEDGER>
    <LEDGER NAME="Drawing" RESERVEDNAME="">
     <PARENT TYPE="String">Capital Account</PARENT>
     <LANGUAGENAME.LIST>
      <NAME.LIST TYPE="String">
       <NAME>Drawing</NAME>
      </NAME.LIST>
      <LANGUAGEID TYPE="Number"> 1033</LANGUAGEID>
     </LANGUAGENAME.LIST>
    </LEDGER>
    <LEDGER NAME="Durai Raj" RESERVEDNAME="">
     <PARENT TYPE="String">Sundry Debtors</PARENT>
     <LANGUAGENAME.LIST>
      <NAME.LIST TYPE="String">
       <NAME>Durai Raj</NAME>
      </NAME.LIST>
      <LANGUAGEID TYPE="Number"> 1033</LANGUAGEID>
     </LANGUAGENAME.LIST>
    </LEDGER>
    <LEDGER NAME="Elagovan" RESERVEDNAME="">
     <PARENT TYPE="String">Sundry Debtors</PARENT>
     <LANGUAGENAME.LIST>
      <NAME.LIST TYPE="String">
       <NAME>Elagovan</NAME>
      </NAME.LIST>
      <LANGUAGEID TYPE="Number"> 1033</LANGUAGEID>
     </LANGUAGENAME.LIST>
    </LEDGER>
    <LEDGER NAME="Emi Refund (Covid19)" RESERVEDNAME="">
     <PARENT TYPE="String">Indirect Incomes</PARENT>
     <LANGUAGENAME.LIST>
      <NAME.LIST TYPE="String">
       <NAME>Emi Refund (Covid19)</NAME>
      </NAME.LIST>
      <LANGUAGEID TYPE="Number"> 1033</LANGUAGEID>
     </LANGUAGENAME.LIST>
    </LEDGER>
    <LEDGER NAME="E Tax Advisors Pvt" RESERVEDNAME="">
     <PARENT TYPE="String">Sundry Creditors</PARENT>
     <LANGUAGENAME.LIST>
      <NAME.LIST TYPE="String">
       <NAME>E Tax Advisors Pvt</NAME>
      </NAME.LIST>
      <LANGUAGEID TYPE="Number"> 1033</LANGUAGEID>
     </LANGUAGENAME.LIST>
    </LEDGER>
    <LEDGER NAME="Fire Safety Equipments" RESERVEDNAME="">
     <PARENT TYPE="String">Assest @15%</PARENT>
     <LANGUAGENAME.LIST>
      <NAME.LIST TYPE="String">
       <NAME>Fire Safety Equipments</NAME>
      </NAME.LIST>
      <LANGUAGEID TYPE="Number"> 1033</LANGUAGEID>
     </LANGUAGENAME.LIST>
    </LEDGER>
    <LEDGER NAME="Fransis Pandiyan" RESERVEDNAME="">
     <PARENT TYPE="String">Sundry Debtors</PARENT>
     <LANGUAGENAME.LIST>
      <NAME.LIST TYPE="String">
       <NAME>Fransis Pandiyan</NAME>
      </NAME.LIST>
      <LANGUAGEID TYPE="Number"> 1033</LANGUAGEID>
     </LANGUAGENAME.LIST>
    </LEDGER>
    <LEDGER NAME="GANAPATHY ENTERPRISES" RESERVEDNAME="">
     <PARENT TYPE="String">Sundry Creditors</PARENT>
     <LANGUAGENAME.LIST>
      <NAME.LIST TYPE="String">
       <NAME>GANAPATHY ENTERPRISES</NAME>
      </NAME.LIST>
      <LANGUAGEID TYPE="Number"> 1033</LANGUAGEID>
     </LANGUAGENAME.LIST>
    </LEDGER>
    <LEDGER NAME="Ganesh" RESERVEDNAME="">
     <PARENT TYPE="String">Sundry Debtors</PARENT>
     <LANGUAGENAME.LIST>
      <NAME.LIST TYPE="String">
       <NAME>Ganesh</NAME>
      </NAME.LIST>
      <LANGUAGEID TYPE="Number"> 1033</LANGUAGEID>
     </LANGUAGENAME.LIST>
    </LEDGER>
    <LEDGER NAME="Gems Traders" RESERVEDNAME="">
     <PARENT TYPE="String">Sundry Creditors</PARENT>
     <LANGUAGENAME.LIST>
      <NAME.LIST TYPE="String">
       <NAME>Gems Traders</NAME>
      </NAME.LIST>
      <LANGUAGEID TYPE="Number"> 1033</LANGUAGEID>
     </LANGUAGENAME.LIST>
    </LEDGER>
    <LEDGER NAME="General Expenses" RESERVEDNAME="">
     <PARENT TYPE="String">Indirect Expenses</PARENT>
     <LANGUAGENAME.LIST>
      <NAME.LIST TYPE="String">
       <NAME>General Expenses</NAME>
      </NAME.LIST>
      <LANGUAGEID TYPE="Number"> 1033</LANGUAGEID>
     </LANGUAGENAME.LIST>
    </LEDGER>
    <LEDGER NAME="GODREJ AND BOYCE MFG CO LTD" RESERVEDNAME="">
     <PARENT TYPE="String">Sundry Creditors</PARENT>
     <LANGUAGENAME.LIST>
      <NAME.LIST TYPE="String">
       <NAME>GODREJ AND BOYCE MFG CO LTD</NAME>
      </NAME.LIST>
      <LANGUAGEID TYPE="Number"> 1033</LANGUAGEID>
     </LANGUAGENAME.LIST>
    </LEDGER>
    <LEDGER NAME="Gold Loan Inetrest" RESERVEDNAME="">
     <PARENT TYPE="String">Indirect Expenses</PARENT>
     <LANGUAGENAME.LIST>
      <NAME.LIST TYPE="String">
       <NAME>Gold Loan Inetrest</NAME>
      </NAME.LIST>
      <LANGUAGEID TYPE="Number"> 1033</LANGUAGEID>
     </LANGUAGENAME.LIST>
    </LEDGER>
    <LEDGER NAME="Gopalan" RESERVEDNAME="">
     <PARENT TYPE="String">Sundry Debtors</PARENT>
     <LANGUAGENAME.LIST>
      <NAME.LIST TYPE="String">
       <NAME>Gopalan</NAME>
      </NAME.LIST>
      <LANGUAGEID TYPE="Number"> 1033</LANGUAGEID>
     </LANGUAGENAME.LIST>
    </LEDGER>
    <LEDGER NAME="Gothandapani" RESERVEDNAME="">
     <PARENT TYPE="String">Sundry Debtors</PARENT>
     <LANGUAGENAME.LIST>
      <NAME.LIST TYPE="String">
       <NAME>Gothandapani</NAME>
      </NAME.LIST>
      <LANGUAGEID TYPE="Number"> 1033</LANGUAGEID>
     </LANGUAGENAME.LIST>
    </LEDGER>
    <LEDGER NAME="Govindhan" RESERVEDNAME="">
     <PARENT TYPE="String">Sundry Debtors</PARENT>
     <LANGUAGENAME.LIST>
      <NAME.LIST TYPE="String">
       <NAME>Govindhan</NAME>
      </NAME.LIST>
      <LANGUAGEID TYPE="Number"> 1033</LANGUAGEID>
     </LANGUAGENAME.LIST>
    </LEDGER>
    <LEDGER NAME="G.Poonguzhali" RESERVEDNAME="">
     <PARENT TYPE="String">Debtors-VR</PARENT>
     <LANGUAGENAME.LIST>
      <NAME.LIST TYPE="String">
       <NAME>G.Poonguzhali</NAME>
       <NAME>G</NAME>
      </NAME.LIST>
      <LANGUAGEID TYPE="Number"> 1033</LANGUAGEID>
     </LANGUAGENAME.LIST>
    </LEDGER>
    <LEDGER NAME="GST Cash Balance" RESERVEDNAME="">
     <PARENT TYPE="String">Duties &amp; Taxes</PARENT>
     <LANGUAGENAME.LIST>
      <NAME.LIST TYPE="String">
       <NAME>GST Cash Balance</NAME>
      </NAME.LIST>
      <LANGUAGEID TYPE="Number"> 1033</LANGUAGEID>
     </LANGUAGENAME.LIST>
    </LEDGER>
    <LEDGER NAME="Gst Filing &amp; Account Charges Fees" RESERVEDNAME="">
     <PARENT TYPE="String">Indirect Expenses</PARENT>
     <LANGUAGENAME.LIST>
      <NAME.LIST TYPE="String">
       <NAME>Gst Filing &amp; Account Charges Fees</NAME>
      </NAME.LIST>
      <LANGUAGEID TYPE="Number"> 1033</LANGUAGEID>
     </LANGUAGENAME.LIST>
    </LEDGER>
    <LEDGER NAME="GST Late Fee" RESERVEDNAME="">
     <PARENT TYPE="String">Indirect Expenses</PARENT>
     <LANGUAGENAME.LIST>
      <NAME.LIST TYPE="String">
       <NAME>GST Late Fee</NAME>
      </NAME.LIST>
      <LANGUAGEID TYPE="Number"> 1033</LANGUAGEID>
     </LANGUAGENAME.LIST>
    </LEDGER>
    <LEDGER NAME="GST Paid" RESERVEDNAME="">
     <PARENT TYPE="String">Duties &amp; Taxes</PARENT>
     <LANGUAGENAME.LIST>
      <NAME.LIST TYPE="String">
       <NAME>GST Paid</NAME>
      </NAME.LIST>
      <LANGUAGEID TYPE="Number"> 1033</LANGUAGEID>
     </LANGUAGENAME.LIST>
    </LEDGER>
    <LEDGER NAME="GST Payable" RESERVEDNAME="">
     <PARENT TYPE="String">Provisions</PARENT>
     <LANGUAGENAME.LIST>
      <NAME.LIST TYPE="String">
       <NAME>GST Payable</NAME>
      </NAME.LIST>
      <LANGUAGEID TYPE="Number"> 1033</LANGUAGEID>
     </LANGUAGENAME.LIST>
    </LEDGER>
    <LEDGER NAME="Gunasekaran" RESERVEDNAME="">
     <PARENT TYPE="String">Sundry Debtors</PARENT>
     <LANGUAGENAME.LIST>
      <NAME.LIST TYPE="String">
       <NAME>Gunasekaran</NAME>
      </NAME.LIST>
      <LANGUAGEID TYPE="Number"> 1033</LANGUAGEID>
     </LANGUAGENAME.LIST>
    </LEDGER>
    <LEDGER NAME="Hari" RESERVEDNAME="">
     <PARENT TYPE="String">Sundry Debtors</PARENT>
     <LANGUAGENAME.LIST>
      <NAME.LIST TYPE="String">
       <NAME>Hari</NAME>
      </NAME.LIST>
      <LANGUAGEID TYPE="Number"> 1033</LANGUAGEID>
     </LANGUAGENAME.LIST>
    </LEDGER>
    <LEDGER NAME="Hariharan" RESERVEDNAME="">
     <PARENT TYPE="String">Sundry Debtors</PARENT>
     <LANGUAGENAME.LIST>
      <NAME.LIST TYPE="String">
       <NAME>Hariharan</NAME>
      </NAME.LIST>
      <LANGUAGEID TYPE="Number"> 1033</LANGUAGEID>
     </LANGUAGENAME.LIST>
    </LEDGER>
    <LEDGER NAME="Harish" RESERVEDNAME="">
     <PARENT TYPE="String">Sundry Debtors</PARENT>
     <LANGUAGENAME.LIST>
      <NAME.LIST TYPE="String">
       <NAME>Harish</NAME>
      </NAME.LIST>
      <LANGUAGEID TYPE="Number"> 1033</LANGUAGEID>
     </LANGUAGENAME.LIST>
    </LEDGER>
    <LEDGER NAME="Hemalatha T" RESERVEDNAME="">
     <PARENT TYPE="String">Capital Account</PARENT>
     <LANGUAGENAME.LIST>
      <NAME.LIST TYPE="String">
       <NAME>Hemalatha T</NAME>
      </NAME.LIST>
      <LANGUAGEID TYPE="Number"> 1033</LANGUAGEID>
     </LANGUAGENAME.LIST>
    </LEDGER>
    <LEDGER NAME="Hotel Campus" RESERVEDNAME="">
     <PARENT TYPE="String">Sundry Debtors</PARENT>
     <LANGUAGENAME.LIST>
      <NAME.LIST TYPE="String">
       <NAME>Hotel Campus</NAME>
      </NAME.LIST>
      <LANGUAGEID TYPE="Number"> 1033</LANGUAGEID>
     </LANGUAGENAME.LIST>
    </LEDGER>
    <LEDGER NAME="Hotel Saraswathy Bangajam" RESERVEDNAME="">
     <PARENT TYPE="String">Debtors-VR</PARENT>
     <LANGUAGENAME.LIST>
      <NAME.LIST TYPE="String">
       <NAME>Hotel Saraswathy Bangajam</NAME>
      </NAME.LIST>
      <LANGUAGEID TYPE="Number"> 1033</LANGUAGEID>
     </LANGUAGENAME.LIST>
    </LEDGER>
    <LEDGER NAME="Hriday Polyplast" RESERVEDNAME="">
     <PARENT TYPE="String">Sundry Creditors</PARENT>
     <LANGUAGENAME.LIST>
      <NAME.LIST TYPE="String">
       <NAME>Hriday Polyplast</NAME>
      </NAME.LIST>
      <LANGUAGEID TYPE="Number"> 1033</LANGUAGEID>
     </LANGUAGENAME.LIST>
    </LEDGER>
    <LEDGER NAME="Igst 18%" RESERVEDNAME="">
     <PARENT TYPE="String">Duties &amp; Taxes</PARENT>
     <LANGUAGENAME.LIST>
      <NAME.LIST TYPE="String">
       <NAME>Igst 18%</NAME>
      </NAME.LIST>
      <LANGUAGEID TYPE="Number"> 1033</LANGUAGEID>
     </LANGUAGENAME.LIST>
    </LEDGER>
    <LEDGER NAME="Igst@12%" RESERVEDNAME="">
     <PARENT TYPE="String">Duties &amp; Taxes</PARENT>
     <LANGUAGENAME.LIST>
      <NAME.LIST TYPE="String">
       <NAME>Igst@12%</NAME>
       <NAME>Ig</NAME>
      </NAME.LIST>
      <LANGUAGEID TYPE="Number"> 1033</LANGUAGEID>
     </LANGUAGENAME.LIST>
    </LEDGER>
    <LEDGER NAME="Igst@18%" RESERVEDNAME="">
     <PARENT TYPE="String">Duties &amp; Taxes</PARENT>
     <LANGUAGENAME.LIST>
      <NAME.LIST TYPE="String">
       <NAME>Igst@18%</NAME>
       <NAME>Ii</NAME>
      </NAME.LIST>
      <LANGUAGEID TYPE="Number"> 1033</LANGUAGEID>
     </LANGUAGENAME.LIST>
    </LEDGER>
    <LEDGER NAME="Indica Computers and Web Square" RESERVEDNAME="">
     <PARENT TYPE="String">Sundry Creditors</PARENT>
     <LANGUAGENAME.LIST>
      <NAME.LIST TYPE="String">
       <NAME>Indica Computers and Web Square</NAME>
      </NAME.LIST>
      <LANGUAGEID TYPE="Number"> 1033</LANGUAGEID>
     </LANGUAGENAME.LIST>
    </LEDGER>
    <LEDGER NAME="Input Cgst 2.5%" RESERVEDNAME="">
     <PARENT TYPE="String">Duties &amp; Taxes</PARENT>
     <LANGUAGENAME.LIST>
      <NAME.LIST TYPE="String">
       <NAME>Input Cgst 2.5%</NAME>
      </NAME.LIST>
      <LANGUAGEID TYPE="Number"> 1033</LANGUAGEID>
     </LANGUAGENAME.LIST>
    </LEDGER>
    <LEDGER NAME="INPUT CGST@14%" RESERVEDNAME="">
     <PARENT TYPE="String">Duties &amp; Taxes</PARENT>
     <LANGUAGENAME.LIST>
      <NAME.LIST TYPE="String">
       <NAME>INPUT CGST@14%</NAME>
      </NAME.LIST>
      <LANGUAGEID TYPE="Number"> 1033</LANGUAGEID>
     </LANGUAGENAME.LIST>
    </LEDGER>
    <LEDGER NAME="INPUT CGST@ 6%" RESERVEDNAME="">
     <PARENT TYPE="String">Duties &amp; Taxes</PARENT>
     <LANGUAGENAME.LIST>
      <NAME.LIST TYPE="String">
       <NAME>INPUT CGST@ 6%</NAME>
       <NAME>C6</NAME>
      </NAME.LIST>
      <LANGUAGEID TYPE="Number"> 1033</LANGUAGEID>
     </LANGUAGENAME.LIST>
    </LEDGER>
    <LEDGER NAME="INPUT CGST @ 9%" RESERVEDNAME="">
     <PARENT TYPE="String">Duties &amp; Taxes</PARENT>
     <LANGUAGENAME.LIST>
      <NAME.LIST TYPE="String">
       <NAME>INPUT CGST @ 9%</NAME>
       <NAME>Ic</NAME>
      </NAME.LIST>
      <LANGUAGEID TYPE="Number"> 1033</LANGUAGEID>
     </LANGUAGENAME.LIST>
    </LEDGER>
    <LEDGER NAME="Input IGST 18%" RESERVEDNAME="">
     <PARENT TYPE="String">Duties &amp; Taxes</PARENT>
     <LANGUAGENAME.LIST>
      <NAME.LIST TYPE="String">
       <NAME>Input IGST 18%</NAME>
      </NAME.LIST>
      <LANGUAGEID TYPE="Number"> 1033</LANGUAGEID>
     </LANGUAGENAME.LIST>
    </LEDGER>
    <LEDGER NAME="INPUT IGST @ 12%" RESERVEDNAME="">
     <PARENT TYPE="String">Duties &amp; Taxes</PARENT>
     <LANGUAGENAME.LIST>
      <NAME.LIST TYPE="String">
       <NAME>INPUT IGST @ 12%</NAME>
       <NAME>I1</NAME>
      </NAME.LIST>
      <LANGUAGEID TYPE="Number"> 1033</LANGUAGEID>
     </LANGUAGENAME.LIST>
    </LEDGER>
    <LEDGER NAME="Input Sgst 2.5%" RESERVEDNAME="">
     <PARENT TYPE="String">Duties &amp; Taxes</PARENT>
     <LANGUAGENAME.LIST>
      <NAME.LIST TYPE="String">
       <NAME>Input Sgst 2.5%</NAME>
      </NAME.LIST>
      <LANGUAGEID TYPE="Number"> 1033</LANGUAGEID>
     </LANGUAGENAME.LIST>
    </LEDGER>
    <LEDGER NAME="INPUT SGST@14%" RESERVEDNAME="">
     <PARENT TYPE="String">Duties &amp; Taxes</PARENT>
     <LANGUAGENAME.LIST>
      <NAME.LIST TYPE="String">
       <NAME>INPUT SGST@14%</NAME>
      </NAME.LIST>
      <LANGUAGEID TYPE="Number"> 1033</LANGUAGEID>
     </LANGUAGENAME.LIST>
    </LEDGER>
    <LEDGER NAME="INPUT SGST@ 6%" RESERVEDNAME="">
     <PARENT TYPE="String">Duties &amp; Taxes</PARENT>
     <LANGUAGENAME.LIST>
      <NAME.LIST TYPE="String">
       <NAME>INPUT SGST@ 6%</NAME>
       <NAME>S6</NAME>
      </NAME.LIST>
      <LANGUAGEID TYPE="Number"> 1033</LANGUAGEID>
     </LANGUAGENAME.LIST>
    </LEDGER>
    <LEDGER NAME="INPUT SGST@ 9%" RESERVEDNAME="">
     <PARENT TYPE="String">Duties &amp; Taxes</PARENT>
     <LANGUAGENAME.LIST>
      <NAME.LIST TYPE="String">
       <NAME>INPUT SGST@ 9%</NAME>
       <NAME>Is</NAME>
      </NAME.LIST>
      <LANGUAGEID TYPE="Number"> 1033</LANGUAGEID>
     </LANGUAGENAME.LIST>
    </LEDGER>
    <LEDGER NAME="Insurance" RESERVEDNAME="">
     <PARENT TYPE="String">Indirect Expenses</PARENT>
     <LANGUAGENAME.LIST>
      <NAME.LIST TYPE="String">
       <NAME>Insurance</NAME>
      </NAME.LIST>
      <LANGUAGEID TYPE="Number"> 1033</LANGUAGEID>
     </LANGUAGENAME.LIST>
    </LEDGER>
    <LEDGER NAME="Intercom" RESERVEDNAME="">
     <PARENT TYPE="String">Assest @15%</PARENT>
     <LANGUAGENAME.LIST>
      <NAME.LIST TYPE="String">
       <NAME>Intercom</NAME>
      </NAME.LIST>
      <LANGUAGEID TYPE="Number"> 1033</LANGUAGEID>
     </LANGUAGENAME.LIST>
    </LEDGER>
    <LEDGER NAME="Interest Accurred" RESERVEDNAME="">
     <PARENT TYPE="String">Current Assets</PARENT>
     <LANGUAGENAME.LIST>
      <NAME.LIST TYPE="String">
       <NAME>Interest Accurred</NAME>
      </NAME.LIST>
      <LANGUAGEID TYPE="Number"> 1033</LANGUAGEID>
     </LANGUAGENAME.LIST>
    </LEDGER>
    <LEDGER NAME="Interest on LC Margin" RESERVEDNAME="">
     <PARENT TYPE="String">Indirect Incomes</PARENT>
     <LANGUAGENAME.LIST>
      <NAME.LIST TYPE="String">
       <NAME>Interest on LC Margin</NAME>
      </NAME.LIST>
      <LANGUAGEID TYPE="Number"> 1033</LANGUAGEID>
     </LANGUAGENAME.LIST>
    </LEDGER>
    <LEDGER NAME="Interest on OD ACCOUNT" RESERVEDNAME="">
     <PARENT TYPE="String">Indirect Expenses</PARENT>
     <LANGUAGENAME.LIST>
      <NAME.LIST TYPE="String">
       <NAME>Interest on OD ACCOUNT</NAME>
       <NAME>Od</NAME>
      </NAME.LIST>
      <LANGUAGEID TYPE="Number"> 1033</LANGUAGEID>
     </LANGUAGENAME.LIST>
    </LEDGER>
    <LEDGER NAME="Internet Bill" RESERVEDNAME="">
     <PARENT TYPE="String">Indirect Expenses</PARENT>
     <LANGUAGENAME.LIST>
      <NAME.LIST TYPE="String">
       <NAME>Internet Bill</NAME>
      </NAME.LIST>
      <LANGUAGEID TYPE="Number"> 1033</LANGUAGEID>
     </LANGUAGENAME.LIST>
    </LEDGER>
    <LEDGER NAME="Int. on TL" RESERVEDNAME="">
     <PARENT TYPE="String">Indirect Expenses</PARENT>
     <LANGUAGENAME.LIST>
      <NAME.LIST TYPE="String">
       <NAME>Int. on TL</NAME>
      </NAME.LIST>
      <LANGUAGEID TYPE="Number"> 1033</LANGUAGEID>
     </LANGUAGENAME.LIST>
    </LEDGER>
    <LEDGER NAME="Jagan Enterprises" RESERVEDNAME="">
     <PARENT TYPE="String">Sundry Creditors</PARENT>
     <LANGUAGENAME.LIST>
      <NAME.LIST TYPE="String">
       <NAME>Jagan Enterprises</NAME>
      </NAME.LIST>
      <LANGUAGEID TYPE="Number"> 1033</LANGUAGEID>
     </LANGUAGENAME.LIST>
    </LEDGER>
    <LEDGER NAME="Janakiraman" RESERVEDNAME="">
     <PARENT TYPE="String">Sundry Debtors</PARENT>
     <LANGUAGENAME.LIST>
      <NAME.LIST TYPE="String">
       <NAME>Janakiraman</NAME>
      </NAME.LIST>
      <LANGUAGEID TYPE="Number"> 1033</LANGUAGEID>
     </LANGUAGENAME.LIST>
    </LEDGER>
    <LEDGER NAME="Jayakandhan" RESERVEDNAME="">
     <PARENT TYPE="String">Sundry Debtors</PARENT>
     <LANGUAGENAME.LIST>
      <NAME.LIST TYPE="String">
       <NAME>Jayakandhan</NAME>
      </NAME.LIST>
      <LANGUAGEID TYPE="Number"> 1033</LANGUAGEID>
     </LANGUAGENAME.LIST>
    </LEDGER>
    <LEDGER NAME="Jayakumar" RESERVEDNAME="">
     <PARENT TYPE="String">Sundry Creditors</PARENT>
     <LANGUAGENAME.LIST>
      <NAME.LIST TYPE="String">
       <NAME>Jayakumar</NAME>
      </NAME.LIST>
      <LANGUAGEID TYPE="Number"> 1033</LANGUAGEID>
     </LANGUAGENAME.LIST>
    </LEDGER>
    <LEDGER NAME="Jayaprakash" RESERVEDNAME="">
     <PARENT TYPE="String">Debtors-VR</PARENT>
     <LANGUAGENAME.LIST>
      <NAME.LIST TYPE="String">
       <NAME>Jayaprakash</NAME>
      </NAME.LIST>
      <LANGUAGEID TYPE="Number"> 1033</LANGUAGEID>
     </LANGUAGENAME.LIST>
    </LEDGER>
    <LEDGER NAME="Jaya Priya Chit Fund" RESERVEDNAME="">
     <PARENT TYPE="String">Sundry Debtors</PARENT>
     <LANGUAGENAME.LIST>
      <NAME.LIST TYPE="String">
       <NAME>Jaya Priya Chit Fund</NAME>
      </NAME.LIST>
      <LANGUAGEID TYPE="Number"> 1033</LANGUAGEID>
     </LANGUAGENAME.LIST>
    </LEDGER>
    <LEDGER NAME="Jayaraman" RESERVEDNAME="">
     <PARENT TYPE="String">Sundry Debtors</PARENT>
     <LANGUAGENAME.LIST>
      <NAME.LIST TYPE="String">
       <NAME>Jayaraman</NAME>
      </NAME.LIST>
      <LANGUAGEID TYPE="Number"> 1033</LANGUAGEID>
     </LANGUAGENAME.LIST>
    </LEDGER>
    <LEDGER NAME="Jeetendra Agencies" RESERVEDNAME="">
     <PARENT TYPE="String">Sundry Creditors</PARENT>
     <LANGUAGENAME.LIST>
      <NAME.LIST TYPE="String">
       <NAME>Jeetendra Agencies</NAME>
      </NAME.LIST>
      <LANGUAGEID TYPE="Number"> 1033</LANGUAGEID>
     </LANGUAGENAME.LIST>
    </LEDGER>
    <LEDGER NAME="JKR Tex" RESERVEDNAME="">
     <PARENT TYPE="String">Debtors-VR</PARENT>
     <LANGUAGENAME.LIST>
      <NAME.LIST TYPE="String">
       <NAME>JKR Tex</NAME>
      </NAME.LIST>
      <LANGUAGEID TYPE="Number"> 1033</LANGUAGEID>
     </LANGUAGENAME.LIST>
    </LEDGER>
    <LEDGER NAME="Jkr Tex - Kallakurichi" RESERVEDNAME="">
     <PARENT TYPE="String">Debtors-VR</PARENT>
     <LANGUAGENAME.LIST>
      <NAME.LIST TYPE="String">
       <NAME>Jkr Tex - Kallakurichi</NAME>
      </NAME.LIST>
      <LANGUAGEID TYPE="Number"> 1033</LANGUAGEID>
     </LANGUAGENAME.LIST>
    </LEDGER>
    <LEDGER NAME="Jkr Tex - Neyveli" RESERVEDNAME="">
     <PARENT TYPE="String">Debtors-VR</PARENT>
     <LANGUAGENAME.LIST>
      <NAME.LIST TYPE="String">
       <NAME>Jkr Tex - Neyveli</NAME>
      </NAME.LIST>
      <LANGUAGEID TYPE="Number"> 1033</LANGUAGEID>
     </LANGUAGENAME.LIST>
    </LEDGER>
    <LEDGER NAME="J.K.V. Tyres" RESERVEDNAME="">
     <PARENT TYPE="String">Sundry Creditors</PARENT>
     <LANGUAGENAME.LIST>
      <NAME.LIST TYPE="String">
       <NAME>J.K.V. Tyres</NAME>
      </NAME.LIST>
      <LANGUAGEID TYPE="Number"> 1033</LANGUAGEID>
     </LANGUAGENAME.LIST>
    </LEDGER>
    <LEDGER NAME="Kalanjiyam Designers" RESERVEDNAME="">
     <PARENT TYPE="String">Sundry Debtors</PARENT>
     <LANGUAGENAME.LIST>
      <NAME.LIST TYPE="String">
       <NAME>Kalanjiyam Designers</NAME>
      </NAME.LIST>
      <LANGUAGEID TYPE="Number"> 1033</LANGUAGEID>
     </LANGUAGENAME.LIST>
    </LEDGER>
    <LEDGER NAME="Kaliyan" RESERVEDNAME="">
     <PARENT TYPE="String">Sundry Debtors</PARENT>
     <LANGUAGENAME.LIST>
      <NAME.LIST TYPE="String">
       <NAME>Kaliyan</NAME>
      </NAME.LIST>
      <LANGUAGEID TYPE="Number"> 1033</LANGUAGEID>
     </LANGUAGENAME.LIST>
    </LEDGER>
    <LEDGER NAME="Kamal" RESERVEDNAME="">
     <PARENT TYPE="String">Sundry Debtors</PARENT>
     <LANGUAGENAME.LIST>
      <NAME.LIST TYPE="String">
       <NAME>Kamal</NAME>
      </NAME.LIST>
      <LANGUAGEID TYPE="Number"> 1033</LANGUAGEID>
     </LANGUAGENAME.LIST>
    </LEDGER>
    <LEDGER NAME="Kanna Agency" RESERVEDNAME="">
     <PARENT TYPE="String">Sundry Creditors</PARENT>
     <LANGUAGENAME.LIST>
      <NAME.LIST TYPE="String">
       <NAME>Kanna Agency</NAME>
      </NAME.LIST>
      <LANGUAGEID TYPE="Number"> 1033</LANGUAGEID>
     </LANGUAGENAME.LIST>
    </LEDGER>
    <LEDGER NAME="Kannan" RESERVEDNAME="">
     <PARENT TYPE="String">Sundry Debtors</PARENT>
     <LANGUAGENAME.LIST>
      <NAME.LIST TYPE="String">
       <NAME>Kannan</NAME>
      </NAME.LIST>
      <LANGUAGEID TYPE="Number"> 1033</LANGUAGEID>
     </LANGUAGENAME.LIST>
    </LEDGER>
    <LEDGER NAME="Kanna Silks" RESERVEDNAME="">
     <PARENT TYPE="String">Sundry Debtors</PARENT>
     <LANGUAGENAME.LIST>
      <NAME.LIST TYPE="String">
       <NAME>Kanna Silks</NAME>
      </NAME.LIST>
      <LANGUAGEID TYPE="Number"> 1033</LANGUAGEID>
     </LANGUAGENAME.LIST>
    </LEDGER>
    <LEDGER NAME="Karthik Safety Equipment" RESERVEDNAME="">
     <PARENT TYPE="String">Sundry Creditors</PARENT>
     <LANGUAGENAME.LIST>
      <NAME.LIST TYPE="String">
       <NAME>Karthik Safety Equipment</NAME>
      </NAME.LIST>
      <LANGUAGEID TYPE="Number"> 1033</LANGUAGEID>
     </LANGUAGENAME.LIST>
    </LEDGER>
    <LEDGER NAME="KARUR VYSYA BANK LTD" RESERVEDNAME="">
     <PARENT TYPE="String">Sundry Creditors</PARENT>
     <LANGUAGENAME.LIST>
      <NAME.LIST TYPE="String">
       <NAME>KARUR VYSYA BANK LTD</NAME>
      </NAME.LIST>
      <LANGUAGEID TYPE="Number"> 1033</LANGUAGEID>
     </LANGUAGENAME.LIST>
    </LEDGER>
    <LEDGER NAME="Kathiravan" RESERVEDNAME="">
     <PARENT TYPE="String">Sundry Debtors</PARENT>
     <LANGUAGENAME.LIST>
      <NAME.LIST TYPE="String">
       <NAME>Kathiravan</NAME>
      </NAME.LIST>
      <LANGUAGEID TYPE="Number"> 1033</LANGUAGEID>
     </LANGUAGENAME.LIST>
    </LEDGER>
    <LEDGER NAME="Kaviyarasan" RESERVEDNAME="">
     <PARENT TYPE="String">Sundry Debtors</PARENT>
     <LANGUAGENAME.LIST>
      <NAME.LIST TYPE="String">
       <NAME>Kaviyarasan</NAME>
      </NAME.LIST>
      <LANGUAGEID TYPE="Number"> 1033</LANGUAGEID>
     </LANGUAGENAME.LIST>
    </LEDGER>
    <LEDGER NAME="K.G. Chemicals &amp; Coatings" RESERVEDNAME="">
     <PARENT TYPE="String">Sundry Creditors</PARENT>
     <LANGUAGENAME.LIST>
      <NAME.LIST TYPE="String">
       <NAME>K.G. Chemicals &amp; Coatings</NAME>
      </NAME.LIST>
      <LANGUAGEID TYPE="Number"> 1033</LANGUAGEID>
     </LANGUAGENAME.LIST>
    </LEDGER>
    <LEDGER NAME="Khadhi Bavan -Pollachi" RESERVEDNAME="">
     <PARENT TYPE="String">Debtors-VR</PARENT>
     <LANGUAGENAME.LIST>
      <NAME.LIST TYPE="String">
       <NAME>Khadhi Bavan -Pollachi</NAME>
      </NAME.LIST>
      <LANGUAGEID TYPE="Number"> 1033</LANGUAGEID>
     </LANGUAGENAME.LIST>
    </LEDGER>
    <LEDGER NAME="K,Hari" RESERVEDNAME="">
     <PARENT TYPE="String">Debtors-VR</PARENT>
     <LANGUAGENAME.LIST>
      <NAME.LIST TYPE="String">
       <NAME>K,Hari</NAME>
      </NAME.LIST>
      <LANGUAGEID TYPE="Number"> 1033</LANGUAGEID>
     </LANGUAGENAME.LIST>
    </LEDGER>
    <LEDGER NAME="Kirudham Readymates" RESERVEDNAME="">
     <PARENT TYPE="String">Debtors-Sps</PARENT>
     <LANGUAGENAME.LIST>
      <NAME.LIST TYPE="String">
       <NAME>Kirudham Readymates</NAME>
      </NAME.LIST>
      <LANGUAGEID TYPE="Number"> 1033</LANGUAGEID>
     </LANGUAGENAME.LIST>
    </LEDGER>
    <LEDGER NAME="Kkv Chakra Ltd" RESERVEDNAME="">
     <PARENT TYPE="String">Sundry Debtors</PARENT>
     <LANGUAGENAME.LIST>
      <NAME.LIST TYPE="String">
       <NAME>Kkv Chakra Ltd</NAME>
      </NAME.LIST>
      <LANGUAGEID TYPE="Number"> 1033</LANGUAGEID>
     </LANGUAGENAME.LIST>
    </LEDGER>
    <LEDGER NAME="Klene Paks Ltd" RESERVEDNAME="">
     <PARENT TYPE="String">Sundry Creditors</PARENT>
     <LANGUAGENAME.LIST>
      <NAME.LIST TYPE="String">
       <NAME>Klene Paks Ltd</NAME>
      </NAME.LIST>
      <LANGUAGEID TYPE="Number"> 1033</LANGUAGEID>
     </LANGUAGENAME.LIST>
    </LEDGER>
    <LEDGER NAME="K Narasimhalu Chettiar" RESERVEDNAME="">
     <PARENT TYPE="String">Sundry Debtors</PARENT>
     <LANGUAGENAME.LIST>
      <NAME.LIST TYPE="String">
       <NAME>K Narasimhalu Chettiar</NAME>
      </NAME.LIST>
      <LANGUAGEID TYPE="Number"> 1033</LANGUAGEID>
     </LANGUAGENAME.LIST>
    </LEDGER>
    <LEDGER NAME="Krishnamoorty" RESERVEDNAME="">
     <PARENT TYPE="String">Sundry Creditors</PARENT>
     <LANGUAGENAME.LIST>
      <NAME.LIST TYPE="String">
       <NAME>Krishnamoorty</NAME>
      </NAME.LIST>
      <LANGUAGEID TYPE="Number"> 1033</LANGUAGEID>
     </LANGUAGENAME.LIST>
    </LEDGER>
    <LEDGER NAME="Krishnan" RESERVEDNAME="">
     <PARENT TYPE="String">Debtors-VR</PARENT>
     <LANGUAGENAME.LIST>
      <NAME.LIST TYPE="String">
       <NAME>Krishnan</NAME>
      </NAME.LIST>
      <LANGUAGEID TYPE="Number"> 1033</LANGUAGEID>
     </LANGUAGENAME.LIST>
    </LEDGER>
    <LEDGER NAME="Krishnann" RESERVEDNAME="">
     <PARENT TYPE="String">Sundry Debtors</PARENT>
     <LANGUAGENAME.LIST>
      <NAME.LIST TYPE="String">
       <NAME>Krishnann</NAME>
      </NAME.LIST>
      <LANGUAGEID TYPE="Number"> 1033</LANGUAGEID>
     </LANGUAGENAME.LIST>
    </LEDGER>
    <LEDGER NAME="Krystals Impex" RESERVEDNAME="">
     <PARENT TYPE="String">Sundry Creditors</PARENT>
     <LANGUAGENAME.LIST>
      <NAME.LIST TYPE="String">
       <NAME>Krystals Impex</NAME>
      </NAME.LIST>
      <LANGUAGEID TYPE="Number"> 1033</LANGUAGEID>
     </LANGUAGENAME.LIST>
    </LEDGER>
    <LEDGER NAME="Kumar" RESERVEDNAME="">
     <PARENT TYPE="String">Sundry Debtors</PARENT>
     <LANGUAGENAME.LIST>
      <NAME.LIST TYPE="String">
       <NAME>Kumar</NAME>
      </NAME.LIST>
      <LANGUAGEID TYPE="Number"> 1033</LANGUAGEID>
     </LANGUAGENAME.LIST>
    </LEDGER>
    <LEDGER NAME="Kumaran" RESERVEDNAME="">
     <PARENT TYPE="String">Sundry Debtors</PARENT>
     <LANGUAGENAME.LIST>
      <NAME.LIST TYPE="String">
       <NAME>Kumaran</NAME>
      </NAME.LIST>
      <LANGUAGEID TYPE="Number"> 1033</LANGUAGEID>
     </LANGUAGENAME.LIST>
    </LEDGER>
    <LEDGER NAME="KUN CAPITAL MOTORS PRIVATE LIMITED" RESERVEDNAME="">
     <PARENT TYPE="String">Sundry Creditors</PARENT>
     <LANGUAGENAME.LIST>
      <NAME.LIST TYPE="String">
       <NAME>KUN CAPITAL MOTORS PRIVATE LIMITED</NAME>
      </NAME.LIST>
      <LANGUAGEID TYPE="Number"> 1033</LANGUAGEID>
     </LANGUAGENAME.LIST>
    </LEDGER>
    <LEDGER NAME="Kuppan" RESERVEDNAME="">
     <PARENT TYPE="String">Sundry Debtors</PARENT>
     <LANGUAGENAME.LIST>
      <NAME.LIST TYPE="String">
       <NAME>Kuppan</NAME>
      </NAME.LIST>
      <LANGUAGEID TYPE="Number"> 1033</LANGUAGEID>
     </LANGUAGENAME.LIST>
    </LEDGER>
    <LEDGER NAME="KVN Impax Pvt Ltd" RESERVEDNAME="">
     <PARENT TYPE="String">Sundry Creditors</PARENT>
     <LANGUAGENAME.LIST>
      <NAME.LIST TYPE="String">
       <NAME>KVN Impax Pvt Ltd</NAME>
      </NAME.LIST>
      <LANGUAGEID TYPE="Number"> 1033</LANGUAGEID>
     </LANGUAGENAME.LIST>
    </LEDGER>
    <LEDGER NAME="K V N IMPEX PVT LTD" RESERVEDNAME="">
     <PARENT TYPE="String">Sundry Creditors</PARENT>
     <LANGUAGENAME.LIST>
      <NAME.LIST TYPE="String">
       <NAME>K V N IMPEX PVT LTD</NAME>
      </NAME.LIST>
      <LANGUAGEID TYPE="Number"> 1033</LANGUAGEID>
     </LANGUAGENAME.LIST>
    </LEDGER>
    <LEDGER NAME="K.V Tex" RESERVEDNAME="">
     <PARENT TYPE="String">Debtors-VR</PARENT>
     <LANGUAGENAME.LIST>
      <NAME.LIST TYPE="String">
       <NAME>K.V Tex</NAME>
      </NAME.LIST>
      <LANGUAGEID TYPE="Number"> 1033</LANGUAGEID>
     </LANGUAGENAME.LIST>
    </LEDGER>
    <LEDGER NAME="Lakshmi Inks (Kkl) Pvt.Ltd" RESERVEDNAME="">
     <PARENT TYPE="String">Sundry Creditors</PARENT>
     <LANGUAGENAME.LIST>
      <NAME.LIST TYPE="String">
       <NAME>Lakshmi Inks (Kkl) Pvt.Ltd</NAME>
      </NAME.LIST>
      <LANGUAGEID TYPE="Number"> 1033</LANGUAGEID>
     </LANGUAGENAME.LIST>
    </LEDGER>
    <LEDGER NAME="Land &amp; Building At Mariyappa Nagar , Usppur Village" RESERVEDNAME="">
     <PARENT TYPE="String">Assets @ 0%</PARENT>
     <LANGUAGENAME.LIST>
      <NAME.LIST TYPE="String">
       <NAME>Land &amp; Building At Mariyappa Nagar , Usppur Village</NAME>
      </NAME.LIST>
      <LANGUAGEID TYPE="Number"> 1033</LANGUAGEID>
     </LANGUAGENAME.LIST>
    </LEDGER>
    <LEDGER NAME="LC Morgine" RESERVEDNAME="">
     <PARENT TYPE="String">Current Assets</PARENT>
     <LANGUAGENAME.LIST>
      <NAME.LIST TYPE="String">
       <NAME>LC Morgine</NAME>
       <NAME>9</NAME>
      </NAME.LIST>
      <LANGUAGEID TYPE="Number"> 1033</LANGUAGEID>
     </LANGUAGENAME.LIST>
    </LEDGER>
    <LEDGER NAME="Lingam Pantone" RESERVEDNAME="">
     <PARENT TYPE="String">Sundry Creditors</PARENT>
     <LANGUAGENAME.LIST>
      <NAME.LIST TYPE="String">
       <NAME>Lingam Pantone</NAME>
      </NAME.LIST>
      <LANGUAGEID TYPE="Number"> 1033</LANGUAGEID>
     </LANGUAGENAME.LIST>
    </LEDGER>
    <LEDGER NAME="Lingam Vibgyor" RESERVEDNAME="">
     <PARENT TYPE="String">Sundry Creditors</PARENT>
     <LANGUAGENAME.LIST>
      <NAME.LIST TYPE="String">
       <NAME>Lingam Vibgyor</NAME>
      </NAME.LIST>
      <LANGUAGEID TYPE="Number"> 1033</LANGUAGEID>
     </LANGUAGENAME.LIST>
    </LEDGER>
    <LEDGER NAME="Linga Polymer" RESERVEDNAME="">
     <PARENT TYPE="String">Sundry Creditors</PARENT>
     <LANGUAGENAME.LIST>
      <NAME.LIST TYPE="String">
       <NAME>Linga Polymer</NAME>
      </NAME.LIST>
      <LANGUAGEID TYPE="Number"> 1033</LANGUAGEID>
     </LANGUAGENAME.LIST>
    </LEDGER>
    <LEDGER NAME="Loan Pracessing Fee" RESERVEDNAME="">
     <PARENT TYPE="String">Indirect Expenses</PARENT>
     <LANGUAGENAME.LIST>
      <NAME.LIST TYPE="String">
       <NAME>Loan Pracessing Fee</NAME>
      </NAME.LIST>
      <LANGUAGEID TYPE="Number"> 1033</LANGUAGEID>
     </LANGUAGENAME.LIST>
    </LEDGER>
    <LEDGER NAME="Madhan Packaging Machineries" RESERVEDNAME="">
     <PARENT TYPE="String">Sundry Creditors</PARENT>
     <LANGUAGENAME.LIST>
      <NAME.LIST TYPE="String">
       <NAME>Madhan Packaging Machineries</NAME>
      </NAME.LIST>
      <LANGUAGEID TYPE="Number"> 1033</LANGUAGEID>
     </LANGUAGENAME.LIST>
    </LEDGER>
    <LEDGER NAME="Madras Paper Agencies" RESERVEDNAME="">
     <PARENT TYPE="String">Sundry Creditors</PARENT>
     <LANGUAGENAME.LIST>
      <NAME.LIST TYPE="String">
       <NAME>Madras Paper Agencies</NAME>
      </NAME.LIST>
      <LANGUAGEID TYPE="Number"> 1033</LANGUAGEID>
     </LANGUAGENAME.LIST>
    </LEDGER>
    <LEDGER NAME="MADRAS PAPER MART" RESERVEDNAME="">
     <PARENT TYPE="String">Sundry Creditors</PARENT>
     <LANGUAGENAME.LIST>
      <NAME.LIST TYPE="String">
       <NAME>MADRAS PAPER MART</NAME>
      </NAME.LIST>
      <LANGUAGEID TYPE="Number"> 1033</LANGUAGEID>
     </LANGUAGENAME.LIST>
    </LEDGER>
    <LEDGER NAME="MADURAI ACME ENTERPRISES (P) LTD" RESERVEDNAME="">
     <PARENT TYPE="String">Sundry Creditors</PARENT>
     <LANGUAGENAME.LIST>
      <NAME.LIST TYPE="String">
       <NAME>MADURAI ACME ENTERPRISES (P) LTD</NAME>
      </NAME.LIST>
      <LANGUAGEID TYPE="Number"> 1033</LANGUAGEID>
     </LANGUAGENAME.LIST>
    </LEDGER>
    <LEDGER NAME="Madurai Engineer" RESERVEDNAME="">
     <PARENT TYPE="String">Loans &amp; Advances (Asset)</PARENT>
     <LANGUAGENAME.LIST>
      <NAME.LIST TYPE="String">
       <NAME>Madurai Engineer</NAME>
      </NAME.LIST>
      <LANGUAGEID TYPE="Number"> 1033</LANGUAGEID>
     </LANGUAGENAME.LIST>
    </LEDGER>
    <LEDGER NAME="Madurai Engineering Work" RESERVEDNAME="">
     <PARENT TYPE="String">Sundry Creditors</PARENT>
     <LANGUAGENAME.LIST>
      <NAME.LIST TYPE="String">
       <NAME>Madurai Engineering Work</NAME>
      </NAME.LIST>
      <LANGUAGEID TYPE="Number"> 1033</LANGUAGEID>
     </LANGUAGENAME.LIST>
    </LEDGER>
    <LEDGER NAME="Magesh" RESERVEDNAME="">
     <PARENT TYPE="String">Sundry Debtors</PARENT>
     <LANGUAGENAME.LIST>
      <NAME.LIST TYPE="String">
       <NAME>Magesh</NAME>
      </NAME.LIST>
      <LANGUAGEID TYPE="Number"> 1033</LANGUAGEID>
     </LANGUAGENAME.LIST>
    </LEDGER>
    <LEDGER NAME="Magesh Electricals" RESERVEDNAME="">
     <PARENT TYPE="String">Sundry Creditors</PARENT>
     <LANGUAGENAME.LIST>
      <NAME.LIST TYPE="String">
       <NAME>Magesh Electricals</NAME>
      </NAME.LIST>
      <LANGUAGEID TYPE="Number"> 1033</LANGUAGEID>
     </LANGUAGENAME.LIST>
    </LEDGER>
    <LEDGER NAME="Maharaja Silks- Thiruvarur" RESERVEDNAME="">
     <PARENT TYPE="String">Debtors-VR</PARENT>
     <LANGUAGENAME.LIST>
      <NAME.LIST TYPE="String">
       <NAME>Maharaja Silks- Thiruvarur</NAME>
      </NAME.LIST>
      <LANGUAGEID TYPE="Number"> 1033</LANGUAGEID>
     </LANGUAGENAME.LIST>
    </LEDGER>
    <LEDGER NAME="Mallika" RESERVEDNAME="">
     <PARENT TYPE="String">Sundry Debtors</PARENT>
     <LANGUAGENAME.LIST>
      <NAME.LIST TYPE="String">
       <NAME>Mallika</NAME>
      </NAME.LIST>
      <LANGUAGEID TYPE="Number"> 1033</LANGUAGEID>
     </LANGUAGENAME.LIST>
    </LEDGER>
    <LEDGER NAME="Mani" RESERVEDNAME="">
     <PARENT TYPE="String">Sundry Debtors</PARENT>
     <LANGUAGENAME.LIST>
      <NAME.LIST TYPE="String">
       <NAME>Mani</NAME>
      </NAME.LIST>
      <LANGUAGEID TYPE="Number"> 1033</LANGUAGEID>
     </LANGUAGENAME.LIST>
    </LEDGER>
    <LEDGER NAME="Manian" RESERVEDNAME="">
     <PARENT TYPE="String">Sundry Debtors</PARENT>
     <LANGUAGENAME.LIST>
      <NAME.LIST TYPE="String">
       <NAME>Manian</NAME>
      </NAME.LIST>
      <LANGUAGEID TYPE="Number"> 1033</LANGUAGEID>
     </LANGUAGENAME.LIST>
    </LEDGER>
    <LEDGER NAME="Manickam" RESERVEDNAME="">
     <PARENT TYPE="String">Sundry Debtors</PARENT>
     <LANGUAGENAME.LIST>
      <NAME.LIST TYPE="String">
       <NAME>Manickam</NAME>
      </NAME.LIST>
      <LANGUAGEID TYPE="Number"> 1033</LANGUAGEID>
     </LANGUAGENAME.LIST>
    </LEDGER>
    <LEDGER NAME="Manikandan" RESERVEDNAME="">
     <PARENT TYPE="String">Sundry Debtors</PARENT>
     <LANGUAGENAME.LIST>
      <NAME.LIST TYPE="String">
       <NAME>Manikandan</NAME>
      </NAME.LIST>
      <LANGUAGEID TYPE="Number"> 1033</LANGUAGEID>
     </LANGUAGENAME.LIST>
    </LEDGER>
    <LEDGER NAME="MANI &amp; PRABHU" RESERVEDNAME="">
     <PARENT TYPE="String">Sundry Debtors</PARENT>
     <LANGUAGENAME.LIST>
      <NAME.LIST TYPE="String">
       <NAME>MANI &amp; PRABHU</NAME>
      </NAME.LIST>
      <LANGUAGEID TYPE="Number"> 1033</LANGUAGEID>
     </LANGUAGENAME.LIST>
    </LEDGER>
    <LEDGER NAME="Mani &amp; Prabhu Silk House" RESERVEDNAME="">
     <PARENT TYPE="String">Debtors - VBR</PARENT>
     <LANGUAGENAME.LIST>
      <NAME.LIST TYPE="String">
       <NAME>Mani &amp; Prabhu Silk House</NAME>
      </NAME.LIST>
      <LANGUAGEID TYPE="Number"> 1033</LANGUAGEID>
     </LANGUAGENAME.LIST>
    </LEDGER>
    <LEDGER NAME="Mani Readymates" RESERVEDNAME="">
     <PARENT TYPE="String">Debtors - VBR</PARENT>
     <LANGUAGENAME.LIST>
      <NAME.LIST TYPE="String">
       <NAME>Mani Readymates</NAME>
      </NAME.LIST>
      <LANGUAGEID TYPE="Number"> 1033</LANGUAGEID>
     </LANGUAGENAME.LIST>
    </LEDGER>
    <LEDGER NAME="Manohar" RESERVEDNAME="">
     <PARENT TYPE="String">Sundry Debtors</PARENT>
     <LANGUAGENAME.LIST>
      <NAME.LIST TYPE="String">
       <NAME>Manohar</NAME>
      </NAME.LIST>
      <LANGUAGEID TYPE="Number"> 1033</LANGUAGEID>
     </LANGUAGENAME.LIST>
    </LEDGER>
    <LEDGER NAME="Martin" RESERVEDNAME="">
     <PARENT TYPE="String">Sundry Debtors</PARENT>
     <LANGUAGENAME.LIST>
      <NAME.LIST TYPE="String">
       <NAME>Martin</NAME>
      </NAME.LIST>
      <LANGUAGEID TYPE="Number"> 1033</LANGUAGEID>
     </LANGUAGENAME.LIST>
    </LEDGER>
    <LEDGER NAME="Maruthi Chemecals" RESERVEDNAME="">
     <PARENT TYPE="String">Sundry Creditors</PARENT>
     <LANGUAGENAME.LIST>
      <NAME.LIST TYPE="String">
       <NAME>Maruthi Chemecals</NAME>
      </NAME.LIST>
      <LANGUAGEID TYPE="Number"> 1033</LANGUAGEID>
     </LANGUAGENAME.LIST>
    </LEDGER>
    <LEDGER NAME="Mayan" RESERVEDNAME="">
     <PARENT TYPE="String">Sundry Debtors</PARENT>
     <LANGUAGENAME.LIST>
      <NAME.LIST TYPE="String">
       <NAME>Mayan</NAME>
      </NAME.LIST>
      <LANGUAGEID TYPE="Number"> 1033</LANGUAGEID>
     </LANGUAGENAME.LIST>
    </LEDGER>
    <LEDGER NAME="MISC. EXPENSES" RESERVEDNAME="">
     <PARENT TYPE="String">Indirect Expenses</PARENT>
     <LANGUAGENAME.LIST>
      <NAME.LIST TYPE="String">
       <NAME>MISC. EXPENSES</NAME>
      </NAME.LIST>
      <LANGUAGEID TYPE="Number"> 1033</LANGUAGEID>
     </LANGUAGENAME.LIST>
    </LEDGER>
    <LEDGER NAME="Misc. Income" RESERVEDNAME="">
     <PARENT TYPE="String">Indirect Incomes</PARENT>
     <LANGUAGENAME.LIST>
      <NAME.LIST TYPE="String">
       <NAME>Misc. Income</NAME>
      </NAME.LIST>
      <LANGUAGEID TYPE="Number"> 1033</LANGUAGEID>
     </LANGUAGENAME.LIST>
    </LEDGER>
    <LEDGER NAME="Mohammed Raffic" RESERVEDNAME="">
     <PARENT TYPE="String">Unsecured Loans</PARENT>
     <LANGUAGENAME.LIST>
      <NAME.LIST TYPE="String">
       <NAME>Mohammed Raffic</NAME>
      </NAME.LIST>
      <LANGUAGEID TYPE="Number"> 1033</LANGUAGEID>
     </LANGUAGENAME.LIST>
    </LEDGER>
    <LEDGER NAME="Mohan Doss" RESERVEDNAME="">
     <PARENT TYPE="String">Salary Account</PARENT>
     <LANGUAGENAME.LIST>
      <NAME.LIST TYPE="String">
       <NAME>Mohan Doss</NAME>
       <NAME>M</NAME>
      </NAME.LIST>
      <LANGUAGEID TYPE="Number"> 1033</LANGUAGEID>
     </LANGUAGENAME.LIST>
    </LEDGER>
    <LEDGER NAME="Mohan . J" RESERVEDNAME="">
     <PARENT TYPE="String">Sundry Creditors</PARENT>
     <LANGUAGENAME.LIST>
      <NAME.LIST TYPE="String">
       <NAME>Mohan . J</NAME>
      </NAME.LIST>
      <LANGUAGEID TYPE="Number"> 1033</LANGUAGEID>
     </LANGUAGENAME.LIST>
    </LEDGER>
    <LEDGER NAME="Mohan Raj" RESERVEDNAME="">
     <PARENT TYPE="String">Sundry Debtors</PARENT>
     <LANGUAGENAME.LIST>
      <NAME.LIST TYPE="String">
       <NAME>Mohan Raj</NAME>
      </NAME.LIST>
      <LANGUAGEID TYPE="Number"> 1033</LANGUAGEID>
     </LANGUAGENAME.LIST>
    </LEDGER>
    <LEDGER NAME="Moorthy" RESERVEDNAME="">
     <PARENT TYPE="String">Sundry Debtors</PARENT>
     <LANGUAGENAME.LIST>
      <NAME.LIST TYPE="String">
       <NAME>Moorthy</NAME>
      </NAME.LIST>
      <LANGUAGEID TYPE="Number"> 1033</LANGUAGEID>
     </LANGUAGENAME.LIST>
    </LEDGER>
    <LEDGER NAME="Mrs.Hemalatha" RESERVEDNAME="">
     <PARENT TYPE="String">Sundry Debtors</PARENT>
     <LANGUAGENAME.LIST>
      <NAME.LIST TYPE="String">
       <NAME>Mrs.Hemalatha</NAME>
      </NAME.LIST>
      <LANGUAGEID TYPE="Number"> 1033</LANGUAGEID>
     </LANGUAGENAME.LIST>
    </LEDGER>
    <LEDGER NAME="MR Sons" RESERVEDNAME="">
     <PARENT TYPE="String">Debtors-VR</PARENT>
     <LANGUAGENAME.LIST>
      <NAME.LIST TYPE="String">
       <NAME>MR Sons</NAME>
      </NAME.LIST>
      <LANGUAGEID TYPE="Number"> 1033</LANGUAGEID>
     </LANGUAGENAME.LIST>
    </LEDGER>
    <LEDGER NAME="M/S. GANPATI MACHINERY &amp; SPARES" RESERVEDNAME="">
     <PARENT TYPE="String">Sundry Creditors</PARENT>
     <LANGUAGENAME.LIST>
      <NAME.LIST TYPE="String">
       <NAME>M/S. GANPATI MACHINERY &amp; SPARES</NAME>
      </NAME.LIST>
      <LANGUAGEID TYPE="Number"> 1033</LANGUAGEID>
     </LANGUAGENAME.LIST>
    </LEDGER>
    <LEDGER NAME="Mura Textile" RESERVEDNAME="">
     <PARENT TYPE="String">Debtors - JMD</PARENT>
     <LANGUAGENAME.LIST>
      <NAME.LIST TYPE="String">
       <NAME>Mura Textile</NAME>
      </NAME.LIST>
      <LANGUAGEID TYPE="Number"> 1033</LANGUAGEID>
     </LANGUAGENAME.LIST>
    </LEDGER>
    <LEDGER NAME="Murugan" RESERVEDNAME="">
     <PARENT TYPE="String">Sundry Debtors</PARENT>
     <LANGUAGENAME.LIST>
      <NAME.LIST TYPE="String">
       <NAME>Murugan</NAME>
      </NAME.LIST>
      <LANGUAGEID TYPE="Number"> 1033</LANGUAGEID>
     </LANGUAGENAME.LIST>
    </LEDGER>
    <LEDGER NAME="Nagarajan" RESERVEDNAME="">
     <PARENT TYPE="String">Salary Account</PARENT>
     <LANGUAGENAME.LIST>
      <NAME.LIST TYPE="String">
       <NAME>Nagarajan</NAME>
      </NAME.LIST>
      <LANGUAGEID TYPE="Number"> 1033</LANGUAGEID>
     </LANGUAGENAME.LIST>
    </LEDGER>
    <LEDGER NAME="Namachivayam" RESERVEDNAME="">
     <PARENT TYPE="String">Sundry Debtors</PARENT>
     <LANGUAGENAME.LIST>
      <NAME.LIST TYPE="String">
       <NAME>Namachivayam</NAME>
      </NAME.LIST>
      <LANGUAGEID TYPE="Number"> 1033</LANGUAGEID>
     </LANGUAGENAME.LIST>
    </LEDGER>
    <LEDGER NAME="Narayanan" RESERVEDNAME="">
     <PARENT TYPE="String">Sundry Debtors</PARENT>
     <LANGUAGENAME.LIST>
      <NAME.LIST TYPE="String">
       <NAME>Narayanan</NAME>
      </NAME.LIST>
      <LANGUAGEID TYPE="Number"> 1033</LANGUAGEID>
     </LANGUAGENAME.LIST>
    </LEDGER>
    <LEDGER NAME="New Piolt Plastics" RESERVEDNAME="">
     <PARENT TYPE="String">Sundry Debtors</PARENT>
     <LANGUAGENAME.LIST>
      <NAME.LIST TYPE="String">
       <NAME>New Piolt Plastics</NAME>
      </NAME.LIST>
      <LANGUAGEID TYPE="Number"> 1033</LANGUAGEID>
     </LANGUAGENAME.LIST>
    </LEDGER>
    <LEDGER NAME="No Sales Cancelled" RESERVEDNAME="">
     <PARENT TYPE="String">Debtors-VR</PARENT>
     <LANGUAGENAME.LIST>
      <NAME.LIST TYPE="String">
       <NAME>No Sales Cancelled</NAME>
      </NAME.LIST>
      <LANGUAGEID TYPE="Number"> 1033</LANGUAGEID>
     </LANGUAGENAME.LIST>
    </LEDGER>
    <LEDGER NAME="Nua Enterprises" RESERVEDNAME="">
     <PARENT TYPE="String">Sundry Debtors</PARENT>
     <LANGUAGENAME.LIST>
      <NAME.LIST TYPE="String">
       <NAME>Nua Enterprises</NAME>
      </NAME.LIST>
      <LANGUAGEID TYPE="Number"> 1033</LANGUAGEID>
     </LANGUAGENAME.LIST>
    </LEDGER>
    <LEDGER NAME="OUTPUT CGST @ 6%" RESERVEDNAME="">
     <PARENT TYPE="String">Duties &amp; Taxes</PARENT>
     <LANGUAGENAME.LIST>
      <NAME.LIST TYPE="String">
       <NAME>OUTPUT CGST @ 6%</NAME>
       <NAME>C</NAME>
      </NAME.LIST>
      <LANGUAGEID TYPE="Number"> 1033</LANGUAGEID>
     </LANGUAGENAME.LIST>
    </LEDGER>
    <LEDGER NAME="OUTPUT CGST@9%" RESERVEDNAME="">
     <PARENT TYPE="String">Duties &amp; Taxes</PARENT>
     <LANGUAGENAME.LIST>
      <NAME.LIST TYPE="String">
       <NAME>OUTPUT CGST@9%</NAME>
      </NAME.LIST>
      <LANGUAGEID TYPE="Number"> 1033</LANGUAGEID>
     </LANGUAGENAME.LIST>
    </LEDGER>
    <LEDGER NAME="Output Igst 5%" RESERVEDNAME="">
     <PARENT TYPE="String">Duties &amp; Taxes</PARENT>
     <LANGUAGENAME.LIST>
      <NAME.LIST TYPE="String">
       <NAME>Output Igst 5%</NAME>
      </NAME.LIST>
      <LANGUAGEID TYPE="Number"> 1033</LANGUAGEID>
     </LANGUAGENAME.LIST>
    </LEDGER>
    <LEDGER NAME="OUTPUT IGST @12%" RESERVEDNAME="">
     <PARENT TYPE="String">Duties &amp; Taxes</PARENT>
     <LANGUAGENAME.LIST>
      <NAME.LIST TYPE="String">
       <NAME>OUTPUT IGST @12%</NAME>
       <NAME>I</NAME>
      </NAME.LIST>
      <LANGUAGEID TYPE="Number"> 1033</LANGUAGEID>
     </LANGUAGENAME.LIST>
    </LEDGER>
    <LEDGER NAME="OUTPUT IGST@18%" RESERVEDNAME="">
     <PARENT TYPE="String">Duties &amp; Taxes</PARENT>
     <LANGUAGENAME.LIST>
      <NAME.LIST TYPE="String">
       <NAME>OUTPUT IGST@18%</NAME>
       <NAME>18</NAME>
      </NAME.LIST>
      <LANGUAGEID TYPE="Number"> 1033</LANGUAGEID>
     </LANGUAGENAME.LIST>
    </LEDGER>
    <LEDGER NAME="OUTPUT SGST @ 6%" RESERVEDNAME="">
     <PARENT TYPE="String">Duties &amp; Taxes</PARENT>
     <LANGUAGENAME.LIST>
      <NAME.LIST TYPE="String">
       <NAME>OUTPUT SGST @ 6%</NAME>
       <NAME>S</NAME>
      </NAME.LIST>
      <LANGUAGEID TYPE="Number"> 1033</LANGUAGEID>
     </LANGUAGENAME.LIST>
    </LEDGER>
    <LEDGER NAME="OUTPUT SGST@9%" RESERVEDNAME="">
     <PARENT TYPE="String">Duties &amp; Taxes</PARENT>
     <LANGUAGENAME.LIST>
      <NAME.LIST TYPE="String">
       <NAME>OUTPUT SGST@9%</NAME>
      </NAME.LIST>
      <LANGUAGEID TYPE="Number"> 1033</LANGUAGEID>
     </LANGUAGENAME.LIST>
    </LEDGER>
    <LEDGER NAME="Pachappan" RESERVEDNAME="">
     <PARENT TYPE="String">Sundry Debtors</PARENT>
     <LANGUAGENAME.LIST>
      <NAME.LIST TYPE="String">
       <NAME>Pachappan</NAME>
      </NAME.LIST>
      <LANGUAGEID TYPE="Number"> 1033</LANGUAGEID>
     </LANGUAGENAME.LIST>
    </LEDGER>
    <LEDGER NAME="Padmavathy" RESERVEDNAME="">
     <PARENT TYPE="String">Salary Account</PARENT>
     <LANGUAGENAME.LIST>
      <NAME.LIST TYPE="String">
       <NAME>Padmavathy</NAME>
      </NAME.LIST>
      <LANGUAGEID TYPE="Number"> 1033</LANGUAGEID>
     </LANGUAGENAME.LIST>
    </LEDGER>
    <LEDGER NAME="Pandiyan" RESERVEDNAME="">
     <PARENT TYPE="String">Sundry Debtors</PARENT>
     <LANGUAGENAME.LIST>
      <NAME.LIST TYPE="String">
       <NAME>Pandiyan</NAME>
      </NAME.LIST>
      <LANGUAGEID TYPE="Number"> 1033</LANGUAGEID>
     </LANGUAGENAME.LIST>
    </LEDGER>
    <LEDGER NAME="Pari" RESERVEDNAME="">
     <PARENT TYPE="String">Sundry Debtors</PARENT>
     <LANGUAGENAME.LIST>
      <NAME.LIST TYPE="String">
       <NAME>Pari</NAME>
      </NAME.LIST>
      <LANGUAGEID TYPE="Number"> 1033</LANGUAGEID>
     </LANGUAGENAME.LIST>
    </LEDGER>
    <LEDGER NAME="Paris Textiles" RESERVEDNAME="">
     <PARENT TYPE="String">Sundry Debtors</PARENT>
     <LANGUAGENAME.LIST>
      <NAME.LIST TYPE="String">
       <NAME>Paris Textiles</NAME>
      </NAME.LIST>
      <LANGUAGEID TYPE="Number"> 1033</LANGUAGEID>
     </LANGUAGENAME.LIST>
    </LEDGER>
    <LEDGER NAME="Pazhaniappan" RESERVEDNAME="">
     <PARENT TYPE="String">Sundry Debtors</PARENT>
     <LANGUAGENAME.LIST>
      <NAME.LIST TYPE="String">
       <NAME>Pazhaniappan</NAME>
      </NAME.LIST>
      <LANGUAGEID TYPE="Number"> 1033</LANGUAGEID>
     </LANGUAGENAME.LIST>
    </LEDGER>
    <LEDGER NAME="Pazhanivel" RESERVEDNAME="">
     <PARENT TYPE="String">Sundry Debtors</PARENT>
     <LANGUAGENAME.LIST>
      <NAME.LIST TYPE="String">
       <NAME>Pazhanivel</NAME>
      </NAME.LIST>
      <LANGUAGEID TYPE="Number"> 1033</LANGUAGEID>
     </LANGUAGENAME.LIST>
    </LEDGER>
    <LEDGER NAME="Penality" RESERVEDNAME="">
     <PARENT TYPE="String">Indirect Expenses</PARENT>
     <LANGUAGENAME.LIST>
      <NAME.LIST TYPE="String">
       <NAME>Penality</NAME>
      </NAME.LIST>
      <LANGUAGEID TYPE="Number"> 1033</LANGUAGEID>
     </LANGUAGENAME.LIST>
    </LEDGER>
    <LEDGER NAME="Plant &amp; Machinery" RESERVEDNAME="">
     <PARENT TYPE="String">Assest @15%</PARENT>
     <LANGUAGENAME.LIST>
      <NAME.LIST TYPE="String">
       <NAME>Plant &amp; Machinery</NAME>
      </NAME.LIST>
      <LANGUAGEID TYPE="Number"> 1033</LANGUAGEID>
     </LANGUAGENAME.LIST>
    </LEDGER>
    <LEDGER NAME="Plasto Polychem Industries" RESERVEDNAME="">
     <PARENT TYPE="String">Sundry Creditors</PARENT>
     <LANGUAGENAME.LIST>
      <NAME.LIST TYPE="String">
       <NAME>Plasto Polychem Industries</NAME>
      </NAME.LIST>
      <LANGUAGEID TYPE="Number"> 1033</LANGUAGEID>
     </LANGUAGENAME.LIST>
    </LEDGER>
    <LEDGER NAME="Plot at Vadakkuthu 48" RESERVEDNAME="">
     <PARENT TYPE="String">Assets @ 0%</PARENT>
     <LANGUAGENAME.LIST>
      <NAME.LIST TYPE="String">
       <NAME>Plot at Vadakkuthu 48</NAME>
      </NAME.LIST>
      <LANGUAGEID TYPE="Number"> 1033</LANGUAGEID>
     </LANGUAGENAME.LIST>
    </LEDGER>
    <LEDGER NAME="Plot at Vadakkuthu-Durai Kaliyaperumal Nagar" RESERVEDNAME="">
     <PARENT TYPE="String">Assets @ 0%</PARENT>
     <LANGUAGENAME.LIST>
      <NAME.LIST TYPE="String">
       <NAME>Plot at Vadakkuthu-Durai Kaliyaperumal Nagar</NAME>
      </NAME.LIST>
      <LANGUAGEID TYPE="Number"> 1033</LANGUAGEID>
     </LANGUAGENAME.LIST>
    </LEDGER>
    <LEDGER NAME="Plot at Vadakkuthu No 26" RESERVEDNAME="">
     <PARENT TYPE="String">Assets @ 0%</PARENT>
     <LANGUAGENAME.LIST>
      <NAME.LIST TYPE="String">
       <NAME>Plot at Vadakkuthu No 26</NAME>
      </NAME.LIST>
      <LANGUAGEID TYPE="Number"> 1033</LANGUAGEID>
     </LANGUAGENAME.LIST>
    </LEDGER>
    <LEDGER NAME="Pollution Feses" RESERVEDNAME="">
     <PARENT TYPE="String">Indirect Expenses</PARENT>
     <LANGUAGENAME.LIST>
      <NAME.LIST TYPE="String">
       <NAME>Pollution Feses</NAME>
      </NAME.LIST>
      <LANGUAGEID TYPE="Number"> 1033</LANGUAGEID>
     </LANGUAGENAME.LIST>
    </LEDGER>
    <LEDGER NAME="PONDY WEIGHING SYSTEM" RESERVEDNAME="">
     <PARENT TYPE="String">Sundry Creditors</PARENT>
     <LANGUAGENAME.LIST>
      <NAME.LIST TYPE="String">
       <NAME>PONDY WEIGHING SYSTEM</NAME>
      </NAME.LIST>
      <LANGUAGEID TYPE="Number"> 1033</LANGUAGEID>
     </LANGUAGENAME.LIST>
    </LEDGER>
    <LEDGER NAME="Pooja Exp" RESERVEDNAME="">
     <PARENT TYPE="String">Indirect Expenses</PARENT>
     <LANGUAGENAME.LIST>
      <NAME.LIST TYPE="String">
       <NAME>Pooja Exp</NAME>
      </NAME.LIST>
      <LANGUAGEID TYPE="Number"> 1033</LANGUAGEID>
     </LANGUAGENAME.LIST>
    </LEDGER>
    <LEDGER NAME="Poongulali" RESERVEDNAME="">
     <PARENT TYPE="String">Unsecured Loans</PARENT>
     <LANGUAGENAME.LIST>
      <NAME.LIST TYPE="String">
       <NAME>Poongulali</NAME>
       <NAME>P</NAME>
      </NAME.LIST>
      <LANGUAGEID TYPE="Number"> 1033</LANGUAGEID>
     </LANGUAGENAME.LIST>
    </LEDGER>
    <LEDGER NAME="POORVIKA MOBILES PRIVATE LIMITED" RESERVEDNAME="">
     <PARENT TYPE="String">Sundry Creditors</PARENT>
     <LANGUAGENAME.LIST>
      <NAME.LIST TYPE="String">
       <NAME>POORVIKA MOBILES PRIVATE LIMITED</NAME>
      </NAME.LIST>
      <LANGUAGEID TYPE="Number"> 1033</LANGUAGEID>
     </LANGUAGENAME.LIST>
    </LEDGER>
    <LEDGER NAME="Prabhagaran" RESERVEDNAME="">
     <PARENT TYPE="String">Sundry Debtors</PARENT>
     <LANGUAGENAME.LIST>
      <NAME.LIST TYPE="String">
       <NAME>Prabhagaran</NAME>
      </NAME.LIST>
      <LANGUAGEID TYPE="Number"> 1033</LANGUAGEID>
     </LANGUAGENAME.LIST>
    </LEDGER>
    <LEDGER NAME="Prabhu" RESERVEDNAME="">
     <PARENT TYPE="String">Salary Account</PARENT>
     <LANGUAGENAME.LIST>
      <NAME.LIST TYPE="String">
       <NAME>Prabhu</NAME>
      </NAME.LIST>
      <LANGUAGEID TYPE="Number"> 1033</LANGUAGEID>
     </LANGUAGENAME.LIST>
    </LEDGER>
    <LEDGER NAME="Prakasam" RESERVEDNAME="">
     <PARENT TYPE="String">Consultant</PARENT>
     <LANGUAGENAME.LIST>
      <NAME.LIST TYPE="String">
       <NAME>Prakasam</NAME>
      </NAME.LIST>
      <LANGUAGEID TYPE="Number"> 1033</LANGUAGEID>
     </LANGUAGENAME.LIST>
    </LEDGER>
    <LEDGER NAME="Prakesh K" RESERVEDNAME="">
     <PARENT TYPE="String">Sundry Debtors</PARENT>
     <LANGUAGENAME.LIST>
      <NAME.LIST TYPE="String">
       <NAME>Prakesh K</NAME>
      </NAME.LIST>
      <LANGUAGEID TYPE="Number"> 1033</LANGUAGEID>
     </LANGUAGENAME.LIST>
    </LEDGER>
    <LEDGER NAME="Praveen" RESERVEDNAME="">
     <PARENT TYPE="String">Sundry Debtors</PARENT>
     <LANGUAGENAME.LIST>
      <NAME.LIST TYPE="String">
       <NAME>Praveen</NAME>
      </NAME.LIST>
      <LANGUAGEID TYPE="Number"> 1033</LANGUAGEID>
     </LANGUAGENAME.LIST>
    </LEDGER>
    <LEDGER NAME="Printing &amp; Stationery" RESERVEDNAME="">
     <PARENT TYPE="String">Indirect Expenses</PARENT>
     <LANGUAGENAME.LIST>
      <NAME.LIST TYPE="String">
       <NAME>Printing &amp; Stationery</NAME>
      </NAME.LIST>
      <LANGUAGEID TYPE="Number"> 1033</LANGUAGEID>
     </LANGUAGENAME.LIST>
    </LEDGER>
    <LEDGER NAME="Priyasamy Mouppanar &amp; Sons" RESERVEDNAME="">
     <PARENT TYPE="String">Debtors-VRJ</PARENT>
     <LANGUAGENAME.LIST>
      <NAME.LIST TYPE="String">
       <NAME>Priyasamy Mouppanar &amp; Sons</NAME>
      </NAME.LIST>
      <LANGUAGEID TYPE="Number"> 1033</LANGUAGEID>
     </LANGUAGENAME.LIST>
    </LEDGER>
    <LEDGER NAME="Professional Charges" RESERVEDNAME="">
     <PARENT TYPE="String">Indirect Expenses</PARENT>
     <LANGUAGENAME.LIST>
      <NAME.LIST TYPE="String">
       <NAME>Professional Charges</NAME>
      </NAME.LIST>
      <LANGUAGEID TYPE="Number"> 1033</LANGUAGEID>
     </LANGUAGENAME.LIST>
    </LEDGER>
    <LEDGER NAME="Profit &amp; Loss A/c" RESERVEDNAME="Profit &amp; Loss A/c">
     <PARENT TYPE="String">&#4; Primary</PARENT>
     <LANGUAGENAME.LIST>
      <NAME.LIST TYPE="String">
       <NAME>Profit &amp; Loss A/c</NAME>
      </NAME.LIST>
      <LANGUAGEID TYPE="Number"> 1033</LANGUAGEID>
     </LANGUAGENAME.LIST>
    </LEDGER>
    <LEDGER NAME="Purchase 5%" RESERVEDNAME="">
     <PARENT TYPE="String">Purchase Accounts</PARENT>
     <LANGUAGENAME.LIST>
      <NAME.LIST TYPE="String">
       <NAME>Purchase 5%</NAME>
      </NAME.LIST>
      <LANGUAGEID TYPE="Number"> 1033</LANGUAGEID>
     </LANGUAGENAME.LIST>
    </LEDGER>
    <LEDGER NAME="Purchase @ 12%" RESERVEDNAME="">
     <PARENT TYPE="String">Purchase Accounts</PARENT>
     <LANGUAGENAME.LIST>
      <NAME.LIST TYPE="String">
       <NAME>Purchase @ 12%</NAME>
      </NAME.LIST>
      <LANGUAGEID TYPE="Number"> 1033</LANGUAGEID>
     </LANGUAGENAME.LIST>
    </LEDGER>
    <LEDGER NAME="Purchase @ 18%" RESERVEDNAME="">
     <PARENT TYPE="String">Purchase Accounts</PARENT>
     <LANGUAGENAME.LIST>
      <NAME.LIST TYPE="String">
       <NAME>Purchase @ 18%</NAME>
      </NAME.LIST>
      <LANGUAGEID TYPE="Number"> 1033</LANGUAGEID>
     </LANGUAGENAME.LIST>
    </LEDGER>
    <LEDGER NAME="Purchase @28%" RESERVEDNAME="">
     <PARENT TYPE="String">Purchase Accounts</PARENT>
     <LANGUAGENAME.LIST>
      <NAME.LIST TYPE="String">
       <NAME>Purchase @28%</NAME>
      </NAME.LIST>
      <LANGUAGEID TYPE="Number"> 1033</LANGUAGEID>
     </LANGUAGENAME.LIST>
    </LEDGER>
    <LEDGER NAME="PURCHASE EXEMPTED" RESERVEDNAME="">
     <PARENT TYPE="String">Purchase Accounts</PARENT>
     <LANGUAGENAME.LIST>
      <NAME.LIST TYPE="String">
       <NAME>PURCHASE EXEMPTED</NAME>
      </NAME.LIST>
      <LANGUAGEID TYPE="Number"> 1033</LANGUAGEID>
     </LANGUAGENAME.LIST>
    </LEDGER>
    <LEDGER NAME="PURCHASE IGST 12%" RESERVEDNAME="">
     <PARENT TYPE="String">Purchase Accounts</PARENT>
     <LANGUAGENAME.LIST>
      <NAME.LIST TYPE="String">
       <NAME>PURCHASE IGST 12%</NAME>
      </NAME.LIST>
      <LANGUAGEID TYPE="Number"> 1033</LANGUAGEID>
     </LANGUAGENAME.LIST>
    </LEDGER>
    <LEDGER NAME="Purchase Igst @ 18%" RESERVEDNAME="">
     <PARENT TYPE="String">Purchase Accounts</PARENT>
     <LANGUAGENAME.LIST>
      <NAME.LIST TYPE="String">
       <NAME>Purchase Igst @ 18%</NAME>
      </NAME.LIST>
      <LANGUAGEID TYPE="Number"> 1033</LANGUAGEID>
     </LANGUAGENAME.LIST>
    </LEDGER>
    <LEDGER NAME="QUALITY ENTERPRISES" RESERVEDNAME="">
     <PARENT TYPE="String">Sundry Creditors</PARENT>
     <LANGUAGENAME.LIST>
      <NAME.LIST TYPE="String">
       <NAME>QUALITY ENTERPRISES</NAME>
      </NAME.LIST>
      <LANGUAGEID TYPE="Number"> 1033</LANGUAGEID>
     </LANGUAGENAME.LIST>
    </LEDGER>
    <LEDGER NAME="Ragavan" RESERVEDNAME="">
     <PARENT TYPE="String">Sundry Debtors</PARENT>
     <LANGUAGENAME.LIST>
      <NAME.LIST TYPE="String">
       <NAME>Ragavan</NAME>
      </NAME.LIST>
      <LANGUAGEID TYPE="Number"> 1033</LANGUAGEID>
     </LANGUAGENAME.LIST>
    </LEDGER>
    <LEDGER NAME="Raja" RESERVEDNAME="">
     <PARENT TYPE="String">Sundry Debtors</PARENT>
     <LANGUAGENAME.LIST>
      <NAME.LIST TYPE="String">
       <NAME>Raja</NAME>
      </NAME.LIST>
      <LANGUAGEID TYPE="Number"> 1033</LANGUAGEID>
     </LANGUAGENAME.LIST>
    </LEDGER>
    <LEDGER NAME="Rajan" RESERVEDNAME="">
     <PARENT TYPE="String">Sundry Debtors</PARENT>
     <LANGUAGENAME.LIST>
      <NAME.LIST TYPE="String">
       <NAME>Rajan</NAME>
      </NAME.LIST>
      <LANGUAGEID TYPE="Number"> 1033</LANGUAGEID>
     </LANGUAGENAME.LIST>
    </LEDGER>
    <LEDGER NAME="Raja Readymades" RESERVEDNAME="">
     <PARENT TYPE="String">Sundry Debtors</PARENT>
     <LANGUAGENAME.LIST>
      <NAME.LIST TYPE="String">
       <NAME>Raja Readymades</NAME>
      </NAME.LIST>
      <LANGUAGEID TYPE="Number"> 1033</LANGUAGEID>
     </LANGUAGENAME.LIST>
    </LEDGER>
    <LEDGER NAME="Rajasekar" RESERVEDNAME="">
     <PARENT TYPE="String">Sundry Debtors</PARENT>
     <LANGUAGENAME.LIST>
      <NAME.LIST TYPE="String">
       <NAME>Rajasekar</NAME>
      </NAME.LIST>
      <LANGUAGEID TYPE="Number"> 1033</LANGUAGEID>
     </LANGUAGENAME.LIST>
    </LEDGER>
    <LEDGER NAME="Rajesh" RESERVEDNAME="">
     <PARENT TYPE="String">Sundry Debtors</PARENT>
     <LANGUAGENAME.LIST>
      <NAME.LIST TYPE="String">
       <NAME>Rajesh</NAME>
      </NAME.LIST>
      <LANGUAGEID TYPE="Number"> 1033</LANGUAGEID>
     </LANGUAGENAME.LIST>
    </LEDGER>
    <LEDGER NAME="Raj Textiles" RESERVEDNAME="">
     <PARENT TYPE="String">Debtors-KMY</PARENT>
     <LANGUAGENAME.LIST>
      <NAME.LIST TYPE="String">
       <NAME>Raj Textiles</NAME>
      </NAME.LIST>
      <LANGUAGEID TYPE="Number"> 1033</LANGUAGEID>
     </LANGUAGENAME.LIST>
    </LEDGER>
    <LEDGER NAME="Ramachandran" RESERVEDNAME="">
     <PARENT TYPE="String">Sundry Debtors</PARENT>
     <LANGUAGENAME.LIST>
      <NAME.LIST TYPE="String">
       <NAME>Ramachandran</NAME>
      </NAME.LIST>
      <LANGUAGEID TYPE="Number"> 1033</LANGUAGEID>
     </LANGUAGENAME.LIST>
    </LEDGER>
    <LEDGER NAME="Ramalingam" RESERVEDNAME="">
     <PARENT TYPE="String">Unsecured Loans</PARENT>
     <LANGUAGENAME.LIST>
      <NAME.LIST TYPE="String">
       <NAME>Ramalingam</NAME>
      </NAME.LIST>
      <LANGUAGEID TYPE="Number"> 1033</LANGUAGEID>
     </LANGUAGENAME.LIST>
    </LEDGER>
    <LEDGER NAME="Ramalingam.V" RESERVEDNAME="">
     <PARENT TYPE="String">Debtors-VR</PARENT>
     <LANGUAGENAME.LIST>
      <NAME.LIST TYPE="String">
       <NAME>Ramalingam.V</NAME>
       <NAME>R</NAME>
      </NAME.LIST>
      <LANGUAGEID TYPE="Number"> 1033</LANGUAGEID>
     </LANGUAGENAME.LIST>
    </LEDGER>
    <LEDGER NAME="Ramamoorthy" RESERVEDNAME="">
     <PARENT TYPE="String">Sundry Debtors</PARENT>
     <LANGUAGENAME.LIST>
      <NAME.LIST TYPE="String">
       <NAME>Ramamoorthy</NAME>
      </NAME.LIST>
      <LANGUAGEID TYPE="Number"> 1033</LANGUAGEID>
     </LANGUAGENAME.LIST>
    </LEDGER>
    <LEDGER NAME="Raman" RESERVEDNAME="">
     <PARENT TYPE="String">Debtors-VR</PARENT>
     <LANGUAGENAME.LIST>
      <NAME.LIST TYPE="String">
       <NAME>Raman</NAME>
      </NAME.LIST>
      <LANGUAGEID TYPE="Number"> 1033</LANGUAGEID>
     </LANGUAGENAME.LIST>
    </LEDGER>
    <LEDGER NAME="Ramesh" RESERVEDNAME="">
     <PARENT TYPE="String">Sundry Debtors</PARENT>
     <LANGUAGENAME.LIST>
      <NAME.LIST TYPE="String">
       <NAME>Ramesh</NAME>
      </NAME.LIST>
      <LANGUAGEID TYPE="Number"> 1033</LANGUAGEID>
     </LANGUAGENAME.LIST>
    </LEDGER>
    <LEDGER NAME="Ramgopal" RESERVEDNAME="">
     <PARENT TYPE="String">Sundry Debtors</PARENT>
     <LANGUAGENAME.LIST>
      <NAME.LIST TYPE="String">
       <NAME>Ramgopal</NAME>
      </NAME.LIST>
      <LANGUAGEID TYPE="Number"> 1033</LANGUAGEID>
     </LANGUAGENAME.LIST>
    </LEDGER>
    <LEDGER NAME="Ramkrishnan" RESERVEDNAME="">
     <PARENT TYPE="String">Sundry Debtors</PARENT>
     <LANGUAGENAME.LIST>
      <NAME.LIST TYPE="String">
       <NAME>Ramkrishnan</NAME>
      </NAME.LIST>
      <LANGUAGEID TYPE="Number"> 1033</LANGUAGEID>
     </LANGUAGENAME.LIST>
    </LEDGER>
    <LEDGER NAME="RAMNATH AND COMPANY PRIVATE LIMITED" RESERVEDNAME="">
     <PARENT TYPE="String">Sundry Creditors</PARENT>
     <LANGUAGENAME.LIST>
      <NAME.LIST TYPE="String">
       <NAME>RAMNATH AND COMPANY PRIVATE LIMITED</NAME>
      </NAME.LIST>
      <LANGUAGEID TYPE="Number"> 1033</LANGUAGEID>
     </LANGUAGENAME.LIST>
    </LEDGER>
    <LEDGER NAME="RAM-NATH AND CO PVT LTD" RESERVEDNAME="">
     <PARENT TYPE="String">Sundry Creditors</PARENT>
     <LANGUAGENAME.LIST>
      <NAME.LIST TYPE="String">
       <NAME>RAM-NATH AND CO PVT LTD</NAME>
      </NAME.LIST>
      <LANGUAGEID TYPE="Number"> 1033</LANGUAGEID>
     </LANGUAGENAME.LIST>
    </LEDGER>
    <LEDGER NAME="Ram Silks" RESERVEDNAME="">
     <PARENT TYPE="String">Sundry Debtors</PARENT>
     <LANGUAGENAME.LIST>
      <NAME.LIST TYPE="String">
       <NAME>Ram Silks</NAME>
      </NAME.LIST>
      <LANGUAGEID TYPE="Number"> 1033</LANGUAGEID>
     </LANGUAGENAME.LIST>
    </LEDGER>
    <LEDGER NAME="Ravi" RESERVEDNAME="">
     <PARENT TYPE="String">Sundry Debtors</PARENT>
     <LANGUAGENAME.LIST>
      <NAME.LIST TYPE="String">
       <NAME>Ravi</NAME>
      </NAME.LIST>
      <LANGUAGEID TYPE="Number"> 1033</LANGUAGEID>
     </LANGUAGENAME.LIST>
    </LEDGER>
    <LEDGER NAME="Ravichandran" RESERVEDNAME="">
     <PARENT TYPE="String">Sundry Debtors</PARENT>
     <LANGUAGENAME.LIST>
      <NAME.LIST TYPE="String">
       <NAME>Ravichandran</NAME>
      </NAME.LIST>
      <LANGUAGEID TYPE="Number"> 1033</LANGUAGEID>
     </LANGUAGENAME.LIST>
    </LEDGER>
    <LEDGER NAME="Reliance Industries Limited" RESERVEDNAME="">
     <PARENT TYPE="String">Sundry Creditors</PARENT>
     <LANGUAGENAME.LIST>
      <NAME.LIST TYPE="String">
       <NAME>Reliance Industries Limited</NAME>
      </NAME.LIST>
      <LANGUAGEID TYPE="Number"> 1033</LANGUAGEID>
     </LANGUAGENAME.LIST>
    </LEDGER>
    <LEDGER NAME="Rental Advance" RESERVEDNAME="">
     <PARENT TYPE="String">Loans &amp; Advances (Asset)</PARENT>
     <LANGUAGENAME.LIST>
      <NAME.LIST TYPE="String">
       <NAME>Rental Advance</NAME>
      </NAME.LIST>
      <LANGUAGEID TYPE="Number"> 1033</LANGUAGEID>
     </LANGUAGENAME.LIST>
    </LEDGER>
    <LEDGER NAME="Rent Paid" RESERVEDNAME="">
     <PARENT TYPE="String">Indirect Expenses</PARENT>
     <LANGUAGENAME.LIST>
      <NAME.LIST TYPE="String">
       <NAME>Rent Paid</NAME>
      </NAME.LIST>
      <LANGUAGEID TYPE="Number"> 1033</LANGUAGEID>
     </LANGUAGENAME.LIST>
    </LEDGER>
    <LEDGER NAME="RENUKA SILKS" RESERVEDNAME="">
     <PARENT TYPE="String">Sundry Debtors</PARENT>
     <LANGUAGENAME.LIST>
      <NAME.LIST TYPE="String">
       <NAME>RENUKA SILKS</NAME>
      </NAME.LIST>
      <LANGUAGEID TYPE="Number"> 1033</LANGUAGEID>
     </LANGUAGENAME.LIST>
    </LEDGER>
    <LEDGER NAME="Renuka Silks And REadymates" RESERVEDNAME="">
     <PARENT TYPE="String">Sundry Debtors</PARENT>
     <LANGUAGENAME.LIST>
      <NAME.LIST TYPE="String">
       <NAME>Renuka Silks And REadymates</NAME>
      </NAME.LIST>
      <LANGUAGEID TYPE="Number"> 1033</LANGUAGEID>
     </LANGUAGENAME.LIST>
    </LEDGER>
    <LEDGER NAME="RENUKA SILKS &amp; READYMADE" RESERVEDNAME="">
     <PARENT TYPE="String">Sundry Debtors</PARENT>
     <LANGUAGENAME.LIST>
      <NAME.LIST TYPE="String">
       <NAME>RENUKA SILKS &amp; READYMADE</NAME>
      </NAME.LIST>
      <LANGUAGEID TYPE="Number"> 1033</LANGUAGEID>
     </LANGUAGENAME.LIST>
    </LEDGER>
    <LEDGER NAME="Repaire and Maintance" RESERVEDNAME="">
     <PARENT TYPE="String">Indirect Expenses</PARENT>
     <LANGUAGENAME.LIST>
      <NAME.LIST TYPE="String">
       <NAME>Repaire and Maintance</NAME>
      </NAME.LIST>
      <LANGUAGEID TYPE="Number"> 1033</LANGUAGEID>
     </LANGUAGENAME.LIST>
    </LEDGER>
    <LEDGER NAME="Rishabh Trixim LLP-Chennai" RESERVEDNAME="">
     <PARENT TYPE="String">Sundry Creditors</PARENT>
     <LANGUAGENAME.LIST>
      <NAME.LIST TYPE="String">
       <NAME>Rishabh Trixim LLP-Chennai</NAME>
      </NAME.LIST>
      <LANGUAGEID TYPE="Number"> 1033</LANGUAGEID>
     </LANGUAGENAME.LIST>
    </LEDGER>
    <LEDGER NAME="Riyazathunnisha Begam" RESERVEDNAME="">
     <PARENT TYPE="String">Loans (Liability)</PARENT>
     <LANGUAGENAME.LIST>
      <NAME.LIST TYPE="String">
       <NAME>Riyazathunnisha Begam</NAME>
      </NAME.LIST>
      <LANGUAGEID TYPE="Number"> 1033</LANGUAGEID>
     </LANGUAGENAME.LIST>
    </LEDGER>
    <LEDGER NAME="Round Off" RESERVEDNAME="">
     <PARENT TYPE="String">Indirect Expenses</PARENT>
     <LANGUAGENAME.LIST>
      <NAME.LIST TYPE="String">
       <NAME>Round Off</NAME>
       <NAME>O</NAME>
      </NAME.LIST>
      <LANGUAGEID TYPE="Number"> 1033</LANGUAGEID>
     </LANGUAGENAME.LIST>
    </LEDGER>
    <LEDGER NAME="R.S. ENTERPRISES" RESERVEDNAME="">
     <PARENT TYPE="String">Sundry Creditors</PARENT>
     <LANGUAGENAME.LIST>
      <NAME.LIST TYPE="String">
       <NAME>R.S. ENTERPRISES</NAME>
      </NAME.LIST>
      <LANGUAGEID TYPE="Number"> 1033</LANGUAGEID>
     </LANGUAGENAME.LIST>
    </LEDGER>
    <LEDGER NAME="SABARI AGENCIES" RESERVEDNAME="">
     <PARENT TYPE="String">Sundry Creditors</PARENT>
     <LANGUAGENAME.LIST>
      <NAME.LIST TYPE="String">
       <NAME>SABARI AGENCIES</NAME>
      </NAME.LIST>
      <LANGUAGEID TYPE="Number"> 1033</LANGUAGEID>
     </LANGUAGENAME.LIST>
    </LEDGER>
    <LEDGER NAME="Sai Graphics" RESERVEDNAME="">
     <PARENT TYPE="String">Sundry Creditors</PARENT>
     <LANGUAGENAME.LIST>
      <NAME.LIST TYPE="String">
       <NAME>Sai Graphics</NAME>
      </NAME.LIST>
      <LANGUAGEID TYPE="Number"> 1033</LANGUAGEID>
     </LANGUAGENAME.LIST>
    </LEDGER>
    <LEDGER NAME="SAKTHI MURUGAN COMPANY" RESERVEDNAME="">
     <PARENT TYPE="String">Sundry Creditors</PARENT>
     <LANGUAGENAME.LIST>
      <NAME.LIST TYPE="String">
       <NAME>SAKTHI MURUGAN COMPANY</NAME>
      </NAME.LIST>
      <LANGUAGEID TYPE="Number"> 1033</LANGUAGEID>
     </LANGUAGENAME.LIST>
    </LEDGER>
    <LEDGER NAME="Sakthivel" RESERVEDNAME="">
     <PARENT TYPE="String">Sundry Debtors</PARENT>
     <LANGUAGENAME.LIST>
      <NAME.LIST TYPE="String">
       <NAME>Sakthivel</NAME>
      </NAME.LIST>
      <LANGUAGEID TYPE="Number"> 1033</LANGUAGEID>
     </LANGUAGENAME.LIST>
    </LEDGER>
    <LEDGER NAME="Salary" RESERVEDNAME="">
     <PARENT TYPE="String">Indirect Expenses</PARENT>
     <LANGUAGENAME.LIST>
      <NAME.LIST TYPE="String">
       <NAME>Salary</NAME>
       <NAME>A</NAME>
      </NAME.LIST>
      <LANGUAGEID TYPE="Number"> 1033</LANGUAGEID>
     </LANGUAGENAME.LIST>
    </LEDGER>
    <LEDGER NAME="Sales" RESERVEDNAME="">
     <PARENT TYPE="String">Sales Accounts</PARENT>
     <LANGUAGENAME.LIST>
      <NAME.LIST TYPE="String">
       <NAME>Sales</NAME>
      </NAME.LIST>
      <LANGUAGEID TYPE="Number"> 1033</LANGUAGEID>
     </LANGUAGENAME.LIST>
    </LEDGER>
    <LEDGER NAME="Sales @12%" RESERVEDNAME="">
     <PARENT TYPE="String">Sales Accounts</PARENT>
     <LANGUAGENAME.LIST>
      <NAME.LIST TYPE="String">
       <NAME>Sales @12%</NAME>
      </NAME.LIST>
      <LANGUAGEID TYPE="Number"> 1033</LANGUAGEID>
     </LANGUAGENAME.LIST>
    </LEDGER>
    <LEDGER NAME="Sales@18%" RESERVEDNAME="">
     <PARENT TYPE="String">Sales Accounts</PARENT>
     <LANGUAGENAME.LIST>
      <NAME.LIST TYPE="String">
       <NAME>Sales@18%</NAME>
       <NAME>SA</NAME>
      </NAME.LIST>
      <LANGUAGEID TYPE="Number"> 1033</LANGUAGEID>
     </LANGUAGENAME.LIST>
    </LEDGER>
    <LEDGER NAME="Sales Igst@12%" RESERVEDNAME="">
     <PARENT TYPE="String">Sales Accounts</PARENT>
     <LANGUAGENAME.LIST>
      <NAME.LIST TYPE="String">
       <NAME>Sales Igst@12%</NAME>
       <NAME>12</NAME>
      </NAME.LIST>
      <LANGUAGEID TYPE="Number"> 1033</LANGUAGEID>
     </LANGUAGENAME.LIST>
    </LEDGER>
    <LEDGER NAME="Sales Igst@18%" RESERVEDNAME="">
     <PARENT TYPE="String">Sales Accounts</PARENT>
     <LANGUAGENAME.LIST>
      <NAME.LIST TYPE="String">
       <NAME>Sales Igst@18%</NAME>
       <NAME>Ss</NAME>
      </NAME.LIST>
      <LANGUAGEID TYPE="Number"> 1033</LANGUAGEID>
     </LANGUAGENAME.LIST>
    </LEDGER>
    <LEDGER NAME="Sales Igst @ 5%" RESERVEDNAME="">
     <PARENT TYPE="String">Sales Accounts</PARENT>
     <LANGUAGENAME.LIST>
      <NAME.LIST TYPE="String">
       <NAME>Sales Igst @ 5%</NAME>
      </NAME.LIST>
      <LANGUAGEID TYPE="Number"> 1033</LANGUAGEID>
     </LANGUAGENAME.LIST>
    </LEDGER>
    <LEDGER NAME="Saminathan" RESERVEDNAME="">
     <PARENT TYPE="String">Sundry Debtors</PARENT>
     <LANGUAGENAME.LIST>
      <NAME.LIST TYPE="String">
       <NAME>Saminathan</NAME>
      </NAME.LIST>
      <LANGUAGEID TYPE="Number"> 1033</LANGUAGEID>
     </LANGUAGENAME.LIST>
    </LEDGER>
    <LEDGER NAME="Samson Packaging" RESERVEDNAME="">
     <PARENT TYPE="String">Sundry Creditors</PARENT>
     <LANGUAGENAME.LIST>
      <NAME.LIST TYPE="String">
       <NAME>Samson Packaging</NAME>
      </NAME.LIST>
      <LANGUAGEID TYPE="Number"> 1033</LANGUAGEID>
     </LANGUAGENAME.LIST>
    </LEDGER>
    <LEDGER NAME="Sankar" RESERVEDNAME="">
     <PARENT TYPE="String">Sundry Debtors</PARENT>
     <LANGUAGENAME.LIST>
      <NAME.LIST TYPE="String">
       <NAME>Sankar</NAME>
      </NAME.LIST>
      <LANGUAGEID TYPE="Number"> 1033</LANGUAGEID>
     </LANGUAGENAME.LIST>
    </LEDGER>
    <LEDGER NAME="Sankaran" RESERVEDNAME="">
     <PARENT TYPE="String">Sundry Debtors</PARENT>
     <LANGUAGENAME.LIST>
      <NAME.LIST TYPE="String">
       <NAME>Sankaran</NAME>
      </NAME.LIST>
      <LANGUAGEID TYPE="Number"> 1033</LANGUAGEID>
     </LANGUAGENAME.LIST>
    </LEDGER>
    <LEDGER NAME="Santha Kumar" RESERVEDNAME="">
     <PARENT TYPE="String">Sundry Debtors</PARENT>
     <LANGUAGENAME.LIST>
      <NAME.LIST TYPE="String">
       <NAME>Santha Kumar</NAME>
      </NAME.LIST>
      <LANGUAGEID TYPE="Number"> 1033</LANGUAGEID>
     </LANGUAGENAME.LIST>
    </LEDGER>
    <LEDGER NAME="Santhosh" RESERVEDNAME="">
     <PARENT TYPE="String">Sundry Debtors</PARENT>
     <LANGUAGENAME.LIST>
      <NAME.LIST TYPE="String">
       <NAME>Santhosh</NAME>
      </NAME.LIST>
      <LANGUAGEID TYPE="Number"> 1033</LANGUAGEID>
     </LANGUAGENAME.LIST>
    </LEDGER>
    <LEDGER NAME="Santhosh Sweets" RESERVEDNAME="">
     <PARENT TYPE="String">Debtors-KMY</PARENT>
     <LANGUAGENAME.LIST>
      <NAME.LIST TYPE="String">
       <NAME>Santhosh Sweets</NAME>
      </NAME.LIST>
      <LANGUAGEID TYPE="Number"> 1033</LANGUAGEID>
     </LANGUAGENAME.LIST>
    </LEDGER>
    <LEDGER NAME="Saravanan" RESERVEDNAME="">
     <PARENT TYPE="String">Sundry Debtors</PARENT>
     <LANGUAGENAME.LIST>
      <NAME.LIST TYPE="String">
       <NAME>Saravanan</NAME>
      </NAME.LIST>
      <LANGUAGEID TYPE="Number"> 1033</LANGUAGEID>
     </LANGUAGENAME.LIST>
    </LEDGER>
    <LEDGER NAME="Saravanan Silks" RESERVEDNAME="">
     <PARENT TYPE="String">Sundry Debtors</PARENT>
     <LANGUAGENAME.LIST>
      <NAME.LIST TYPE="String">
       <NAME>Saravanan Silks</NAME>
      </NAME.LIST>
      <LANGUAGEID TYPE="Number"> 1033</LANGUAGEID>
     </LANGUAGENAME.LIST>
    </LEDGER>
    <LEDGER NAME="Saravana Stores (Celebrity)" RESERVEDNAME="">
     <PARENT TYPE="String">Sundry Debtors</PARENT>
     <LANGUAGENAME.LIST>
      <NAME.LIST TYPE="String">
       <NAME>Saravana Stores (Celebrity)</NAME>
      </NAME.LIST>
      <LANGUAGEID TYPE="Number"> 1033</LANGUAGEID>
     </LANGUAGENAME.LIST>
    </LEDGER>
    <LEDGER NAME="Saravana Textiles" RESERVEDNAME="">
     <PARENT TYPE="String">Debtors-VR</PARENT>
     <LANGUAGENAME.LIST>
      <NAME.LIST TYPE="String">
       <NAME>Saravana Textiles</NAME>
      </NAME.LIST>
      <LANGUAGEID TYPE="Number"> 1033</LANGUAGEID>
     </LANGUAGENAME.LIST>
    </LEDGER>
    <LEDGER NAME="Sarkar Silk House" RESERVEDNAME="">
     <PARENT TYPE="String">Sundry Debtors</PARENT>
     <LANGUAGENAME.LIST>
      <NAME.LIST TYPE="String">
       <NAME>Sarkar Silk House</NAME>
      </NAME.LIST>
      <LANGUAGEID TYPE="Number"> 1033</LANGUAGEID>
     </LANGUAGENAME.LIST>
    </LEDGER>
    <LEDGER NAME="Sathya" RESERVEDNAME="">
     <PARENT TYPE="String">Sundry Debtors</PARENT>
     <LANGUAGENAME.LIST>
      <NAME.LIST TYPE="String">
       <NAME>Sathya</NAME>
      </NAME.LIST>
      <LANGUAGEID TYPE="Number"> 1033</LANGUAGEID>
     </LANGUAGENAME.LIST>
    </LEDGER>
    <LEDGER NAME="Sathya Moorthy" RESERVEDNAME="">
     <PARENT TYPE="String">Sundry Debtors</PARENT>
     <LANGUAGENAME.LIST>
      <NAME.LIST TYPE="String">
       <NAME>Sathya Moorthy</NAME>
      </NAME.LIST>
      <LANGUAGEID TYPE="Number"> 1033</LANGUAGEID>
     </LANGUAGENAME.LIST>
    </LEDGER>
    <LEDGER NAME="Sathya Raj" RESERVEDNAME="">
     <PARENT TYPE="String">Sundry Debtors</PARENT>
     <LANGUAGENAME.LIST>
      <NAME.LIST TYPE="String">
       <NAME>Sathya Raj</NAME>
      </NAME.LIST>
      <LANGUAGEID TYPE="Number"> 1033</LANGUAGEID>
     </LANGUAGENAME.LIST>
    </LEDGER>
    <LEDGER NAME="Sathya Silks" RESERVEDNAME="">
     <PARENT TYPE="String">The Chennai Silks Groups</PARENT>
     <LANGUAGENAME.LIST>
      <NAME.LIST TYPE="String">
       <NAME>Sathya Silks</NAME>
      </NAME.LIST>
      <LANGUAGEID TYPE="Number"> 1033</LANGUAGEID>
     </LANGUAGENAME.LIST>
    </LEDGER>
    <LEDGER NAME="S.A. Traders" RESERVEDNAME="">
     <PARENT TYPE="String">Sundry Creditors</PARENT>
     <LANGUAGENAME.LIST>
      <NAME.LIST TYPE="String">
       <NAME>S.A. Traders</NAME>
      </NAME.LIST>
      <LANGUAGEID TYPE="Number"> 1033</LANGUAGEID>
     </LANGUAGENAME.LIST>
    </LEDGER>
    <LEDGER NAME="Sbi Credit Card Charges" RESERVEDNAME="">
     <PARENT TYPE="String">Indirect Expenses</PARENT>
     <LANGUAGENAME.LIST>
      <NAME.LIST TYPE="String">
       <NAME>Sbi Credit Card Charges</NAME>
      </NAME.LIST>
      <LANGUAGEID TYPE="Number"> 1033</LANGUAGEID>
     </LANGUAGENAME.LIST>
    </LEDGER>
    <LEDGER NAME="SBI GENERAL INSURANCE COMPANY LTD" RESERVEDNAME="">
     <PARENT TYPE="String">Sundry Creditors</PARENT>
     <LANGUAGENAME.LIST>
      <NAME.LIST TYPE="String">
       <NAME>SBI GENERAL INSURANCE COMPANY LTD</NAME>
      </NAME.LIST>
      <LANGUAGEID TYPE="Number"> 1033</LANGUAGEID>
     </LANGUAGENAME.LIST>
    </LEDGER>
    <LEDGER NAME="SBI OD A/c No. 670310703077" RESERVEDNAME="">
     <PARENT TYPE="String">Bank OD A/c</PARENT>
     <LANGUAGENAME.LIST>
      <NAME.LIST TYPE="String">
       <NAME>SBI OD A/c No. 670310703077</NAME>
       <NAME>7</NAME>
      </NAME.LIST>
      <LANGUAGEID TYPE="Number"> 1033</LANGUAGEID>
     </LANGUAGENAME.LIST>
    </LEDGER>
    <LEDGER NAME="SCIETECH INSPECTION SERVICES" RESERVEDNAME="">
     <PARENT TYPE="String">Loans &amp; Advances (Asset)</PARENT>
     <LANGUAGENAME.LIST>
      <NAME.LIST TYPE="String">
       <NAME>SCIETECH INSPECTION SERVICES</NAME>
      </NAME.LIST>
      <LANGUAGEID TYPE="Number"> 1033</LANGUAGEID>
     </LANGUAGENAME.LIST>
    </LEDGER>
    <LEDGER NAME="Scm Creation" RESERVEDNAME="">
     <PARENT TYPE="String">Sundry Debtors</PARENT>
     <LANGUAGENAME.LIST>
      <NAME.LIST TYPE="String">
       <NAME>Scm Creation</NAME>
      </NAME.LIST>
      <LANGUAGEID TYPE="Number"> 1033</LANGUAGEID>
     </LANGUAGENAME.LIST>
    </LEDGER>
    <LEDGER NAME="Scm Creations" RESERVEDNAME="">
     <PARENT TYPE="String">The Chennai Silks Groups</PARENT>
     <LANGUAGENAME.LIST>
      <NAME.LIST TYPE="String">
       <NAME>Scm Creations</NAME>
      </NAME.LIST>
      <LANGUAGEID TYPE="Number"> 1033</LANGUAGEID>
     </LANGUAGENAME.LIST>
    </LEDGER>
    <LEDGER NAME="Seanel Shipping Pvt Ltd" RESERVEDNAME="">
     <PARENT TYPE="String">Sundry Creditors</PARENT>
     <LANGUAGENAME.LIST>
      <NAME.LIST TYPE="String">
       <NAME>Seanel Shipping Pvt Ltd</NAME>
      </NAME.LIST>
      <LANGUAGEID TYPE="Number"> 1033</LANGUAGEID>
     </LANGUAGENAME.LIST>
    </LEDGER>
    <LEDGER NAME="Segar-Rent Advance" RESERVEDNAME="">
     <PARENT TYPE="String">Loans &amp; Advances (Asset)</PARENT>
     <LANGUAGENAME.LIST>
      <NAME.LIST TYPE="String">
       <NAME>Segar-Rent Advance</NAME>
      </NAME.LIST>
      <LANGUAGEID TYPE="Number"> 1033</LANGUAGEID>
     </LANGUAGENAME.LIST>
    </LEDGER>
    <LEDGER NAME="Sekar" RESERVEDNAME="">
     <PARENT TYPE="String">Sundry Debtors</PARENT>
     <LANGUAGENAME.LIST>
      <NAME.LIST TYPE="String">
       <NAME>Sekar</NAME>
      </NAME.LIST>
      <LANGUAGEID TYPE="Number"> 1033</LANGUAGEID>
     </LANGUAGENAME.LIST>
    </LEDGER>
    <LEDGER NAME="Selvam" RESERVEDNAME="">
     <PARENT TYPE="String">Sundry Debtors</PARENT>
     <LANGUAGENAME.LIST>
      <NAME.LIST TYPE="String">
       <NAME>Selvam</NAME>
      </NAME.LIST>
      <LANGUAGEID TYPE="Number"> 1033</LANGUAGEID>
     </LANGUAGENAME.LIST>
    </LEDGER>
    <LEDGER NAME="Senthil" RESERVEDNAME="">
     <PARENT TYPE="String">Sundry Debtors</PARENT>
     <LANGUAGENAME.LIST>
      <NAME.LIST TYPE="String">
       <NAME>Senthil</NAME>
      </NAME.LIST>
      <LANGUAGEID TYPE="Number"> 1033</LANGUAGEID>
     </LANGUAGENAME.LIST>
    </LEDGER>
    <LEDGER NAME="Senthil Kumar" RESERVEDNAME="">
     <PARENT TYPE="String">Sundry Debtors</PARENT>
     <LANGUAGENAME.LIST>
      <NAME.LIST TYPE="String">
       <NAME>Senthil Kumar</NAME>
      </NAME.LIST>
      <LANGUAGEID TYPE="Number"> 1033</LANGUAGEID>
     </LANGUAGENAME.LIST>
    </LEDGER>
    <LEDGER NAME="Sero Packagingn Limited" RESERVEDNAME="">
     <PARENT TYPE="String">Sundry Creditors</PARENT>
     <LANGUAGENAME.LIST>
      <NAME.LIST TYPE="String">
       <NAME>Sero Packagingn Limited</NAME>
      </NAME.LIST>
      <LANGUAGEID TYPE="Number"> 1033</LANGUAGEID>
     </LANGUAGENAME.LIST>
    </LEDGER>
    <LEDGER NAME="Sesha Agencies" RESERVEDNAME="">
     <PARENT TYPE="String">Debtors-VR</PARENT>
     <LANGUAGENAME.LIST>
      <NAME.LIST TYPE="String">
       <NAME>Sesha Agencies</NAME>
      </NAME.LIST>
      <LANGUAGEID TYPE="Number"> 1033</LANGUAGEID>
     </LANGUAGENAME.LIST>
    </LEDGER>
    <LEDGER NAME="Seyyon Hitech Poly Fabs Pvt. Ltd" RESERVEDNAME="">
     <PARENT TYPE="String">Sundry Creditors</PARENT>
     <LANGUAGENAME.LIST>
      <NAME.LIST TYPE="String">
       <NAME>Seyyon Hitech Poly Fabs Pvt. Ltd</NAME>
      </NAME.LIST>
      <LANGUAGEID TYPE="Number"> 1033</LANGUAGEID>
     </LANGUAGENAME.LIST>
    </LEDGER>
    <LEDGER NAME="Sgst@6%" RESERVEDNAME="">
     <PARENT TYPE="String">Duties &amp; Taxes</PARENT>
     <LANGUAGENAME.LIST>
      <NAME.LIST TYPE="String">
       <NAME>Sgst@6%</NAME>
      </NAME.LIST>
      <LANGUAGEID TYPE="Number"> 1033</LANGUAGEID>
     </LANGUAGENAME.LIST>
    </LEDGER>
    <LEDGER NAME="Sgst@9%" RESERVEDNAME="">
     <PARENT TYPE="String">Duties &amp; Taxes</PARENT>
     <LANGUAGENAME.LIST>
      <NAME.LIST TYPE="String">
       <NAME>Sgst@9%</NAME>
      </NAME.LIST>
      <LANGUAGEID TYPE="Number"> 1033</LANGUAGEID>
     </LANGUAGENAME.LIST>
    </LEDGER>
    <LEDGER NAME="Shanmugasundharam" RESERVEDNAME="">
     <PARENT TYPE="String">Debtors-VR</PARENT>
     <LANGUAGENAME.LIST>
      <NAME.LIST TYPE="String">
       <NAME>Shanmugasundharam</NAME>
      </NAME.LIST>
      <LANGUAGEID TYPE="Number"> 1033</LANGUAGEID>
     </LANGUAGENAME.LIST>
    </LEDGER>
    <LEDGER NAME="Shivasakthi Bearing Centre" RESERVEDNAME="">
     <PARENT TYPE="String">Sundry Creditors</PARENT>
     <LANGUAGENAME.LIST>
      <NAME.LIST TYPE="String">
       <NAME>Shivasakthi Bearing Centre</NAME>
      </NAME.LIST>
      <LANGUAGEID TYPE="Number"> 1033</LANGUAGEID>
     </LANGUAGENAME.LIST>
    </LEDGER>
    <LEDGER NAME="Shri Munishwara Poly Pvt Ltd" RESERVEDNAME="">
     <PARENT TYPE="String">Sundry Creditors</PARENT>
     <LANGUAGENAME.LIST>
      <NAME.LIST TYPE="String">
       <NAME>Shri Munishwara Poly Pvt Ltd</NAME>
      </NAME.LIST>
      <LANGUAGEID TYPE="Number"> 1033</LANGUAGEID>
     </LANGUAGENAME.LIST>
    </LEDGER>
    <LEDGER NAME="SI Media Poly Tech" RESERVEDNAME="">
     <PARENT TYPE="String">Sundry Creditors</PARENT>
     <LANGUAGENAME.LIST>
      <NAME.LIST TYPE="String">
       <NAME>SI Media Poly Tech</NAME>
      </NAME.LIST>
      <LANGUAGEID TYPE="Number"> 1033</LANGUAGEID>
     </LANGUAGENAME.LIST>
    </LEDGER>
    <LEDGER NAME="Sinduja" RESERVEDNAME="">
     <PARENT TYPE="String">Salary Account</PARENT>
     <LANGUAGENAME.LIST>
      <NAME.LIST TYPE="String">
       <NAME>Sinduja</NAME>
      </NAME.LIST>
      <LANGUAGEID TYPE="Number"> 1033</LANGUAGEID>
     </LANGUAGENAME.LIST>
    </LEDGER>
    <LEDGER NAME="Sivanantham" RESERVEDNAME="">
     <PARENT TYPE="String">Sundry Debtors</PARENT>
     <LANGUAGENAME.LIST>
      <NAME.LIST TYPE="String">
       <NAME>Sivanantham</NAME>
      </NAME.LIST>
      <LANGUAGEID TYPE="Number"> 1033</LANGUAGEID>
     </LANGUAGENAME.LIST>
    </LEDGER>
    <LEDGER NAME="Sivaranjani Agencies" RESERVEDNAME="">
     <PARENT TYPE="String">Sundry Creditors</PARENT>
     <LANGUAGENAME.LIST>
      <NAME.LIST TYPE="String">
       <NAME>Sivaranjani Agencies</NAME>
      </NAME.LIST>
      <LANGUAGEID TYPE="Number"> 1033</LANGUAGEID>
     </LANGUAGENAME.LIST>
    </LEDGER>
    <LEDGER NAME="SKA Agencies" RESERVEDNAME="">
     <PARENT TYPE="String">Sundry Creditors</PARENT>
     <LANGUAGENAME.LIST>
      <NAME.LIST TYPE="String">
       <NAME>SKA Agencies</NAME>
      </NAME.LIST>
      <LANGUAGEID TYPE="Number"> 1033</LANGUAGEID>
     </LANGUAGENAME.LIST>
    </LEDGER>
    <LEDGER NAME="Skanda Agencies" RESERVEDNAME="">
     <PARENT TYPE="String">Sundry Creditors</PARENT>
     <LANGUAGENAME.LIST>
      <NAME.LIST TYPE="String">
       <NAME>Skanda Agencies</NAME>
       <NAME>Sk</NAME>
      </NAME.LIST>
      <LANGUAGEID TYPE="Number"> 1033</LANGUAGEID>
     </LANGUAGENAME.LIST>
    </LEDGER>
    <LEDGER NAME="Skanda Agencies ADVANCE" RESERVEDNAME="">
     <PARENT TYPE="String">Loans &amp; Advances (Asset)</PARENT>
     <LANGUAGENAME.LIST>
      <NAME.LIST TYPE="String">
       <NAME>Skanda Agencies ADVANCE</NAME>
      </NAME.LIST>
      <LANGUAGEID TYPE="Number"> 1033</LANGUAGEID>
     </LANGUAGENAME.LIST>
    </LEDGER>
    <LEDGER NAME="SLC LOAN-40646350894" RESERVEDNAME="">
     <PARENT TYPE="String">Secured Loans</PARENT>
     <LANGUAGENAME.LIST>
      <NAME.LIST TYPE="String">
       <NAME>SLC LOAN-40646350894</NAME>
      </NAME.LIST>
      <LANGUAGEID TYPE="Number"> 1033</LANGUAGEID>
     </LANGUAGENAME.LIST>
    </LEDGER>
    <LEDGER NAME="SLC LOAN Interest" RESERVEDNAME="">
     <PARENT TYPE="String">Indirect Expenses</PARENT>
     <LANGUAGENAME.LIST>
      <NAME.LIST TYPE="String">
       <NAME>SLC LOAN Interest</NAME>
      </NAME.LIST>
      <LANGUAGEID TYPE="Number"> 1033</LANGUAGEID>
     </LANGUAGENAME.LIST>
    </LEDGER>
    <LEDGER NAME="SME GOLD LOAN 40469319594" RESERVEDNAME="">
     <PARENT TYPE="String">Secured Loans</PARENT>
     <LANGUAGENAME.LIST>
      <NAME.LIST TYPE="String">
       <NAME>SME GOLD LOAN 40469319594</NAME>
       <NAME>594</NAME>
      </NAME.LIST>
      <LANGUAGEID TYPE="Number"> 1033</LANGUAGEID>
     </LANGUAGENAME.LIST>
    </LEDGER>
    <LEDGER NAME="Space Textiles" RESERVEDNAME="">
     <PARENT TYPE="String">The Chennai Silks Groups</PARENT>
     <LANGUAGENAME.LIST>
      <NAME.LIST TYPE="String">
       <NAME>Space Textiles</NAME>
      </NAME.LIST>
      <LANGUAGEID TYPE="Number"> 1033</LANGUAGEID>
     </LANGUAGENAME.LIST>
    </LEDGER>
    <LEDGER NAME="Spectraa Net" RESERVEDNAME="">
     <PARENT TYPE="String">Sundry Creditors</PARENT>
     <LANGUAGENAME.LIST>
      <NAME.LIST TYPE="String">
       <NAME>Spectraa Net</NAME>
      </NAME.LIST>
      <LANGUAGEID TYPE="Number"> 1033</LANGUAGEID>
     </LANGUAGENAME.LIST>
    </LEDGER>
    <LEDGER NAME="Sree Durga Plasyics" RESERVEDNAME="">
     <PARENT TYPE="String">Sundry Debtors</PARENT>
     <LANGUAGENAME.LIST>
      <NAME.LIST TYPE="String">
       <NAME>Sree Durga Plasyics</NAME>
      </NAME.LIST>
      <LANGUAGEID TYPE="Number"> 1033</LANGUAGEID>
     </LANGUAGENAME.LIST>
    </LEDGER>
    <LEDGER NAME="Sree Jayasakthi Electrical" RESERVEDNAME="">
     <PARENT TYPE="String">Sundry Creditors</PARENT>
     <LANGUAGENAME.LIST>
      <NAME.LIST TYPE="String">
       <NAME>Sree Jayasakthi Electrical</NAME>
      </NAME.LIST>
      <LANGUAGEID TYPE="Number"> 1033</LANGUAGEID>
     </LANGUAGENAME.LIST>
    </LEDGER>
    <LEDGER NAME="Sree Kumaran" RESERVEDNAME="">
     <PARENT TYPE="String">The Chennai Silks Groups</PARENT>
     <LANGUAGENAME.LIST>
      <NAME.LIST TYPE="String">
       <NAME>Sree Kumaran</NAME>
      </NAME.LIST>
      <LANGUAGEID TYPE="Number"> 1033</LANGUAGEID>
     </LANGUAGENAME.LIST>
    </LEDGER>
    <LEDGER NAME="Sree Nandhi Silks" RESERVEDNAME="">
     <PARENT TYPE="String">The Chennai Silks Groups</PARENT>
     <LANGUAGENAME.LIST>
      <NAME.LIST TYPE="String">
       <NAME>Sree Nandhi Silks</NAME>
      </NAME.LIST>
      <LANGUAGEID TYPE="Number"> 1033</LANGUAGEID>
     </LANGUAGENAME.LIST>
    </LEDGER>
    <LEDGER NAME="Sri Amman Textiles" RESERVEDNAME="">
     <PARENT TYPE="String">Sundry Debtors</PARENT>
     <LANGUAGENAME.LIST>
      <NAME.LIST TYPE="String">
       <NAME>Sri Amman Textiles</NAME>
      </NAME.LIST>
      <LANGUAGEID TYPE="Number"> 1033</LANGUAGEID>
     </LANGUAGENAME.LIST>
    </LEDGER>
    <LEDGER NAME="Sri Chitra Paper Store" RESERVEDNAME="">
     <PARENT TYPE="String">Sundry Creditors</PARENT>
     <LANGUAGENAME.LIST>
      <NAME.LIST TYPE="String">
       <NAME>Sri Chitra Paper Store</NAME>
      </NAME.LIST>
      <LANGUAGEID TYPE="Number"> 1033</LANGUAGEID>
     </LANGUAGENAME.LIST>
    </LEDGER>
    <LEDGER NAME="Sri Durga Flastiks" RESERVEDNAME="">
     <PARENT TYPE="String">Sundry Debtors</PARENT>
     <LANGUAGENAME.LIST>
      <NAME.LIST TYPE="String">
       <NAME>Sri Durga Flastiks</NAME>
      </NAME.LIST>
      <LANGUAGEID TYPE="Number"> 1033</LANGUAGEID>
     </LANGUAGENAME.LIST>
    </LEDGER>
    <LEDGER NAME="SRI GANESH AGENCIES" RESERVEDNAME="">
     <PARENT TYPE="String">Sundry Creditors</PARENT>
     <LANGUAGENAME.LIST>
      <NAME.LIST TYPE="String">
       <NAME>SRI GANESH AGENCIES</NAME>
      </NAME.LIST>
      <LANGUAGEID TYPE="Number"> 1033</LANGUAGEID>
     </LANGUAGENAME.LIST>
    </LEDGER>
    <LEDGER NAME="Sri Ganesh Electricals" RESERVEDNAME="">
     <PARENT TYPE="String">Sundry Creditors</PARENT>
     <LANGUAGENAME.LIST>
      <NAME.LIST TYPE="String">
       <NAME>Sri Ganesh Electricals</NAME>
      </NAME.LIST>
      <LANGUAGEID TYPE="Number"> 1033</LANGUAGEID>
     </LANGUAGENAME.LIST>
    </LEDGER>
    <LEDGER NAME="Sri Gopal Greens" RESERVEDNAME="">
     <PARENT TYPE="String">Debtors - JMD</PARENT>
     <LANGUAGENAME.LIST>
      <NAME.LIST TYPE="String">
       <NAME>Sri Gopal Greens</NAME>
      </NAME.LIST>
      <LANGUAGEID TYPE="Number"> 1033</LANGUAGEID>
     </LANGUAGENAME.LIST>
    </LEDGER>
    <LEDGER NAME="Sri Guberan Traders" RESERVEDNAME="">
     <PARENT TYPE="String">Sundry Creditors</PARENT>
     <LANGUAGENAME.LIST>
      <NAME.LIST TYPE="String">
       <NAME>Sri Guberan Traders</NAME>
      </NAME.LIST>
      <LANGUAGEID TYPE="Number"> 1033</LANGUAGEID>
     </LANGUAGENAME.LIST>
    </LEDGER>
    <LEDGER NAME="Sri Kms Paper" RESERVEDNAME="">
     <PARENT TYPE="String">Sundry Creditors</PARENT>
     <LANGUAGENAME.LIST>
      <NAME.LIST TYPE="String">
       <NAME>Sri Kms Paper</NAME>
      </NAME.LIST>
      <LANGUAGEID TYPE="Number"> 1033</LANGUAGEID>
     </LANGUAGENAME.LIST>
    </LEDGER>
    <LEDGER NAME="Sri Kumaran Khadhi Bavan-Kum" RESERVEDNAME="">
     <PARENT TYPE="String">Debtors-VR</PARENT>
     <LANGUAGENAME.LIST>
      <NAME.LIST TYPE="String">
       <NAME>Sri Kumaran Khadhi Bavan-Kum</NAME>
      </NAME.LIST>
      <LANGUAGEID TYPE="Number"> 1033</LANGUAGEID>
     </LANGUAGENAME.LIST>
    </LEDGER>
    <LEDGER NAME="Sri Kumaran Silks" RESERVEDNAME="">
     <PARENT TYPE="String">Sundry Debtors</PARENT>
     <LANGUAGENAME.LIST>
      <NAME.LIST TYPE="String">
       <NAME>Sri Kumaran Silks</NAME>
      </NAME.LIST>
      <LANGUAGEID TYPE="Number"> 1033</LANGUAGEID>
     </LANGUAGENAME.LIST>
    </LEDGER>
    <LEDGER NAME="Sri Lakshmi Narayana Agencies" RESERVEDNAME="">
     <PARENT TYPE="String">Sundry Debtors</PARENT>
     <LANGUAGENAME.LIST>
      <NAME.LIST TYPE="String">
       <NAME>Sri Lakshmi Narayana Agencies</NAME>
      </NAME.LIST>
      <LANGUAGEID TYPE="Number"> 1033</LANGUAGEID>
     </LANGUAGENAME.LIST>
    </LEDGER>
    <LEDGER NAME="Sri Mahalakshmi Textiles &amp; Readymates" RESERVEDNAME="">
     <PARENT TYPE="String">Debtors-VR</PARENT>
     <LANGUAGENAME.LIST>
      <NAME.LIST TYPE="String">
       <NAME>Sri Mahalakshmi Textiles &amp; Readymates</NAME>
      </NAME.LIST>
      <LANGUAGEID TYPE="Number"> 1033</LANGUAGEID>
     </LANGUAGENAME.LIST>
    </LEDGER>
    <LEDGER NAME="Sri Murugan Khadhi Vasthralayam-Kum" RESERVEDNAME="">
     <PARENT TYPE="String">Debtors - JMD</PARENT>
     <LANGUAGENAME.LIST>
      <NAME.LIST TYPE="String">
       <NAME>Sri Murugan Khadhi Vasthralayam-Kum</NAME>
      </NAME.LIST>
      <LANGUAGEID TYPE="Number"> 1033</LANGUAGEID>
     </LANGUAGENAME.LIST>
    </LEDGER>
    <LEDGER NAME="Sri Murugan Khadi Bhavan" RESERVEDNAME="">
     <PARENT TYPE="String">Sundry Debtors</PARENT>
     <LANGUAGENAME.LIST>
      <NAME.LIST TYPE="String">
       <NAME>Sri Murugan Khadi Bhavan</NAME>
      </NAME.LIST>
      <LANGUAGEID TYPE="Number"> 1033</LANGUAGEID>
     </LANGUAGENAME.LIST>
    </LEDGER>
    <LEDGER NAME="Sri Murugan Textiles" RESERVEDNAME="">
     <PARENT TYPE="String">Sundry Debtors</PARENT>
     <LANGUAGENAME.LIST>
      <NAME.LIST TYPE="String">
       <NAME>Sri Murugan Textiles</NAME>
      </NAME.LIST>
      <LANGUAGEID TYPE="Number"> 1033</LANGUAGEID>
     </LANGUAGENAME.LIST>
    </LEDGER>
    <LEDGER NAME="Sri Senthil Murugan Khadhi Vastralayam- Erode" RESERVEDNAME="">
     <PARENT TYPE="String">Debtors-VR</PARENT>
     <LANGUAGENAME.LIST>
      <NAME.LIST TYPE="String">
       <NAME>Sri Senthil Murugan Khadhi Vastralayam- Erode</NAME>
      </NAME.LIST>
      <LANGUAGEID TYPE="Number"> 1033</LANGUAGEID>
     </LANGUAGENAME.LIST>
    </LEDGER>
    <LEDGER NAME="Sri Senthil Murugan Khadhi Vastralayam-Salem" RESERVEDNAME="">
     <PARENT TYPE="String">Debtors-VR</PARENT>
     <LANGUAGENAME.LIST>
      <NAME.LIST TYPE="String">
       <NAME>Sri Senthil Murugan Khadhi Vastralayam-Salem</NAME>
      </NAME.LIST>
      <LANGUAGEID TYPE="Number"> 1033</LANGUAGEID>
     </LANGUAGENAME.LIST>
    </LEDGER>
    <LEDGER NAME="Sri Senthil Murugan Khadi Vastralayam" RESERVEDNAME="">
     <PARENT TYPE="String">Sundry Debtors</PARENT>
     <LANGUAGENAME.LIST>
      <NAME.LIST TYPE="String">
       <NAME>Sri Senthil Murugan Khadi Vastralayam</NAME>
      </NAME.LIST>
      <LANGUAGEID TYPE="Number"> 1033</LANGUAGEID>
     </LANGUAGENAME.LIST>
    </LEDGER>
    <LEDGER NAME="Sri Turgai Graphics" RESERVEDNAME="">
     <PARENT TYPE="String">Sundry Creditors</PARENT>
     <LANGUAGENAME.LIST>
      <NAME.LIST TYPE="String">
       <NAME>Sri Turgai Graphics</NAME>
      </NAME.LIST>
      <LANGUAGEID TYPE="Number"> 1033</LANGUAGEID>
     </LANGUAGENAME.LIST>
    </LEDGER>
    <LEDGER NAME="Sri Vijayaganapathy Stores" RESERVEDNAME="">
     <PARENT TYPE="String">Debtors - JMD</PARENT>
     <LANGUAGENAME.LIST>
      <NAME.LIST TYPE="String">
       <NAME>Sri Vijayaganapathy Stores</NAME>
      </NAME.LIST>
      <LANGUAGEID TYPE="Number"> 1033</LANGUAGEID>
     </LANGUAGENAME.LIST>
    </LEDGER>
    <LEDGER NAME="SRI VIJAYALAKSHMI STORES" RESERVEDNAME="">
     <PARENT TYPE="String">Sundry Creditors</PARENT>
     <LANGUAGENAME.LIST>
      <NAME.LIST TYPE="String">
       <NAME>SRI VIJAYALAKSHMI STORES</NAME>
      </NAME.LIST>
      <LANGUAGEID TYPE="Number"> 1033</LANGUAGEID>
     </LANGUAGENAME.LIST>
    </LEDGER>
    <LEDGER NAME="Staff Welfare" RESERVEDNAME="">
     <PARENT TYPE="String">Indirect Expenses</PARENT>
     <LANGUAGENAME.LIST>
      <NAME.LIST TYPE="String">
       <NAME>Staff Welfare</NAME>
      </NAME.LIST>
      <LANGUAGEID TYPE="Number"> 1033</LANGUAGEID>
     </LANGUAGENAME.LIST>
    </LEDGER>
    <LEDGER NAME="State Bank  of India" RESERVEDNAME="">
     <PARENT TYPE="String">Sundry Creditors</PARENT>
     <LANGUAGENAME.LIST>
      <NAME.LIST TYPE="String">
       <NAME>State Bank  of India</NAME>
      </NAME.LIST>
      <LANGUAGEID TYPE="Number"> 1033</LANGUAGEID>
     </LANGUAGENAME.LIST>
    </LEDGER>
    <LEDGER NAME="State Bank of India 34" RESERVEDNAME="">
     <PARENT TYPE="String">Sundry Creditors</PARENT>
     <LANGUAGENAME.LIST>
      <NAME.LIST TYPE="String">
       <NAME>State Bank of India 34</NAME>
      </NAME.LIST>
      <LANGUAGEID TYPE="Number"> 1033</LANGUAGEID>
     </LANGUAGENAME.LIST>
    </LEDGER>
    <LEDGER NAME="Stickwel Industries" RESERVEDNAME="">
     <PARENT TYPE="String">Sundry Creditors</PARENT>
     <LANGUAGENAME.LIST>
      <NAME.LIST TYPE="String">
       <NAME>Stickwel Industries</NAME>
      </NAME.LIST>
      <LANGUAGEID TYPE="Number"> 1033</LANGUAGEID>
     </LANGUAGENAME.LIST>
    </LEDGER>
    <LEDGER NAME="Stock" RESERVEDNAME="">
     <PARENT TYPE="String">Stock-in-Hand</PARENT>
     <LANGUAGENAME.LIST>
      <NAME.LIST TYPE="String">
       <NAME>Stock</NAME>
      </NAME.LIST>
      <LANGUAGEID TYPE="Number"> 1033</LANGUAGEID>
     </LANGUAGENAME.LIST>
    </LEDGER>
    <LEDGER NAME="SUBASREE" RESERVEDNAME="">
     <PARENT TYPE="String">Sundry Debtors</PARENT>
     <LANGUAGENAME.LIST>
      <NAME.LIST TYPE="String">
       <NAME>SUBASREE</NAME>
      </NAME.LIST>
      <LANGUAGEID TYPE="Number"> 1033</LANGUAGEID>
     </LANGUAGENAME.LIST>
    </LEDGER>
    <LEDGER NAME="Subasree Resma" RESERVEDNAME="">
     <PARENT TYPE="String">Salary Account</PARENT>
     <LANGUAGENAME.LIST>
      <NAME.LIST TYPE="String">
       <NAME>Subasree Resma</NAME>
      </NAME.LIST>
      <LANGUAGEID TYPE="Number"> 1033</LANGUAGEID>
     </LANGUAGENAME.LIST>
    </LEDGER>
    <LEDGER NAME="Subramanian" RESERVEDNAME="">
     <PARENT TYPE="String">Sundry Debtors</PARENT>
     <LANGUAGENAME.LIST>
      <NAME.LIST TYPE="String">
       <NAME>Subramanian</NAME>
      </NAME.LIST>
      <LANGUAGEID TYPE="Number"> 1033</LANGUAGEID>
     </LANGUAGENAME.LIST>
    </LEDGER>
    <LEDGER NAME="Sudhakar" RESERVEDNAME="">
     <PARENT TYPE="String">Sundry Debtors</PARENT>
     <LANGUAGENAME.LIST>
      <NAME.LIST TYPE="String">
       <NAME>Sudhakar</NAME>
      </NAME.LIST>
      <LANGUAGEID TYPE="Number"> 1033</LANGUAGEID>
     </LANGUAGENAME.LIST>
    </LEDGER>
    <LEDGER NAME="Sudharsan" RESERVEDNAME="">
     <PARENT TYPE="String">Sundry Debtors</PARENT>
     <LANGUAGENAME.LIST>
      <NAME.LIST TYPE="String">
       <NAME>Sudharsan</NAME>
      </NAME.LIST>
      <LANGUAGEID TYPE="Number"> 1033</LANGUAGEID>
     </LANGUAGENAME.LIST>
    </LEDGER>
    <LEDGER NAME="SUMAN ELECTRICAL AGENCIES" RESERVEDNAME="">
     <PARENT TYPE="String">Sundry Creditors</PARENT>
     <LANGUAGENAME.LIST>
      <NAME.LIST TYPE="String">
       <NAME>SUMAN ELECTRICAL AGENCIES</NAME>
      </NAME.LIST>
      <LANGUAGEID TYPE="Number"> 1033</LANGUAGEID>
     </LANGUAGENAME.LIST>
    </LEDGER>
    <LEDGER NAME="Suman Electricals Agencies" RESERVEDNAME="">
     <PARENT TYPE="String">Sundry Creditors</PARENT>
     <LANGUAGENAME.LIST>
      <NAME.LIST TYPE="String">
       <NAME>Suman Electricals Agencies</NAME>
      </NAME.LIST>
      <LANGUAGEID TYPE="Number"> 1033</LANGUAGEID>
     </LANGUAGENAME.LIST>
    </LEDGER>
    <LEDGER NAME="Sumangali Silks" RESERVEDNAME="">
     <PARENT TYPE="String">Sundry Debtors</PARENT>
     <LANGUAGENAME.LIST>
      <NAME.LIST TYPE="String">
       <NAME>Sumangali Silks</NAME>
       <NAME>Mm</NAME>
      </NAME.LIST>
      <LANGUAGEID TYPE="Number"> 1033</LANGUAGEID>
     </LANGUAGENAME.LIST>
    </LEDGER>
    <LEDGER NAME="SUMANGALI SILKS-CHENNAI" RESERVEDNAME="">
     <PARENT TYPE="String">Sundry Debtors</PARENT>
     <LANGUAGENAME.LIST>
      <NAME.LIST TYPE="String">
       <NAME>SUMANGALI SILKS-CHENNAI</NAME>
      </NAME.LIST>
      <LANGUAGEID TYPE="Number"> 1033</LANGUAGEID>
     </LANGUAGENAME.LIST>
    </LEDGER>
    <LEDGER NAME="SUMANGALI TEX" RESERVEDNAME="">
     <PARENT TYPE="String">Sundry Debtors</PARENT>
     <LANGUAGENAME.LIST>
      <NAME.LIST TYPE="String">
       <NAME>SUMANGALI TEX</NAME>
      </NAME.LIST>
      <LANGUAGEID TYPE="Number"> 1033</LANGUAGEID>
     </LANGUAGENAME.LIST>
    </LEDGER>
    <LEDGER NAME="Sundaramoorthy" RESERVEDNAME="">
     <PARENT TYPE="String">Sundry Debtors</PARENT>
     <LANGUAGENAME.LIST>
      <NAME.LIST TYPE="String">
       <NAME>Sundaramoorthy</NAME>
      </NAME.LIST>
      <LANGUAGEID TYPE="Number"> 1033</LANGUAGEID>
     </LANGUAGENAME.LIST>
    </LEDGER>
    <LEDGER NAME="Sundhar" RESERVEDNAME="">
     <PARENT TYPE="String">Sundry Debtors</PARENT>
     <LANGUAGENAME.LIST>
      <NAME.LIST TYPE="String">
       <NAME>Sundhar</NAME>
      </NAME.LIST>
      <LANGUAGEID TYPE="Number"> 1033</LANGUAGEID>
     </LANGUAGENAME.LIST>
    </LEDGER>
    <LEDGER NAME="Sundharam" RESERVEDNAME="">
     <PARENT TYPE="String">Sundry Debtors</PARENT>
     <LANGUAGENAME.LIST>
      <NAME.LIST TYPE="String">
       <NAME>Sundharam</NAME>
      </NAME.LIST>
      <LANGUAGEID TYPE="Number"> 1033</LANGUAGEID>
     </LANGUAGENAME.LIST>
    </LEDGER>
    <LEDGER NAME="Sundry Debtors Sales" RESERVEDNAME="">
     <PARENT TYPE="String">Sundry Debtors</PARENT>
     <LANGUAGENAME.LIST>
      <NAME.LIST TYPE="String">
       <NAME>Sundry Debtors Sales</NAME>
      </NAME.LIST>
      <LANGUAGEID TYPE="Number"> 1033</LANGUAGEID>
     </LANGUAGENAME.LIST>
    </LEDGER>
    <LEDGER NAME="Supreme Rubber Industries" RESERVEDNAME="">
     <PARENT TYPE="String">Sundry Creditors</PARENT>
     <LANGUAGENAME.LIST>
      <NAME.LIST TYPE="String">
       <NAME>Supreme Rubber Industries</NAME>
      </NAME.LIST>
      <LANGUAGEID TYPE="Number"> 1033</LANGUAGEID>
     </LANGUAGENAME.LIST>
    </LEDGER>
    <LEDGER NAME="Suspense" RESERVEDNAME="">
     <PARENT TYPE="String">Suspense A/c</PARENT>
     <LANGUAGENAME.LIST>
      <NAME.LIST TYPE="String">
       <NAME>Suspense</NAME>
       <NAME>Su</NAME>
      </NAME.LIST>
      <LANGUAGEID TYPE="Number"> 1033</LANGUAGEID>
     </LANGUAGENAME.LIST>
    </LEDGER>
    <LEDGER NAME="Swastik Polimers Indusind Ltd" RESERVEDNAME="">
     <PARENT TYPE="String">Sundry Creditors</PARENT>
     <LANGUAGENAME.LIST>
      <NAME.LIST TYPE="String">
       <NAME>Swastik Polimers Indusind Ltd</NAME>
      </NAME.LIST>
      <LANGUAGEID TYPE="Number"> 1033</LANGUAGEID>
     </LANGUAGENAME.LIST>
    </LEDGER>
    <LEDGER NAME="Swastik Polymers" RESERVEDNAME="">
     <PARENT TYPE="String">Sundry Creditors</PARENT>
     <LANGUAGENAME.LIST>
      <NAME.LIST TYPE="String">
       <NAME>Swastik Polymers</NAME>
      </NAME.LIST>
      <LANGUAGEID TYPE="Number"> 1033</LANGUAGEID>
     </LANGUAGENAME.LIST>
    </LEDGER>
    <LEDGER NAME="SWASTIK WORLD" RESERVEDNAME="">
     <PARENT TYPE="String">Sundry Creditors</PARENT>
     <LANGUAGENAME.LIST>
      <NAME.LIST TYPE="String">
       <NAME>SWASTIK WORLD</NAME>
      </NAME.LIST>
      <LANGUAGEID TYPE="Number"> 1033</LANGUAGEID>
     </LANGUAGENAME.LIST>
    </LEDGER>
    <LEDGER NAME="TDS" RESERVEDNAME="">
     <PARENT TYPE="String">Current Assets</PARENT>
     <LANGUAGENAME.LIST>
      <NAME.LIST TYPE="String">
       <NAME>TDS</NAME>
      </NAME.LIST>
      <LANGUAGEID TYPE="Number"> 1033</LANGUAGEID>
     </LANGUAGENAME.LIST>
    </LEDGER>
    <LEDGER NAME="TDS 2014-15" RESERVEDNAME="">
     <PARENT TYPE="String">Current Assets</PARENT>
     <LANGUAGENAME.LIST>
      <NAME.LIST TYPE="String">
       <NAME>TDS 2014-15</NAME>
      </NAME.LIST>
      <LANGUAGEID TYPE="Number"> 1033</LANGUAGEID>
     </LANGUAGENAME.LIST>
    </LEDGER>
    <LEDGER NAME="TDS 2016-17" RESERVEDNAME="">
     <PARENT TYPE="String">Current Assets</PARENT>
     <LANGUAGENAME.LIST>
      <NAME.LIST TYPE="String">
       <NAME>TDS 2016-17</NAME>
      </NAME.LIST>
      <LANGUAGEID TYPE="Number"> 1033</LANGUAGEID>
     </LANGUAGENAME.LIST>
    </LEDGER>
    <LEDGER NAME="TDS 2017-16" RESERVEDNAME="">
     <PARENT TYPE="String">Current Assets</PARENT>
     <LANGUAGENAME.LIST>
      <NAME.LIST TYPE="String">
       <NAME>TDS 2017-16</NAME>
      </NAME.LIST>
      <LANGUAGEID TYPE="Number"> 1033</LANGUAGEID>
     </LANGUAGENAME.LIST>
    </LEDGER>
    <LEDGER NAME="Telephone Exp Paid" RESERVEDNAME="">
     <PARENT TYPE="String">Indirect Expenses</PARENT>
     <LANGUAGENAME.LIST>
      <NAME.LIST TYPE="String">
       <NAME>Telephone Exp Paid</NAME>
      </NAME.LIST>
      <LANGUAGEID TYPE="Number"> 1033</LANGUAGEID>
     </LANGUAGENAME.LIST>
    </LEDGER>
    <LEDGER NAME="Term Loan 39293663770" RESERVEDNAME="">
     <PARENT TYPE="String">Secured Loans</PARENT>
     <LANGUAGENAME.LIST>
      <NAME.LIST TYPE="String">
       <NAME>Term Loan 39293663770</NAME>
       <NAME>770</NAME>
      </NAME.LIST>
      <LANGUAGEID TYPE="Number"> 1033</LANGUAGEID>
     </LANGUAGENAME.LIST>
    </LEDGER>
    <LEDGER NAME="Term Loan 39363647173" RESERVEDNAME="">
     <PARENT TYPE="String">Secured Loans</PARENT>
     <LANGUAGENAME.LIST>
      <NAME.LIST TYPE="String">
       <NAME>Term Loan 39363647173</NAME>
       <NAME>7173</NAME>
      </NAME.LIST>
      <LANGUAGEID TYPE="Number"> 1033</LANGUAGEID>
     </LANGUAGENAME.LIST>
    </LEDGER>
    <LEDGER NAME="Term Loan 39507454906" RESERVEDNAME="">
     <PARENT TYPE="String">Secured Loans</PARENT>
     <LANGUAGENAME.LIST>
      <NAME.LIST TYPE="String">
       <NAME>Term Loan 39507454906</NAME>
      </NAME.LIST>
      <LANGUAGEID TYPE="Number"> 1033</LANGUAGEID>
     </LANGUAGENAME.LIST>
    </LEDGER>
    <LEDGER NAME="Term Loan 39607421559" RESERVEDNAME="">
     <PARENT TYPE="String">Secured Loans</PARENT>
     <LANGUAGENAME.LIST>
      <NAME.LIST TYPE="String">
       <NAME>Term Loan 39607421559</NAME>
      </NAME.LIST>
      <LANGUAGEID TYPE="Number"> 1033</LANGUAGEID>
     </LANGUAGENAME.LIST>
    </LEDGER>
    <LEDGER NAME="Term Loan 40344953090" RESERVEDNAME="">
     <PARENT TYPE="String">Secured Loans</PARENT>
     <LANGUAGENAME.LIST>
      <NAME.LIST TYPE="String">
       <NAME>Term Loan 40344953090</NAME>
       <NAME>3090</NAME>
      </NAME.LIST>
      <LANGUAGEID TYPE="Number"> 1033</LANGUAGEID>
     </LANGUAGENAME.LIST>
    </LEDGER>
    <LEDGER NAME="Term Loan 40345144192" RESERVEDNAME="">
     <PARENT TYPE="String">Secured Loans</PARENT>
     <LANGUAGENAME.LIST>
      <NAME.LIST TYPE="String">
       <NAME>Term Loan 40345144192</NAME>
       <NAME>192</NAME>
      </NAME.LIST>
      <LANGUAGEID TYPE="Number"> 1033</LANGUAGEID>
     </LANGUAGENAME.LIST>
    </LEDGER>
    <LEDGER NAME="Term Loan 41315329057" RESERVEDNAME="">
     <PARENT TYPE="String">Secured Loans</PARENT>
     <LANGUAGENAME.LIST>
      <NAME.LIST TYPE="String">
       <NAME>Term Loan 41315329057</NAME>
       <NAME>57</NAME>
      </NAME.LIST>
      <LANGUAGEID TYPE="Number"> 1033</LANGUAGEID>
     </LANGUAGENAME.LIST>
    </LEDGER>
    <LEDGER NAME="Term Loan 67396497592" RESERVEDNAME="">
     <PARENT TYPE="String">Secured Loans</PARENT>
     <LANGUAGENAME.LIST>
      <NAME.LIST TYPE="String">
       <NAME>Term Loan 67396497592</NAME>
       <NAME>7592</NAME>
      </NAME.LIST>
      <LANGUAGEID TYPE="Number"> 1033</LANGUAGEID>
     </LANGUAGENAME.LIST>
    </LEDGER>
    <LEDGER NAME="Term Loan7592" RESERVEDNAME="">
     <PARENT TYPE="String">Secured Loans</PARENT>
     <LANGUAGENAME.LIST>
      <NAME.LIST TYPE="String">
       <NAME>Term Loan7592</NAME>
      </NAME.LIST>
      <LANGUAGEID TYPE="Number"> 1033</LANGUAGEID>
     </LANGUAGENAME.LIST>
    </LEDGER>
    <LEDGER NAME="Term Loan Inetrest" RESERVEDNAME="">
     <PARENT TYPE="String">Indirect Expenses</PARENT>
     <LANGUAGENAME.LIST>
      <NAME.LIST TYPE="String">
       <NAME>Term Loan Inetrest</NAME>
       <NAME>L</NAME>
      </NAME.LIST>
      <LANGUAGEID TYPE="Number"> 1033</LANGUAGEID>
     </LANGUAGENAME.LIST>
    </LEDGER>
    <LEDGER NAME="The Apurvaa Silks" RESERVEDNAME="">
     <PARENT TYPE="String">Sundry Debtors</PARENT>
     <LANGUAGENAME.LIST>
      <NAME.LIST TYPE="String">
       <NAME>The Apurvaa Silks</NAME>
      </NAME.LIST>
      <LANGUAGEID TYPE="Number"> 1033</LANGUAGEID>
     </LANGUAGENAME.LIST>
    </LEDGER>
    <LEDGER NAME="The Chennai Silks" RESERVEDNAME="">
     <PARENT TYPE="String">The Chennai Silks Groups</PARENT>
     <LANGUAGENAME.LIST>
      <NAME.LIST TYPE="String">
       <NAME>The Chennai Silks</NAME>
       <NAME>T</NAME>
      </NAME.LIST>
      <LANGUAGEID TYPE="Number"> 1033</LANGUAGEID>
     </LANGUAGENAME.LIST>
    </LEDGER>
    <LEDGER NAME="The Chennai Silks - Chittoor" RESERVEDNAME="">
     <PARENT TYPE="String">The Chennai Silks Groups</PARENT>
     <LANGUAGENAME.LIST>
      <NAME.LIST TYPE="String">
       <NAME>The Chennai Silks - Chittoor</NAME>
      </NAME.LIST>
      <LANGUAGEID TYPE="Number"> 1033</LANGUAGEID>
     </LANGUAGENAME.LIST>
    </LEDGER>
    <LEDGER NAME="The Chennai Silks -Chrompet" RESERVEDNAME="">
     <PARENT TYPE="String">The Chennai Silks Groups</PARENT>
     <LANGUAGENAME.LIST>
      <NAME.LIST TYPE="String">
       <NAME>The Chennai Silks -Chrompet</NAME>
      </NAME.LIST>
      <LANGUAGEID TYPE="Number"> 1033</LANGUAGEID>
     </LANGUAGENAME.LIST>
    </LEDGER>
    <LEDGER NAME="The Chennai Silks - Coimbutore" RESERVEDNAME="">
     <PARENT TYPE="String">The Chennai Silks Groups</PARENT>
     <LANGUAGENAME.LIST>
      <NAME.LIST TYPE="String">
       <NAME>The Chennai Silks - Coimbutore</NAME>
      </NAME.LIST>
      <LANGUAGEID TYPE="Number"> 1033</LANGUAGEID>
     </LANGUAGENAME.LIST>
    </LEDGER>
    <LEDGER NAME="The Chennai Silks - Crosscut" RESERVEDNAME="">
     <PARENT TYPE="String">Debtors-VR</PARENT>
     <LANGUAGENAME.LIST>
      <NAME.LIST TYPE="String">
       <NAME>The Chennai Silks - Crosscut</NAME>
      </NAME.LIST>
      <LANGUAGEID TYPE="Number"> 1033</LANGUAGEID>
     </LANGUAGENAME.LIST>
    </LEDGER>
    <LEDGER NAME="The Chennai Silks- Dindigul" RESERVEDNAME="">
     <PARENT TYPE="String">The Chennai Silks Groups</PARENT>
     <LANGUAGENAME.LIST>
      <NAME.LIST TYPE="String">
       <NAME>The Chennai Silks- Dindigul</NAME>
      </NAME.LIST>
      <LANGUAGEID TYPE="Number"> 1033</LANGUAGEID>
     </LANGUAGENAME.LIST>
    </LEDGER>
    <LEDGER NAME="The Chennai Silks - Hosur" RESERVEDNAME="">
     <PARENT TYPE="String">The Chennai Silks Groups</PARENT>
     <LANGUAGENAME.LIST>
      <NAME.LIST TYPE="String">
       <NAME>The Chennai Silks - Hosur</NAME>
      </NAME.LIST>
      <LANGUAGEID TYPE="Number"> 1033</LANGUAGEID>
     </LANGUAGENAME.LIST>
    </LEDGER>
    <LEDGER NAME="The Chennai Silks- Karur" RESERVEDNAME="">
     <PARENT TYPE="String">The Chennai Silks Groups</PARENT>
     <LANGUAGENAME.LIST>
      <NAME.LIST TYPE="String">
       <NAME>The Chennai Silks- Karur</NAME>
      </NAME.LIST>
      <LANGUAGEID TYPE="Number"> 1033</LANGUAGEID>
     </LANGUAGENAME.LIST>
    </LEDGER>
    <LEDGER NAME="The Chennai Silks - Karur(Gst)" RESERVEDNAME="">
     <PARENT TYPE="String">The Chennai Silks Groups</PARENT>
     <LANGUAGENAME.LIST>
      <NAME.LIST TYPE="String">
       <NAME>The Chennai Silks - Karur(Gst)</NAME>
      </NAME.LIST>
      <LANGUAGEID TYPE="Number"> 1033</LANGUAGEID>
     </LANGUAGENAME.LIST>
    </LEDGER>
    <LEDGER NAME="The Chennai Silks - Kumbakonam" RESERVEDNAME="">
     <PARENT TYPE="String">The Chennai Silks Groups</PARENT>
     <LANGUAGENAME.LIST>
      <NAME.LIST TYPE="String">
       <NAME>The Chennai Silks - Kumbakonam</NAME>
      </NAME.LIST>
      <LANGUAGEID TYPE="Number"> 1033</LANGUAGEID>
     </LANGUAGENAME.LIST>
    </LEDGER>
    <LEDGER NAME="The Chennai Silks- Madurai" RESERVEDNAME="">
     <PARENT TYPE="String">The Chennai Silks Groups</PARENT>
     <LANGUAGENAME.LIST>
      <NAME.LIST TYPE="String">
       <NAME>The Chennai Silks- Madurai</NAME>
      </NAME.LIST>
      <LANGUAGEID TYPE="Number"> 1033</LANGUAGEID>
     </LANGUAGENAME.LIST>
    </LEDGER>
    <LEDGER NAME="The Chennai Silks-Ooty" RESERVEDNAME="">
     <PARENT TYPE="String">The Chennai Silks Groups</PARENT>
     <LANGUAGENAME.LIST>
      <NAME.LIST TYPE="String">
       <NAME>The Chennai Silks-Ooty</NAME>
      </NAME.LIST>
      <LANGUAGEID TYPE="Number"> 1033</LANGUAGEID>
     </LANGUAGENAME.LIST>
    </LEDGER>
    <LEDGER NAME="The Chennai Silks- Puducherry" RESERVEDNAME="">
     <PARENT TYPE="String">The Chennai Silks Groups</PARENT>
     <LANGUAGENAME.LIST>
      <NAME.LIST TYPE="String">
       <NAME>The Chennai Silks- Puducherry</NAME>
      </NAME.LIST>
      <LANGUAGEID TYPE="Number"> 1033</LANGUAGEID>
     </LANGUAGENAME.LIST>
    </LEDGER>
    <LEDGER NAME="The Chennai Silks- Pudukkottai" RESERVEDNAME="">
     <PARENT TYPE="String">The Chennai Silks Groups</PARENT>
     <LANGUAGENAME.LIST>
      <NAME.LIST TYPE="String">
       <NAME>The Chennai Silks- Pudukkottai</NAME>
      </NAME.LIST>
      <LANGUAGEID TYPE="Number"> 1033</LANGUAGEID>
     </LANGUAGENAME.LIST>
    </LEDGER>
    <LEDGER NAME="The Chennai Silks - Thanjavur" RESERVEDNAME="">
     <PARENT TYPE="String">The Chennai Silks Groups</PARENT>
     <LANGUAGENAME.LIST>
      <NAME.LIST TYPE="String">
       <NAME>The Chennai Silks - Thanjavur</NAME>
       <NAME>Z2</NAME>
      </NAME.LIST>
      <LANGUAGEID TYPE="Number"> 1033</LANGUAGEID>
     </LANGUAGENAME.LIST>
    </LEDGER>
    <LEDGER NAME="The Chennai Silks - Thirunelveli" RESERVEDNAME="">
     <PARENT TYPE="String">The Chennai Silks Groups</PARENT>
     <LANGUAGENAME.LIST>
      <NAME.LIST TYPE="String">
       <NAME>The Chennai Silks - Thirunelveli</NAME>
      </NAME.LIST>
      <LANGUAGEID TYPE="Number"> 1033</LANGUAGEID>
     </LANGUAGENAME.LIST>
    </LEDGER>
    <LEDGER NAME="THE CHENNAI SILKS - THOOTHUKUDI" RESERVEDNAME="">
     <PARENT TYPE="String">The Chennai Silks Groups</PARENT>
     <LANGUAGENAME.LIST>
      <NAME.LIST TYPE="String">
       <NAME>THE CHENNAI SILKS - THOOTHUKUDI</NAME>
      </NAME.LIST>
      <LANGUAGEID TYPE="Number"> 1033</LANGUAGEID>
     </LANGUAGENAME.LIST>
    </LEDGER>
    <LEDGER NAME="The Chennai Silks- Tiruppur" RESERVEDNAME="">
     <PARENT TYPE="String">The Chennai Silks Groups</PARENT>
     <LANGUAGENAME.LIST>
      <NAME.LIST TYPE="String">
       <NAME>The Chennai Silks- Tiruppur</NAME>
      </NAME.LIST>
      <LANGUAGEID TYPE="Number"> 1033</LANGUAGEID>
     </LANGUAGENAME.LIST>
    </LEDGER>
    <LEDGER NAME="The Chennai Silks - Tiruvallur ZB" RESERVEDNAME="">
     <PARENT TYPE="String">The Chennai Silks Groups</PARENT>
     <LANGUAGENAME.LIST>
      <NAME.LIST TYPE="String">
       <NAME>The Chennai Silks - Tiruvallur ZB</NAME>
       <NAME>ZB</NAME>
      </NAME.LIST>
      <LANGUAGEID TYPE="Number"> 1033</LANGUAGEID>
     </LANGUAGENAME.LIST>
    </LEDGER>
    <LEDGER NAME="The Chennai Silks - T. Nagar" RESERVEDNAME="">
     <PARENT TYPE="String">The Chennai Silks Groups</PARENT>
     <LANGUAGENAME.LIST>
      <NAME.LIST TYPE="String">
       <NAME>The Chennai Silks - T. Nagar</NAME>
      </NAME.LIST>
      <LANGUAGEID TYPE="Number"> 1033</LANGUAGEID>
     </LANGUAGENAME.LIST>
    </LEDGER>
    <LEDGER NAME="The Chennai Silks - Trichy" RESERVEDNAME="">
     <PARENT TYPE="String">The Chennai Silks Groups</PARENT>
     <LANGUAGENAME.LIST>
      <NAME.LIST TYPE="String">
       <NAME>The Chennai Silks - Trichy</NAME>
       <NAME>TH</NAME>
      </NAME.LIST>
      <LANGUAGEID TYPE="Number"> 1033</LANGUAGEID>
     </LANGUAGENAME.LIST>
    </LEDGER>
    <LEDGER NAME="The Chennai Silks - Tuticorin" RESERVEDNAME="">
     <PARENT TYPE="String">Debtors-VR</PARENT>
     <LANGUAGENAME.LIST>
      <NAME.LIST TYPE="String">
       <NAME>The Chennai Silks - Tuticorin</NAME>
      </NAME.LIST>
      <LANGUAGEID TYPE="Number"> 1033</LANGUAGEID>
     </LANGUAGENAME.LIST>
    </LEDGER>
    <LEDGER NAME="The Chennai Silks -Velacherry" RESERVEDNAME="">
     <PARENT TYPE="String">The Chennai Silks Groups</PARENT>
     <LANGUAGENAME.LIST>
      <NAME.LIST TYPE="String">
       <NAME>The Chennai Silks -Velacherry</NAME>
      </NAME.LIST>
      <LANGUAGEID TYPE="Number"> 1033</LANGUAGEID>
     </LANGUAGENAME.LIST>
    </LEDGER>
    <LEDGER NAME="The Chennai Silks- Vellore" RESERVEDNAME="">
     <PARENT TYPE="String">The Chennai Silks Groups</PARENT>
     <LANGUAGENAME.LIST>
      <NAME.LIST TYPE="String">
       <NAME>The Chennai Silks- Vellore</NAME>
      </NAME.LIST>
      <LANGUAGEID TYPE="Number"> 1033</LANGUAGEID>
     </LANGUAGENAME.LIST>
    </LEDGER>
    <LEDGER NAME="The Chennai Silks - Villupuram" RESERVEDNAME="">
     <PARENT TYPE="String">The Chennai Silks Groups</PARENT>
     <LANGUAGENAME.LIST>
      <NAME.LIST TYPE="String">
       <NAME>The Chennai Silks - Villupuram</NAME>
      </NAME.LIST>
      <LANGUAGEID TYPE="Number"> 1033</LANGUAGEID>
     </LANGUAGENAME.LIST>
    </LEDGER>
    <LEDGER NAME="The Fortune Enterrprises" RESERVEDNAME="">
     <PARENT TYPE="String">Sundry Creditors</PARENT>
     <LANGUAGENAME.LIST>
      <NAME.LIST TYPE="String">
       <NAME>The Fortune Enterrprises</NAME>
      </NAME.LIST>
      <LANGUAGEID TYPE="Number"> 1033</LANGUAGEID>
     </LANGUAGENAME.LIST>
    </LEDGER>
    <LEDGER NAME="The Madras Silks" RESERVEDNAME="">
     <PARENT TYPE="String">The Chennai Silks Groups</PARENT>
     <LANGUAGENAME.LIST>
      <NAME.LIST TYPE="String">
       <NAME>The Madras Silks</NAME>
      </NAME.LIST>
      <LANGUAGEID TYPE="Number"> 1033</LANGUAGEID>
     </LANGUAGENAME.LIST>
    </LEDGER>
    <LEDGER NAME="THE MURUGAN KHADI BHAVAN" RESERVEDNAME="">
     <PARENT TYPE="String">Sundry Debtors</PARENT>
     <LANGUAGENAME.LIST>
      <NAME.LIST TYPE="String">
       <NAME>THE MURUGAN KHADI BHAVAN</NAME>
      </NAME.LIST>
      <LANGUAGEID TYPE="Number"> 1033</LANGUAGEID>
     </LANGUAGENAME.LIST>
    </LEDGER>
    <LEDGER NAME="THE PROFESSIONAL COURIERS" RESERVEDNAME="">
     <PARENT TYPE="String">Sundry Creditors</PARENT>
     <LANGUAGENAME.LIST>
      <NAME.LIST TYPE="String">
       <NAME>THE PROFESSIONAL COURIERS</NAME>
      </NAME.LIST>
      <LANGUAGEID TYPE="Number"> 1033</LANGUAGEID>
     </LANGUAGENAME.LIST>
    </LEDGER>
    <LEDGER NAME="Thirumuruga Polymers" RESERVEDNAME="">
     <PARENT TYPE="String">Debtors-VR</PARENT>
     <LANGUAGENAME.LIST>
      <NAME.LIST TYPE="String">
       <NAME>Thirumuruga Polymers</NAME>
      </NAME.LIST>
      <LANGUAGEID TYPE="Number"> 1033</LANGUAGEID>
     </LANGUAGENAME.LIST>
    </LEDGER>
    <LEDGER NAME="Thiru Senthil Andavar &amp; Co" RESERVEDNAME="">
     <PARENT TYPE="String">Sundry Debtors</PARENT>
     <LANGUAGENAME.LIST>
      <NAME.LIST TYPE="String">
       <NAME>Thiru Senthil Andavar &amp; Co</NAME>
      </NAME.LIST>
      <LANGUAGEID TYPE="Number"> 1033</LANGUAGEID>
     </LANGUAGENAME.LIST>
    </LEDGER>
    <LEDGER NAME="Tirumala Colours" RESERVEDNAME="">
     <PARENT TYPE="String">Sundry Creditors</PARENT>
     <LANGUAGENAME.LIST>
      <NAME.LIST TYPE="String">
       <NAME>Tirumala Colours</NAME>
      </NAME.LIST>
      <LANGUAGEID TYPE="Number"> 1033</LANGUAGEID>
     </LANGUAGENAME.LIST>
    </LEDGER>
    <LEDGER NAME="T. NITHYANATHAM&#13;&#10;" RESERVEDNAME="">
     <PARENT TYPE="String">Sundry Creditors</PARENT>
     <LANGUAGENAME.LIST>
      <NAME.LIST TYPE="String">
       <NAME>T. NITHYANATHAM&#13;&#10;</NAME>
      </NAME.LIST>
      <LANGUAGEID TYPE="Number"> 1033</LANGUAGEID>
     </LANGUAGENAME.LIST>
    </LEDGER>
    <LEDGER NAME="Unichem Impex" RESERVEDNAME="">
     <PARENT TYPE="String">Sundry Creditors</PARENT>
     <LANGUAGENAME.LIST>
      <NAME.LIST TYPE="String">
       <NAME>Unichem Impex</NAME>
      </NAME.LIST>
      <LANGUAGEID TYPE="Number"> 1033</LANGUAGEID>
     </LANGUAGENAME.LIST>
    </LEDGER>
    <LEDGER NAME="Vallaban" RESERVEDNAME="">
     <PARENT TYPE="String">Sundry Debtors</PARENT>
     <LANGUAGENAME.LIST>
      <NAME.LIST TYPE="String">
       <NAME>Vallaban</NAME>
      </NAME.LIST>
      <LANGUAGEID TYPE="Number"> 1033</LANGUAGEID>
     </LANGUAGENAME.LIST>
    </LEDGER>
    <LEDGER NAME="VAMSHA RETAIL VENTURES PVT LTD" RESERVEDNAME="">
     <PARENT TYPE="String">Sundry Debtors</PARENT>
     <LANGUAGENAME.LIST>
      <NAME.LIST TYPE="String">
       <NAME>VAMSHA RETAIL VENTURES PVT LTD</NAME>
      </NAME.LIST>
      <LANGUAGEID TYPE="Number"> 1033</LANGUAGEID>
     </LANGUAGENAME.LIST>
    </LEDGER>
    <LEDGER NAME="Van Rent" RESERVEDNAME="">
     <PARENT TYPE="String">Indirect Expenses</PARENT>
     <LANGUAGENAME.LIST>
      <NAME.LIST TYPE="String">
       <NAME>Van Rent</NAME>
      </NAME.LIST>
      <LANGUAGEID TYPE="Number"> 1033</LANGUAGEID>
     </LANGUAGENAME.LIST>
    </LEDGER>
    <LEDGER NAME="Vasudevan" RESERVEDNAME="">
     <PARENT TYPE="String">Sundry Debtors</PARENT>
     <LANGUAGENAME.LIST>
      <NAME.LIST TYPE="String">
       <NAME>Vasudevan</NAME>
      </NAME.LIST>
      <LANGUAGEID TYPE="Number"> 1033</LANGUAGEID>
     </LANGUAGENAME.LIST>
    </LEDGER>
    <LEDGER NAME="Vat &amp; CST" RESERVEDNAME="">
     <PARENT TYPE="String">Provisions</PARENT>
     <LANGUAGENAME.LIST>
      <NAME.LIST TYPE="String">
       <NAME>Vat &amp; CST</NAME>
      </NAME.LIST>
      <LANGUAGEID TYPE="Number"> 1033</LANGUAGEID>
     </LANGUAGENAME.LIST>
    </LEDGER>
    <LEDGER NAME="Vee Arr Infotech" RESERVEDNAME="">
     <PARENT TYPE="String">Sundry Creditors</PARENT>
     <LANGUAGENAME.LIST>
      <NAME.LIST TYPE="String">
       <NAME>Vee Arr Infotech</NAME>
      </NAME.LIST>
      <LANGUAGEID TYPE="Number"> 1033</LANGUAGEID>
     </LANGUAGENAME.LIST>
    </LEDGER>
    <LEDGER NAME="Veeran" RESERVEDNAME="">
     <PARENT TYPE="String">Sundry Debtors</PARENT>
     <LANGUAGENAME.LIST>
      <NAME.LIST TYPE="String">
       <NAME>Veeran</NAME>
      </NAME.LIST>
      <LANGUAGEID TYPE="Number"> 1033</LANGUAGEID>
     </LANGUAGENAME.LIST>
    </LEDGER>
    <LEDGER NAME="VELAVAN STORES SILKS P LTD" RESERVEDNAME="">
     <PARENT TYPE="String">Sundry Debtors</PARENT>
     <LANGUAGENAME.LIST>
      <NAME.LIST TYPE="String">
       <NAME>VELAVAN STORES SILKS P LTD</NAME>
      </NAME.LIST>
      <LANGUAGEID TYPE="Number"> 1033</LANGUAGEID>
     </LANGUAGENAME.LIST>
    </LEDGER>
    <LEDGER NAME="Velayudham" RESERVEDNAME="">
     <PARENT TYPE="String">Sundry Debtors</PARENT>
     <LANGUAGENAME.LIST>
      <NAME.LIST TYPE="String">
       <NAME>Velayudham</NAME>
      </NAME.LIST>
      <LANGUAGEID TYPE="Number"> 1033</LANGUAGEID>
     </LANGUAGENAME.LIST>
    </LEDGER>
    <LEDGER NAME="Vellumani" RESERVEDNAME="">
     <PARENT TYPE="String">Salary Account</PARENT>
     <LANGUAGENAME.LIST>
      <NAME.LIST TYPE="String">
       <NAME>Vellumani</NAME>
      </NAME.LIST>
      <LANGUAGEID TYPE="Number"> 1033</LANGUAGEID>
     </LANGUAGENAME.LIST>
    </LEDGER>
    <LEDGER NAME="Velu" RESERVEDNAME="">
     <PARENT TYPE="String">Sundry Debtors</PARENT>
     <LANGUAGENAME.LIST>
      <NAME.LIST TYPE="String">
       <NAME>Velu</NAME>
      </NAME.LIST>
      <LANGUAGEID TYPE="Number"> 1033</LANGUAGEID>
     </LANGUAGENAME.LIST>
    </LEDGER>
    <LEDGER NAME="Venkat" RESERVEDNAME="">
     <PARENT TYPE="String">Sundry Debtors</PARENT>
     <LANGUAGENAME.LIST>
      <NAME.LIST TYPE="String">
       <NAME>Venkat</NAME>
      </NAME.LIST>
      <LANGUAGEID TYPE="Number"> 1033</LANGUAGEID>
     </LANGUAGENAME.LIST>
    </LEDGER>
    <LEDGER NAME="Venkatesan" RESERVEDNAME="">
     <PARENT TYPE="String">Debtors-VR</PARENT>
     <LANGUAGENAME.LIST>
      <NAME.LIST TYPE="String">
       <NAME>Venkatesan</NAME>
      </NAME.LIST>
      <LANGUAGEID TYPE="Number"> 1033</LANGUAGEID>
     </LANGUAGENAME.LIST>
    </LEDGER>
    <LEDGER NAME="Venus Plastics" RESERVEDNAME="">
     <PARENT TYPE="String">Sundry Debtors</PARENT>
     <LANGUAGENAME.LIST>
      <NAME.LIST TYPE="String">
       <NAME>Venus Plastics</NAME>
      </NAME.LIST>
      <LANGUAGEID TYPE="Number"> 1033</LANGUAGEID>
     </LANGUAGENAME.LIST>
    </LEDGER>
    <LEDGER NAME="Vignesh" RESERVEDNAME="">
     <PARENT TYPE="String">Sundry Debtors</PARENT>
     <LANGUAGENAME.LIST>
      <NAME.LIST TYPE="String">
       <NAME>Vignesh</NAME>
      </NAME.LIST>
      <LANGUAGEID TYPE="Number"> 1033</LANGUAGEID>
     </LANGUAGENAME.LIST>
    </LEDGER>
    <LEDGER NAME="Vignesh Agency" RESERVEDNAME="">
     <PARENT TYPE="String">Sundry Creditors</PARENT>
     <LANGUAGENAME.LIST>
      <NAME.LIST TYPE="String">
       <NAME>Vignesh Agency</NAME>
      </NAME.LIST>
      <LANGUAGEID TYPE="Number"> 1033</LANGUAGEID>
     </LANGUAGENAME.LIST>
    </LEDGER>
    <LEDGER NAME="Viknesh" RESERVEDNAME="">
     <PARENT TYPE="String">Sundry Creditors</PARENT>
     <LANGUAGENAME.LIST>
      <NAME.LIST TYPE="String">
       <NAME>Viknesh</NAME>
      </NAME.LIST>
      <LANGUAGEID TYPE="Number"> 1033</LANGUAGEID>
     </LANGUAGENAME.LIST>
    </LEDGER>
    <LEDGER NAME="Vikram Narayan" RESERVEDNAME="">
     <PARENT TYPE="String">Sundry Debtors</PARENT>
     <LANGUAGENAME.LIST>
      <NAME.LIST TYPE="String">
       <NAME>Vikram Narayan</NAME>
      </NAME.LIST>
      <LANGUAGEID TYPE="Number"> 1033</LANGUAGEID>
     </LANGUAGENAME.LIST>
    </LEDGER>
    <LEDGER NAME="Vinayagam" RESERVEDNAME="">
     <PARENT TYPE="String">Sundry Debtors</PARENT>
     <LANGUAGENAME.LIST>
      <NAME.LIST TYPE="String">
       <NAME>Vinayagam</NAME>
      </NAME.LIST>
      <LANGUAGEID TYPE="Number"> 1033</LANGUAGEID>
     </LANGUAGENAME.LIST>
    </LEDGER>
    <LEDGER NAME="Vin Poly Manfacturing LLP" RESERVEDNAME="">
     <PARENT TYPE="String">Sundry Creditors</PARENT>
     <LANGUAGENAME.LIST>
      <NAME.LIST TYPE="String">
       <NAME>Vin Poly Manfacturing LLP</NAME>
      </NAME.LIST>
      <LANGUAGEID TYPE="Number"> 1033</LANGUAGEID>
     </LANGUAGENAME.LIST>
    </LEDGER>
    <LEDGER NAME="Vishnu" RESERVEDNAME="">
     <PARENT TYPE="String">Sundry Debtors</PARENT>
     <LANGUAGENAME.LIST>
      <NAME.LIST TYPE="String">
       <NAME>Vishnu</NAME>
      </NAME.LIST>
      <LANGUAGEID TYPE="Number"> 1033</LANGUAGEID>
     </LANGUAGENAME.LIST>
    </LEDGER>
    <LEDGER NAME="Vivek" RESERVEDNAME="">
     <PARENT TYPE="String">Sundry Debtors</PARENT>
     <LANGUAGENAME.LIST>
      <NAME.LIST TYPE="String">
       <NAME>Vivek</NAME>
      </NAME.LIST>
      <LANGUAGEID TYPE="Number"> 1033</LANGUAGEID>
     </LANGUAGENAME.LIST>
    </LEDGER>
    <LEDGER NAME="Vjn Poly Manufacture" RESERVEDNAME="">
     <PARENT TYPE="String">Sundry Creditors</PARENT>
     <LANGUAGENAME.LIST>
      <NAME.LIST TYPE="String">
       <NAME>Vjn Poly Manufacture</NAME>
      </NAME.LIST>
      <LANGUAGEID TYPE="Number"> 1033</LANGUAGEID>
     </LANGUAGENAME.LIST>
    </LEDGER>
    <LEDGER NAME="Vythiyanathan" RESERVEDNAME="">
     <PARENT TYPE="String">Debtors-VR</PARENT>
     <LANGUAGENAME.LIST>
      <NAME.LIST TYPE="String">
       <NAME>Vythiyanathan</NAME>
      </NAME.LIST>
      <LANGUAGEID TYPE="Number"> 1033</LANGUAGEID>
     </LANGUAGENAME.LIST>
    </LEDGER>
    <LEDGER NAME="Waheeda Muneem" RESERVEDNAME="">
     <PARENT TYPE="String">Unsecured Loans</PARENT>
     <LANGUAGENAME.LIST>
      <NAME.LIST TYPE="String">
       <NAME>Waheeda Muneem</NAME>
      </NAME.LIST>
      <LANGUAGEID TYPE="Number"> 1033</LANGUAGEID>
     </LANGUAGENAME.LIST>
    </LEDGER>
    <LEDGER NAME="Weighing Scale" RESERVEDNAME="">
     <PARENT TYPE="String">Assest @15%</PARENT>
     <LANGUAGENAME.LIST>
      <NAME.LIST TYPE="String">
       <NAME>Weighing Scale</NAME>
      </NAME.LIST>
      <LANGUAGEID TYPE="Number"> 1033</LANGUAGEID>
     </LANGUAGENAME.LIST>
    </LEDGER>
    <LEDGER NAME="WELLKNOWNS SYNDICATE" RESERVEDNAME="">
     <PARENT TYPE="String">Sundry Creditors</PARENT>
     <LANGUAGENAME.LIST>
      <NAME.LIST TYPE="String">
       <NAME>WELLKNOWNS SYNDICATE</NAME>
      </NAME.LIST>
      <LANGUAGEID TYPE="Number"> 1033</LANGUAGEID>
     </LANGUAGENAME.LIST>
    </LEDGER>
    <LEDGER NAME="Wonders Shoes&amp; Gifts" RESERVEDNAME="">
     <PARENT TYPE="String">Debtors-Sps</PARENT>
     <LANGUAGENAME.LIST>
      <NAME.LIST TYPE="String">
       <NAME>Wonders Shoes&amp; Gifts</NAME>
      </NAME.LIST>
      <LANGUAGEID TYPE="Number"> 1033</LANGUAGEID>
     </LANGUAGENAME.LIST>
    </LEDGER>
    <LEDGER NAME="Xavier" RESERVEDNAME="">
     <PARENT TYPE="String">Sundry Debtors</PARENT>
     <LANGUAGENAME.LIST>
      <NAME.LIST TYPE="String">
       <NAME>Xavier</NAME>
      </NAME.LIST>
      <LANGUAGEID TYPE="Number"> 1033</LANGUAGEID>
     </LANGUAGENAME.LIST>
    </LEDGER>
    <LEDGER NAME="Yuvaraj" RESERVEDNAME="">
     <PARENT TYPE="String">Debtors-VR</PARENT>
     <LANGUAGENAME.LIST>
      <NAME.LIST TYPE="String">
       <NAME>Yuvaraj</NAME>
      </NAME.LIST>
      <LANGUAGEID TYPE="Number"> 1033</LANGUAGEID>
     </LANGUAGENAME.LIST>
    </LEDGER>
   </COLLECTION>
  </DATA>
 </BODY>
</ENVELOPE>


<ENVELOPE>
 <HEADER>
  <VERSION>1</VERSION>
  <STATUS>1</STATUS>
 </HEADER>
 <BODY>
  <DESC>
   <CMPINFO>
    <COMPANY>0</COMPANY>
    <GROUP>0</GROUP>
    <LEDGER>0</LEDGER>
    <COSTCATEGORY>0</COSTCATEGORY>
    <COSTCENTRE>0</COSTCENTRE>
    <GODOWN>0</GODOWN>
    <STOCKGROUP>0</STOCKGROUP>
    <STOCKCATEGORY>0</STOCKCATEGORY>
    <STOCKITEM>0</STOCKITEM>
    <VOUCHERTYPE>0</VOUCHERTYPE>
    <CURRENCY>0</CURRENCY>
    <UNIT>0</UNIT>
    <BUDGET>0</BUDGET>
    <CLIENTRULE>0</CLIENTRULE>
    <SERVERRULE>0</SERVERRULE>
    <STATE>0</STATE>
    <TDSRATE>0</TDSRATE>
    <TAXCLASSIFICATION>0</TAXCLASSIFICATION>
    <STCATEGORY>0</STCATEGORY>
    <DEDUCTEETYPE>0</DEDUCTEETYPE>
    <ATTENDANCETYPE>0</ATTENDANCETYPE>
    <FBTCATEGORY>0</FBTCATEGORY>
    <FBTASSESSEETYPE>0</FBTASSESSEETYPE>
    <TARIFFCLASSIFICATION>0</TARIFFCLASSIFICATION>
    <EXCISEDUTYCLASSIFICATION>0</EXCISEDUTYCLASSIFICATION>
    <SERIALNUMBER>0</SERIALNUMBER>
    <ADJUSTMENTCLASSIFICATION>0</ADJUSTMENTCLASSIFICATION>
    <INCOMETAXSLAB>0</INCOMETAXSLAB>
    <INCOMETAXCLASSIFICATION>0</INCOMETAXCLASSIFICATION>
    <LBTCLASSIFICATION>0</LBTCLASSIFICATION>
    <TAXUNIT>0</TAXUNIT>
    <RETURNMASTER>0</RETURNMASTER>
    <GSTCLASSIFICATION>0</GSTCLASSIFICATION>
    <VOUCHERNUMBERSERIES>0</VOUCHERNUMBERSERIES>
    <VOUCHER>0</VOUCHER>
   </CMPINFO>
  </DESC>
  <DATA>
   <COLLECTION ISMSTDEPTYPE="Yes" MSTDEPTYPE="8">
    <LEDGER NAME="Accounting Charge Payable" RESERVEDNAME="">
     <PARENT TYPE="String">Provisions</PARENT>
     <LANGUAGENAME.LIST>
      <NAME.LIST TYPE="String">
       <NAME>Accounting Charge Payable</NAME>
      </NAME.LIST>
      <LANGUAGEID TYPE="Number"> 1033</LANGUAGEID>
     </LANGUAGENAME.LIST>
    </LEDGER>
    <LEDGER NAME="Accounting Charges" RESERVEDNAME="">
     <PARENT TYPE="String">Indirect Expenses</PARENT>
     <LANGUAGENAME.LIST>
      <NAME.LIST TYPE="String">
       <NAME>Accounting Charges</NAME>
      </NAME.LIST>
      <LANGUAGEID TYPE="Number"> 1033</LANGUAGEID>
     </LANGUAGENAME.LIST>
    </LEDGER>
    <LEDGER NAME="A.G.S. Rathna Stores P Ltd" RESERVEDNAME="">
     <PARENT TYPE="String">Debtors - VBR</PARENT>
     <LANGUAGENAME.LIST>
      <NAME.LIST TYPE="String">
       <NAME>A.G.S. Rathna Stores P Ltd</NAME>
      </NAME.LIST>
      <LANGUAGEID TYPE="Number"> 1033</LANGUAGEID>
     </LANGUAGENAME.LIST>
    </LEDGER>
    <LEDGER NAME="Akilan" RESERVEDNAME="">
     <PARENT TYPE="String">Sundry Debtors</PARENT>
     <LANGUAGENAME.LIST>
      <NAME.LIST TYPE="String">
       <NAME>Akilan</NAME>
      </NAME.LIST>
      <LANGUAGEID TYPE="Number"> 1033</LANGUAGEID>
     </LANGUAGENAME.LIST>
    </LEDGER>
    <LEDGER NAME="AKR EXPRESS PRIVATE LIMITED" RESERVEDNAME="">
     <PARENT TYPE="String">Sundry Creditors</PARENT>
     <LANGUAGENAME.LIST>
      <NAME.LIST TYPE="String">
       <NAME>AKR EXPRESS PRIVATE LIMITED</NAME>
      </NAME.LIST>
      <LANGUAGEID TYPE="Number"> 1033</LANGUAGEID>
     </LANGUAGENAME.LIST>
    </LEDGER>
    <LEDGER NAME="Ambika Polypacks" RESERVEDNAME="">
     <PARENT TYPE="String">Sundry Creditors</PARENT>
     <LANGUAGENAME.LIST>
      <NAME.LIST TYPE="String">
       <NAME>Ambika Polypacks</NAME>
      </NAME.LIST>
      <LANGUAGEID TYPE="Number"> 1033</LANGUAGEID>
     </LANGUAGENAME.LIST>
    </LEDGER>
    <LEDGER NAME="Amudha" RESERVEDNAME="">
     <PARENT TYPE="String">Unsecured Loans</PARENT>
     <LANGUAGENAME.LIST>
      <NAME.LIST TYPE="String">
       <NAME>Amudha</NAME>
      </NAME.LIST>
      <LANGUAGEID TYPE="Number"> 1033</LANGUAGEID>
     </LANGUAGENAME.LIST>
    </LEDGER>
    <LEDGER NAME="Anadhan" RESERVEDNAME="">
     <PARENT TYPE="String">Sundry Debtors</PARENT>
     <LANGUAGENAME.LIST>
      <NAME.LIST TYPE="String">
       <NAME>Anadhan</NAME>
      </NAME.LIST>
      <LANGUAGEID TYPE="Number"> 1033</LANGUAGEID>
     </LANGUAGENAME.LIST>
    </LEDGER>
    <LEDGER NAME="ANANDA TEXTILES AND READYMADES" RESERVEDNAME="">
     <PARENT TYPE="String">Sundry Debtors</PARENT>
     <LANGUAGENAME.LIST>
      <NAME.LIST TYPE="String">
       <NAME>ANANDA TEXTILES AND READYMADES</NAME>
      </NAME.LIST>
      <LANGUAGEID TYPE="Number"> 1033</LANGUAGEID>
     </LANGUAGENAME.LIST>
    </LEDGER>
    <LEDGER NAME="Anandhan" RESERVEDNAME="">
     <PARENT TYPE="String">Sundry Debtors</PARENT>
     <LANGUAGENAME.LIST>
      <NAME.LIST TYPE="String">
       <NAME>Anandhan</NAME>
      </NAME.LIST>
      <LANGUAGEID TYPE="Number"> 1033</LANGUAGEID>
     </LANGUAGENAME.LIST>
    </LEDGER>
    <LEDGER NAME="Annadurai" RESERVEDNAME="">
     <PARENT TYPE="String">Sundry Debtors</PARENT>
     <LANGUAGENAME.LIST>
      <NAME.LIST TYPE="String">
       <NAME>Annadurai</NAME>
      </NAME.LIST>
      <LANGUAGEID TYPE="Number"> 1033</LANGUAGEID>
     </LANGUAGENAME.LIST>
    </LEDGER>
    <LEDGER NAME="APURVA TRADERS" RESERVEDNAME="">
     <PARENT TYPE="String">Sundry Debtors</PARENT>
     <LANGUAGENAME.LIST>
      <NAME.LIST TYPE="String">
       <NAME>APURVA TRADERS</NAME>
      </NAME.LIST>
      <LANGUAGEID TYPE="Number"> 1033</LANGUAGEID>
     </LANGUAGENAME.LIST>
    </LEDGER>
    <LEDGER NAME="Arulmozhi" RESERVEDNAME="">
     <PARENT TYPE="String">Sundry Creditors</PARENT>
     <LANGUAGENAME.LIST>
      <NAME.LIST TYPE="String">
       <NAME>Arulmozhi</NAME>
      </NAME.LIST>
      <LANGUAGEID TYPE="Number"> 1033</LANGUAGEID>
     </LANGUAGENAME.LIST>
    </LEDGER>
    <LEDGER NAME="Arulmozhi Commission Agent" RESERVEDNAME="">
     <PARENT TYPE="String">Sundry Creditors</PARENT>
     <LANGUAGENAME.LIST>
      <NAME.LIST TYPE="String">
       <NAME>Arulmozhi Commission Agent</NAME>
      </NAME.LIST>
      <LANGUAGEID TYPE="Number"> 1033</LANGUAGEID>
     </LANGUAGENAME.LIST>
    </LEDGER>
    <LEDGER NAME="A.Shanmugasundharam" RESERVEDNAME="">
     <PARENT TYPE="String">Sundry Debtors</PARENT>
     <LANGUAGENAME.LIST>
      <NAME.LIST TYPE="String">
       <NAME>A.Shanmugasundharam</NAME>
      </NAME.LIST>
      <LANGUAGEID TYPE="Number"> 1033</LANGUAGEID>
     </LANGUAGENAME.LIST>
    </LEDGER>
    <LEDGER NAME="Aswin Consultancy Service" RESERVEDNAME="">
     <PARENT TYPE="String">Sundry Creditors</PARENT>
     <LANGUAGENAME.LIST>
      <NAME.LIST TYPE="String">
       <NAME>Aswin Consultancy Service</NAME>
      </NAME.LIST>
      <LANGUAGEID TYPE="Number"> 1033</LANGUAGEID>
     </LANGUAGENAME.LIST>
    </LEDGER>
    <LEDGER NAME="Audit Fees Payable" RESERVEDNAME="">
     <PARENT TYPE="String">Provisions</PARENT>
     <LANGUAGENAME.LIST>
      <NAME.LIST TYPE="String">
       <NAME>Audit Fees Payable</NAME>
      </NAME.LIST>
      <LANGUAGEID TYPE="Number"> 1033</LANGUAGEID>
     </LANGUAGENAME.LIST>
    </LEDGER>
    <LEDGER NAME="AVC Traders" RESERVEDNAME="">
     <PARENT TYPE="String">Sundry Creditors</PARENT>
     <LANGUAGENAME.LIST>
      <NAME.LIST TYPE="String">
       <NAME>AVC Traders</NAME>
      </NAME.LIST>
      <LANGUAGEID TYPE="Number"> 1033</LANGUAGEID>
     </LANGUAGENAME.LIST>
    </LEDGER>
    <LEDGER NAME="Babu" RESERVEDNAME="">
     <PARENT TYPE="String">Sundry Debtors</PARENT>
     <LANGUAGENAME.LIST>
      <NAME.LIST TYPE="String">
       <NAME>Babu</NAME>
      </NAME.LIST>
      <LANGUAGEID TYPE="Number"> 1033</LANGUAGEID>
     </LANGUAGENAME.LIST>
    </LEDGER>
    <LEDGER NAME="Balaji" RESERVEDNAME="">
     <PARENT TYPE="String">Sundry Debtors</PARENT>
     <LANGUAGENAME.LIST>
      <NAME.LIST TYPE="String">
       <NAME>Balaji</NAME>
      </NAME.LIST>
      <LANGUAGEID TYPE="Number"> 1033</LANGUAGEID>
     </LANGUAGENAME.LIST>
    </LEDGER>
    <LEDGER NAME="Balaji Textiles &amp; Show Room" RESERVEDNAME="">
     <PARENT TYPE="String">Debtors-KMY</PARENT>
     <LANGUAGENAME.LIST>
      <NAME.LIST TYPE="String">
       <NAME>Balaji Textiles &amp; Show Room</NAME>
      </NAME.LIST>
      <LANGUAGEID TYPE="Number"> 1033</LANGUAGEID>
     </LANGUAGENAME.LIST>
    </LEDGER>
    <LEDGER NAME="Balu" RESERVEDNAME="">
     <PARENT TYPE="String">Sundry Debtors</PARENT>
     <LANGUAGENAME.LIST>
      <NAME.LIST TYPE="String">
       <NAME>Balu</NAME>
      </NAME.LIST>
      <LANGUAGEID TYPE="Number"> 1033</LANGUAGEID>
     </LANGUAGENAME.LIST>
    </LEDGER>
    <LEDGER NAME="Bank Charges" RESERVEDNAME="">
     <PARENT TYPE="String">Indirect Expenses</PARENT>
     <LANGUAGENAME.LIST>
      <NAME.LIST TYPE="String">
       <NAME>Bank Charges</NAME>
       <NAME>B</NAME>
      </NAME.LIST>
      <LANGUAGEID TYPE="Number"> 1033</LANGUAGEID>
     </LANGUAGENAME.LIST>
    </LEDGER>
    <LEDGER NAME="Barani Step in" RESERVEDNAME="">
     <PARENT TYPE="String">Debtors-Sps</PARENT>
     <LANGUAGENAME.LIST>
      <NAME.LIST TYPE="String">
       <NAME>Barani Step in</NAME>
      </NAME.LIST>
      <LANGUAGEID TYPE="Number"> 1033</LANGUAGEID>
     </LANGUAGENAME.LIST>
    </LEDGER>
    <LEDGER NAME="Baskar" RESERVEDNAME="">
     <PARENT TYPE="String">Sundry Debtors</PARENT>
     <LANGUAGENAME.LIST>
      <NAME.LIST TYPE="String">
       <NAME>Baskar</NAME>
      </NAME.LIST>
      <LANGUAGEID TYPE="Number"> 1033</LANGUAGEID>
     </LANGUAGENAME.LIST>
    </LEDGER>
    <LEDGER NAME="Baskaran" RESERVEDNAME="">
     <PARENT TYPE="String">Sundry Debtors</PARENT>
     <LANGUAGENAME.LIST>
      <NAME.LIST TYPE="String">
       <NAME>Baskaran</NAME>
      </NAME.LIST>
      <LANGUAGEID TYPE="Number"> 1033</LANGUAGEID>
     </LANGUAGENAME.LIST>
    </LEDGER>
    <LEDGER NAME="Bombay Electricals" RESERVEDNAME="">
     <PARENT TYPE="String">Indirect Expenses</PARENT>
     <LANGUAGENAME.LIST>
      <NAME.LIST TYPE="String">
       <NAME>Bombay Electricals</NAME>
      </NAME.LIST>
      <LANGUAGEID TYPE="Number"> 1033</LANGUAGEID>
     </LANGUAGENAME.LIST>
    </LEDGER>
    <LEDGER NAME="Bombay Electricals Agencies" RESERVEDNAME="">
     <PARENT TYPE="String">Sundry Creditors</PARENT>
     <LANGUAGENAME.LIST>
      <NAME.LIST TYPE="String">
       <NAME>Bombay Electricals Agencies</NAME>
      </NAME.LIST>
      <LANGUAGEID TYPE="Number"> 1033</LANGUAGEID>
     </LANGUAGENAME.LIST>
    </LEDGER>
    <LEDGER NAME="BSP Polymers" RESERVEDNAME="">
     <PARENT TYPE="String">Sundry Creditors</PARENT>
     <LANGUAGENAME.LIST>
      <NAME.LIST TYPE="String">
       <NAME>BSP Polymers</NAME>
      </NAME.LIST>
      <LANGUAGEID TYPE="Number"> 1033</LANGUAGEID>
     </LANGUAGENAME.LIST>
    </LEDGER>
    <LEDGER NAME="Building" RESERVEDNAME="">
     <PARENT TYPE="String">Fixed Assets</PARENT>
     <LANGUAGENAME.LIST>
      <NAME.LIST TYPE="String">
       <NAME>Building</NAME>
      </NAME.LIST>
      <LANGUAGEID TYPE="Number"> 1033</LANGUAGEID>
     </LANGUAGENAME.LIST>
    </LEDGER>
    <LEDGER NAME="CAR-PY01BF5667" RESERVEDNAME="">
     <PARENT TYPE="String">Assest @15%</PARENT>
     <LANGUAGENAME.LIST>
      <NAME.LIST TYPE="String">
       <NAME>CAR-PY01BF5667</NAME>
      </NAME.LIST>
      <LANGUAGEID TYPE="Number"> 1033</LANGUAGEID>
     </LANGUAGENAME.LIST>
    </LEDGER>
    <LEDGER NAME="Cash" RESERVEDNAME="">
     <PARENT TYPE="String">Cash-in-Hand</PARENT>
     <LANGUAGENAME.LIST>
      <NAME.LIST TYPE="String">
       <NAME>Cash</NAME>
      </NAME.LIST>
      <LANGUAGEID TYPE="Number"> 1033</LANGUAGEID>
     </LANGUAGENAME.LIST>
    </LEDGER>
    <LEDGER NAME="Cgst@6%" RESERVEDNAME="">
     <PARENT TYPE="String">Duties &amp; Taxes</PARENT>
     <LANGUAGENAME.LIST>
      <NAME.LIST TYPE="String">
       <NAME>Cgst@6%</NAME>
      </NAME.LIST>
      <LANGUAGEID TYPE="Number"> 1033</LANGUAGEID>
     </LANGUAGENAME.LIST>
    </LEDGER>
    <LEDGER NAME="Cgst@9%" RESERVEDNAME="">
     <PARENT TYPE="String">Duties &amp; Taxes</PARENT>
     <LANGUAGENAME.LIST>
      <NAME.LIST TYPE="String">
       <NAME>Cgst@9%</NAME>
      </NAME.LIST>
      <LANGUAGEID TYPE="Number"> 1033</LANGUAGEID>
     </LANGUAGENAME.LIST>
    </LEDGER>
    <LEDGER NAME="Chandra Hardware &amp; Electricals" RESERVEDNAME="">
     <PARENT TYPE="String">Sundry Creditors</PARENT>
     <LANGUAGENAME.LIST>
      <NAME.LIST TYPE="String">
       <NAME>Chandra Hardware &amp; Electricals</NAME>
      </NAME.LIST>
      <LANGUAGEID TYPE="Number"> 1033</LANGUAGEID>
     </LANGUAGENAME.LIST>
    </LEDGER>
    <LEDGER NAME="Chandralekha" RESERVEDNAME="">
     <PARENT TYPE="String">Sundry Creditors</PARENT>
     <LANGUAGENAME.LIST>
      <NAME.LIST TYPE="String">
       <NAME>Chandralekha</NAME>
      </NAME.LIST>
      <LANGUAGEID TYPE="Number"> 1033</LANGUAGEID>
     </LANGUAGENAME.LIST>
    </LEDGER>
    <LEDGER NAME="Chandran" RESERVEDNAME="">
     <PARENT TYPE="String">Sundry Debtors</PARENT>
     <LANGUAGENAME.LIST>
      <NAME.LIST TYPE="String">
       <NAME>Chandran</NAME>
      </NAME.LIST>
      <LANGUAGEID TYPE="Number"> 1033</LANGUAGEID>
     </LANGUAGENAME.LIST>
    </LEDGER>
    <LEDGER NAME="Chinnayan" RESERVEDNAME="">
     <PARENT TYPE="String">Sundry Debtors</PARENT>
     <LANGUAGENAME.LIST>
      <NAME.LIST TYPE="String">
       <NAME>Chinnayan</NAME>
      </NAME.LIST>
      <LANGUAGEID TYPE="Number"> 1033</LANGUAGEID>
     </LANGUAGENAME.LIST>
    </LEDGER>
    <LEDGER NAME="Chitra" RESERVEDNAME="">
     <PARENT TYPE="String">Sundry Debtors</PARENT>
     <LANGUAGENAME.LIST>
      <NAME.LIST TYPE="String">
       <NAME>Chitra</NAME>
      </NAME.LIST>
      <LANGUAGEID TYPE="Number"> 1033</LANGUAGEID>
     </LANGUAGENAME.LIST>
    </LEDGER>
    <LEDGER NAME="Chittra" RESERVEDNAME="">
     <PARENT TYPE="String">Sundry Debtors</PARENT>
     <LANGUAGENAME.LIST>
      <NAME.LIST TYPE="String">
       <NAME>Chittra</NAME>
      </NAME.LIST>
      <LANGUAGEID TYPE="Number"> 1033</LANGUAGEID>
     </LANGUAGENAME.LIST>
    </LEDGER>
    <LEDGER NAME="CHOLAMANDALAM INVESTMENT &amp; FINANCE COMPANY LTD" RESERVEDNAME="">
     <PARENT TYPE="String">Sundry Creditors</PARENT>
     <LANGUAGENAME.LIST>
      <NAME.LIST TYPE="String">
       <NAME>CHOLAMANDALAM INVESTMENT &amp; FINANCE COMPANY LTD</NAME>
      </NAME.LIST>
      <LANGUAGEID TYPE="Number"> 1033</LANGUAGEID>
     </LANGUAGENAME.LIST>
    </LEDGER>
    <LEDGER NAME="Computer" RESERVEDNAME="">
     <PARENT TYPE="String">Assets 40%</PARENT>
     <LANGUAGENAME.LIST>
      <NAME.LIST TYPE="String">
       <NAME>Computer</NAME>
      </NAME.LIST>
      <LANGUAGEID TYPE="Number"> 1033</LANGUAGEID>
     </LANGUAGENAME.LIST>
    </LEDGER>
    <LEDGER NAME="David" RESERVEDNAME="">
     <PARENT TYPE="String">Sundry Debtors</PARENT>
     <LANGUAGENAME.LIST>
      <NAME.LIST TYPE="String">
       <NAME>David</NAME>
      </NAME.LIST>
      <LANGUAGEID TYPE="Number"> 1033</LANGUAGEID>
     </LANGUAGENAME.LIST>
    </LEDGER>
    <LEDGER NAME="DEPRECIATION" RESERVEDNAME="">
     <PARENT TYPE="String">Indirect Expenses</PARENT>
     <LANGUAGENAME.LIST>
      <NAME.LIST TYPE="String">
       <NAME>DEPRECIATION</NAME>
      </NAME.LIST>
      <LANGUAGEID TYPE="Number"> 1033</LANGUAGEID>
     </LANGUAGENAME.LIST>
    </LEDGER>
    <LEDGER NAME="Devaki Foundations" RESERVEDNAME="">
     <PARENT TYPE="String">Sundry Creditors</PARENT>
     <LANGUAGENAME.LIST>
      <NAME.LIST TYPE="String">
       <NAME>Devaki Foundations</NAME>
      </NAME.LIST>
      <LANGUAGEID TYPE="Number"> 1033</LANGUAGEID>
     </LANGUAGENAME.LIST>
    </LEDGER>
    <LEDGER NAME="Devendiran" RESERVEDNAME="">
     <PARENT TYPE="String">Sundry Debtors</PARENT>
     <LANGUAGENAME.LIST>
      <NAME.LIST TYPE="String">
       <NAME>Devendiran</NAME>
      </NAME.LIST>
      <LANGUAGEID TYPE="Number"> 1033</LANGUAGEID>
     </LANGUAGENAME.LIST>
    </LEDGER>
    <LEDGER NAME="Dhamodaran" RESERVEDNAME="">
     <PARENT TYPE="String">Salary Account</PARENT>
     <LANGUAGENAME.LIST>
      <NAME.LIST TYPE="String">
       <NAME>Dhamodaran</NAME>
      </NAME.LIST>
      <LANGUAGEID TYPE="Number"> 1033</LANGUAGEID>
     </LANGUAGENAME.LIST>
    </LEDGER>
    <LEDGER NAME="Dhanapal" RESERVEDNAME="">
     <PARENT TYPE="String">Sundry Debtors</PARENT>
     <LANGUAGENAME.LIST>
      <NAME.LIST TYPE="String">
       <NAME>Dhanapal</NAME>
      </NAME.LIST>
      <LANGUAGEID TYPE="Number"> 1033</LANGUAGEID>
     </LANGUAGENAME.LIST>
    </LEDGER>
    <LEDGER NAME="Dhevendiran Em" RESERVEDNAME="">
     <PARENT TYPE="String">Salary Account</PARENT>
     <LANGUAGENAME.LIST>
      <NAME.LIST TYPE="String">
       <NAME>Dhevendiran Em</NAME>
      </NAME.LIST>
      <LANGUAGEID TYPE="Number"> 1033</LANGUAGEID>
     </LANGUAGENAME.LIST>
    </LEDGER>
    <LEDGER NAME="Dinakaran" RESERVEDNAME="">
     <PARENT TYPE="String">Sundry Debtors</PARENT>
     <LANGUAGENAME.LIST>
      <NAME.LIST TYPE="String">
       <NAME>Dinakaran</NAME>
      </NAME.LIST>
      <LANGUAGEID TYPE="Number"> 1033</LANGUAGEID>
     </LANGUAGENAME.LIST>
    </LEDGER>
    <LEDGER NAME="Discount" RESERVEDNAME="">
     <PARENT TYPE="String">Indirect Expenses</PARENT>
     <LANGUAGENAME.LIST>
      <NAME.LIST TYPE="String">
       <NAME>Discount</NAME>
      </NAME.LIST>
      <LANGUAGEID TYPE="Number"> 1033</LANGUAGEID>
     </LANGUAGENAME.LIST>
    </LEDGER>
    <LEDGER NAME="Drawing" RESERVEDNAME="">
     <PARENT TYPE="String">Capital Account</PARENT>
     <LANGUAGENAME.LIST>
      <NAME.LIST TYPE="String">
       <NAME>Drawing</NAME>
      </NAME.LIST>
      <LANGUAGEID TYPE="Number"> 1033</LANGUAGEID>
     </LANGUAGENAME.LIST>
    </LEDGER>
    <LEDGER NAME="Durai Raj" RESERVEDNAME="">
     <PARENT TYPE="String">Sundry Debtors</PARENT>
     <LANGUAGENAME.LIST>
      <NAME.LIST TYPE="String">
       <NAME>Durai Raj</NAME>
      </NAME.LIST>
      <LANGUAGEID TYPE="Number"> 1033</LANGUAGEID>
     </LANGUAGENAME.LIST>
    </LEDGER>
    <LEDGER NAME="Elagovan" RESERVEDNAME="">
     <PARENT TYPE="String">Sundry Debtors</PARENT>
     <LANGUAGENAME.LIST>
      <NAME.LIST TYPE="String">
       <NAME>Elagovan</NAME>
      </NAME.LIST>
      <LANGUAGEID TYPE="Number"> 1033</LANGUAGEID>
     </LANGUAGENAME.LIST>
    </LEDGER>
    <LEDGER NAME="Emi Refund (Covid19)" RESERVEDNAME="">
     <PARENT TYPE="String">Indirect Incomes</PARENT>
     <LANGUAGENAME.LIST>
      <NAME.LIST TYPE="String">
       <NAME>Emi Refund (Covid19)</NAME>
      </NAME.LIST>
      <LANGUAGEID TYPE="Number"> 1033</LANGUAGEID>
     </LANGUAGENAME.LIST>
    </LEDGER>
    <LEDGER NAME="E Tax Advisors Pvt" RESERVEDNAME="">
     <PARENT TYPE="String">Sundry Creditors</PARENT>
     <LANGUAGENAME.LIST>
      <NAME.LIST TYPE="String">
       <NAME>E Tax Advisors Pvt</NAME>
      </NAME.LIST>
      <LANGUAGEID TYPE="Number"> 1033</LANGUAGEID>
     </LANGUAGENAME.LIST>
    </LEDGER>
    <LEDGER NAME="Fire Safety Equipments" RESERVEDNAME="">
     <PARENT TYPE="String">Assest @15%</PARENT>
     <LANGUAGENAME.LIST>
      <NAME.LIST TYPE="String">
       <NAME>Fire Safety Equipments</NAME>
      </NAME.LIST>
      <LANGUAGEID TYPE="Number"> 1033</LANGUAGEID>
     </LANGUAGENAME.LIST>
    </LEDGER>
    <LEDGER NAME="Fransis Pandiyan" RESERVEDNAME="">
     <PARENT TYPE="String">Sundry Debtors</PARENT>
     <LANGUAGENAME.LIST>
      <NAME.LIST TYPE="String">
       <NAME>Fransis Pandiyan</NAME>
      </NAME.LIST>
      <LANGUAGEID TYPE="Number"> 1033</LANGUAGEID>
     </LANGUAGENAME.LIST>
    </LEDGER>
    <LEDGER NAME="GANAPATHY ENTERPRISES" RESERVEDNAME="">
     <PARENT TYPE="String">Sundry Creditors</PARENT>
     <LANGUAGENAME.LIST>
      <NAME.LIST TYPE="String">
       <NAME>GANAPATHY ENTERPRISES</NAME>
      </NAME.LIST>
      <LANGUAGEID TYPE="Number"> 1033</LANGUAGEID>
     </LANGUAGENAME.LIST>
    </LEDGER>
    <LEDGER NAME="Ganesh" RESERVEDNAME="">
     <PARENT TYPE="String">Sundry Debtors</PARENT>
     <LANGUAGENAME.LIST>
      <NAME.LIST TYPE="String">
       <NAME>Ganesh</NAME>
      </NAME.LIST>
      <LANGUAGEID TYPE="Number"> 1033</LANGUAGEID>
     </LANGUAGENAME.LIST>
    </LEDGER>
    <LEDGER NAME="Gems Traders" RESERVEDNAME="">
     <PARENT TYPE="String">Sundry Creditors</PARENT>
     <LANGUAGENAME.LIST>
      <NAME.LIST TYPE="String">
       <NAME>Gems Traders</NAME>
      </NAME.LIST>
      <LANGUAGEID TYPE="Number"> 1033</LANGUAGEID>
     </LANGUAGENAME.LIST>
    </LEDGER>
    <LEDGER NAME="General Expenses" RESERVEDNAME="">
     <PARENT TYPE="String">Indirect Expenses</PARENT>
     <LANGUAGENAME.LIST>
      <NAME.LIST TYPE="String">
       <NAME>General Expenses</NAME>
      </NAME.LIST>
      <LANGUAGEID TYPE="Number"> 1033</LANGUAGEID>
     </LANGUAGENAME.LIST>
    </LEDGER>
    <LEDGER NAME="GODREJ AND BOYCE MFG CO LTD" RESERVEDNAME="">
     <PARENT TYPE="String">Sundry Creditors</PARENT>
     <LANGUAGENAME.LIST>
      <NAME.LIST TYPE="String">
       <NAME>GODREJ AND BOYCE MFG CO LTD</NAME>
      </NAME.LIST>
      <LANGUAGEID TYPE="Number"> 1033</LANGUAGEID>
     </LANGUAGENAME.LIST>
    </LEDGER>
    <LEDGER NAME="Gold Loan Inetrest" RESERVEDNAME="">
     <PARENT TYPE="String">Indirect Expenses</PARENT>
     <LANGUAGENAME.LIST>
      <NAME.LIST TYPE="String">
       <NAME>Gold Loan Inetrest</NAME>
      </NAME.LIST>
      <LANGUAGEID TYPE="Number"> 1033</LANGUAGEID>
     </LANGUAGENAME.LIST>
    </LEDGER>
    <LEDGER NAME="Gopalan" RESERVEDNAME="">
     <PARENT TYPE="String">Sundry Debtors</PARENT>
     <LANGUAGENAME.LIST>
      <NAME.LIST TYPE="String">
       <NAME>Gopalan</NAME>
      </NAME.LIST>
      <LANGUAGEID TYPE="Number"> 1033</LANGUAGEID>
     </LANGUAGENAME.LIST>
    </LEDGER>
    <LEDGER NAME="Gothandapani" RESERVEDNAME="">
     <PARENT TYPE="String">Sundry Debtors</PARENT>
     <LANGUAGENAME.LIST>
      <NAME.LIST TYPE="String">
       <NAME>Gothandapani</NAME>
      </NAME.LIST>
      <LANGUAGEID TYPE="Number"> 1033</LANGUAGEID>
     </LANGUAGENAME.LIST>
    </LEDGER>
    <LEDGER NAME="Govindhan" RESERVEDNAME="">
     <PARENT TYPE="String">Sundry Debtors</PARENT>
     <LANGUAGENAME.LIST>
      <NAME.LIST TYPE="String">
       <NAME>Govindhan</NAME>
      </NAME.LIST>
      <LANGUAGEID TYPE="Number"> 1033</LANGUAGEID>
     </LANGUAGENAME.LIST>
    </LEDGER>
    <LEDGER NAME="G.Poonguzhali" RESERVEDNAME="">
     <PARENT TYPE="String">Debtors-VR</PARENT>
     <LANGUAGENAME.LIST>
      <NAME.LIST TYPE="String">
       <NAME>G.Poonguzhali</NAME>
       <NAME>G</NAME>
      </NAME.LIST>
      <LANGUAGEID TYPE="Number"> 1033</LANGUAGEID>
     </LANGUAGENAME.LIST>
    </LEDGER>
    <LEDGER NAME="GST Cash Balance" RESERVEDNAME="">
     <PARENT TYPE="String">Duties &amp; Taxes</PARENT>
     <LANGUAGENAME.LIST>
      <NAME.LIST TYPE="String">
       <NAME>GST Cash Balance</NAME>
      </NAME.LIST>
      <LANGUAGEID TYPE="Number"> 1033</LANGUAGEID>
     </LANGUAGENAME.LIST>
    </LEDGER>
    <LEDGER NAME="Gst Filing &amp; Account Charges Fees" RESERVEDNAME="">
     <PARENT TYPE="String">Indirect Expenses</PARENT>
     <LANGUAGENAME.LIST>
      <NAME.LIST TYPE="String">
       <NAME>Gst Filing &amp; Account Charges Fees</NAME>
      </NAME.LIST>
      <LANGUAGEID TYPE="Number"> 1033</LANGUAGEID>
     </LANGUAGENAME.LIST>
    </LEDGER>
    <LEDGER NAME="GST Late Fee" RESERVEDNAME="">
     <PARENT TYPE="String">Indirect Expenses</PARENT>
     <LANGUAGENAME.LIST>
      <NAME.LIST TYPE="String">
       <NAME>GST Late Fee</NAME>
      </NAME.LIST>
      <LANGUAGEID TYPE="Number"> 1033</LANGUAGEID>
     </LANGUAGENAME.LIST>
    </LEDGER>
    <LEDGER NAME="GST Paid" RESERVEDNAME="">
     <PARENT TYPE="String">Duties &amp; Taxes</PARENT>
     <LANGUAGENAME.LIST>
      <NAME.LIST TYPE="String">
       <NAME>GST Paid</NAME>
      </NAME.LIST>
      <LANGUAGEID TYPE="Number"> 1033</LANGUAGEID>
     </LANGUAGENAME.LIST>
    </LEDGER>
    <LEDGER NAME="GST Payable" RESERVEDNAME="">
     <PARENT TYPE="String">Provisions</PARENT>
     <LANGUAGENAME.LIST>
      <NAME.LIST TYPE="String">
       <NAME>GST Payable</NAME>
      </NAME.LIST>
      <LANGUAGEID TYPE="Number"> 1033</LANGUAGEID>
     </LANGUAGENAME.LIST>
    </LEDGER>
    <LEDGER NAME="Gunasekaran" RESERVEDNAME="">
     <PARENT TYPE="String">Sundry Debtors</PARENT>
     <LANGUAGENAME.LIST>
      <NAME.LIST TYPE="String">
       <NAME>Gunasekaran</NAME>
      </NAME.LIST>
      <LANGUAGEID TYPE="Number"> 1033</LANGUAGEID>
     </LANGUAGENAME.LIST>
    </LEDGER>
    <LEDGER NAME="Hari" RESERVEDNAME="">
     <PARENT TYPE="String">Sundry Debtors</PARENT>
     <LANGUAGENAME.LIST>
      <NAME.LIST TYPE="String">
       <NAME>Hari</NAME>
      </NAME.LIST>
      <LANGUAGEID TYPE="Number"> 1033</LANGUAGEID>
     </LANGUAGENAME.LIST>
    </LEDGER>
    <LEDGER NAME="Hariharan" RESERVEDNAME="">
     <PARENT TYPE="String">Sundry Debtors</PARENT>
     <LANGUAGENAME.LIST>
      <NAME.LIST TYPE="String">
       <NAME>Hariharan</NAME>
      </NAME.LIST>
      <LANGUAGEID TYPE="Number"> 1033</LANGUAGEID>
     </LANGUAGENAME.LIST>
    </LEDGER>
    <LEDGER NAME="Harish" RESERVEDNAME="">
     <PARENT TYPE="String">Sundry Debtors</PARENT>
     <LANGUAGENAME.LIST>
      <NAME.LIST TYPE="String">
       <NAME>Harish</NAME>
      </NAME.LIST>
      <LANGUAGEID TYPE="Number"> 1033</LANGUAGEID>
     </LANGUAGENAME.LIST>
    </LEDGER>
    <LEDGER NAME="Hemalatha T" RESERVEDNAME="">
     <PARENT TYPE="String">Capital Account</PARENT>
     <LANGUAGENAME.LIST>
      <NAME.LIST TYPE="String">
       <NAME>Hemalatha T</NAME>
      </NAME.LIST>
      <LANGUAGEID TYPE="Number"> 1033</LANGUAGEID>
     </LANGUAGENAME.LIST>
    </LEDGER>
    <LEDGER NAME="Hotel Campus" RESERVEDNAME="">
     <PARENT TYPE="String">Sundry Debtors</PARENT>
     <LANGUAGENAME.LIST>
      <NAME.LIST TYPE="String">
       <NAME>Hotel Campus</NAME>
      </NAME.LIST>
      <LANGUAGEID TYPE="Number"> 1033</LANGUAGEID>
     </LANGUAGENAME.LIST>
    </LEDGER>
    <LEDGER NAME="Hotel Saraswathy Bangajam" RESERVEDNAME="">
     <PARENT TYPE="String">Debtors-VR</PARENT>
     <LANGUAGENAME.LIST>
      <NAME.LIST TYPE="String">
       <NAME>Hotel Saraswathy Bangajam</NAME>
      </NAME.LIST>
      <LANGUAGEID TYPE="Number"> 1033</LANGUAGEID>
     </LANGUAGENAME.LIST>
    </LEDGER>
    <LEDGER NAME="Hriday Polyplast" RESERVEDNAME="">
     <PARENT TYPE="String">Sundry Creditors</PARENT>
     <LANGUAGENAME.LIST>
      <NAME.LIST TYPE="String">
       <NAME>Hriday Polyplast</NAME>
      </NAME.LIST>
      <LANGUAGEID TYPE="Number"> 1033</LANGUAGEID>
     </LANGUAGENAME.LIST>
    </LEDGER>
    <LEDGER NAME="Igst 18%" RESERVEDNAME="">
     <PARENT TYPE="String">Duties &amp; Taxes</PARENT>
     <LANGUAGENAME.LIST>
      <NAME.LIST TYPE="String">
       <NAME>Igst 18%</NAME>
      </NAME.LIST>
      <LANGUAGEID TYPE="Number"> 1033</LANGUAGEID>
     </LANGUAGENAME.LIST>
    </LEDGER>
    <LEDGER NAME="Igst@12%" RESERVEDNAME="">
     <PARENT TYPE="String">Duties &amp; Taxes</PARENT>
     <LANGUAGENAME.LIST>
      <NAME.LIST TYPE="String">
       <NAME>Igst@12%</NAME>
       <NAME>Ig</NAME>
      </NAME.LIST>
      <LANGUAGEID TYPE="Number"> 1033</LANGUAGEID>
     </LANGUAGENAME.LIST>
    </LEDGER>
    <LEDGER NAME="Igst@18%" RESERVEDNAME="">
     <PARENT TYPE="String">Duties &amp; Taxes</PARENT>
     <LANGUAGENAME.LIST>
      <NAME.LIST TYPE="String">
       <NAME>Igst@18%</NAME>
       <NAME>Ii</NAME>
      </NAME.LIST>
      <LANGUAGEID TYPE="Number"> 1033</LANGUAGEID>
     </LANGUAGENAME.LIST>
    </LEDGER>
    <LEDGER NAME="Indica Computers and Web Square" RESERVEDNAME="">
     <PARENT TYPE="String">Sundry Creditors</PARENT>
     <LANGUAGENAME.LIST>
      <NAME.LIST TYPE="String">
       <NAME>Indica Computers and Web Square</NAME>
      </NAME.LIST>
      <LANGUAGEID TYPE="Number"> 1033</LANGUAGEID>
     </LANGUAGENAME.LIST>
    </LEDGER>
    <LEDGER NAME="Input Cgst 2.5%" RESERVEDNAME="">
     <PARENT TYPE="String">Duties &amp; Taxes</PARENT>
     <LANGUAGENAME.LIST>
      <NAME.LIST TYPE="String">
       <NAME>Input Cgst 2.5%</NAME>
      </NAME.LIST>
      <LANGUAGEID TYPE="Number"> 1033</LANGUAGEID>
     </LANGUAGENAME.LIST>
    </LEDGER>
    <LEDGER NAME="INPUT CGST@14%" RESERVEDNAME="">
     <PARENT TYPE="String">Duties &amp; Taxes</PARENT>
     <LANGUAGENAME.LIST>
      <NAME.LIST TYPE="String">
       <NAME>INPUT CGST@14%</NAME>
      </NAME.LIST>
      <LANGUAGEID TYPE="Number"> 1033</LANGUAGEID>
     </LANGUAGENAME.LIST>
    </LEDGER>
    <LEDGER NAME="INPUT CGST@ 6%" RESERVEDNAME="">
     <PARENT TYPE="String">Duties &amp; Taxes</PARENT>
     <LANGUAGENAME.LIST>
      <NAME.LIST TYPE="String">
       <NAME>INPUT CGST@ 6%</NAME>
       <NAME>C6</NAME>
      </NAME.LIST>
      <LANGUAGEID TYPE="Number"> 1033</LANGUAGEID>
     </LANGUAGENAME.LIST>
    </LEDGER>
    <LEDGER NAME="INPUT CGST @ 9%" RESERVEDNAME="">
     <PARENT TYPE="String">Duties &amp; Taxes</PARENT>
     <LANGUAGENAME.LIST>
      <NAME.LIST TYPE="String">
       <NAME>INPUT CGST @ 9%</NAME>
       <NAME>Ic</NAME>
      </NAME.LIST>
      <LANGUAGEID TYPE="Number"> 1033</LANGUAGEID>
     </LANGUAGENAME.LIST>
    </LEDGER>
    <LEDGER NAME="Input IGST 18%" RESERVEDNAME="">
     <PARENT TYPE="String">Duties &amp; Taxes</PARENT>
     <LANGUAGENAME.LIST>
      <NAME.LIST TYPE="String">
       <NAME>Input IGST 18%</NAME>
      </NAME.LIST>
      <LANGUAGEID TYPE="Number"> 1033</LANGUAGEID>
     </LANGUAGENAME.LIST>
    </LEDGER>
    <LEDGER NAME="INPUT IGST @ 12%" RESERVEDNAME="">
     <PARENT TYPE="String">Duties &amp; Taxes</PARENT>
     <LANGUAGENAME.LIST>
      <NAME.LIST TYPE="String">
       <NAME>INPUT IGST @ 12%</NAME>
       <NAME>I1</NAME>
      </NAME.LIST>
      <LANGUAGEID TYPE="Number"> 1033</LANGUAGEID>
     </LANGUAGENAME.LIST>
    </LEDGER>
    <LEDGER NAME="Input Sgst 2.5%" RESERVEDNAME="">
     <PARENT TYPE="String">Duties &amp; Taxes</PARENT>
     <LANGUAGENAME.LIST>
      <NAME.LIST TYPE="String">
       <NAME>Input Sgst 2.5%</NAME>
      </NAME.LIST>
      <LANGUAGEID TYPE="Number"> 1033</LANGUAGEID>
     </LANGUAGENAME.LIST>
    </LEDGER>
    <LEDGER NAME="INPUT SGST@14%" RESERVEDNAME="">
     <PARENT TYPE="String">Duties &amp; Taxes</PARENT>
     <LANGUAGENAME.LIST>
      <NAME.LIST TYPE="String">
       <NAME>INPUT SGST@14%</NAME>
      </NAME.LIST>
      <LANGUAGEID TYPE="Number"> 1033</LANGUAGEID>
     </LANGUAGENAME.LIST>
    </LEDGER>
    <LEDGER NAME="INPUT SGST@ 6%" RESERVEDNAME="">
     <PARENT TYPE="String">Duties &amp; Taxes</PARENT>
     <LANGUAGENAME.LIST>
      <NAME.LIST TYPE="String">
       <NAME>INPUT SGST@ 6%</NAME>
       <NAME>S6</NAME>
      </NAME.LIST>
      <LANGUAGEID TYPE="Number"> 1033</LANGUAGEID>
     </LANGUAGENAME.LIST>
    </LEDGER>
    <LEDGER NAME="INPUT SGST@ 9%" RESERVEDNAME="">
     <PARENT TYPE="String">Duties &amp; Taxes</PARENT>
     <LANGUAGENAME.LIST>
      <NAME.LIST TYPE="String">
       <NAME>INPUT SGST@ 9%</NAME>
       <NAME>Is</NAME>
      </NAME.LIST>
      <LANGUAGEID TYPE="Number"> 1033</LANGUAGEID>
     </LANGUAGENAME.LIST>
    </LEDGER>
    <LEDGER NAME="Insurance" RESERVEDNAME="">
     <PARENT TYPE="String">Indirect Expenses</PARENT>
     <LANGUAGENAME.LIST>
      <NAME.LIST TYPE="String">
       <NAME>Insurance</NAME>
      </NAME.LIST>
      <LANGUAGEID TYPE="Number"> 1033</LANGUAGEID>
     </LANGUAGENAME.LIST>
    </LEDGER>
    <LEDGER NAME="Intercom" RESERVEDNAME="">
     <PARENT TYPE="String">Assest @15%</PARENT>
     <LANGUAGENAME.LIST>
      <NAME.LIST TYPE="String">
       <NAME>Intercom</NAME>
      </NAME.LIST>
      <LANGUAGEID TYPE="Number"> 1033</LANGUAGEID>
     </LANGUAGENAME.LIST>
    </LEDGER>
    <LEDGER NAME="Interest Accurred" RESERVEDNAME="">
     <PARENT TYPE="String">Current Assets</PARENT>
     <LANGUAGENAME.LIST>
      <NAME.LIST TYPE="String">
       <NAME>Interest Accurred</NAME>
      </NAME.LIST>
      <LANGUAGEID TYPE="Number"> 1033</LANGUAGEID>
     </LANGUAGENAME.LIST>
    </LEDGER>
    <LEDGER NAME="Interest on LC Margin" RESERVEDNAME="">
     <PARENT TYPE="String">Indirect Incomes</PARENT>
     <LANGUAGENAME.LIST>
      <NAME.LIST TYPE="String">
       <NAME>Interest on LC Margin</NAME>
      </NAME.LIST>
      <LANGUAGEID TYPE="Number"> 1033</LANGUAGEID>
     </LANGUAGENAME.LIST>
    </LEDGER>
    <LEDGER NAME="Interest on OD ACCOUNT" RESERVEDNAME="">
     <PARENT TYPE="String">Indirect Expenses</PARENT>
     <LANGUAGENAME.LIST>
      <NAME.LIST TYPE="String">
       <NAME>Interest on OD ACCOUNT</NAME>
       <NAME>Od</NAME>
      </NAME.LIST>
      <LANGUAGEID TYPE="Number"> 1033</LANGUAGEID>
     </LANGUAGENAME.LIST>
    </LEDGER>
    <LEDGER NAME="Internet Bill" RESERVEDNAME="">
     <PARENT TYPE="String">Indirect Expenses</PARENT>
     <LANGUAGENAME.LIST>
      <NAME.LIST TYPE="String">
       <NAME>Internet Bill</NAME>
      </NAME.LIST>
      <LANGUAGEID TYPE="Number"> 1033</LANGUAGEID>
     </LANGUAGENAME.LIST>
    </LEDGER>
    <LEDGER NAME="Int. on TL" RESERVEDNAME="">
     <PARENT TYPE="String">Indirect Expenses</PARENT>
     <LANGUAGENAME.LIST>
      <NAME.LIST TYPE="String">
       <NAME>Int. on TL</NAME>
      </NAME.LIST>
      <LANGUAGEID TYPE="Number"> 1033</LANGUAGEID>
     </LANGUAGENAME.LIST>
    </LEDGER>
    <LEDGER NAME="Jagan Enterprises" RESERVEDNAME="">
     <PARENT TYPE="String">Sundry Creditors</PARENT>
     <LANGUAGENAME.LIST>
      <NAME.LIST TYPE="String">
       <NAME>Jagan Enterprises</NAME>
      </NAME.LIST>
      <LANGUAGEID TYPE="Number"> 1033</LANGUAGEID>
     </LANGUAGENAME.LIST>
    </LEDGER>
    <LEDGER NAME="Janakiraman" RESERVEDNAME="">
     <PARENT TYPE="String">Sundry Debtors</PARENT>
     <LANGUAGENAME.LIST>
      <NAME.LIST TYPE="String">
       <NAME>Janakiraman</NAME>
      </NAME.LIST>
      <LANGUAGEID TYPE="Number"> 1033</LANGUAGEID>
     </LANGUAGENAME.LIST>
    </LEDGER>
    <LEDGER NAME="Jayakandhan" RESERVEDNAME="">
     <PARENT TYPE="String">Sundry Debtors</PARENT>
     <LANGUAGENAME.LIST>
      <NAME.LIST TYPE="String">
       <NAME>Jayakandhan</NAME>
      </NAME.LIST>
      <LANGUAGEID TYPE="Number"> 1033</LANGUAGEID>
     </LANGUAGENAME.LIST>
    </LEDGER>
    <LEDGER NAME="Jayakumar" RESERVEDNAME="">
     <PARENT TYPE="String">Sundry Creditors</PARENT>
     <LANGUAGENAME.LIST>
      <NAME.LIST TYPE="String">
       <NAME>Jayakumar</NAME>
      </NAME.LIST>
      <LANGUAGEID TYPE="Number"> 1033</LANGUAGEID>
     </LANGUAGENAME.LIST>
    </LEDGER>
    <LEDGER NAME="Jayaprakash" RESERVEDNAME="">
     <PARENT TYPE="String">Debtors-VR</PARENT>
     <LANGUAGENAME.LIST>
      <NAME.LIST TYPE="String">
       <NAME>Jayaprakash</NAME>
      </NAME.LIST>
      <LANGUAGEID TYPE="Number"> 1033</LANGUAGEID>
     </LANGUAGENAME.LIST>
    </LEDGER>
    <LEDGER NAME="Jaya Priya Chit Fund" RESERVEDNAME="">
     <PARENT TYPE="String">Sundry Debtors</PARENT>
     <LANGUAGENAME.LIST>
      <NAME.LIST TYPE="String">
       <NAME>Jaya Priya Chit Fund</NAME>
      </NAME.LIST>
      <LANGUAGEID TYPE="Number"> 1033</LANGUAGEID>
     </LANGUAGENAME.LIST>
    </LEDGER>
    <LEDGER NAME="Jayaraman" RESERVEDNAME="">
     <PARENT TYPE="String">Sundry Debtors</PARENT>
     <LANGUAGENAME.LIST>
      <NAME.LIST TYPE="String">
       <NAME>Jayaraman</NAME>
      </NAME.LIST>
      <LANGUAGEID TYPE="Number"> 1033</LANGUAGEID>
     </LANGUAGENAME.LIST>
    </LEDGER>
    <LEDGER NAME="Jeetendra Agencies" RESERVEDNAME="">
     <PARENT TYPE="String">Sundry Creditors</PARENT>
     <LANGUAGENAME.LIST>
      <NAME.LIST TYPE="String">
       <NAME>Jeetendra Agencies</NAME>
      </NAME.LIST>
      <LANGUAGEID TYPE="Number"> 1033</LANGUAGEID>
     </LANGUAGENAME.LIST>
    </LEDGER>
    <LEDGER NAME="JKR Tex" RESERVEDNAME="">
     <PARENT TYPE="String">Debtors-VR</PARENT>
     <LANGUAGENAME.LIST>
      <NAME.LIST TYPE="String">
       <NAME>JKR Tex</NAME>
      </NAME.LIST>
      <LANGUAGEID TYPE="Number"> 1033</LANGUAGEID>
     </LANGUAGENAME.LIST>
    </LEDGER>
    <LEDGER NAME="Jkr Tex - Kallakurichi" RESERVEDNAME="">
     <PARENT TYPE="String">Debtors-VR</PARENT>
     <LANGUAGENAME.LIST>
      <NAME.LIST TYPE="String">
       <NAME>Jkr Tex - Kallakurichi</NAME>
      </NAME.LIST>
      <LANGUAGEID TYPE="Number"> 1033</LANGUAGEID>
     </LANGUAGENAME.LIST>
    </LEDGER>
    <LEDGER NAME="Jkr Tex - Neyveli" RESERVEDNAME="">
     <PARENT TYPE="String">Debtors-VR</PARENT>
     <LANGUAGENAME.LIST>
      <NAME.LIST TYPE="String">
       <NAME>Jkr Tex - Neyveli</NAME>
      </NAME.LIST>
      <LANGUAGEID TYPE="Number"> 1033</LANGUAGEID>
     </LANGUAGENAME.LIST>
    </LEDGER>
    <LEDGER NAME="J.K.V. Tyres" RESERVEDNAME="">
     <PARENT TYPE="String">Sundry Creditors</PARENT>
     <LANGUAGENAME.LIST>
      <NAME.LIST TYPE="String">
       <NAME>J.K.V. Tyres</NAME>
      </NAME.LIST>
      <LANGUAGEID TYPE="Number"> 1033</LANGUAGEID>
     </LANGUAGENAME.LIST>
    </LEDGER>
    <LEDGER NAME="Kalanjiyam Designers" RESERVEDNAME="">
     <PARENT TYPE="String">Sundry Debtors</PARENT>
     <LANGUAGENAME.LIST>
      <NAME.LIST TYPE="String">
       <NAME>Kalanjiyam Designers</NAME>
      </NAME.LIST>
      <LANGUAGEID TYPE="Number"> 1033</LANGUAGEID>
     </LANGUAGENAME.LIST>
    </LEDGER>
    <LEDGER NAME="Kaliyan" RESERVEDNAME="">
     <PARENT TYPE="String">Sundry Debtors</PARENT>
     <LANGUAGENAME.LIST>
      <NAME.LIST TYPE="String">
       <NAME>Kaliyan</NAME>
      </NAME.LIST>
      <LANGUAGEID TYPE="Number"> 1033</LANGUAGEID>
     </LANGUAGENAME.LIST>
    </LEDGER>
    <LEDGER NAME="Kamal" RESERVEDNAME="">
     <PARENT TYPE="String">Sundry Debtors</PARENT>
     <LANGUAGENAME.LIST>
      <NAME.LIST TYPE="String">
       <NAME>Kamal</NAME>
      </NAME.LIST>
      <LANGUAGEID TYPE="Number"> 1033</LANGUAGEID>
     </LANGUAGENAME.LIST>
    </LEDGER>
    <LEDGER NAME="Kanna Agency" RESERVEDNAME="">
     <PARENT TYPE="String">Sundry Creditors</PARENT>
     <LANGUAGENAME.LIST>
      <NAME.LIST TYPE="String">
       <NAME>Kanna Agency</NAME>
      </NAME.LIST>
      <LANGUAGEID TYPE="Number"> 1033</LANGUAGEID>
     </LANGUAGENAME.LIST>
    </LEDGER>
    <LEDGER NAME="Kannan" RESERVEDNAME="">
     <PARENT TYPE="String">Sundry Debtors</PARENT>
     <LANGUAGENAME.LIST>
      <NAME.LIST TYPE="String">
       <NAME>Kannan</NAME>
      </NAME.LIST>
      <LANGUAGEID TYPE="Number"> 1033</LANGUAGEID>
     </LANGUAGENAME.LIST>
    </LEDGER>
    <LEDGER NAME="Kanna Silks" RESERVEDNAME="">
     <PARENT TYPE="String">Sundry Debtors</PARENT>
     <LANGUAGENAME.LIST>
      <NAME.LIST TYPE="String">
       <NAME>Kanna Silks</NAME>
      </NAME.LIST>
      <LANGUAGEID TYPE="Number"> 1033</LANGUAGEID>
     </LANGUAGENAME.LIST>
    </LEDGER>
    <LEDGER NAME="Karthik Safety Equipment" RESERVEDNAME="">
     <PARENT TYPE="String">Sundry Creditors</PARENT>
     <LANGUAGENAME.LIST>
      <NAME.LIST TYPE="String">
       <NAME>Karthik Safety Equipment</NAME>
      </NAME.LIST>
      <LANGUAGEID TYPE="Number"> 1033</LANGUAGEID>
     </LANGUAGENAME.LIST>
    </LEDGER>
    <LEDGER NAME="KARUR VYSYA BANK LTD" RESERVEDNAME="">
     <PARENT TYPE="String">Sundry Creditors</PARENT>
     <LANGUAGENAME.LIST>
      <NAME.LIST TYPE="String">
       <NAME>KARUR VYSYA BANK LTD</NAME>
      </NAME.LIST>
      <LANGUAGEID TYPE="Number"> 1033</LANGUAGEID>
     </LANGUAGENAME.LIST>
    </LEDGER>
    <LEDGER NAME="Kathiravan" RESERVEDNAME="">
     <PARENT TYPE="String">Sundry Debtors</PARENT>
     <LANGUAGENAME.LIST>
      <NAME.LIST TYPE="String">
       <NAME>Kathiravan</NAME>
      </NAME.LIST>
      <LANGUAGEID TYPE="Number"> 1033</LANGUAGEID>
     </LANGUAGENAME.LIST>
    </LEDGER>
    <LEDGER NAME="Kaviyarasan" RESERVEDNAME="">
     <PARENT TYPE="String">Sundry Debtors</PARENT>
     <LANGUAGENAME.LIST>
      <NAME.LIST TYPE="String">
       <NAME>Kaviyarasan</NAME>
      </NAME.LIST>
      <LANGUAGEID TYPE="Number"> 1033</LANGUAGEID>
     </LANGUAGENAME.LIST>
    </LEDGER>
    <LEDGER NAME="K.G. Chemicals &amp; Coatings" RESERVEDNAME="">
     <PARENT TYPE="String">Sundry Creditors</PARENT>
     <LANGUAGENAME.LIST>
      <NAME.LIST TYPE="String">
       <NAME>K.G. Chemicals &amp; Coatings</NAME>
      </NAME.LIST>
      <LANGUAGEID TYPE="Number"> 1033</LANGUAGEID>
     </LANGUAGENAME.LIST>
    </LEDGER>
    <LEDGER NAME="Khadhi Bavan -Pollachi" RESERVEDNAME="">
     <PARENT TYPE="String">Debtors-VR</PARENT>
     <LANGUAGENAME.LIST>
      <NAME.LIST TYPE="String">
       <NAME>Khadhi Bavan -Pollachi</NAME>
      </NAME.LIST>
      <LANGUAGEID TYPE="Number"> 1033</LANGUAGEID>
     </LANGUAGENAME.LIST>
    </LEDGER>
    <LEDGER NAME="K,Hari" RESERVEDNAME="">
     <PARENT TYPE="String">Debtors-VR</PARENT>
     <LANGUAGENAME.LIST>
      <NAME.LIST TYPE="String">
       <NAME>K,Hari</NAME>
      </NAME.LIST>
      <LANGUAGEID TYPE="Number"> 1033</LANGUAGEID>
     </LANGUAGENAME.LIST>
    </LEDGER>
    <LEDGER NAME="Kirudham Readymates" RESERVEDNAME="">
     <PARENT TYPE="String">Debtors-Sps</PARENT>
     <LANGUAGENAME.LIST>
      <NAME.LIST TYPE="String">
       <NAME>Kirudham Readymates</NAME>
      </NAME.LIST>
      <LANGUAGEID TYPE="Number"> 1033</LANGUAGEID>
     </LANGUAGENAME.LIST>
    </LEDGER>
    <LEDGER NAME="Kkv Chakra Ltd" RESERVEDNAME="">
     <PARENT TYPE="String">Sundry Debtors</PARENT>
     <LANGUAGENAME.LIST>
      <NAME.LIST TYPE="String">
       <NAME>Kkv Chakra Ltd</NAME>
      </NAME.LIST>
      <LANGUAGEID TYPE="Number"> 1033</LANGUAGEID>
     </LANGUAGENAME.LIST>
    </LEDGER>
    <LEDGER NAME="Klene Paks Ltd" RESERVEDNAME="">
     <PARENT TYPE="String">Sundry Creditors</PARENT>
     <LANGUAGENAME.LIST>
      <NAME.LIST TYPE="String">
       <NAME>Klene Paks Ltd</NAME>
      </NAME.LIST>
      <LANGUAGEID TYPE="Number"> 1033</LANGUAGEID>
     </LANGUAGENAME.LIST>
    </LEDGER>
    <LEDGER NAME="K Narasimhalu Chettiar" RESERVEDNAME="">
     <PARENT TYPE="String">Sundry Debtors</PARENT>
     <LANGUAGENAME.LIST>
      <NAME.LIST TYPE="String">
       <NAME>K Narasimhalu Chettiar</NAME>
      </NAME.LIST>
      <LANGUAGEID TYPE="Number"> 1033</LANGUAGEID>
     </LANGUAGENAME.LIST>
    </LEDGER>
    <LEDGER NAME="Krishnamoorty" RESERVEDNAME="">
     <PARENT TYPE="String">Sundry Creditors</PARENT>
     <LANGUAGENAME.LIST>
      <NAME.LIST TYPE="String">
       <NAME>Krishnamoorty</NAME>
      </NAME.LIST>
      <LANGUAGEID TYPE="Number"> 1033</LANGUAGEID>
     </LANGUAGENAME.LIST>
    </LEDGER>
    <LEDGER NAME="Krishnan" RESERVEDNAME="">
     <PARENT TYPE="String">Debtors-VR</PARENT>
     <LANGUAGENAME.LIST>
      <NAME.LIST TYPE="String">
       <NAME>Krishnan</NAME>
      </NAME.LIST>
      <LANGUAGEID TYPE="Number"> 1033</LANGUAGEID>
     </LANGUAGENAME.LIST>
    </LEDGER>
    <LEDGER NAME="Krishnann" RESERVEDNAME="">
     <PARENT TYPE="String">Sundry Debtors</PARENT>
     <LANGUAGENAME.LIST>
      <NAME.LIST TYPE="String">
       <NAME>Krishnann</NAME>
      </NAME.LIST>
      <LANGUAGEID TYPE="Number"> 1033</LANGUAGEID>
     </LANGUAGENAME.LIST>
    </LEDGER>
    <LEDGER NAME="Krystals Impex" RESERVEDNAME="">
     <PARENT TYPE="String">Sundry Creditors</PARENT>
     <LANGUAGENAME.LIST>
      <NAME.LIST TYPE="String">
       <NAME>Krystals Impex</NAME>
      </NAME.LIST>
      <LANGUAGEID TYPE="Number"> 1033</LANGUAGEID>
     </LANGUAGENAME.LIST>
    </LEDGER>
    <LEDGER NAME="Kumar" RESERVEDNAME="">
     <PARENT TYPE="String">Sundry Debtors</PARENT>
     <LANGUAGENAME.LIST>
      <NAME.LIST TYPE="String">
       <NAME>Kumar</NAME>
      </NAME.LIST>
      <LANGUAGEID TYPE="Number"> 1033</LANGUAGEID>
     </LANGUAGENAME.LIST>
    </LEDGER>
    <LEDGER NAME="Kumaran" RESERVEDNAME="">
     <PARENT TYPE="String">Sundry Debtors</PARENT>
     <LANGUAGENAME.LIST>
      <NAME.LIST TYPE="String">
       <NAME>Kumaran</NAME>
      </NAME.LIST>
      <LANGUAGEID TYPE="Number"> 1033</LANGUAGEID>
     </LANGUAGENAME.LIST>
    </LEDGER>
    <LEDGER NAME="KUN CAPITAL MOTORS PRIVATE LIMITED" RESERVEDNAME="">
     <PARENT TYPE="String">Sundry Creditors</PARENT>
     <LANGUAGENAME.LIST>
      <NAME.LIST TYPE="String">
       <NAME>KUN CAPITAL MOTORS PRIVATE LIMITED</NAME>
      </NAME.LIST>
      <LANGUAGEID TYPE="Number"> 1033</LANGUAGEID>
     </LANGUAGENAME.LIST>
    </LEDGER>
    <LEDGER NAME="Kuppan" RESERVEDNAME="">
     <PARENT TYPE="String">Sundry Debtors</PARENT>
     <LANGUAGENAME.LIST>
      <NAME.LIST TYPE="String">
       <NAME>Kuppan</NAME>
      </NAME.LIST>
      <LANGUAGEID TYPE="Number"> 1033</LANGUAGEID>
     </LANGUAGENAME.LIST>
    </LEDGER>
    <LEDGER NAME="KVN Impax Pvt Ltd" RESERVEDNAME="">
     <PARENT TYPE="String">Sundry Creditors</PARENT>
     <LANGUAGENAME.LIST>
      <NAME.LIST TYPE="String">
       <NAME>KVN Impax Pvt Ltd</NAME>
      </NAME.LIST>
      <LANGUAGEID TYPE="Number"> 1033</LANGUAGEID>
     </LANGUAGENAME.LIST>
    </LEDGER>
    <LEDGER NAME="K V N IMPEX PVT LTD" RESERVEDNAME="">
     <PARENT TYPE="String">Sundry Creditors</PARENT>
     <LANGUAGENAME.LIST>
      <NAME.LIST TYPE="String">
       <NAME>K V N IMPEX PVT LTD</NAME>
      </NAME.LIST>
      <LANGUAGEID TYPE="Number"> 1033</LANGUAGEID>
     </LANGUAGENAME.LIST>
    </LEDGER>
    <LEDGER NAME="K.V Tex" RESERVEDNAME="">
     <PARENT TYPE="String">Debtors-VR</PARENT>
     <LANGUAGENAME.LIST>
      <NAME.LIST TYPE="String">
       <NAME>K.V Tex</NAME>
      </NAME.LIST>
      <LANGUAGEID TYPE="Number"> 1033</LANGUAGEID>
     </LANGUAGENAME.LIST>
    </LEDGER>
    <LEDGER NAME="Lakshmi Inks (Kkl) Pvt.Ltd" RESERVEDNAME="">
     <PARENT TYPE="String">Sundry Creditors</PARENT>
     <LANGUAGENAME.LIST>
      <NAME.LIST TYPE="String">
       <NAME>Lakshmi Inks (Kkl) Pvt.Ltd</NAME>
      </NAME.LIST>
      <LANGUAGEID TYPE="Number"> 1033</LANGUAGEID>
     </LANGUAGENAME.LIST>
    </LEDGER>
    <LEDGER NAME="Land &amp; Building At Mariyappa Nagar , Usppur Village" RESERVEDNAME="">
     <PARENT TYPE="String">Assets @ 0%</PARENT>
     <LANGUAGENAME.LIST>
      <NAME.LIST TYPE="String">
       <NAME>Land &amp; Building At Mariyappa Nagar , Usppur Village</NAME>
      </NAME.LIST>
      <LANGUAGEID TYPE="Number"> 1033</LANGUAGEID>
     </LANGUAGENAME.LIST>
    </LEDGER>
    <LEDGER NAME="LC Morgine" RESERVEDNAME="">
     <PARENT TYPE="String">Current Assets</PARENT>
     <LANGUAGENAME.LIST>
      <NAME.LIST TYPE="String">
       <NAME>LC Morgine</NAME>
       <NAME>9</NAME>
      </NAME.LIST>
      <LANGUAGEID TYPE="Number"> 1033</LANGUAGEID>
     </LANGUAGENAME.LIST>
    </LEDGER>
    <LEDGER NAME="Lingam Pantone" RESERVEDNAME="">
     <PARENT TYPE="String">Sundry Creditors</PARENT>
     <LANGUAGENAME.LIST>
      <NAME.LIST TYPE="String">
       <NAME>Lingam Pantone</NAME>
      </NAME.LIST>
      <LANGUAGEID TYPE="Number"> 1033</LANGUAGEID>
     </LANGUAGENAME.LIST>
    </LEDGER>
    <LEDGER NAME="Lingam Vibgyor" RESERVEDNAME="">
     <PARENT TYPE="String">Sundry Creditors</PARENT>
     <LANGUAGENAME.LIST>
      <NAME.LIST TYPE="String">
       <NAME>Lingam Vibgyor</NAME>
      </NAME.LIST>
      <LANGUAGEID TYPE="Number"> 1033</LANGUAGEID>
     </LANGUAGENAME.LIST>
    </LEDGER>
    <LEDGER NAME="Linga Polymer" RESERVEDNAME="">
     <PARENT TYPE="String">Sundry Creditors</PARENT>
     <LANGUAGENAME.LIST>
      <NAME.LIST TYPE="String">
       <NAME>Linga Polymer</NAME>
      </NAME.LIST>
      <LANGUAGEID TYPE="Number"> 1033</LANGUAGEID>
     </LANGUAGENAME.LIST>
    </LEDGER>
    <LEDGER NAME="Loan Pracessing Fee" RESERVEDNAME="">
     <PARENT TYPE="String">Indirect Expenses</PARENT>
     <LANGUAGENAME.LIST>
      <NAME.LIST TYPE="String">
       <NAME>Loan Pracessing Fee</NAME>
      </NAME.LIST>
      <LANGUAGEID TYPE="Number"> 1033</LANGUAGEID>
     </LANGUAGENAME.LIST>
    </LEDGER>
    <LEDGER NAME="Madhan Packaging Machineries" RESERVEDNAME="">
     <PARENT TYPE="String">Sundry Creditors</PARENT>
     <LANGUAGENAME.LIST>
      <NAME.LIST TYPE="String">
       <NAME>Madhan Packaging Machineries</NAME>
      </NAME.LIST>
      <LANGUAGEID TYPE="Number"> 1033</LANGUAGEID>
     </LANGUAGENAME.LIST>
    </LEDGER>
    <LEDGER NAME="Madras Paper Agencies" RESERVEDNAME="">
     <PARENT TYPE="String">Sundry Creditors</PARENT>
     <LANGUAGENAME.LIST>
      <NAME.LIST TYPE="String">
       <NAME>Madras Paper Agencies</NAME>
      </NAME.LIST>
      <LANGUAGEID TYPE="Number"> 1033</LANGUAGEID>
     </LANGUAGENAME.LIST>
    </LEDGER>
    <LEDGER NAME="MADRAS PAPER MART" RESERVEDNAME="">
     <PARENT TYPE="String">Sundry Creditors</PARENT>
     <LANGUAGENAME.LIST>
      <NAME.LIST TYPE="String">
       <NAME>MADRAS PAPER MART</NAME>
      </NAME.LIST>
      <LANGUAGEID TYPE="Number"> 1033</LANGUAGEID>
     </LANGUAGENAME.LIST>
    </LEDGER>
    <LEDGER NAME="MADURAI ACME ENTERPRISES (P) LTD" RESERVEDNAME="">
     <PARENT TYPE="String">Sundry Creditors</PARENT>
     <LANGUAGENAME.LIST>
      <NAME.LIST TYPE="String">
       <NAME>MADURAI ACME ENTERPRISES (P) LTD</NAME>
      </NAME.LIST>
      <LANGUAGEID TYPE="Number"> 1033</LANGUAGEID>
     </LANGUAGENAME.LIST>
    </LEDGER>
    <LEDGER NAME="Madurai Engineer" RESERVEDNAME="">
     <PARENT TYPE="String">Loans &amp; Advances (Asset)</PARENT>
     <LANGUAGENAME.LIST>
      <NAME.LIST TYPE="String">
       <NAME>Madurai Engineer</NAME>
      </NAME.LIST>
      <LANGUAGEID TYPE="Number"> 1033</LANGUAGEID>
     </LANGUAGENAME.LIST>
    </LEDGER>
    <LEDGER NAME="Madurai Engineering Work" RESERVEDNAME="">
     <PARENT TYPE="String">Sundry Creditors</PARENT>
     <LANGUAGENAME.LIST>
      <NAME.LIST TYPE="String">
       <NAME>Madurai Engineering Work</NAME>
      </NAME.LIST>
      <LANGUAGEID TYPE="Number"> 1033</LANGUAGEID>
     </LANGUAGENAME.LIST>
    </LEDGER>
    <LEDGER NAME="Magesh" RESERVEDNAME="">
     <PARENT TYPE="String">Sundry Debtors</PARENT>
     <LANGUAGENAME.LIST>
      <NAME.LIST TYPE="String">
       <NAME>Magesh</NAME>
      </NAME.LIST>
      <LANGUAGEID TYPE="Number"> 1033</LANGUAGEID>
     </LANGUAGENAME.LIST>
    </LEDGER>
    <LEDGER NAME="Magesh Electricals" RESERVEDNAME="">
     <PARENT TYPE="String">Sundry Creditors</PARENT>
     <LANGUAGENAME.LIST>
      <NAME.LIST TYPE="String">
       <NAME>Magesh Electricals</NAME>
      </NAME.LIST>
      <LANGUAGEID TYPE="Number"> 1033</LANGUAGEID>
     </LANGUAGENAME.LIST>
    </LEDGER>
    <LEDGER NAME="Maharaja Silks- Thiruvarur" RESERVEDNAME="">
     <PARENT TYPE="String">Debtors-VR</PARENT>
     <LANGUAGENAME.LIST>
      <NAME.LIST TYPE="String">
       <NAME>Maharaja Silks- Thiruvarur</NAME>
      </NAME.LIST>
      <LANGUAGEID TYPE="Number"> 1033</LANGUAGEID>
     </LANGUAGENAME.LIST>
    </LEDGER>
    <LEDGER NAME="Mallika" RESERVEDNAME="">
     <PARENT TYPE="String">Sundry Debtors</PARENT>
     <LANGUAGENAME.LIST>
      <NAME.LIST TYPE="String">
       <NAME>Mallika</NAME>
      </NAME.LIST>
      <LANGUAGEID TYPE="Number"> 1033</LANGUAGEID>
     </LANGUAGENAME.LIST>
    </LEDGER>
    <LEDGER NAME="Mani" RESERVEDNAME="">
     <PARENT TYPE="String">Sundry Debtors</PARENT>
     <LANGUAGENAME.LIST>
      <NAME.LIST TYPE="String">
       <NAME>Mani</NAME>
      </NAME.LIST>
      <LANGUAGEID TYPE="Number"> 1033</LANGUAGEID>
     </LANGUAGENAME.LIST>
    </LEDGER>
    <LEDGER NAME="Manian" RESERVEDNAME="">
     <PARENT TYPE="String">Sundry Debtors</PARENT>
     <LANGUAGENAME.LIST>
      <NAME.LIST TYPE="String">
       <NAME>Manian</NAME>
      </NAME.LIST>
      <LANGUAGEID TYPE="Number"> 1033</LANGUAGEID>
     </LANGUAGENAME.LIST>
    </LEDGER>
    <LEDGER NAME="Manickam" RESERVEDNAME="">
     <PARENT TYPE="String">Sundry Debtors</PARENT>
     <LANGUAGENAME.LIST>
      <NAME.LIST TYPE="String">
       <NAME>Manickam</NAME>
      </NAME.LIST>
      <LANGUAGEID TYPE="Number"> 1033</LANGUAGEID>
     </LANGUAGENAME.LIST>
    </LEDGER>
    <LEDGER NAME="Manikandan" RESERVEDNAME="">
     <PARENT TYPE="String">Sundry Debtors</PARENT>
     <LANGUAGENAME.LIST>
      <NAME.LIST TYPE="String">
       <NAME>Manikandan</NAME>
      </NAME.LIST>
      <LANGUAGEID TYPE="Number"> 1033</LANGUAGEID>
     </LANGUAGENAME.LIST>
    </LEDGER>
    <LEDGER NAME="MANI &amp; PRABHU" RESERVEDNAME="">
     <PARENT TYPE="String">Sundry Debtors</PARENT>
     <LANGUAGENAME.LIST>
      <NAME.LIST TYPE="String">
       <NAME>MANI &amp; PRABHU</NAME>
      </NAME.LIST>
      <LANGUAGEID TYPE="Number"> 1033</LANGUAGEID>
     </LANGUAGENAME.LIST>
    </LEDGER>
    <LEDGER NAME="Mani &amp; Prabhu Silk House" RESERVEDNAME="">
     <PARENT TYPE="String">Debtors - VBR</PARENT>
     <LANGUAGENAME.LIST>
      <NAME.LIST TYPE="String">
       <NAME>Mani &amp; Prabhu Silk House</NAME>
      </NAME.LIST>
      <LANGUAGEID TYPE="Number"> 1033</LANGUAGEID>
     </LANGUAGENAME.LIST>
    </LEDGER>
    <LEDGER NAME="Mani Readymates" RESERVEDNAME="">
     <PARENT TYPE="String">Debtors - VBR</PARENT>
     <LANGUAGENAME.LIST>
      <NAME.LIST TYPE="String">
       <NAME>Mani Readymates</NAME>
      </NAME.LIST>
      <LANGUAGEID TYPE="Number"> 1033</LANGUAGEID>
     </LANGUAGENAME.LIST>
    </LEDGER>
    <LEDGER NAME="Manohar" RESERVEDNAME="">
     <PARENT TYPE="String">Sundry Debtors</PARENT>
     <LANGUAGENAME.LIST>
      <NAME.LIST TYPE="String">
       <NAME>Manohar</NAME>
      </NAME.LIST>
      <LANGUAGEID TYPE="Number"> 1033</LANGUAGEID>
     </LANGUAGENAME.LIST>
    </LEDGER>
    <LEDGER NAME="Martin" RESERVEDNAME="">
     <PARENT TYPE="String">Sundry Debtors</PARENT>
     <LANGUAGENAME.LIST>
      <NAME.LIST TYPE="String">
       <NAME>Martin</NAME>
      </NAME.LIST>
      <LANGUAGEID TYPE="Number"> 1033</LANGUAGEID>
     </LANGUAGENAME.LIST>
    </LEDGER>
    <LEDGER NAME="Maruthi Chemecals" RESERVEDNAME="">
     <PARENT TYPE="String">Sundry Creditors</PARENT>
     <LANGUAGENAME.LIST>
      <NAME.LIST TYPE="String">
       <NAME>Maruthi Chemecals</NAME>
      </NAME.LIST>
      <LANGUAGEID TYPE="Number"> 1033</LANGUAGEID>
     </LANGUAGENAME.LIST>
    </LEDGER>
    <LEDGER NAME="Mayan" RESERVEDNAME="">
     <PARENT TYPE="String">Sundry Debtors</PARENT>
     <LANGUAGENAME.LIST>
      <NAME.LIST TYPE="String">
       <NAME>Mayan</NAME>
      </NAME.LIST>
      <LANGUAGEID TYPE="Number"> 1033</LANGUAGEID>
     </LANGUAGENAME.LIST>
    </LEDGER>
    <LEDGER NAME="MISC. EXPENSES" RESERVEDNAME="">
     <PARENT TYPE="String">Indirect Expenses</PARENT>
     <LANGUAGENAME.LIST>
      <NAME.LIST TYPE="String">
       <NAME>MISC. EXPENSES</NAME>
      </NAME.LIST>
      <LANGUAGEID TYPE="Number"> 1033</LANGUAGEID>
     </LANGUAGENAME.LIST>
    </LEDGER>
    <LEDGER NAME="Misc. Income" RESERVEDNAME="">
     <PARENT TYPE="String">Indirect Incomes</PARENT>
     <LANGUAGENAME.LIST>
      <NAME.LIST TYPE="String">
       <NAME>Misc. Income</NAME>
      </NAME.LIST>
      <LANGUAGEID TYPE="Number"> 1033</LANGUAGEID>
     </LANGUAGENAME.LIST>
    </LEDGER>
    <LEDGER NAME="Mohammed Raffic" RESERVEDNAME="">
     <PARENT TYPE="String">Unsecured Loans</PARENT>
     <LANGUAGENAME.LIST>
      <NAME.LIST TYPE="String">
       <NAME>Mohammed Raffic</NAME>
      </NAME.LIST>
      <LANGUAGEID TYPE="Number"> 1033</LANGUAGEID>
     </LANGUAGENAME.LIST>
    </LEDGER>
    <LEDGER NAME="Mohan Doss" RESERVEDNAME="">
     <PARENT TYPE="String">Salary Account</PARENT>
     <LANGUAGENAME.LIST>
      <NAME.LIST TYPE="String">
       <NAME>Mohan Doss</NAME>
       <NAME>M</NAME>
      </NAME.LIST>
      <LANGUAGEID TYPE="Number"> 1033</LANGUAGEID>
     </LANGUAGENAME.LIST>
    </LEDGER>
    <LEDGER NAME="Mohan . J" RESERVEDNAME="">
     <PARENT TYPE="String">Sundry Creditors</PARENT>
     <LANGUAGENAME.LIST>
      <NAME.LIST TYPE="String">
       <NAME>Mohan . J</NAME>
      </NAME.LIST>
      <LANGUAGEID TYPE="Number"> 1033</LANGUAGEID>
     </LANGUAGENAME.LIST>
    </LEDGER>
    <LEDGER NAME="Mohan Raj" RESERVEDNAME="">
     <PARENT TYPE="String">Sundry Debtors</PARENT>
     <LANGUAGENAME.LIST>
      <NAME.LIST TYPE="String">
       <NAME>Mohan Raj</NAME>
      </NAME.LIST>
      <LANGUAGEID TYPE="Number"> 1033</LANGUAGEID>
     </LANGUAGENAME.LIST>
    </LEDGER>
    <LEDGER NAME="Moorthy" RESERVEDNAME="">
     <PARENT TYPE="String">Sundry Debtors</PARENT>
     <LANGUAGENAME.LIST>
      <NAME.LIST TYPE="String">
       <NAME>Moorthy</NAME>
      </NAME.LIST>
      <LANGUAGEID TYPE="Number"> 1033</LANGUAGEID>
     </LANGUAGENAME.LIST>
    </LEDGER>
    <LEDGER NAME="Mrs.Hemalatha" RESERVEDNAME="">
     <PARENT TYPE="String">Sundry Debtors</PARENT>
     <LANGUAGENAME.LIST>
      <NAME.LIST TYPE="String">
       <NAME>Mrs.Hemalatha</NAME>
      </NAME.LIST>
      <LANGUAGEID TYPE="Number"> 1033</LANGUAGEID>
     </LANGUAGENAME.LIST>
    </LEDGER>
    <LEDGER NAME="MR Sons" RESERVEDNAME="">
     <PARENT TYPE="String">Debtors-VR</PARENT>
     <LANGUAGENAME.LIST>
      <NAME.LIST TYPE="String">
       <NAME>MR Sons</NAME>
      </NAME.LIST>
      <LANGUAGEID TYPE="Number"> 1033</LANGUAGEID>
     </LANGUAGENAME.LIST>
    </LEDGER>
    <LEDGER NAME="M/S. GANPATI MACHINERY &amp; SPARES" RESERVEDNAME="">
     <PARENT TYPE="String">Sundry Creditors</PARENT>
     <LANGUAGENAME.LIST>
      <NAME.LIST TYPE="String">
       <NAME>M/S. GANPATI MACHINERY &amp; SPARES</NAME>
      </NAME.LIST>
      <LANGUAGEID TYPE="Number"> 1033</LANGUAGEID>
     </LANGUAGENAME.LIST>
    </LEDGER>
    <LEDGER NAME="Mura Textile" RESERVEDNAME="">
     <PARENT TYPE="String">Debtors - JMD</PARENT>
     <LANGUAGENAME.LIST>
      <NAME.LIST TYPE="String">
       <NAME>Mura Textile</NAME>
      </NAME.LIST>
      <LANGUAGEID TYPE="Number"> 1033</LANGUAGEID>
     </LANGUAGENAME.LIST>
    </LEDGER>
    <LEDGER NAME="Murugan" RESERVEDNAME="">
     <PARENT TYPE="String">Sundry Debtors</PARENT>
     <LANGUAGENAME.LIST>
      <NAME.LIST TYPE="String">
       <NAME>Murugan</NAME>
      </NAME.LIST>
      <LANGUAGEID TYPE="Number"> 1033</LANGUAGEID>
     </LANGUAGENAME.LIST>
    </LEDGER>
    <LEDGER NAME="Nagarajan" RESERVEDNAME="">
     <PARENT TYPE="String">Salary Account</PARENT>
     <LANGUAGENAME.LIST>
      <NAME.LIST TYPE="String">
       <NAME>Nagarajan</NAME>
      </NAME.LIST>
      <LANGUAGEID TYPE="Number"> 1033</LANGUAGEID>
     </LANGUAGENAME.LIST>
    </LEDGER>
    <LEDGER NAME="Namachivayam" RESERVEDNAME="">
     <PARENT TYPE="String">Sundry Debtors</PARENT>
     <LANGUAGENAME.LIST>
      <NAME.LIST TYPE="String">
       <NAME>Namachivayam</NAME>
      </NAME.LIST>
      <LANGUAGEID TYPE="Number"> 1033</LANGUAGEID>
     </LANGUAGENAME.LIST>
    </LEDGER>
    <LEDGER NAME="Narayanan" RESERVEDNAME="">
     <PARENT TYPE="String">Sundry Debtors</PARENT>
     <LANGUAGENAME.LIST>
      <NAME.LIST TYPE="String">
       <NAME>Narayanan</NAME>
      </NAME.LIST>
      <LANGUAGEID TYPE="Number"> 1033</LANGUAGEID>
     </LANGUAGENAME.LIST>
    </LEDGER>
    <LEDGER NAME="New Piolt Plastics" RESERVEDNAME="">
     <PARENT TYPE="String">Sundry Debtors</PARENT>
     <LANGUAGENAME.LIST>
      <NAME.LIST TYPE="String">
       <NAME>New Piolt Plastics</NAME>
      </NAME.LIST>
      <LANGUAGEID TYPE="Number"> 1033</LANGUAGEID>
     </LANGUAGENAME.LIST>
    </LEDGER>
    <LEDGER NAME="No Sales Cancelled" RESERVEDNAME="">
     <PARENT TYPE="String">Debtors-VR</PARENT>
     <LANGUAGENAME.LIST>
      <NAME.LIST TYPE="String">
       <NAME>No Sales Cancelled</NAME>
      </NAME.LIST>
      <LANGUAGEID TYPE="Number"> 1033</LANGUAGEID>
     </LANGUAGENAME.LIST>
    </LEDGER>
    <LEDGER NAME="Nua Enterprises" RESERVEDNAME="">
     <PARENT TYPE="String">Sundry Debtors</PARENT>
     <LANGUAGENAME.LIST>
      <NAME.LIST TYPE="String">
       <NAME>Nua Enterprises</NAME>
      </NAME.LIST>
      <LANGUAGEID TYPE="Number"> 1033</LANGUAGEID>
     </LANGUAGENAME.LIST>
    </LEDGER>
    <LEDGER NAME="OUTPUT CGST @ 6%" RESERVEDNAME="">
     <PARENT TYPE="String">Duties &amp; Taxes</PARENT>
     <LANGUAGENAME.LIST>
      <NAME.LIST TYPE="String">
       <NAME>OUTPUT CGST @ 6%</NAME>
       <NAME>C</NAME>
      </NAME.LIST>
      <LANGUAGEID TYPE="Number"> 1033</LANGUAGEID>
     </LANGUAGENAME.LIST>
    </LEDGER>
    <LEDGER NAME="OUTPUT CGST@9%" RESERVEDNAME="">
     <PARENT TYPE="String">Duties &amp; Taxes</PARENT>
     <LANGUAGENAME.LIST>
      <NAME.LIST TYPE="String">
       <NAME>OUTPUT CGST@9%</NAME>
      </NAME.LIST>
      <LANGUAGEID TYPE="Number"> 1033</LANGUAGEID>
     </LANGUAGENAME.LIST>
    </LEDGER>
    <LEDGER NAME="Output Igst 5%" RESERVEDNAME="">
     <PARENT TYPE="String">Duties &amp; Taxes</PARENT>
     <LANGUAGENAME.LIST>
      <NAME.LIST TYPE="String">
       <NAME>Output Igst 5%</NAME>
      </NAME.LIST>
      <LANGUAGEID TYPE="Number"> 1033</LANGUAGEID>
     </LANGUAGENAME.LIST>
    </LEDGER>
    <LEDGER NAME="OUTPUT IGST @12%" RESERVEDNAME="">
     <PARENT TYPE="String">Duties &amp; Taxes</PARENT>
     <LANGUAGENAME.LIST>
      <NAME.LIST TYPE="String">
       <NAME>OUTPUT IGST @12%</NAME>
       <NAME>I</NAME>
      </NAME.LIST>
      <LANGUAGEID TYPE="Number"> 1033</LANGUAGEID>
     </LANGUAGENAME.LIST>
    </LEDGER>
    <LEDGER NAME="OUTPUT IGST@18%" RESERVEDNAME="">
     <PARENT TYPE="String">Duties &amp; Taxes</PARENT>
     <LANGUAGENAME.LIST>
      <NAME.LIST TYPE="String">
       <NAME>OUTPUT IGST@18%</NAME>
       <NAME>18</NAME>
      </NAME.LIST>
      <LANGUAGEID TYPE="Number"> 1033</LANGUAGEID>
     </LANGUAGENAME.LIST>
    </LEDGER>
    <LEDGER NAME="OUTPUT SGST @ 6%" RESERVEDNAME="">
     <PARENT TYPE="String">Duties &amp; Taxes</PARENT>
     <LANGUAGENAME.LIST>
      <NAME.LIST TYPE="String">
       <NAME>OUTPUT SGST @ 6%</NAME>
       <NAME>S</NAME>
      </NAME.LIST>
      <LANGUAGEID TYPE="Number"> 1033</LANGUAGEID>
     </LANGUAGENAME.LIST>
    </LEDGER>
    <LEDGER NAME="OUTPUT SGST@9%" RESERVEDNAME="">
     <PARENT TYPE="String">Duties &amp; Taxes</PARENT>
     <LANGUAGENAME.LIST>
      <NAME.LIST TYPE="String">
       <NAME>OUTPUT SGST@9%</NAME>
      </NAME.LIST>
      <LANGUAGEID TYPE="Number"> 1033</LANGUAGEID>
     </LANGUAGENAME.LIST>
    </LEDGER>
    <LEDGER NAME="Pachappan" RESERVEDNAME="">
     <PARENT TYPE="String">Sundry Debtors</PARENT>
     <LANGUAGENAME.LIST>
      <NAME.LIST TYPE="String">
       <NAME>Pachappan</NAME>
      </NAME.LIST>
      <LANGUAGEID TYPE="Number"> 1033</LANGUAGEID>
     </LANGUAGENAME.LIST>
    </LEDGER>
    <LEDGER NAME="Padmavathy" RESERVEDNAME="">
     <PARENT TYPE="String">Salary Account</PARENT>
     <LANGUAGENAME.LIST>
      <NAME.LIST TYPE="String">
       <NAME>Padmavathy</NAME>
      </NAME.LIST>
      <LANGUAGEID TYPE="Number"> 1033</LANGUAGEID>
     </LANGUAGENAME.LIST>
    </LEDGER>
    <LEDGER NAME="Pandiyan" RESERVEDNAME="">
     <PARENT TYPE="String">Sundry Debtors</PARENT>
     <LANGUAGENAME.LIST>
      <NAME.LIST TYPE="String">
       <NAME>Pandiyan</NAME>
      </NAME.LIST>
      <LANGUAGEID TYPE="Number"> 1033</LANGUAGEID>
     </LANGUAGENAME.LIST>
    </LEDGER>
    <LEDGER NAME="Pari" RESERVEDNAME="">
     <PARENT TYPE="String">Sundry Debtors</PARENT>
     <LANGUAGENAME.LIST>
      <NAME.LIST TYPE="String">
       <NAME>Pari</NAME>
      </NAME.LIST>
      <LANGUAGEID TYPE="Number"> 1033</LANGUAGEID>
     </LANGUAGENAME.LIST>
    </LEDGER>
    <LEDGER NAME="Paris Textiles" RESERVEDNAME="">
     <PARENT TYPE="String">Sundry Debtors</PARENT>
     <LANGUAGENAME.LIST>
      <NAME.LIST TYPE="String">
       <NAME>Paris Textiles</NAME>
      </NAME.LIST>
      <LANGUAGEID TYPE="Number"> 1033</LANGUAGEID>
     </LANGUAGENAME.LIST>
    </LEDGER>
    <LEDGER NAME="Pazhaniappan" RESERVEDNAME="">
     <PARENT TYPE="String">Sundry Debtors</PARENT>
     <LANGUAGENAME.LIST>
      <NAME.LIST TYPE="String">
       <NAME>Pazhaniappan</NAME>
      </NAME.LIST>
      <LANGUAGEID TYPE="Number"> 1033</LANGUAGEID>
     </LANGUAGENAME.LIST>
    </LEDGER>
    <LEDGER NAME="Pazhanivel" RESERVEDNAME="">
     <PARENT TYPE="String">Sundry Debtors</PARENT>
     <LANGUAGENAME.LIST>
      <NAME.LIST TYPE="String">
       <NAME>Pazhanivel</NAME>
      </NAME.LIST>
      <LANGUAGEID TYPE="Number"> 1033</LANGUAGEID>
     </LANGUAGENAME.LIST>
    </LEDGER>
    <LEDGER NAME="Penality" RESERVEDNAME="">
     <PARENT TYPE="String">Indirect Expenses</PARENT>
     <LANGUAGENAME.LIST>
      <NAME.LIST TYPE="String">
       <NAME>Penality</NAME>
      </NAME.LIST>
      <LANGUAGEID TYPE="Number"> 1033</LANGUAGEID>
     </LANGUAGENAME.LIST>
    </LEDGER>
    <LEDGER NAME="Plant &amp; Machinery" RESERVEDNAME="">
     <PARENT TYPE="String">Assest @15%</PARENT>
     <LANGUAGENAME.LIST>
      <NAME.LIST TYPE="String">
       <NAME>Plant &amp; Machinery</NAME>
      </NAME.LIST>
      <LANGUAGEID TYPE="Number"> 1033</LANGUAGEID>
     </LANGUAGENAME.LIST>
    </LEDGER>
    <LEDGER NAME="Plasto Polychem Industries" RESERVEDNAME="">
     <PARENT TYPE="String">Sundry Creditors</PARENT>
     <LANGUAGENAME.LIST>
      <NAME.LIST TYPE="String">
       <NAME>Plasto Polychem Industries</NAME>
      </NAME.LIST>
      <LANGUAGEID TYPE="Number"> 1033</LANGUAGEID>
     </LANGUAGENAME.LIST>
    </LEDGER>
    <LEDGER NAME="Plot at Vadakkuthu 48" RESERVEDNAME="">
     <PARENT TYPE="String">Assets @ 0%</PARENT>
     <LANGUAGENAME.LIST>
      <NAME.LIST TYPE="String">
       <NAME>Plot at Vadakkuthu 48</NAME>
      </NAME.LIST>
      <LANGUAGEID TYPE="Number"> 1033</LANGUAGEID>
     </LANGUAGENAME.LIST>
    </LEDGER>
    <LEDGER NAME="Plot at Vadakkuthu-Durai Kaliyaperumal Nagar" RESERVEDNAME="">
     <PARENT TYPE="String">Assets @ 0%</PARENT>
     <LANGUAGENAME.LIST>
      <NAME.LIST TYPE="String">
       <NAME>Plot at Vadakkuthu-Durai Kaliyaperumal Nagar</NAME>
      </NAME.LIST>
      <LANGUAGEID TYPE="Number"> 1033</LANGUAGEID>
     </LANGUAGENAME.LIST>
    </LEDGER>
    <LEDGER NAME="Plot at Vadakkuthu No 26" RESERVEDNAME="">
     <PARENT TYPE="String">Assets @ 0%</PARENT>
     <LANGUAGENAME.LIST>
      <NAME.LIST TYPE="String">
       <NAME>Plot at Vadakkuthu No 26</NAME>
      </NAME.LIST>
      <LANGUAGEID TYPE="Number"> 1033</LANGUAGEID>
     </LANGUAGENAME.LIST>
    </LEDGER>
    <LEDGER NAME="Pollution Feses" RESERVEDNAME="">
     <PARENT TYPE="String">Indirect Expenses</PARENT>
     <LANGUAGENAME.LIST>
      <NAME.LIST TYPE="String">
       <NAME>Pollution Feses</NAME>
      </NAME.LIST>
      <LANGUAGEID TYPE="Number"> 1033</LANGUAGEID>
     </LANGUAGENAME.LIST>
    </LEDGER>
    <LEDGER NAME="PONDY WEIGHING SYSTEM" RESERVEDNAME="">
     <PARENT TYPE="String">Sundry Creditors</PARENT>
     <LANGUAGENAME.LIST>
      <NAME.LIST TYPE="String">
       <NAME>PONDY WEIGHING SYSTEM</NAME>
      </NAME.LIST>
      <LANGUAGEID TYPE="Number"> 1033</LANGUAGEID>
     </LANGUAGENAME.LIST>
    </LEDGER>
    <LEDGER NAME="Pooja Exp" RESERVEDNAME="">
     <PARENT TYPE="String">Indirect Expenses</PARENT>
     <LANGUAGENAME.LIST>
      <NAME.LIST TYPE="String">
       <NAME>Pooja Exp</NAME>
      </NAME.LIST>
      <LANGUAGEID TYPE="Number"> 1033</LANGUAGEID>
     </LANGUAGENAME.LIST>
    </LEDGER>
    <LEDGER NAME="Poongulali" RESERVEDNAME="">
     <PARENT TYPE="String">Unsecured Loans</PARENT>
     <LANGUAGENAME.LIST>
      <NAME.LIST TYPE="String">
       <NAME>Poongulali</NAME>
       <NAME>P</NAME>
      </NAME.LIST>
      <LANGUAGEID TYPE="Number"> 1033</LANGUAGEID>
     </LANGUAGENAME.LIST>
    </LEDGER>
    <LEDGER NAME="POORVIKA MOBILES PRIVATE LIMITED" RESERVEDNAME="">
     <PARENT TYPE="String">Sundry Creditors</PARENT>
     <LANGUAGENAME.LIST>
      <NAME.LIST TYPE="String">
       <NAME>POORVIKA MOBILES PRIVATE LIMITED</NAME>
      </NAME.LIST>
      <LANGUAGEID TYPE="Number"> 1033</LANGUAGEID>
     </LANGUAGENAME.LIST>
    </LEDGER>
    <LEDGER NAME="Prabhagaran" RESERVEDNAME="">
     <PARENT TYPE="String">Sundry Debtors</PARENT>
     <LANGUAGENAME.LIST>
      <NAME.LIST TYPE="String">
       <NAME>Prabhagaran</NAME>
      </NAME.LIST>
      <LANGUAGEID TYPE="Number"> 1033</LANGUAGEID>
     </LANGUAGENAME.LIST>
    </LEDGER>
    <LEDGER NAME="Prabhu" RESERVEDNAME="">
     <PARENT TYPE="String">Salary Account</PARENT>
     <LANGUAGENAME.LIST>
      <NAME.LIST TYPE="String">
       <NAME>Prabhu</NAME>
      </NAME.LIST>
      <LANGUAGEID TYPE="Number"> 1033</LANGUAGEID>
     </LANGUAGENAME.LIST>
    </LEDGER>
    <LEDGER NAME="Prakasam" RESERVEDNAME="">
     <PARENT TYPE="String">Consultant</PARENT>
     <LANGUAGENAME.LIST>
      <NAME.LIST TYPE="String">
       <NAME>Prakasam</NAME>
      </NAME.LIST>
      <LANGUAGEID TYPE="Number"> 1033</LANGUAGEID>
     </LANGUAGENAME.LIST>
    </LEDGER>
    <LEDGER NAME="Prakesh K" RESERVEDNAME="">
     <PARENT TYPE="String">Sundry Debtors</PARENT>
     <LANGUAGENAME.LIST>
      <NAME.LIST TYPE="String">
       <NAME>Prakesh K</NAME>
      </NAME.LIST>
      <LANGUAGEID TYPE="Number"> 1033</LANGUAGEID>
     </LANGUAGENAME.LIST>
    </LEDGER>
    <LEDGER NAME="Praveen" RESERVEDNAME="">
     <PARENT TYPE="String">Sundry Debtors</PARENT>
     <LANGUAGENAME.LIST>
      <NAME.LIST TYPE="String">
       <NAME>Praveen</NAME>
      </NAME.LIST>
      <LANGUAGEID TYPE="Number"> 1033</LANGUAGEID>
     </LANGUAGENAME.LIST>
    </LEDGER>
    <LEDGER NAME="Printing &amp; Stationery" RESERVEDNAME="">
     <PARENT TYPE="String">Indirect Expenses</PARENT>
     <LANGUAGENAME.LIST>
      <NAME.LIST TYPE="String">
       <NAME>Printing &amp; Stationery</NAME>
      </NAME.LIST>
      <LANGUAGEID TYPE="Number"> 1033</LANGUAGEID>
     </LANGUAGENAME.LIST>
    </LEDGER>
    <LEDGER NAME="Priyasamy Mouppanar &amp; Sons" RESERVEDNAME="">
     <PARENT TYPE="String">Debtors-VRJ</PARENT>
     <LANGUAGENAME.LIST>
      <NAME.LIST TYPE="String">
       <NAME>Priyasamy Mouppanar &amp; Sons</NAME>
      </NAME.LIST>
      <LANGUAGEID TYPE="Number"> 1033</LANGUAGEID>
     </LANGUAGENAME.LIST>
    </LEDGER>
    <LEDGER NAME="Professional Charges" RESERVEDNAME="">
     <PARENT TYPE="String">Indirect Expenses</PARENT>
     <LANGUAGENAME.LIST>
      <NAME.LIST TYPE="String">
       <NAME>Professional Charges</NAME>
      </NAME.LIST>
      <LANGUAGEID TYPE="Number"> 1033</LANGUAGEID>
     </LANGUAGENAME.LIST>
    </LEDGER>
    <LEDGER NAME="Profit &amp; Loss A/c" RESERVEDNAME="Profit &amp; Loss A/c">
     <PARENT TYPE="String">&#4; Primary</PARENT>
     <LANGUAGENAME.LIST>
      <NAME.LIST TYPE="String">
       <NAME>Profit &amp; Loss A/c</NAME>
      </NAME.LIST>
      <LANGUAGEID TYPE="Number"> 1033</LANGUAGEID>
     </LANGUAGENAME.LIST>
    </LEDGER>
    <LEDGER NAME="Purchase 5%" RESERVEDNAME="">
     <PARENT TYPE="String">Purchase Accounts</PARENT>
     <LANGUAGENAME.LIST>
      <NAME.LIST TYPE="String">
       <NAME>Purchase 5%</NAME>
      </NAME.LIST>
      <LANGUAGEID TYPE="Number"> 1033</LANGUAGEID>
     </LANGUAGENAME.LIST>
    </LEDGER>
    <LEDGER NAME="Purchase @ 12%" RESERVEDNAME="">
     <PARENT TYPE="String">Purchase Accounts</PARENT>
     <LANGUAGENAME.LIST>
      <NAME.LIST TYPE="String">
       <NAME>Purchase @ 12%</NAME>
      </NAME.LIST>
      <LANGUAGEID TYPE="Number"> 1033</LANGUAGEID>
     </LANGUAGENAME.LIST>
    </LEDGER>
    <LEDGER NAME="Purchase @ 18%" RESERVEDNAME="">
     <PARENT TYPE="String">Purchase Accounts</PARENT>
     <LANGUAGENAME.LIST>
      <NAME.LIST TYPE="String">
       <NAME>Purchase @ 18%</NAME>
      </NAME.LIST>
      <LANGUAGEID TYPE="Number"> 1033</LANGUAGEID>
     </LANGUAGENAME.LIST>
    </LEDGER>
    <LEDGER NAME="Purchase @28%" RESERVEDNAME="">
     <PARENT TYPE="String">Purchase Accounts</PARENT>
     <LANGUAGENAME.LIST>
      <NAME.LIST TYPE="String">
       <NAME>Purchase @28%</NAME>
      </NAME.LIST>
      <LANGUAGEID TYPE="Number"> 1033</LANGUAGEID>
     </LANGUAGENAME.LIST>
    </LEDGER>
    <LEDGER NAME="PURCHASE EXEMPTED" RESERVEDNAME="">
     <PARENT TYPE="String">Purchase Accounts</PARENT>
     <LANGUAGENAME.LIST>
      <NAME.LIST TYPE="String">
       <NAME>PURCHASE EXEMPTED</NAME>
      </NAME.LIST>
      <LANGUAGEID TYPE="Number"> 1033</LANGUAGEID>
     </LANGUAGENAME.LIST>
    </LEDGER>
    <LEDGER NAME="PURCHASE IGST 12%" RESERVEDNAME="">
     <PARENT TYPE="String">Purchase Accounts</PARENT>
     <LANGUAGENAME.LIST>
      <NAME.LIST TYPE="String">
       <NAME>PURCHASE IGST 12%</NAME>
      </NAME.LIST>
      <LANGUAGEID TYPE="Number"> 1033</LANGUAGEID>
     </LANGUAGENAME.LIST>
    </LEDGER>
    <LEDGER NAME="Purchase Igst @ 18%" RESERVEDNAME="">
     <PARENT TYPE="String">Purchase Accounts</PARENT>
     <LANGUAGENAME.LIST>
      <NAME.LIST TYPE="String">
       <NAME>Purchase Igst @ 18%</NAME>
      </NAME.LIST>
      <LANGUAGEID TYPE="Number"> 1033</LANGUAGEID>
     </LANGUAGENAME.LIST>
    </LEDGER>
    <LEDGER NAME="QUALITY ENTERPRISES" RESERVEDNAME="">
     <PARENT TYPE="String">Sundry Creditors</PARENT>
     <LANGUAGENAME.LIST>
      <NAME.LIST TYPE="String">
       <NAME>QUALITY ENTERPRISES</NAME>
      </NAME.LIST>
      <LANGUAGEID TYPE="Number"> 1033</LANGUAGEID>
     </LANGUAGENAME.LIST>
    </LEDGER>
    <LEDGER NAME="Ragavan" RESERVEDNAME="">
     <PARENT TYPE="String">Sundry Debtors</PARENT>
     <LANGUAGENAME.LIST>
      <NAME.LIST TYPE="String">
       <NAME>Ragavan</NAME>
      </NAME.LIST>
      <LANGUAGEID TYPE="Number"> 1033</LANGUAGEID>
     </LANGUAGENAME.LIST>
    </LEDGER>
    <LEDGER NAME="Raja" RESERVEDNAME="">
     <PARENT TYPE="String">Sundry Debtors</PARENT>
     <LANGUAGENAME.LIST>
      <NAME.LIST TYPE="String">
       <NAME>Raja</NAME>
      </NAME.LIST>
      <LANGUAGEID TYPE="Number"> 1033</LANGUAGEID>
     </LANGUAGENAME.LIST>
    </LEDGER>
    <LEDGER NAME="Rajan" RESERVEDNAME="">
     <PARENT TYPE="String">Sundry Debtors</PARENT>
     <LANGUAGENAME.LIST>
      <NAME.LIST TYPE="String">
       <NAME>Rajan</NAME>
      </NAME.LIST>
      <LANGUAGEID TYPE="Number"> 1033</LANGUAGEID>
     </LANGUAGENAME.LIST>
    </LEDGER>
    <LEDGER NAME="Raja Readymades" RESERVEDNAME="">
     <PARENT TYPE="String">Sundry Debtors</PARENT>
     <LANGUAGENAME.LIST>
      <NAME.LIST TYPE="String">
       <NAME>Raja Readymades</NAME>
      </NAME.LIST>
      <LANGUAGEID TYPE="Number"> 1033</LANGUAGEID>
     </LANGUAGENAME.LIST>
    </LEDGER>
    <LEDGER NAME="Rajasekar" RESERVEDNAME="">
     <PARENT TYPE="String">Sundry Debtors</PARENT>
     <LANGUAGENAME.LIST>
      <NAME.LIST TYPE="String">
       <NAME>Rajasekar</NAME>
      </NAME.LIST>
      <LANGUAGEID TYPE="Number"> 1033</LANGUAGEID>
     </LANGUAGENAME.LIST>
    </LEDGER>
    <LEDGER NAME="Rajesh" RESERVEDNAME="">
     <PARENT TYPE="String">Sundry Debtors</PARENT>
     <LANGUAGENAME.LIST>
      <NAME.LIST TYPE="String">
       <NAME>Rajesh</NAME>
      </NAME.LIST>
      <LANGUAGEID TYPE="Number"> 1033</LANGUAGEID>
     </LANGUAGENAME.LIST>
    </LEDGER>
    <LEDGER NAME="Raj Textiles" RESERVEDNAME="">
     <PARENT TYPE="String">Debtors-KMY</PARENT>
     <LANGUAGENAME.LIST>
      <NAME.LIST TYPE="String">
       <NAME>Raj Textiles</NAME>
      </NAME.LIST>
      <LANGUAGEID TYPE="Number"> 1033</LANGUAGEID>
     </LANGUAGENAME.LIST>
    </LEDGER>
    <LEDGER NAME="Ramachandran" RESERVEDNAME="">
     <PARENT TYPE="String">Sundry Debtors</PARENT>
     <LANGUAGENAME.LIST>
      <NAME.LIST TYPE="String">
       <NAME>Ramachandran</NAME>
      </NAME.LIST>
      <LANGUAGEID TYPE="Number"> 1033</LANGUAGEID>
     </LANGUAGENAME.LIST>
    </LEDGER>
    <LEDGER NAME="Ramalingam" RESERVEDNAME="">
     <PARENT TYPE="String">Unsecured Loans</PARENT>
     <LANGUAGENAME.LIST>
      <NAME.LIST TYPE="String">
       <NAME>Ramalingam</NAME>
      </NAME.LIST>
      <LANGUAGEID TYPE="Number"> 1033</LANGUAGEID>
     </LANGUAGENAME.LIST>
    </LEDGER>
    <LEDGER NAME="Ramalingam.V" RESERVEDNAME="">
     <PARENT TYPE="String">Debtors-VR</PARENT>
     <LANGUAGENAME.LIST>
      <NAME.LIST TYPE="String">
       <NAME>Ramalingam.V</NAME>
       <NAME>R</NAME>
      </NAME.LIST>
      <LANGUAGEID TYPE="Number"> 1033</LANGUAGEID>
     </LANGUAGENAME.LIST>
    </LEDGER>
    <LEDGER NAME="Ramamoorthy" RESERVEDNAME="">
     <PARENT TYPE="String">Sundry Debtors</PARENT>
     <LANGUAGENAME.LIST>
      <NAME.LIST TYPE="String">
       <NAME>Ramamoorthy</NAME>
      </NAME.LIST>
      <LANGUAGEID TYPE="Number"> 1033</LANGUAGEID>
     </LANGUAGENAME.LIST>
    </LEDGER>
    <LEDGER NAME="Raman" RESERVEDNAME="">
     <PARENT TYPE="String">Debtors-VR</PARENT>
     <LANGUAGENAME.LIST>
      <NAME.LIST TYPE="String">
       <NAME>Raman</NAME>
      </NAME.LIST>
      <LANGUAGEID TYPE="Number"> 1033</LANGUAGEID>
     </LANGUAGENAME.LIST>
    </LEDGER>
    <LEDGER NAME="Ramesh" RESERVEDNAME="">
     <PARENT TYPE="String">Sundry Debtors</PARENT>
     <LANGUAGENAME.LIST>
      <NAME.LIST TYPE="String">
       <NAME>Ramesh</NAME>
      </NAME.LIST>
      <LANGUAGEID TYPE="Number"> 1033</LANGUAGEID>
     </LANGUAGENAME.LIST>
    </LEDGER>
    <LEDGER NAME="Ramgopal" RESERVEDNAME="">
     <PARENT TYPE="String">Sundry Debtors</PARENT>
     <LANGUAGENAME.LIST>
      <NAME.LIST TYPE="String">
       <NAME>Ramgopal</NAME>
      </NAME.LIST>
      <LANGUAGEID TYPE="Number"> 1033</LANGUAGEID>
     </LANGUAGENAME.LIST>
    </LEDGER>
    <LEDGER NAME="Ramkrishnan" RESERVEDNAME="">
     <PARENT TYPE="String">Sundry Debtors</PARENT>
     <LANGUAGENAME.LIST>
      <NAME.LIST TYPE="String">
       <NAME>Ramkrishnan</NAME>
      </NAME.LIST>
      <LANGUAGEID TYPE="Number"> 1033</LANGUAGEID>
     </LANGUAGENAME.LIST>
    </LEDGER>
    <LEDGER NAME="RAMNATH AND COMPANY PRIVATE LIMITED" RESERVEDNAME="">
     <PARENT TYPE="String">Sundry Creditors</PARENT>
     <LANGUAGENAME.LIST>
      <NAME.LIST TYPE="String">
       <NAME>RAMNATH AND COMPANY PRIVATE LIMITED</NAME>
      </NAME.LIST>
      <LANGUAGEID TYPE="Number"> 1033</LANGUAGEID>
     </LANGUAGENAME.LIST>
    </LEDGER>
    <LEDGER NAME="RAM-NATH AND CO PVT LTD" RESERVEDNAME="">
     <PARENT TYPE="String">Sundry Creditors</PARENT>
     <LANGUAGENAME.LIST>
      <NAME.LIST TYPE="String">
       <NAME>RAM-NATH AND CO PVT LTD</NAME>
      </NAME.LIST>
      <LANGUAGEID TYPE="Number"> 1033</LANGUAGEID>
     </LANGUAGENAME.LIST>
    </LEDGER>
    <LEDGER NAME="Ram Silks" RESERVEDNAME="">
     <PARENT TYPE="String">Sundry Debtors</PARENT>
     <LANGUAGENAME.LIST>
      <NAME.LIST TYPE="String">
       <NAME>Ram Silks</NAME>
      </NAME.LIST>
      <LANGUAGEID TYPE="Number"> 1033</LANGUAGEID>
     </LANGUAGENAME.LIST>
    </LEDGER>
    <LEDGER NAME="Ravi" RESERVEDNAME="">
     <PARENT TYPE="String">Sundry Debtors</PARENT>
     <LANGUAGENAME.LIST>
      <NAME.LIST TYPE="String">
       <NAME>Ravi</NAME>
      </NAME.LIST>
      <LANGUAGEID TYPE="Number"> 1033</LANGUAGEID>
     </LANGUAGENAME.LIST>
    </LEDGER>
    <LEDGER NAME="Ravichandran" RESERVEDNAME="">
     <PARENT TYPE="String">Sundry Debtors</PARENT>
     <LANGUAGENAME.LIST>
      <NAME.LIST TYPE="String">
       <NAME>Ravichandran</NAME>
      </NAME.LIST>
      <LANGUAGEID TYPE="Number"> 1033</LANGUAGEID>
     </LANGUAGENAME.LIST>
    </LEDGER>
    <LEDGER NAME="Reliance Industries Limited" RESERVEDNAME="">
     <PARENT TYPE="String">Sundry Creditors</PARENT>
     <LANGUAGENAME.LIST>
      <NAME.LIST TYPE="String">
       <NAME>Reliance Industries Limited</NAME>
      </NAME.LIST>
      <LANGUAGEID TYPE="Number"> 1033</LANGUAGEID>
     </LANGUAGENAME.LIST>
    </LEDGER>
    <LEDGER NAME="Rental Advance" RESERVEDNAME="">
     <PARENT TYPE="String">Loans &amp; Advances (Asset)</PARENT>
     <LANGUAGENAME.LIST>
      <NAME.LIST TYPE="String">
       <NAME>Rental Advance</NAME>
      </NAME.LIST>
      <LANGUAGEID TYPE="Number"> 1033</LANGUAGEID>
     </LANGUAGENAME.LIST>
    </LEDGER>
    <LEDGER NAME="Rent Paid" RESERVEDNAME="">
     <PARENT TYPE="String">Indirect Expenses</PARENT>
     <LANGUAGENAME.LIST>
      <NAME.LIST TYPE="String">
       <NAME>Rent Paid</NAME>
      </NAME.LIST>
      <LANGUAGEID TYPE="Number"> 1033</LANGUAGEID>
     </LANGUAGENAME.LIST>
    </LEDGER>
    <LEDGER NAME="RENUKA SILKS" RESERVEDNAME="">
     <PARENT TYPE="String">Sundry Debtors</PARENT>
     <LANGUAGENAME.LIST>
      <NAME.LIST TYPE="String">
       <NAME>RENUKA SILKS</NAME>
      </NAME.LIST>
      <LANGUAGEID TYPE="Number"> 1033</LANGUAGEID>
     </LANGUAGENAME.LIST>
    </LEDGER>
    <LEDGER NAME="Renuka Silks And REadymates" RESERVEDNAME="">
     <PARENT TYPE="String">Sundry Debtors</PARENT>
     <LANGUAGENAME.LIST>
      <NAME.LIST TYPE="String">
       <NAME>Renuka Silks And REadymates</NAME>
      </NAME.LIST>
      <LANGUAGEID TYPE="Number"> 1033</LANGUAGEID>
     </LANGUAGENAME.LIST>
    </LEDGER>
    <LEDGER NAME="RENUKA SILKS &amp; READYMADE" RESERVEDNAME="">
     <PARENT TYPE="String">Sundry Debtors</PARENT>
     <LANGUAGENAME.LIST>
      <NAME.LIST TYPE="String">
       <NAME>RENUKA SILKS &amp; READYMADE</NAME>
      </NAME.LIST>
      <LANGUAGEID TYPE="Number"> 1033</LANGUAGEID>
     </LANGUAGENAME.LIST>
    </LEDGER>
    <LEDGER NAME="Repaire and Maintance" RESERVEDNAME="">
     <PARENT TYPE="String">Indirect Expenses</PARENT>
     <LANGUAGENAME.LIST>
      <NAME.LIST TYPE="String">
       <NAME>Repaire and Maintance</NAME>
      </NAME.LIST>
      <LANGUAGEID TYPE="Number"> 1033</LANGUAGEID>
     </LANGUAGENAME.LIST>
    </LEDGER>
    <LEDGER NAME="Rishabh Trixim LLP-Chennai" RESERVEDNAME="">
     <PARENT TYPE="String">Sundry Creditors</PARENT>
     <LANGUAGENAME.LIST>
      <NAME.LIST TYPE="String">
       <NAME>Rishabh Trixim LLP-Chennai</NAME>
      </NAME.LIST>
      <LANGUAGEID TYPE="Number"> 1033</LANGUAGEID>
     </LANGUAGENAME.LIST>
    </LEDGER>
    <LEDGER NAME="Riyazathunnisha Begam" RESERVEDNAME="">
     <PARENT TYPE="String">Loans (Liability)</PARENT>
     <LANGUAGENAME.LIST>
      <NAME.LIST TYPE="String">
       <NAME>Riyazathunnisha Begam</NAME>
      </NAME.LIST>
      <LANGUAGEID TYPE="Number"> 1033</LANGUAGEID>
     </LANGUAGENAME.LIST>
    </LEDGER>
    <LEDGER NAME="Round Off" RESERVEDNAME="">
     <PARENT TYPE="String">Indirect Expenses</PARENT>
     <LANGUAGENAME.LIST>
      <NAME.LIST TYPE="String">
       <NAME>Round Off</NAME>
       <NAME>O</NAME>
      </NAME.LIST>
      <LANGUAGEID TYPE="Number"> 1033</LANGUAGEID>
     </LANGUAGENAME.LIST>
    </LEDGER>
    <LEDGER NAME="R.S. ENTERPRISES" RESERVEDNAME="">
     <PARENT TYPE="String">Sundry Creditors</PARENT>
     <LANGUAGENAME.LIST>
      <NAME.LIST TYPE="String">
       <NAME>R.S. ENTERPRISES</NAME>
      </NAME.LIST>
      <LANGUAGEID TYPE="Number"> 1033</LANGUAGEID>
     </LANGUAGENAME.LIST>
    </LEDGER>
    <LEDGER NAME="SABARI AGENCIES" RESERVEDNAME="">
     <PARENT TYPE="String">Sundry Creditors</PARENT>
     <LANGUAGENAME.LIST>
      <NAME.LIST TYPE="String">
       <NAME>SABARI AGENCIES</NAME>
      </NAME.LIST>
      <LANGUAGEID TYPE="Number"> 1033</LANGUAGEID>
     </LANGUAGENAME.LIST>
    </LEDGER>
    <LEDGER NAME="Sai Graphics" RESERVEDNAME="">
     <PARENT TYPE="String">Sundry Creditors</PARENT>
     <LANGUAGENAME.LIST>
      <NAME.LIST TYPE="String">
       <NAME>Sai Graphics</NAME>
      </NAME.LIST>
      <LANGUAGEID TYPE="Number"> 1033</LANGUAGEID>
     </LANGUAGENAME.LIST>
    </LEDGER>
    <LEDGER NAME="SAKTHI MURUGAN COMPANY" RESERVEDNAME="">
     <PARENT TYPE="String">Sundry Creditors</PARENT>
     <LANGUAGENAME.LIST>
      <NAME.LIST TYPE="String">
       <NAME>SAKTHI MURUGAN COMPANY</NAME>
      </NAME.LIST>
      <LANGUAGEID TYPE="Number"> 1033</LANGUAGEID>
     </LANGUAGENAME.LIST>
    </LEDGER>
    <LEDGER NAME="Sakthivel" RESERVEDNAME="">
     <PARENT TYPE="String">Sundry Debtors</PARENT>
     <LANGUAGENAME.LIST>
      <NAME.LIST TYPE="String">
       <NAME>Sakthivel</NAME>
      </NAME.LIST>
      <LANGUAGEID TYPE="Number"> 1033</LANGUAGEID>
     </LANGUAGENAME.LIST>
    </LEDGER>
    <LEDGER NAME="Salary" RESERVEDNAME="">
     <PARENT TYPE="String">Indirect Expenses</PARENT>
     <LANGUAGENAME.LIST>
      <NAME.LIST TYPE="String">
       <NAME>Salary</NAME>
       <NAME>A</NAME>
      </NAME.LIST>
      <LANGUAGEID TYPE="Number"> 1033</LANGUAGEID>
     </LANGUAGENAME.LIST>
    </LEDGER>
    <LEDGER NAME="Sales" RESERVEDNAME="">
     <PARENT TYPE="String">Sales Accounts</PARENT>
     <LANGUAGENAME.LIST>
      <NAME.LIST TYPE="String">
       <NAME>Sales</NAME>
      </NAME.LIST>
      <LANGUAGEID TYPE="Number"> 1033</LANGUAGEID>
     </LANGUAGENAME.LIST>
    </LEDGER>
    <LEDGER NAME="Sales @12%" RESERVEDNAME="">
     <PARENT TYPE="String">Sales Accounts</PARENT>
     <LANGUAGENAME.LIST>
      <NAME.LIST TYPE="String">
       <NAME>Sales @12%</NAME>
      </NAME.LIST>
      <LANGUAGEID TYPE="Number"> 1033</LANGUAGEID>
     </LANGUAGENAME.LIST>
    </LEDGER>
    <LEDGER NAME="Sales@18%" RESERVEDNAME="">
     <PARENT TYPE="String">Sales Accounts</PARENT>
     <LANGUAGENAME.LIST>
      <NAME.LIST TYPE="String">
       <NAME>Sales@18%</NAME>
       <NAME>SA</NAME>
      </NAME.LIST>
      <LANGUAGEID TYPE="Number"> 1033</LANGUAGEID>
     </LANGUAGENAME.LIST>
    </LEDGER>
    <LEDGER NAME="Sales Igst@12%" RESERVEDNAME="">
     <PARENT TYPE="String">Sales Accounts</PARENT>
     <LANGUAGENAME.LIST>
      <NAME.LIST TYPE="String">
       <NAME>Sales Igst@12%</NAME>
       <NAME>12</NAME>
      </NAME.LIST>
      <LANGUAGEID TYPE="Number"> 1033</LANGUAGEID>
     </LANGUAGENAME.LIST>
    </LEDGER>
    <LEDGER NAME="Sales Igst@18%" RESERVEDNAME="">
     <PARENT TYPE="String">Sales Accounts</PARENT>
     <LANGUAGENAME.LIST>
      <NAME.LIST TYPE="String">
       <NAME>Sales Igst@18%</NAME>
       <NAME>Ss</NAME>
      </NAME.LIST>
      <LANGUAGEID TYPE="Number"> 1033</LANGUAGEID>
     </LANGUAGENAME.LIST>
    </LEDGER>
    <LEDGER NAME="Sales Igst @ 5%" RESERVEDNAME="">
     <PARENT TYPE="String">Sales Accounts</PARENT>
     <LANGUAGENAME.LIST>
      <NAME.LIST TYPE="String">
       <NAME>Sales Igst @ 5%</NAME>
      </NAME.LIST>
      <LANGUAGEID TYPE="Number"> 1033</LANGUAGEID>
     </LANGUAGENAME.LIST>
    </LEDGER>
    <LEDGER NAME="Saminathan" RESERVEDNAME="">
     <PARENT TYPE="String">Sundry Debtors</PARENT>
     <LANGUAGENAME.LIST>
      <NAME.LIST TYPE="String">
       <NAME>Saminathan</NAME>
      </NAME.LIST>
      <LANGUAGEID TYPE="Number"> 1033</LANGUAGEID>
     </LANGUAGENAME.LIST>
    </LEDGER>
    <LEDGER NAME="Samson Packaging" RESERVEDNAME="">
     <PARENT TYPE="String">Sundry Creditors</PARENT>
     <LANGUAGENAME.LIST>
      <NAME.LIST TYPE="String">
       <NAME>Samson Packaging</NAME>
      </NAME.LIST>
      <LANGUAGEID TYPE="Number"> 1033</LANGUAGEID>
     </LANGUAGENAME.LIST>
    </LEDGER>
    <LEDGER NAME="Sankar" RESERVEDNAME="">
     <PARENT TYPE="String">Sundry Debtors</PARENT>
     <LANGUAGENAME.LIST>
      <NAME.LIST TYPE="String">
       <NAME>Sankar</NAME>
      </NAME.LIST>
      <LANGUAGEID TYPE="Number"> 1033</LANGUAGEID>
     </LANGUAGENAME.LIST>
    </LEDGER>
    <LEDGER NAME="Sankaran" RESERVEDNAME="">
     <PARENT TYPE="String">Sundry Debtors</PARENT>
     <LANGUAGENAME.LIST>
      <NAME.LIST TYPE="String">
       <NAME>Sankaran</NAME>
      </NAME.LIST>
      <LANGUAGEID TYPE="Number"> 1033</LANGUAGEID>
     </LANGUAGENAME.LIST>
    </LEDGER>
    <LEDGER NAME="Santha Kumar" RESERVEDNAME="">
     <PARENT TYPE="String">Sundry Debtors</PARENT>
     <LANGUAGENAME.LIST>
      <NAME.LIST TYPE="String">
       <NAME>Santha Kumar</NAME>
      </NAME.LIST>
      <LANGUAGEID TYPE="Number"> 1033</LANGUAGEID>
     </LANGUAGENAME.LIST>
    </LEDGER>
    <LEDGER NAME="Santhosh" RESERVEDNAME="">
     <PARENT TYPE="String">Sundry Debtors</PARENT>
     <LANGUAGENAME.LIST>
      <NAME.LIST TYPE="String">
       <NAME>Santhosh</NAME>
      </NAME.LIST>
      <LANGUAGEID TYPE="Number"> 1033</LANGUAGEID>
     </LANGUAGENAME.LIST>
    </LEDGER>
    <LEDGER NAME="Santhosh Sweets" RESERVEDNAME="">
     <PARENT TYPE="String">Debtors-KMY</PARENT>
     <LANGUAGENAME.LIST>
      <NAME.LIST TYPE="String">
       <NAME>Santhosh Sweets</NAME>
      </NAME.LIST>
      <LANGUAGEID TYPE="Number"> 1033</LANGUAGEID>
     </LANGUAGENAME.LIST>
    </LEDGER>
    <LEDGER NAME="Saravanan" RESERVEDNAME="">
     <PARENT TYPE="String">Sundry Debtors</PARENT>
     <LANGUAGENAME.LIST>
      <NAME.LIST TYPE="String">
       <NAME>Saravanan</NAME>
      </NAME.LIST>
      <LANGUAGEID TYPE="Number"> 1033</LANGUAGEID>
     </LANGUAGENAME.LIST>
    </LEDGER>
    <LEDGER NAME="Saravanan Silks" RESERVEDNAME="">
     <PARENT TYPE="String">Sundry Debtors</PARENT>
     <LANGUAGENAME.LIST>
      <NAME.LIST TYPE="String">
       <NAME>Saravanan Silks</NAME>
      </NAME.LIST>
      <LANGUAGEID TYPE="Number"> 1033</LANGUAGEID>
     </LANGUAGENAME.LIST>
    </LEDGER>
    <LEDGER NAME="Saravana Stores (Celebrity)" RESERVEDNAME="">
     <PARENT TYPE="String">Sundry Debtors</PARENT>
     <LANGUAGENAME.LIST>
      <NAME.LIST TYPE="String">
       <NAME>Saravana Stores (Celebrity)</NAME>
      </NAME.LIST>
      <LANGUAGEID TYPE="Number"> 1033</LANGUAGEID>
     </LANGUAGENAME.LIST>
    </LEDGER>
    <LEDGER NAME="Saravana Textiles" RESERVEDNAME="">
     <PARENT TYPE="String">Debtors-VR</PARENT>
     <LANGUAGENAME.LIST>
      <NAME.LIST TYPE="String">
       <NAME>Saravana Textiles</NAME>
      </NAME.LIST>
      <LANGUAGEID TYPE="Number"> 1033</LANGUAGEID>
     </LANGUAGENAME.LIST>
    </LEDGER>
    <LEDGER NAME="Sarkar Silk House" RESERVEDNAME="">
     <PARENT TYPE="String">Sundry Debtors</PARENT>
     <LANGUAGENAME.LIST>
      <NAME.LIST TYPE="String">
       <NAME>Sarkar Silk House</NAME>
      </NAME.LIST>
      <LANGUAGEID TYPE="Number"> 1033</LANGUAGEID>
     </LANGUAGENAME.LIST>
    </LEDGER>
    <LEDGER NAME="Sathya" RESERVEDNAME="">
     <PARENT TYPE="String">Sundry Debtors</PARENT>
     <LANGUAGENAME.LIST>
      <NAME.LIST TYPE="String">
       <NAME>Sathya</NAME>
      </NAME.LIST>
      <LANGUAGEID TYPE="Number"> 1033</LANGUAGEID>
     </LANGUAGENAME.LIST>
    </LEDGER>
    <LEDGER NAME="Sathya Moorthy" RESERVEDNAME="">
     <PARENT TYPE="String">Sundry Debtors</PARENT>
     <LANGUAGENAME.LIST>
      <NAME.LIST TYPE="String">
       <NAME>Sathya Moorthy</NAME>
      </NAME.LIST>
      <LANGUAGEID TYPE="Number"> 1033</LANGUAGEID>
     </LANGUAGENAME.LIST>
    </LEDGER>
    <LEDGER NAME="Sathya Raj" RESERVEDNAME="">
     <PARENT TYPE="String">Sundry Debtors</PARENT>
     <LANGUAGENAME.LIST>
      <NAME.LIST TYPE="String">
       <NAME>Sathya Raj</NAME>
      </NAME.LIST>
      <LANGUAGEID TYPE="Number"> 1033</LANGUAGEID>
     </LANGUAGENAME.LIST>
    </LEDGER>
    <LEDGER NAME="Sathya Silks" RESERVEDNAME="">
     <PARENT TYPE="String">The Chennai Silks Groups</PARENT>
     <LANGUAGENAME.LIST>
      <NAME.LIST TYPE="String">
       <NAME>Sathya Silks</NAME>
      </NAME.LIST>
      <LANGUAGEID TYPE="Number"> 1033</LANGUAGEID>
     </LANGUAGENAME.LIST>
    </LEDGER>
    <LEDGER NAME="S.A. Traders" RESERVEDNAME="">
     <PARENT TYPE="String">Sundry Creditors</PARENT>
     <LANGUAGENAME.LIST>
      <NAME.LIST TYPE="String">
       <NAME>S.A. Traders</NAME>
      </NAME.LIST>
      <LANGUAGEID TYPE="Number"> 1033</LANGUAGEID>
     </LANGUAGENAME.LIST>
    </LEDGER>
    <LEDGER NAME="Sbi Credit Card Charges" RESERVEDNAME="">
     <PARENT TYPE="String">Indirect Expenses</PARENT>
     <LANGUAGENAME.LIST>
      <NAME.LIST TYPE="String">
       <NAME>Sbi Credit Card Charges</NAME>
      </NAME.LIST>
      <LANGUAGEID TYPE="Number"> 1033</LANGUAGEID>
     </LANGUAGENAME.LIST>
    </LEDGER>
    <LEDGER NAME="SBI GENERAL INSURANCE COMPANY LTD" RESERVEDNAME="">
     <PARENT TYPE="String">Sundry Creditors</PARENT>
     <LANGUAGENAME.LIST>
      <NAME.LIST TYPE="String">
       <NAME>SBI GENERAL INSURANCE COMPANY LTD</NAME>
      </NAME.LIST>
      <LANGUAGEID TYPE="Number"> 1033</LANGUAGEID>
     </LANGUAGENAME.LIST>
    </LEDGER>
    <LEDGER NAME="SBI OD A/c No. 670310703077" RESERVEDNAME="">
     <PARENT TYPE="String">Bank OD A/c</PARENT>
     <LANGUAGENAME.LIST>
      <NAME.LIST TYPE="String">
       <NAME>SBI OD A/c No. 670310703077</NAME>
       <NAME>7</NAME>
      </NAME.LIST>
      <LANGUAGEID TYPE="Number"> 1033</LANGUAGEID>
     </LANGUAGENAME.LIST>
    </LEDGER>
    <LEDGER NAME="SCIETECH INSPECTION SERVICES" RESERVEDNAME="">
     <PARENT TYPE="String">Loans &amp; Advances (Asset)</PARENT>
     <LANGUAGENAME.LIST>
      <NAME.LIST TYPE="String">
       <NAME>SCIETECH INSPECTION SERVICES</NAME>
      </NAME.LIST>
      <LANGUAGEID TYPE="Number"> 1033</LANGUAGEID>
     </LANGUAGENAME.LIST>
    </LEDGER>
    <LEDGER NAME="Scm Creation" RESERVEDNAME="">
     <PARENT TYPE="String">Sundry Debtors</PARENT>
     <LANGUAGENAME.LIST>
      <NAME.LIST TYPE="String">
       <NAME>Scm Creation</NAME>
      </NAME.LIST>
      <LANGUAGEID TYPE="Number"> 1033</LANGUAGEID>
     </LANGUAGENAME.LIST>
    </LEDGER>
    <LEDGER NAME="Scm Creations" RESERVEDNAME="">
     <PARENT TYPE="String">The Chennai Silks Groups</PARENT>
     <LANGUAGENAME.LIST>
      <NAME.LIST TYPE="String">
       <NAME>Scm Creations</NAME>
      </NAME.LIST>
      <LANGUAGEID TYPE="Number"> 1033</LANGUAGEID>
     </LANGUAGENAME.LIST>
    </LEDGER>
    <LEDGER NAME="Seanel Shipping Pvt Ltd" RESERVEDNAME="">
     <PARENT TYPE="String">Sundry Creditors</PARENT>
     <LANGUAGENAME.LIST>
      <NAME.LIST TYPE="String">
       <NAME>Seanel Shipping Pvt Ltd</NAME>
      </NAME.LIST>
      <LANGUAGEID TYPE="Number"> 1033</LANGUAGEID>
     </LANGUAGENAME.LIST>
    </LEDGER>
    <LEDGER NAME="Segar-Rent Advance" RESERVEDNAME="">
     <PARENT TYPE="String">Loans &amp; Advances (Asset)</PARENT>
     <LANGUAGENAME.LIST>
      <NAME.LIST TYPE="String">
       <NAME>Segar-Rent Advance</NAME>
      </NAME.LIST>
      <LANGUAGEID TYPE="Number"> 1033</LANGUAGEID>
     </LANGUAGENAME.LIST>
    </LEDGER>
    <LEDGER NAME="Sekar" RESERVEDNAME="">
     <PARENT TYPE="String">Sundry Debtors</PARENT>
     <LANGUAGENAME.LIST>
      <NAME.LIST TYPE="String">
       <NAME>Sekar</NAME>
      </NAME.LIST>
      <LANGUAGEID TYPE="Number"> 1033</LANGUAGEID>
     </LANGUAGENAME.LIST>
    </LEDGER>
    <LEDGER NAME="Selvam" RESERVEDNAME="">
     <PARENT TYPE="String">Sundry Debtors</PARENT>
     <LANGUAGENAME.LIST>
      <NAME.LIST TYPE="String">
       <NAME>Selvam</NAME>
      </NAME.LIST>
      <LANGUAGEID TYPE="Number"> 1033</LANGUAGEID>
     </LANGUAGENAME.LIST>
    </LEDGER>
    <LEDGER NAME="Senthil" RESERVEDNAME="">
     <PARENT TYPE="String">Sundry Debtors</PARENT>
     <LANGUAGENAME.LIST>
      <NAME.LIST TYPE="String">
       <NAME>Senthil</NAME>
      </NAME.LIST>
      <LANGUAGEID TYPE="Number"> 1033</LANGUAGEID>
     </LANGUAGENAME.LIST>
    </LEDGER>
    <LEDGER NAME="Senthil Kumar" RESERVEDNAME="">
     <PARENT TYPE="String">Sundry Debtors</PARENT>
     <LANGUAGENAME.LIST>
      <NAME.LIST TYPE="String">
       <NAME>Senthil Kumar</NAME>
      </NAME.LIST>
      <LANGUAGEID TYPE="Number"> 1033</LANGUAGEID>
     </LANGUAGENAME.LIST>
    </LEDGER>
    <LEDGER NAME="Sero Packagingn Limited" RESERVEDNAME="">
     <PARENT TYPE="String">Sundry Creditors</PARENT>
     <LANGUAGENAME.LIST>
      <NAME.LIST TYPE="String">
       <NAME>Sero Packagingn Limited</NAME>
      </NAME.LIST>
      <LANGUAGEID TYPE="Number"> 1033</LANGUAGEID>
     </LANGUAGENAME.LIST>
    </LEDGER>
    <LEDGER NAME="Sesha Agencies" RESERVEDNAME="">
     <PARENT TYPE="String">Debtors-VR</PARENT>
     <LANGUAGENAME.LIST>
      <NAME.LIST TYPE="String">
       <NAME>Sesha Agencies</NAME>
      </NAME.LIST>
      <LANGUAGEID TYPE="Number"> 1033</LANGUAGEID>
     </LANGUAGENAME.LIST>
    </LEDGER>
    <LEDGER NAME="Seyyon Hitech Poly Fabs Pvt. Ltd" RESERVEDNAME="">
     <PARENT TYPE="String">Sundry Creditors</PARENT>
     <LANGUAGENAME.LIST>
      <NAME.LIST TYPE="String">
       <NAME>Seyyon Hitech Poly Fabs Pvt. Ltd</NAME>
      </NAME.LIST>
      <LANGUAGEID TYPE="Number"> 1033</LANGUAGEID>
     </LANGUAGENAME.LIST>
    </LEDGER>
    <LEDGER NAME="Sgst@6%" RESERVEDNAME="">
     <PARENT TYPE="String">Duties &amp; Taxes</PARENT>
     <LANGUAGENAME.LIST>
      <NAME.LIST TYPE="String">
       <NAME>Sgst@6%</NAME>
      </NAME.LIST>
      <LANGUAGEID TYPE="Number"> 1033</LANGUAGEID>
     </LANGUAGENAME.LIST>
    </LEDGER>
    <LEDGER NAME="Sgst@9%" RESERVEDNAME="">
     <PARENT TYPE="String">Duties &amp; Taxes</PARENT>
     <LANGUAGENAME.LIST>
      <NAME.LIST TYPE="String">
       <NAME>Sgst@9%</NAME>
      </NAME.LIST>
      <LANGUAGEID TYPE="Number"> 1033</LANGUAGEID>
     </LANGUAGENAME.LIST>
    </LEDGER>
    <LEDGER NAME="Shanmugasundharam" RESERVEDNAME="">
     <PARENT TYPE="String">Debtors-VR</PARENT>
     <LANGUAGENAME.LIST>
      <NAME.LIST TYPE="String">
       <NAME>Shanmugasundharam</NAME>
      </NAME.LIST>
      <LANGUAGEID TYPE="Number"> 1033</LANGUAGEID>
     </LANGUAGENAME.LIST>
    </LEDGER>
    <LEDGER NAME="Shivasakthi Bearing Centre" RESERVEDNAME="">
     <PARENT TYPE="String">Sundry Creditors</PARENT>
     <LANGUAGENAME.LIST>
      <NAME.LIST TYPE="String">
       <NAME>Shivasakthi Bearing Centre</NAME>
      </NAME.LIST>
      <LANGUAGEID TYPE="Number"> 1033</LANGUAGEID>
     </LANGUAGENAME.LIST>
    </LEDGER>
    <LEDGER NAME="Shri Munishwara Poly Pvt Ltd" RESERVEDNAME="">
     <PARENT TYPE="String">Sundry Creditors</PARENT>
     <LANGUAGENAME.LIST>
      <NAME.LIST TYPE="String">
       <NAME>Shri Munishwara Poly Pvt Ltd</NAME>
      </NAME.LIST>
      <LANGUAGEID TYPE="Number"> 1033</LANGUAGEID>
     </LANGUAGENAME.LIST>
    </LEDGER>
    <LEDGER NAME="SI Media Poly Tech" RESERVEDNAME="">
     <PARENT TYPE="String">Sundry Creditors</PARENT>
     <LANGUAGENAME.LIST>
      <NAME.LIST TYPE="String">
       <NAME>SI Media Poly Tech</NAME>
      </NAME.LIST>
      <LANGUAGEID TYPE="Number"> 1033</LANGUAGEID>
     </LANGUAGENAME.LIST>
    </LEDGER>
    <LEDGER NAME="Sinduja" RESERVEDNAME="">
     <PARENT TYPE="String">Salary Account</PARENT>
     <LANGUAGENAME.LIST>
      <NAME.LIST TYPE="String">
       <NAME>Sinduja</NAME>
      </NAME.LIST>
      <LANGUAGEID TYPE="Number"> 1033</LANGUAGEID>
     </LANGUAGENAME.LIST>
    </LEDGER>
    <LEDGER NAME="Sivanantham" RESERVEDNAME="">
     <PARENT TYPE="String">Sundry Debtors</PARENT>
     <LANGUAGENAME.LIST>
      <NAME.LIST TYPE="String">
       <NAME>Sivanantham</NAME>
      </NAME.LIST>
      <LANGUAGEID TYPE="Number"> 1033</LANGUAGEID>
     </LANGUAGENAME.LIST>
    </LEDGER>
    <LEDGER NAME="Sivaranjani Agencies" RESERVEDNAME="">
     <PARENT TYPE="String">Sundry Creditors</PARENT>
     <LANGUAGENAME.LIST>
      <NAME.LIST TYPE="String">
       <NAME>Sivaranjani Agencies</NAME>
      </NAME.LIST>
      <LANGUAGEID TYPE="Number"> 1033</LANGUAGEID>
     </LANGUAGENAME.LIST>
    </LEDGER>
    <LEDGER NAME="SKA Agencies" RESERVEDNAME="">
     <PARENT TYPE="String">Sundry Creditors</PARENT>
     <LANGUAGENAME.LIST>
      <NAME.LIST TYPE="String">
       <NAME>SKA Agencies</NAME>
      </NAME.LIST>
      <LANGUAGEID TYPE="Number"> 1033</LANGUAGEID>
     </LANGUAGENAME.LIST>
    </LEDGER>
    <LEDGER NAME="Skanda Agencies" RESERVEDNAME="">
     <PARENT TYPE="String">Sundry Creditors</PARENT>
     <LANGUAGENAME.LIST>
      <NAME.LIST TYPE="String">
       <NAME>Skanda Agencies</NAME>
       <NAME>Sk</NAME>
      </NAME.LIST>
      <LANGUAGEID TYPE="Number"> 1033</LANGUAGEID>
     </LANGUAGENAME.LIST>
    </LEDGER>
    <LEDGER NAME="Skanda Agencies ADVANCE" RESERVEDNAME="">
     <PARENT TYPE="String">Loans &amp; Advances (Asset)</PARENT>
     <LANGUAGENAME.LIST>
      <NAME.LIST TYPE="String">
       <NAME>Skanda Agencies ADVANCE</NAME>
      </NAME.LIST>
      <LANGUAGEID TYPE="Number"> 1033</LANGUAGEID>
     </LANGUAGENAME.LIST>
    </LEDGER>
    <LEDGER NAME="SLC LOAN-40646350894" RESERVEDNAME="">
     <PARENT TYPE="String">Secured Loans</PARENT>
     <LANGUAGENAME.LIST>
      <NAME.LIST TYPE="String">
       <NAME>SLC LOAN-40646350894</NAME>
      </NAME.LIST>
      <LANGUAGEID TYPE="Number"> 1033</LANGUAGEID>
     </LANGUAGENAME.LIST>
    </LEDGER>
    <LEDGER NAME="SLC LOAN Interest" RESERVEDNAME="">
     <PARENT TYPE="String">Indirect Expenses</PARENT>
     <LANGUAGENAME.LIST>
      <NAME.LIST TYPE="String">
       <NAME>SLC LOAN Interest</NAME>
      </NAME.LIST>
      <LANGUAGEID TYPE="Number"> 1033</LANGUAGEID>
     </LANGUAGENAME.LIST>
    </LEDGER>
    <LEDGER NAME="SME GOLD LOAN 40469319594" RESERVEDNAME="">
     <PARENT TYPE="String">Secured Loans</PARENT>
     <LANGUAGENAME.LIST>
      <NAME.LIST TYPE="String">
       <NAME>SME GOLD LOAN 40469319594</NAME>
       <NAME>594</NAME>
      </NAME.LIST>
      <LANGUAGEID TYPE="Number"> 1033</LANGUAGEID>
     </LANGUAGENAME.LIST>
    </LEDGER>
    <LEDGER NAME="Space Textiles" RESERVEDNAME="">
     <PARENT TYPE="String">The Chennai Silks Groups</PARENT>
     <LANGUAGENAME.LIST>
      <NAME.LIST TYPE="String">
       <NAME>Space Textiles</NAME>
      </NAME.LIST>
      <LANGUAGEID TYPE="Number"> 1033</LANGUAGEID>
     </LANGUAGENAME.LIST>
    </LEDGER>
    <LEDGER NAME="Spectraa Net" RESERVEDNAME="">
     <PARENT TYPE="String">Sundry Creditors</PARENT>
     <LANGUAGENAME.LIST>
      <NAME.LIST TYPE="String">
       <NAME>Spectraa Net</NAME>
      </NAME.LIST>
      <LANGUAGEID TYPE="Number"> 1033</LANGUAGEID>
     </LANGUAGENAME.LIST>
    </LEDGER>
    <LEDGER NAME="Sree Durga Plasyics" RESERVEDNAME="">
     <PARENT TYPE="String">Sundry Debtors</PARENT>
     <LANGUAGENAME.LIST>
      <NAME.LIST TYPE="String">
       <NAME>Sree Durga Plasyics</NAME>
      </NAME.LIST>
      <LANGUAGEID TYPE="Number"> 1033</LANGUAGEID>
     </LANGUAGENAME.LIST>
    </LEDGER>
    <LEDGER NAME="Sree Jayasakthi Electrical" RESERVEDNAME="">
     <PARENT TYPE="String">Sundry Creditors</PARENT>
     <LANGUAGENAME.LIST>
      <NAME.LIST TYPE="String">
       <NAME>Sree Jayasakthi Electrical</NAME>
      </NAME.LIST>
      <LANGUAGEID TYPE="Number"> 1033</LANGUAGEID>
     </LANGUAGENAME.LIST>
    </LEDGER>
    <LEDGER NAME="Sree Kumaran" RESERVEDNAME="">
     <PARENT TYPE="String">The Chennai Silks Groups</PARENT>
     <LANGUAGENAME.LIST>
      <NAME.LIST TYPE="String">
       <NAME>Sree Kumaran</NAME>
      </NAME.LIST>
      <LANGUAGEID TYPE="Number"> 1033</LANGUAGEID>
     </LANGUAGENAME.LIST>
    </LEDGER>
    <LEDGER NAME="Sree Nandhi Silks" RESERVEDNAME="">
     <PARENT TYPE="String">The Chennai Silks Groups</PARENT>
     <LANGUAGENAME.LIST>
      <NAME.LIST TYPE="String">
       <NAME>Sree Nandhi Silks</NAME>
      </NAME.LIST>
      <LANGUAGEID TYPE="Number"> 1033</LANGUAGEID>
     </LANGUAGENAME.LIST>
    </LEDGER>
    <LEDGER NAME="Sri Amman Textiles" RESERVEDNAME="">
     <PARENT TYPE="String">Sundry Debtors</PARENT>
     <LANGUAGENAME.LIST>
      <NAME.LIST TYPE="String">
       <NAME>Sri Amman Textiles</NAME>
      </NAME.LIST>
      <LANGUAGEID TYPE="Number"> 1033</LANGUAGEID>
     </LANGUAGENAME.LIST>
    </LEDGER>
    <LEDGER NAME="Sri Chitra Paper Store" RESERVEDNAME="">
     <PARENT TYPE="String">Sundry Creditors</PARENT>
     <LANGUAGENAME.LIST>
      <NAME.LIST TYPE="String">
       <NAME>Sri Chitra Paper Store</NAME>
      </NAME.LIST>
      <LANGUAGEID TYPE="Number"> 1033</LANGUAGEID>
     </LANGUAGENAME.LIST>
    </LEDGER>
    <LEDGER NAME="Sri Durga Flastiks" RESERVEDNAME="">
     <PARENT TYPE="String">Sundry Debtors</PARENT>
     <LANGUAGENAME.LIST>
      <NAME.LIST TYPE="String">
       <NAME>Sri Durga Flastiks</NAME>
      </NAME.LIST>
      <LANGUAGEID TYPE="Number"> 1033</LANGUAGEID>
     </LANGUAGENAME.LIST>
    </LEDGER>
    <LEDGER NAME="SRI GANESH AGENCIES" RESERVEDNAME="">
     <PARENT TYPE="String">Sundry Creditors</PARENT>
     <LANGUAGENAME.LIST>
      <NAME.LIST TYPE="String">
       <NAME>SRI GANESH AGENCIES</NAME>
      </NAME.LIST>
      <LANGUAGEID TYPE="Number"> 1033</LANGUAGEID>
     </LANGUAGENAME.LIST>
    </LEDGER>
    <LEDGER NAME="Sri Ganesh Electricals" RESERVEDNAME="">
     <PARENT TYPE="String">Sundry Creditors</PARENT>
     <LANGUAGENAME.LIST>
      <NAME.LIST TYPE="String">
       <NAME>Sri Ganesh Electricals</NAME>
      </NAME.LIST>
      <LANGUAGEID TYPE="Number"> 1033</LANGUAGEID>
     </LANGUAGENAME.LIST>
    </LEDGER>
    <LEDGER NAME="Sri Gopal Greens" RESERVEDNAME="">
     <PARENT TYPE="String">Debtors - JMD</PARENT>
     <LANGUAGENAME.LIST>
      <NAME.LIST TYPE="String">
       <NAME>Sri Gopal Greens</NAME>
      </NAME.LIST>
      <LANGUAGEID TYPE="Number"> 1033</LANGUAGEID>
     </LANGUAGENAME.LIST>
    </LEDGER>
    <LEDGER NAME="Sri Guberan Traders" RESERVEDNAME="">
     <PARENT TYPE="String">Sundry Creditors</PARENT>
     <LANGUAGENAME.LIST>
      <NAME.LIST TYPE="String">
       <NAME>Sri Guberan Traders</NAME>
      </NAME.LIST>
      <LANGUAGEID TYPE="Number"> 1033</LANGUAGEID>
     </LANGUAGENAME.LIST>
    </LEDGER>
    <LEDGER NAME="Sri Kms Paper" RESERVEDNAME="">
     <PARENT TYPE="String">Sundry Creditors</PARENT>
     <LANGUAGENAME.LIST>
      <NAME.LIST TYPE="String">
       <NAME>Sri Kms Paper</NAME>
      </NAME.LIST>
      <LANGUAGEID TYPE="Number"> 1033</LANGUAGEID>
     </LANGUAGENAME.LIST>
    </LEDGER>
    <LEDGER NAME="Sri Kumaran Khadhi Bavan-Kum" RESERVEDNAME="">
     <PARENT TYPE="String">Debtors-VR</PARENT>
     <LANGUAGENAME.LIST>
      <NAME.LIST TYPE="String">
       <NAME>Sri Kumaran Khadhi Bavan-Kum</NAME>
      </NAME.LIST>
      <LANGUAGEID TYPE="Number"> 1033</LANGUAGEID>
     </LANGUAGENAME.LIST>
    </LEDGER>
    <LEDGER NAME="Sri Kumaran Silks" RESERVEDNAME="">
     <PARENT TYPE="String">Sundry Debtors</PARENT>
     <LANGUAGENAME.LIST>
      <NAME.LIST TYPE="String">
       <NAME>Sri Kumaran Silks</NAME>
      </NAME.LIST>
      <LANGUAGEID TYPE="Number"> 1033</LANGUAGEID>
     </LANGUAGENAME.LIST>
    </LEDGER>
    <LEDGER NAME="Sri Lakshmi Narayana Agencies" RESERVEDNAME="">
     <PARENT TYPE="String">Sundry Debtors</PARENT>
     <LANGUAGENAME.LIST>
      <NAME.LIST TYPE="String">
       <NAME>Sri Lakshmi Narayana Agencies</NAME>
      </NAME.LIST>
      <LANGUAGEID TYPE="Number"> 1033</LANGUAGEID>
     </LANGUAGENAME.LIST>
    </LEDGER>
    <LEDGER NAME="Sri Mahalakshmi Textiles &amp; Readymates" RESERVEDNAME="">
     <PARENT TYPE="String">Debtors-VR</PARENT>
     <LANGUAGENAME.LIST>
      <NAME.LIST TYPE="String">
       <NAME>Sri Mahalakshmi Textiles &amp; Readymates</NAME>
      </NAME.LIST>
      <LANGUAGEID TYPE="Number"> 1033</LANGUAGEID>
     </LANGUAGENAME.LIST>
    </LEDGER>
    <LEDGER NAME="Sri Murugan Khadhi Vasthralayam-Kum" RESERVEDNAME="">
     <PARENT TYPE="String">Debtors - JMD</PARENT>
     <LANGUAGENAME.LIST>
      <NAME.LIST TYPE="String">
       <NAME>Sri Murugan Khadhi Vasthralayam-Kum</NAME>
      </NAME.LIST>
      <LANGUAGEID TYPE="Number"> 1033</LANGUAGEID>
     </LANGUAGENAME.LIST>
    </LEDGER>
    <LEDGER NAME="Sri Murugan Khadi Bhavan" RESERVEDNAME="">
     <PARENT TYPE="String">Sundry Debtors</PARENT>
     <LANGUAGENAME.LIST>
      <NAME.LIST TYPE="String">
       <NAME>Sri Murugan Khadi Bhavan</NAME>
      </NAME.LIST>
      <LANGUAGEID TYPE="Number"> 1033</LANGUAGEID>
     </LANGUAGENAME.LIST>
    </LEDGER>
    <LEDGER NAME="Sri Murugan Textiles" RESERVEDNAME="">
     <PARENT TYPE="String">Sundry Debtors</PARENT>
     <LANGUAGENAME.LIST>
      <NAME.LIST TYPE="String">
       <NAME>Sri Murugan Textiles</NAME>
      </NAME.LIST>
      <LANGUAGEID TYPE="Number"> 1033</LANGUAGEID>
     </LANGUAGENAME.LIST>
    </LEDGER>
    <LEDGER NAME="Sri Senthil Murugan Khadhi Vastralayam- Erode" RESERVEDNAME="">
     <PARENT TYPE="String">Debtors-VR</PARENT>
     <LANGUAGENAME.LIST>
      <NAME.LIST TYPE="String">
       <NAME>Sri Senthil Murugan Khadhi Vastralayam- Erode</NAME>
      </NAME.LIST>
      <LANGUAGEID TYPE="Number"> 1033</LANGUAGEID>
     </LANGUAGENAME.LIST>
    </LEDGER>
    <LEDGER NAME="Sri Senthil Murugan Khadhi Vastralayam-Salem" RESERVEDNAME="">
     <PARENT TYPE="String">Debtors-VR</PARENT>
     <LANGUAGENAME.LIST>
      <NAME.LIST TYPE="String">
       <NAME>Sri Senthil Murugan Khadhi Vastralayam-Salem</NAME>
      </NAME.LIST>
      <LANGUAGEID TYPE="Number"> 1033</LANGUAGEID>
     </LANGUAGENAME.LIST>
    </LEDGER>
    <LEDGER NAME="Sri Senthil Murugan Khadi Vastralayam" RESERVEDNAME="">
     <PARENT TYPE="String">Sundry Debtors</PARENT>
     <LANGUAGENAME.LIST>
      <NAME.LIST TYPE="String">
       <NAME>Sri Senthil Murugan Khadi Vastralayam</NAME>
      </NAME.LIST>
      <LANGUAGEID TYPE="Number"> 1033</LANGUAGEID>
     </LANGUAGENAME.LIST>
    </LEDGER>
    <LEDGER NAME="Sri Turgai Graphics" RESERVEDNAME="">
     <PARENT TYPE="String">Sundry Creditors</PARENT>
     <LANGUAGENAME.LIST>
      <NAME.LIST TYPE="String">
       <NAME>Sri Turgai Graphics</NAME>
      </NAME.LIST>
      <LANGUAGEID TYPE="Number"> 1033</LANGUAGEID>
     </LANGUAGENAME.LIST>
    </LEDGER>
    <LEDGER NAME="Sri Vijayaganapathy Stores" RESERVEDNAME="">
     <PARENT TYPE="String">Debtors - JMD</PARENT>
     <LANGUAGENAME.LIST>
      <NAME.LIST TYPE="String">
       <NAME>Sri Vijayaganapathy Stores</NAME>
      </NAME.LIST>
      <LANGUAGEID TYPE="Number"> 1033</LANGUAGEID>
     </LANGUAGENAME.LIST>
    </LEDGER>
    <LEDGER NAME="SRI VIJAYALAKSHMI STORES" RESERVEDNAME="">
     <PARENT TYPE="String">Sundry Creditors</PARENT>
     <LANGUAGENAME.LIST>
      <NAME.LIST TYPE="String">
       <NAME>SRI VIJAYALAKSHMI STORES</NAME>
      </NAME.LIST>
      <LANGUAGEID TYPE="Number"> 1033</LANGUAGEID>
     </LANGUAGENAME.LIST>
    </LEDGER>
    <LEDGER NAME="Staff Welfare" RESERVEDNAME="">
     <PARENT TYPE="String">Indirect Expenses</PARENT>
     <LANGUAGENAME.LIST>
      <NAME.LIST TYPE="String">
       <NAME>Staff Welfare</NAME>
      </NAME.LIST>
      <LANGUAGEID TYPE="Number"> 1033</LANGUAGEID>
     </LANGUAGENAME.LIST>
    </LEDGER>
    <LEDGER NAME="State Bank  of India" RESERVEDNAME="">
     <PARENT TYPE="String">Sundry Creditors</PARENT>
     <LANGUAGENAME.LIST>
      <NAME.LIST TYPE="String">
       <NAME>State Bank  of India</NAME>
      </NAME.LIST>
      <LANGUAGEID TYPE="Number"> 1033</LANGUAGEID>
     </LANGUAGENAME.LIST>
    </LEDGER>
    <LEDGER NAME="State Bank of India 34" RESERVEDNAME="">
     <PARENT TYPE="String">Sundry Creditors</PARENT>
     <LANGUAGENAME.LIST>
      <NAME.LIST TYPE="String">
       <NAME>State Bank of India 34</NAME>
      </NAME.LIST>
      <LANGUAGEID TYPE="Number"> 1033</LANGUAGEID>
     </LANGUAGENAME.LIST>
    </LEDGER>
    <LEDGER NAME="Stickwel Industries" RESERVEDNAME="">
     <PARENT TYPE="String">Sundry Creditors</PARENT>
     <LANGUAGENAME.LIST>
      <NAME.LIST TYPE="String">
       <NAME>Stickwel Industries</NAME>
      </NAME.LIST>
      <LANGUAGEID TYPE="Number"> 1033</LANGUAGEID>
     </LANGUAGENAME.LIST>
    </LEDGER>
    <LEDGER NAME="Stock" RESERVEDNAME="">
     <PARENT TYPE="String">Stock-in-Hand</PARENT>
     <LANGUAGENAME.LIST>
      <NAME.LIST TYPE="String">
       <NAME>Stock</NAME>
      </NAME.LIST>
      <LANGUAGEID TYPE="Number"> 1033</LANGUAGEID>
     </LANGUAGENAME.LIST>
    </LEDGER>
    <LEDGER NAME="SUBASREE" RESERVEDNAME="">
     <PARENT TYPE="String">Sundry Debtors</PARENT>
     <LANGUAGENAME.LIST>
      <NAME.LIST TYPE="String">
       <NAME>SUBASREE</NAME>
      </NAME.LIST>
      <LANGUAGEID TYPE="Number"> 1033</LANGUAGEID>
     </LANGUAGENAME.LIST>
    </LEDGER>
    <LEDGER NAME="Subasree Resma" RESERVEDNAME="">
     <PARENT TYPE="String">Salary Account</PARENT>
     <LANGUAGENAME.LIST>
      <NAME.LIST TYPE="String">
       <NAME>Subasree Resma</NAME>
      </NAME.LIST>
      <LANGUAGEID TYPE="Number"> 1033</LANGUAGEID>
     </LANGUAGENAME.LIST>
    </LEDGER>
    <LEDGER NAME="Subramanian" RESERVEDNAME="">
     <PARENT TYPE="String">Sundry Debtors</PARENT>
     <LANGUAGENAME.LIST>
      <NAME.LIST TYPE="String">
       <NAME>Subramanian</NAME>
      </NAME.LIST>
      <LANGUAGEID TYPE="Number"> 1033</LANGUAGEID>
     </LANGUAGENAME.LIST>
    </LEDGER>
    <LEDGER NAME="Sudhakar" RESERVEDNAME="">
     <PARENT TYPE="String">Sundry Debtors</PARENT>
     <LANGUAGENAME.LIST>
      <NAME.LIST TYPE="String">
       <NAME>Sudhakar</NAME>
      </NAME.LIST>
      <LANGUAGEID TYPE="Number"> 1033</LANGUAGEID>
     </LANGUAGENAME.LIST>
    </LEDGER>
    <LEDGER NAME="Sudharsan" RESERVEDNAME="">
     <PARENT TYPE="String">Sundry Debtors</PARENT>
     <LANGUAGENAME.LIST>
      <NAME.LIST TYPE="String">
       <NAME>Sudharsan</NAME>
      </NAME.LIST>
      <LANGUAGEID TYPE="Number"> 1033</LANGUAGEID>
     </LANGUAGENAME.LIST>
    </LEDGER>
    <LEDGER NAME="SUMAN ELECTRICAL AGENCIES" RESERVEDNAME="">
     <PARENT TYPE="String">Sundry Creditors</PARENT>
     <LANGUAGENAME.LIST>
      <NAME.LIST TYPE="String">
       <NAME>SUMAN ELECTRICAL AGENCIES</NAME>
      </NAME.LIST>
      <LANGUAGEID TYPE="Number"> 1033</LANGUAGEID>
     </LANGUAGENAME.LIST>
    </LEDGER>
    <LEDGER NAME="Suman Electricals Agencies" RESERVEDNAME="">
     <PARENT TYPE="String">Sundry Creditors</PARENT>
     <LANGUAGENAME.LIST>
      <NAME.LIST TYPE="String">
       <NAME>Suman Electricals Agencies</NAME>
      </NAME.LIST>
      <LANGUAGEID TYPE="Number"> 1033</LANGUAGEID>
     </LANGUAGENAME.LIST>
    </LEDGER>
    <LEDGER NAME="Sumangali Silks" RESERVEDNAME="">
     <PARENT TYPE="String">Sundry Debtors</PARENT>
     <LANGUAGENAME.LIST>
      <NAME.LIST TYPE="String">
       <NAME>Sumangali Silks</NAME>
       <NAME>Mm</NAME>
      </NAME.LIST>
      <LANGUAGEID TYPE="Number"> 1033</LANGUAGEID>
     </LANGUAGENAME.LIST>
    </LEDGER>
    <LEDGER NAME="SUMANGALI SILKS-CHENNAI" RESERVEDNAME="">
     <PARENT TYPE="String">Sundry Debtors</PARENT>
     <LANGUAGENAME.LIST>
      <NAME.LIST TYPE="String">
       <NAME>SUMANGALI SILKS-CHENNAI</NAME>
      </NAME.LIST>
      <LANGUAGEID TYPE="Number"> 1033</LANGUAGEID>
     </LANGUAGENAME.LIST>
    </LEDGER>
    <LEDGER NAME="SUMANGALI TEX" RESERVEDNAME="">
     <PARENT TYPE="String">Sundry Debtors</PARENT>
     <LANGUAGENAME.LIST>
      <NAME.LIST TYPE="String">
       <NAME>SUMANGALI TEX</NAME>
      </NAME.LIST>
      <LANGUAGEID TYPE="Number"> 1033</LANGUAGEID>
     </LANGUAGENAME.LIST>
    </LEDGER>
    <LEDGER NAME="Sundaramoorthy" RESERVEDNAME="">
     <PARENT TYPE="String">Sundry Debtors</PARENT>
     <LANGUAGENAME.LIST>
      <NAME.LIST TYPE="String">
       <NAME>Sundaramoorthy</NAME>
      </NAME.LIST>
      <LANGUAGEID TYPE="Number"> 1033</LANGUAGEID>
     </LANGUAGENAME.LIST>
    </LEDGER>
    <LEDGER NAME="Sundhar" RESERVEDNAME="">
     <PARENT TYPE="String">Sundry Debtors</PARENT>
     <LANGUAGENAME.LIST>
      <NAME.LIST TYPE="String">
       <NAME>Sundhar</NAME>
      </NAME.LIST>
      <LANGUAGEID TYPE="Number"> 1033</LANGUAGEID>
     </LANGUAGENAME.LIST>
    </LEDGER>
    <LEDGER NAME="Sundharam" RESERVEDNAME="">
     <PARENT TYPE="String">Sundry Debtors</PARENT>
     <LANGUAGENAME.LIST>
      <NAME.LIST TYPE="String">
       <NAME>Sundharam</NAME>
      </NAME.LIST>
      <LANGUAGEID TYPE="Number"> 1033</LANGUAGEID>
     </LANGUAGENAME.LIST>
    </LEDGER>
    <LEDGER NAME="Sundry Debtors Sales" RESERVEDNAME="">
     <PARENT TYPE="String">Sundry Debtors</PARENT>
     <LANGUAGENAME.LIST>
      <NAME.LIST TYPE="String">
       <NAME>Sundry Debtors Sales</NAME>
      </NAME.LIST>
      <LANGUAGEID TYPE="Number"> 1033</LANGUAGEID>
     </LANGUAGENAME.LIST>
    </LEDGER>
    <LEDGER NAME="Supreme Rubber Industries" RESERVEDNAME="">
     <PARENT TYPE="String">Sundry Creditors</PARENT>
     <LANGUAGENAME.LIST>
      <NAME.LIST TYPE="String">
       <NAME>Supreme Rubber Industries</NAME>
      </NAME.LIST>
      <LANGUAGEID TYPE="Number"> 1033</LANGUAGEID>
     </LANGUAGENAME.LIST>
    </LEDGER>
    <LEDGER NAME="Suspense" RESERVEDNAME="">
     <PARENT TYPE="String">Suspense A/c</PARENT>
     <LANGUAGENAME.LIST>
      <NAME.LIST TYPE="String">
       <NAME>Suspense</NAME>
       <NAME>Su</NAME>
      </NAME.LIST>
      <LANGUAGEID TYPE="Number"> 1033</LANGUAGEID>
     </LANGUAGENAME.LIST>
    </LEDGER>
    <LEDGER NAME="Swastik Polimers Indusind Ltd" RESERVEDNAME="">
     <PARENT TYPE="String">Sundry Creditors</PARENT>
     <LANGUAGENAME.LIST>
      <NAME.LIST TYPE="String">
       <NAME>Swastik Polimers Indusind Ltd</NAME>
      </NAME.LIST>
      <LANGUAGEID TYPE="Number"> 1033</LANGUAGEID>
     </LANGUAGENAME.LIST>
    </LEDGER>
    <LEDGER NAME="Swastik Polymers" RESERVEDNAME="">
     <PARENT TYPE="String">Sundry Creditors</PARENT>
     <LANGUAGENAME.LIST>
      <NAME.LIST TYPE="String">
       <NAME>Swastik Polymers</NAME>
      </NAME.LIST>
      <LANGUAGEID TYPE="Number"> 1033</LANGUAGEID>
     </LANGUAGENAME.LIST>
    </LEDGER>
    <LEDGER NAME="SWASTIK WORLD" RESERVEDNAME="">
     <PARENT TYPE="String">Sundry Creditors</PARENT>
     <LANGUAGENAME.LIST>
      <NAME.LIST TYPE="String">
       <NAME>SWASTIK WORLD</NAME>
      </NAME.LIST>
      <LANGUAGEID TYPE="Number"> 1033</LANGUAGEID>
     </LANGUAGENAME.LIST>
    </LEDGER>
    <LEDGER NAME="TDS" RESERVEDNAME="">
     <PARENT TYPE="String">Current Assets</PARENT>
     <LANGUAGENAME.LIST>
      <NAME.LIST TYPE="String">
       <NAME>TDS</NAME>
      </NAME.LIST>
      <LANGUAGEID TYPE="Number"> 1033</LANGUAGEID>
     </LANGUAGENAME.LIST>
    </LEDGER>
    <LEDGER NAME="TDS 2014-15" RESERVEDNAME="">
     <PARENT TYPE="String">Current Assets</PARENT>
     <LANGUAGENAME.LIST>
      <NAME.LIST TYPE="String">
       <NAME>TDS 2014-15</NAME>
      </NAME.LIST>
      <LANGUAGEID TYPE="Number"> 1033</LANGUAGEID>
     </LANGUAGENAME.LIST>
    </LEDGER>
    <LEDGER NAME="TDS 2016-17" RESERVEDNAME="">
     <PARENT TYPE="String">Current Assets</PARENT>
     <LANGUAGENAME.LIST>
      <NAME.LIST TYPE="String">
       <NAME>TDS 2016-17</NAME>
      </NAME.LIST>
      <LANGUAGEID TYPE="Number"> 1033</LANGUAGEID>
     </LANGUAGENAME.LIST>
    </LEDGER>
    <LEDGER NAME="TDS 2017-16" RESERVEDNAME="">
     <PARENT TYPE="String">Current Assets</PARENT>
     <LANGUAGENAME.LIST>
      <NAME.LIST TYPE="String">
       <NAME>TDS 2017-16</NAME>
      </NAME.LIST>
      <LANGUAGEID TYPE="Number"> 1033</LANGUAGEID>
     </LANGUAGENAME.LIST>
    </LEDGER>
    <LEDGER NAME="Telephone Exp Paid" RESERVEDNAME="">
     <PARENT TYPE="String">Indirect Expenses</PARENT>
     <LANGUAGENAME.LIST>
      <NAME.LIST TYPE="String">
       <NAME>Telephone Exp Paid</NAME>
      </NAME.LIST>
      <LANGUAGEID TYPE="Number"> 1033</LANGUAGEID>
     </LANGUAGENAME.LIST>
    </LEDGER>
    <LEDGER NAME="Term Loan 39293663770" RESERVEDNAME="">
     <PARENT TYPE="String">Secured Loans</PARENT>
     <LANGUAGENAME.LIST>
      <NAME.LIST TYPE="String">
       <NAME>Term Loan 39293663770</NAME>
       <NAME>770</NAME>
      </NAME.LIST>
      <LANGUAGEID TYPE="Number"> 1033</LANGUAGEID>
     </LANGUAGENAME.LIST>
    </LEDGER>
    <LEDGER NAME="Term Loan 39363647173" RESERVEDNAME="">
     <PARENT TYPE="String">Secured Loans</PARENT>
     <LANGUAGENAME.LIST>
      <NAME.LIST TYPE="String">
       <NAME>Term Loan 39363647173</NAME>
       <NAME>7173</NAME>
      </NAME.LIST>
      <LANGUAGEID TYPE="Number"> 1033</LANGUAGEID>
     </LANGUAGENAME.LIST>
    </LEDGER>
    <LEDGER NAME="Term Loan 39507454906" RESERVEDNAME="">
     <PARENT TYPE="String">Secured Loans</PARENT>
     <LANGUAGENAME.LIST>
      <NAME.LIST TYPE="String">
       <NAME>Term Loan 39507454906</NAME>
      </NAME.LIST>
      <LANGUAGEID TYPE="Number"> 1033</LANGUAGEID>
     </LANGUAGENAME.LIST>
    </LEDGER>
    <LEDGER NAME="Term Loan 39607421559" RESERVEDNAME="">
     <PARENT TYPE="String">Secured Loans</PARENT>
     <LANGUAGENAME.LIST>
      <NAME.LIST TYPE="String">
       <NAME>Term Loan 39607421559</NAME>
      </NAME.LIST>
      <LANGUAGEID TYPE="Number"> 1033</LANGUAGEID>
     </LANGUAGENAME.LIST>
    </LEDGER>
    <LEDGER NAME="Term Loan 40344953090" RESERVEDNAME="">
     <PARENT TYPE="String">Secured Loans</PARENT>
     <LANGUAGENAME.LIST>
      <NAME.LIST TYPE="String">
       <NAME>Term Loan 40344953090</NAME>
       <NAME>3090</NAME>
      </NAME.LIST>
      <LANGUAGEID TYPE="Number"> 1033</LANGUAGEID>
     </LANGUAGENAME.LIST>
    </LEDGER>
    <LEDGER NAME="Term Loan 40345144192" RESERVEDNAME="">
     <PARENT TYPE="String">Secured Loans</PARENT>
     <LANGUAGENAME.LIST>
      <NAME.LIST TYPE="String">
       <NAME>Term Loan 40345144192</NAME>
       <NAME>192</NAME>
      </NAME.LIST>
      <LANGUAGEID TYPE="Number"> 1033</LANGUAGEID>
     </LANGUAGENAME.LIST>
    </LEDGER>
    <LEDGER NAME="Term Loan 41315329057" RESERVEDNAME="">
     <PARENT TYPE="String">Secured Loans</PARENT>
     <LANGUAGENAME.LIST>
      <NAME.LIST TYPE="String">
       <NAME>Term Loan 41315329057</NAME>
       <NAME>57</NAME>
      </NAME.LIST>
      <LANGUAGEID TYPE="Number"> 1033</LANGUAGEID>
     </LANGUAGENAME.LIST>
    </LEDGER>
    <LEDGER NAME="Term Loan 67396497592" RESERVEDNAME="">
     <PARENT TYPE="String">Secured Loans</PARENT>
     <LANGUAGENAME.LIST>
      <NAME.LIST TYPE="String">
       <NAME>Term Loan 67396497592</NAME>
       <NAME>7592</NAME>
      </NAME.LIST>
      <LANGUAGEID TYPE="Number"> 1033</LANGUAGEID>
     </LANGUAGENAME.LIST>
    </LEDGER>
    <LEDGER NAME="Term Loan7592" RESERVEDNAME="">
     <PARENT TYPE="String">Secured Loans</PARENT>
     <LANGUAGENAME.LIST>
      <NAME.LIST TYPE="String">
       <NAME>Term Loan7592</NAME>
      </NAME.LIST>
      <LANGUAGEID TYPE="Number"> 1033</LANGUAGEID>
     </LANGUAGENAME.LIST>
    </LEDGER>
    <LEDGER NAME="Term Loan Inetrest" RESERVEDNAME="">
     <PARENT TYPE="String">Indirect Expenses</PARENT>
     <LANGUAGENAME.LIST>
      <NAME.LIST TYPE="String">
       <NAME>Term Loan Inetrest</NAME>
       <NAME>L</NAME>
      </NAME.LIST>
      <LANGUAGEID TYPE="Number"> 1033</LANGUAGEID>
     </LANGUAGENAME.LIST>
    </LEDGER>
    <LEDGER NAME="The Apurvaa Silks" RESERVEDNAME="">
     <PARENT TYPE="String">Sundry Debtors</PARENT>
     <LANGUAGENAME.LIST>
      <NAME.LIST TYPE="String">
       <NAME>The Apurvaa Silks</NAME>
      </NAME.LIST>
      <LANGUAGEID TYPE="Number"> 1033</LANGUAGEID>
     </LANGUAGENAME.LIST>
    </LEDGER>
    <LEDGER NAME="The Chennai Silks" RESERVEDNAME="">
     <PARENT TYPE="String">The Chennai Silks Groups</PARENT>
     <LANGUAGENAME.LIST>
      <NAME.LIST TYPE="String">
       <NAME>The Chennai Silks</NAME>
       <NAME>T</NAME>
      </NAME.LIST>
      <LANGUAGEID TYPE="Number"> 1033</LANGUAGEID>
     </LANGUAGENAME.LIST>
    </LEDGER>
    <LEDGER NAME="The Chennai Silks - Chittoor" RESERVEDNAME="">
     <PARENT TYPE="String">The Chennai Silks Groups</PARENT>
     <LANGUAGENAME.LIST>
      <NAME.LIST TYPE="String">
       <NAME>The Chennai Silks - Chittoor</NAME>
      </NAME.LIST>
      <LANGUAGEID TYPE="Number"> 1033</LANGUAGEID>
     </LANGUAGENAME.LIST>
    </LEDGER>
    <LEDGER NAME="The Chennai Silks -Chrompet" RESERVEDNAME="">
     <PARENT TYPE="String">The Chennai Silks Groups</PARENT>
     <LANGUAGENAME.LIST>
      <NAME.LIST TYPE="String">
       <NAME>The Chennai Silks -Chrompet</NAME>
      </NAME.LIST>
      <LANGUAGEID TYPE="Number"> 1033</LANGUAGEID>
     </LANGUAGENAME.LIST>
    </LEDGER>
    <LEDGER NAME="The Chennai Silks - Coimbutore" RESERVEDNAME="">
     <PARENT TYPE="String">The Chennai Silks Groups</PARENT>
     <LANGUAGENAME.LIST>
      <NAME.LIST TYPE="String">
       <NAME>The Chennai Silks - Coimbutore</NAME>
      </NAME.LIST>
      <LANGUAGEID TYPE="Number"> 1033</LANGUAGEID>
     </LANGUAGENAME.LIST>
    </LEDGER>
    <LEDGER NAME="The Chennai Silks - Crosscut" RESERVEDNAME="">
     <PARENT TYPE="String">Debtors-VR</PARENT>
     <LANGUAGENAME.LIST>
      <NAME.LIST TYPE="String">
       <NAME>The Chennai Silks - Crosscut</NAME>
      </NAME.LIST>
      <LANGUAGEID TYPE="Number"> 1033</LANGUAGEID>
     </LANGUAGENAME.LIST>
    </LEDGER>
    <LEDGER NAME="The Chennai Silks- Dindigul" RESERVEDNAME="">
     <PARENT TYPE="String">The Chennai Silks Groups</PARENT>
     <LANGUAGENAME.LIST>
      <NAME.LIST TYPE="String">
       <NAME>The Chennai Silks- Dindigul</NAME>
      </NAME.LIST>
      <LANGUAGEID TYPE="Number"> 1033</LANGUAGEID>
     </LANGUAGENAME.LIST>
    </LEDGER>
    <LEDGER NAME="The Chennai Silks - Hosur" RESERVEDNAME="">
     <PARENT TYPE="String">The Chennai Silks Groups</PARENT>
     <LANGUAGENAME.LIST>
      <NAME.LIST TYPE="String">
       <NAME>The Chennai Silks - Hosur</NAME>
      </NAME.LIST>
      <LANGUAGEID TYPE="Number"> 1033</LANGUAGEID>
     </LANGUAGENAME.LIST>
    </LEDGER>
    <LEDGER NAME="The Chennai Silks- Karur" RESERVEDNAME="">
     <PARENT TYPE="String">The Chennai Silks Groups</PARENT>
     <LANGUAGENAME.LIST>
      <NAME.LIST TYPE="String">
       <NAME>The Chennai Silks- Karur</NAME>
      </NAME.LIST>
      <LANGUAGEID TYPE="Number"> 1033</LANGUAGEID>
     </LANGUAGENAME.LIST>
    </LEDGER>
    <LEDGER NAME="The Chennai Silks - Karur(Gst)" RESERVEDNAME="">
     <PARENT TYPE="String">The Chennai Silks Groups</PARENT>
     <LANGUAGENAME.LIST>
      <NAME.LIST TYPE="String">
       <NAME>The Chennai Silks - Karur(Gst)</NAME>
      </NAME.LIST>
      <LANGUAGEID TYPE="Number"> 1033</LANGUAGEID>
     </LANGUAGENAME.LIST>
    </LEDGER>
    <LEDGER NAME="The Chennai Silks - Kumbakonam" RESERVEDNAME="">
     <PARENT TYPE="String">The Chennai Silks Groups</PARENT>
     <LANGUAGENAME.LIST>
      <NAME.LIST TYPE="String">
       <NAME>The Chennai Silks - Kumbakonam</NAME>
      </NAME.LIST>
      <LANGUAGEID TYPE="Number"> 1033</LANGUAGEID>
     </LANGUAGENAME.LIST>
    </LEDGER>
    <LEDGER NAME="The Chennai Silks- Madurai" RESERVEDNAME="">
     <PARENT TYPE="String">The Chennai Silks Groups</PARENT>
     <LANGUAGENAME.LIST>
      <NAME.LIST TYPE="String">
       <NAME>The Chennai Silks- Madurai</NAME>
      </NAME.LIST>
      <LANGUAGEID TYPE="Number"> 1033</LANGUAGEID>
     </LANGUAGENAME.LIST>
    </LEDGER>
    <LEDGER NAME="The Chennai Silks-Ooty" RESERVEDNAME="">
     <PARENT TYPE="String">The Chennai Silks Groups</PARENT>
     <LANGUAGENAME.LIST>
      <NAME.LIST TYPE="String">
       <NAME>The Chennai Silks-Ooty</NAME>
      </NAME.LIST>
      <LANGUAGEID TYPE="Number"> 1033</LANGUAGEID>
     </LANGUAGENAME.LIST>
    </LEDGER>
    <LEDGER NAME="The Chennai Silks- Puducherry" RESERVEDNAME="">
     <PARENT TYPE="String">The Chennai Silks Groups</PARENT>
     <LANGUAGENAME.LIST>
      <NAME.LIST TYPE="String">
       <NAME>The Chennai Silks- Puducherry</NAME>
      </NAME.LIST>
      <LANGUAGEID TYPE="Number"> 1033</LANGUAGEID>
     </LANGUAGENAME.LIST>
    </LEDGER>
    <LEDGER NAME="The Chennai Silks- Pudukkottai" RESERVEDNAME="">
     <PARENT TYPE="String">The Chennai Silks Groups</PARENT>
     <LANGUAGENAME.LIST>
      <NAME.LIST TYPE="String">
       <NAME>The Chennai Silks- Pudukkottai</NAME>
      </NAME.LIST>
      <LANGUAGEID TYPE="Number"> 1033</LANGUAGEID>
     </LANGUAGENAME.LIST>
    </LEDGER>
    <LEDGER NAME="The Chennai Silks - Thanjavur" RESERVEDNAME="">
     <PARENT TYPE="String">The Chennai Silks Groups</PARENT>
     <LANGUAGENAME.LIST>
      <NAME.LIST TYPE="String">
       <NAME>The Chennai Silks - Thanjavur</NAME>
       <NAME>Z2</NAME>
      </NAME.LIST>
      <LANGUAGEID TYPE="Number"> 1033</LANGUAGEID>
     </LANGUAGENAME.LIST>
    </LEDGER>
    <LEDGER NAME="The Chennai Silks - Thirunelveli" RESERVEDNAME="">
     <PARENT TYPE="String">The Chennai Silks Groups</PARENT>
     <LANGUAGENAME.LIST>
      <NAME.LIST TYPE="String">
       <NAME>The Chennai Silks - Thirunelveli</NAME>
      </NAME.LIST>
      <LANGUAGEID TYPE="Number"> 1033</LANGUAGEID>
     </LANGUAGENAME.LIST>
    </LEDGER>
    <LEDGER NAME="THE CHENNAI SILKS - THOOTHUKUDI" RESERVEDNAME="">
     <PARENT TYPE="String">The Chennai Silks Groups</PARENT>
     <LANGUAGENAME.LIST>
      <NAME.LIST TYPE="String">
       <NAME>THE CHENNAI SILKS - THOOTHUKUDI</NAME>
      </NAME.LIST>
      <LANGUAGEID TYPE="Number"> 1033</LANGUAGEID>
     </LANGUAGENAME.LIST>
    </LEDGER>
    <LEDGER NAME="The Chennai Silks- Tiruppur" RESERVEDNAME="">
     <PARENT TYPE="String">The Chennai Silks Groups</PARENT>
     <LANGUAGENAME.LIST>
      <NAME.LIST TYPE="String">
       <NAME>The Chennai Silks- Tiruppur</NAME>
      </NAME.LIST>
      <LANGUAGEID TYPE="Number"> 1033</LANGUAGEID>
     </LANGUAGENAME.LIST>
    </LEDGER>
    <LEDGER NAME="The Chennai Silks - Tiruvallur ZB" RESERVEDNAME="">
     <PARENT TYPE="String">The Chennai Silks Groups</PARENT>
     <LANGUAGENAME.LIST>
      <NAME.LIST TYPE="String">
       <NAME>The Chennai Silks - Tiruvallur ZB</NAME>
       <NAME>ZB</NAME>
      </NAME.LIST>
      <LANGUAGEID TYPE="Number"> 1033</LANGUAGEID>
     </LANGUAGENAME.LIST>
    </LEDGER>
    <LEDGER NAME="The Chennai Silks - T. Nagar" RESERVEDNAME="">
     <PARENT TYPE="String">The Chennai Silks Groups</PARENT>
     <LANGUAGENAME.LIST>
      <NAME.LIST TYPE="String">
       <NAME>The Chennai Silks - T. Nagar</NAME>
      </NAME.LIST>
      <LANGUAGEID TYPE="Number"> 1033</LANGUAGEID>
     </LANGUAGENAME.LIST>
    </LEDGER>
    <LEDGER NAME="The Chennai Silks - Trichy" RESERVEDNAME="">
     <PARENT TYPE="String">The Chennai Silks Groups</PARENT>
     <LANGUAGENAME.LIST>
      <NAME.LIST TYPE="String">
       <NAME>The Chennai Silks - Trichy</NAME>
       <NAME>TH</NAME>
      </NAME.LIST>
      <LANGUAGEID TYPE="Number"> 1033</LANGUAGEID>
     </LANGUAGENAME.LIST>
    </LEDGER>
    <LEDGER NAME="The Chennai Silks - Tuticorin" RESERVEDNAME="">
     <PARENT TYPE="String">Debtors-VR</PARENT>
     <LANGUAGENAME.LIST>
      <NAME.LIST TYPE="String">
       <NAME>The Chennai Silks - Tuticorin</NAME>
      </NAME.LIST>
      <LANGUAGEID TYPE="Number"> 1033</LANGUAGEID>
     </LANGUAGENAME.LIST>
    </LEDGER>
    <LEDGER NAME="The Chennai Silks -Velacherry" RESERVEDNAME="">
     <PARENT TYPE="String">The Chennai Silks Groups</PARENT>
     <LANGUAGENAME.LIST>
      <NAME.LIST TYPE="String">
       <NAME>The Chennai Silks -Velacherry</NAME>
      </NAME.LIST>
      <LANGUAGEID TYPE="Number"> 1033</LANGUAGEID>
     </LANGUAGENAME.LIST>
    </LEDGER>
    <LEDGER NAME="The Chennai Silks- Vellore" RESERVEDNAME="">
     <PARENT TYPE="String">The Chennai Silks Groups</PARENT>
     <LANGUAGENAME.LIST>
      <NAME.LIST TYPE="String">
       <NAME>The Chennai Silks- Vellore</NAME>
      </NAME.LIST>
      <LANGUAGEID TYPE="Number"> 1033</LANGUAGEID>
     </LANGUAGENAME.LIST>
    </LEDGER>
    <LEDGER NAME="The Chennai Silks - Villupuram" RESERVEDNAME="">
     <PARENT TYPE="String">The Chennai Silks Groups</PARENT>
     <LANGUAGENAME.LIST>
      <NAME.LIST TYPE="String">
       <NAME>The Chennai Silks - Villupuram</NAME>
      </NAME.LIST>
      <LANGUAGEID TYPE="Number"> 1033</LANGUAGEID>
     </LANGUAGENAME.LIST>
    </LEDGER>
    <LEDGER NAME="The Fortune Enterrprises" RESERVEDNAME="">
     <PARENT TYPE="String">Sundry Creditors</PARENT>
     <LANGUAGENAME.LIST>
      <NAME.LIST TYPE="String">
       <NAME>The Fortune Enterrprises</NAME>
      </NAME.LIST>
      <LANGUAGEID TYPE="Number"> 1033</LANGUAGEID>
     </LANGUAGENAME.LIST>
    </LEDGER>
    <LEDGER NAME="The Madras Silks" RESERVEDNAME="">
     <PARENT TYPE="String">The Chennai Silks Groups</PARENT>
     <LANGUAGENAME.LIST>
      <NAME.LIST TYPE="String">
       <NAME>The Madras Silks</NAME>
      </NAME.LIST>
      <LANGUAGEID TYPE="Number"> 1033</LANGUAGEID>
     </LANGUAGENAME.LIST>
    </LEDGER>
    <LEDGER NAME="THE MURUGAN KHADI BHAVAN" RESERVEDNAME="">
     <PARENT TYPE="String">Sundry Debtors</PARENT>
     <LANGUAGENAME.LIST>
      <NAME.LIST TYPE="String">
       <NAME>THE MURUGAN KHADI BHAVAN</NAME>
      </NAME.LIST>
      <LANGUAGEID TYPE="Number"> 1033</LANGUAGEID>
     </LANGUAGENAME.LIST>
    </LEDGER>
    <LEDGER NAME="THE PROFESSIONAL COURIERS" RESERVEDNAME="">
     <PARENT TYPE="String">Sundry Creditors</PARENT>
     <LANGUAGENAME.LIST>
      <NAME.LIST TYPE="String">
       <NAME>THE PROFESSIONAL COURIERS</NAME>
      </NAME.LIST>
      <LANGUAGEID TYPE="Number"> 1033</LANGUAGEID>
     </LANGUAGENAME.LIST>
    </LEDGER>
    <LEDGER NAME="Thirumuruga Polymers" RESERVEDNAME="">
     <PARENT TYPE="String">Debtors-VR</PARENT>
     <LANGUAGENAME.LIST>
      <NAME.LIST TYPE="String">
       <NAME>Thirumuruga Polymers</NAME>
      </NAME.LIST>
      <LANGUAGEID TYPE="Number"> 1033</LANGUAGEID>
     </LANGUAGENAME.LIST>
    </LEDGER>
    <LEDGER NAME="Thiru Senthil Andavar &amp; Co" RESERVEDNAME="">
     <PARENT TYPE="String">Sundry Debtors</PARENT>
     <LANGUAGENAME.LIST>
      <NAME.LIST TYPE="String">
       <NAME>Thiru Senthil Andavar &amp; Co</NAME>
      </NAME.LIST>
      <LANGUAGEID TYPE="Number"> 1033</LANGUAGEID>
     </LANGUAGENAME.LIST>
    </LEDGER>
    <LEDGER NAME="Tirumala Colours" RESERVEDNAME="">
     <PARENT TYPE="String">Sundry Creditors</PARENT>
     <LANGUAGENAME.LIST>
      <NAME.LIST TYPE="String">
       <NAME>Tirumala Colours</NAME>
      </NAME.LIST>
      <LANGUAGEID TYPE="Number"> 1033</LANGUAGEID>
     </LANGUAGENAME.LIST>
    </LEDGER>
    <LEDGER NAME="T. NITHYANATHAM&#13;&#10;" RESERVEDNAME="">
     <PARENT TYPE="String">Sundry Creditors</PARENT>
     <LANGUAGENAME.LIST>
      <NAME.LIST TYPE="String">
       <NAME>T. NITHYANATHAM&#13;&#10;</NAME>
      </NAME.LIST>
      <LANGUAGEID TYPE="Number"> 1033</LANGUAGEID>
     </LANGUAGENAME.LIST>
    </LEDGER>
    <LEDGER NAME="Unichem Impex" RESERVEDNAME="">
     <PARENT TYPE="String">Sundry Creditors</PARENT>
     <LANGUAGENAME.LIST>
      <NAME.LIST TYPE="String">
       <NAME>Unichem Impex</NAME>
      </NAME.LIST>
      <LANGUAGEID TYPE="Number"> 1033</LANGUAGEID>
     </LANGUAGENAME.LIST>
    </LEDGER>
    <LEDGER NAME="Vallaban" RESERVEDNAME="">
     <PARENT TYPE="String">Sundry Debtors</PARENT>
     <LANGUAGENAME.LIST>
      <NAME.LIST TYPE="String">
       <NAME>Vallaban</NAME>
      </NAME.LIST>
      <LANGUAGEID TYPE="Number"> 1033</LANGUAGEID>
     </LANGUAGENAME.LIST>
    </LEDGER>
    <LEDGER NAME="VAMSHA RETAIL VENTURES PVT LTD" RESERVEDNAME="">
     <PARENT TYPE="String">Sundry Debtors</PARENT>
     <LANGUAGENAME.LIST>
      <NAME.LIST TYPE="String">
       <NAME>VAMSHA RETAIL VENTURES PVT LTD</NAME>
      </NAME.LIST>
      <LANGUAGEID TYPE="Number"> 1033</LANGUAGEID>
     </LANGUAGENAME.LIST>
    </LEDGER>
    <LEDGER NAME="Van Rent" RESERVEDNAME="">
     <PARENT TYPE="String">Indirect Expenses</PARENT>
     <LANGUAGENAME.LIST>
      <NAME.LIST TYPE="String">
       <NAME>Van Rent</NAME>
      </NAME.LIST>
      <LANGUAGEID TYPE="Number"> 1033</LANGUAGEID>
     </LANGUAGENAME.LIST>
    </LEDGER>
    <LEDGER NAME="Vasudevan" RESERVEDNAME="">
     <PARENT TYPE="String">Sundry Debtors</PARENT>
     <LANGUAGENAME.LIST>
      <NAME.LIST TYPE="String">
       <NAME>Vasudevan</NAME>
      </NAME.LIST>
      <LANGUAGEID TYPE="Number"> 1033</LANGUAGEID>
     </LANGUAGENAME.LIST>
    </LEDGER>
    <LEDGER NAME="Vat &amp; CST" RESERVEDNAME="">
     <PARENT TYPE="String">Provisions</PARENT>
     <LANGUAGENAME.LIST>
      <NAME.LIST TYPE="String">
       <NAME>Vat &amp; CST</NAME>
      </NAME.LIST>
      <LANGUAGEID TYPE="Number"> 1033</LANGUAGEID>
     </LANGUAGENAME.LIST>
    </LEDGER>
    <LEDGER NAME="Vee Arr Infotech" RESERVEDNAME="">
     <PARENT TYPE="String">Sundry Creditors</PARENT>
     <LANGUAGENAME.LIST>
      <NAME.LIST TYPE="String">
       <NAME>Vee Arr Infotech</NAME>
      </NAME.LIST>
      <LANGUAGEID TYPE="Number"> 1033</LANGUAGEID>
     </LANGUAGENAME.LIST>
    </LEDGER>
    <LEDGER NAME="Veeran" RESERVEDNAME="">
     <PARENT TYPE="String">Sundry Debtors</PARENT>
     <LANGUAGENAME.LIST>
      <NAME.LIST TYPE="String">
       <NAME>Veeran</NAME>
      </NAME.LIST>
      <LANGUAGEID TYPE="Number"> 1033</LANGUAGEID>
     </LANGUAGENAME.LIST>
    </LEDGER>
    <LEDGER NAME="VELAVAN STORES SILKS P LTD" RESERVEDNAME="">
     <PARENT TYPE="String">Sundry Debtors</PARENT>
     <LANGUAGENAME.LIST>
      <NAME.LIST TYPE="String">
       <NAME>VELAVAN STORES SILKS P LTD</NAME>
      </NAME.LIST>
      <LANGUAGEID TYPE="Number"> 1033</LANGUAGEID>
     </LANGUAGENAME.LIST>
    </LEDGER>
    <LEDGER NAME="Velayudham" RESERVEDNAME="">
     <PARENT TYPE="String">Sundry Debtors</PARENT>
     <LANGUAGENAME.LIST>
      <NAME.LIST TYPE="String">
       <NAME>Velayudham</NAME>
      </NAME.LIST>
      <LANGUAGEID TYPE="Number"> 1033</LANGUAGEID>
     </LANGUAGENAME.LIST>
    </LEDGER>
    <LEDGER NAME="Vellumani" RESERVEDNAME="">
     <PARENT TYPE="String">Salary Account</PARENT>
     <LANGUAGENAME.LIST>
      <NAME.LIST TYPE="String">
       <NAME>Vellumani</NAME>
      </NAME.LIST>
      <LANGUAGEID TYPE="Number"> 1033</LANGUAGEID>
     </LANGUAGENAME.LIST>
    </LEDGER>
    <LEDGER NAME="Velu" RESERVEDNAME="">
     <PARENT TYPE="String">Sundry Debtors</PARENT>
     <LANGUAGENAME.LIST>
      <NAME.LIST TYPE="String">
       <NAME>Velu</NAME>
      </NAME.LIST>
      <LANGUAGEID TYPE="Number"> 1033</LANGUAGEID>
     </LANGUAGENAME.LIST>
    </LEDGER>
    <LEDGER NAME="Venkat" RESERVEDNAME="">
     <PARENT TYPE="String">Sundry Debtors</PARENT>
     <LANGUAGENAME.LIST>
      <NAME.LIST TYPE="String">
       <NAME>Venkat</NAME>
      </NAME.LIST>
      <LANGUAGEID TYPE="Number"> 1033</LANGUAGEID>
     </LANGUAGENAME.LIST>
    </LEDGER>
    <LEDGER NAME="Venkatesan" RESERVEDNAME="">
     <PARENT TYPE="String">Debtors-VR</PARENT>
     <LANGUAGENAME.LIST>
      <NAME.LIST TYPE="String">
       <NAME>Venkatesan</NAME>
      </NAME.LIST>
      <LANGUAGEID TYPE="Number"> 1033</LANGUAGEID>
     </LANGUAGENAME.LIST>
    </LEDGER>
    <LEDGER NAME="Venus Plastics" RESERVEDNAME="">
     <PARENT TYPE="String">Sundry Debtors</PARENT>
     <LANGUAGENAME.LIST>
      <NAME.LIST TYPE="String">
       <NAME>Venus Plastics</NAME>
      </NAME.LIST>
      <LANGUAGEID TYPE="Number"> 1033</LANGUAGEID>
     </LANGUAGENAME.LIST>
    </LEDGER>
    <LEDGER NAME="Vignesh" RESERVEDNAME="">
     <PARENT TYPE="String">Sundry Debtors</PARENT>
     <LANGUAGENAME.LIST>
      <NAME.LIST TYPE="String">
       <NAME>Vignesh</NAME>
      </NAME.LIST>
      <LANGUAGEID TYPE="Number"> 1033</LANGUAGEID>
     </LANGUAGENAME.LIST>
    </LEDGER>
    <LEDGER NAME="Vignesh Agency" RESERVEDNAME="">
     <PARENT TYPE="String">Sundry Creditors</PARENT>
     <LANGUAGENAME.LIST>
      <NAME.LIST TYPE="String">
       <NAME>Vignesh Agency</NAME>
      </NAME.LIST>
      <LANGUAGEID TYPE="Number"> 1033</LANGUAGEID>
     </LANGUAGENAME.LIST>
    </LEDGER>
    <LEDGER NAME="Viknesh" RESERVEDNAME="">
     <PARENT TYPE="String">Sundry Creditors</PARENT>
     <LANGUAGENAME.LIST>
      <NAME.LIST TYPE="String">
       <NAME>Viknesh</NAME>
      </NAME.LIST>
      <LANGUAGEID TYPE="Number"> 1033</LANGUAGEID>
     </LANGUAGENAME.LIST>
    </LEDGER>
    <LEDGER NAME="Vikram Narayan" RESERVEDNAME="">
     <PARENT TYPE="String">Sundry Debtors</PARENT>
     <LANGUAGENAME.LIST>
      <NAME.LIST TYPE="String">
       <NAME>Vikram Narayan</NAME>
      </NAME.LIST>
      <LANGUAGEID TYPE="Number"> 1033</LANGUAGEID>
     </LANGUAGENAME.LIST>
    </LEDGER>
    <LEDGER NAME="Vinayagam" RESERVEDNAME="">
     <PARENT TYPE="String">Sundry Debtors</PARENT>
     <LANGUAGENAME.LIST>
      <NAME.LIST TYPE="String">
       <NAME>Vinayagam</NAME>
      </NAME.LIST>
      <LANGUAGEID TYPE="Number"> 1033</LANGUAGEID>
     </LANGUAGENAME.LIST>
    </LEDGER>
    <LEDGER NAME="Vin Poly Manfacturing LLP" RESERVEDNAME="">
     <PARENT TYPE="String">Sundry Creditors</PARENT>
     <LANGUAGENAME.LIST>
      <NAME.LIST TYPE="String">
       <NAME>Vin Poly Manfacturing LLP</NAME>
      </NAME.LIST>
      <LANGUAGEID TYPE="Number"> 1033</LANGUAGEID>
     </LANGUAGENAME.LIST>
    </LEDGER>
    <LEDGER NAME="Vishnu" RESERVEDNAME="">
     <PARENT TYPE="String">Sundry Debtors</PARENT>
     <LANGUAGENAME.LIST>
      <NAME.LIST TYPE="String">
       <NAME>Vishnu</NAME>
      </NAME.LIST>
      <LANGUAGEID TYPE="Number"> 1033</LANGUAGEID>
     </LANGUAGENAME.LIST>
    </LEDGER>
    <LEDGER NAME="Vivek" RESERVEDNAME="">
     <PARENT TYPE="String">Sundry Debtors</PARENT>
     <LANGUAGENAME.LIST>
      <NAME.LIST TYPE="String">
       <NAME>Vivek</NAME>
      </NAME.LIST>
      <LANGUAGEID TYPE="Number"> 1033</LANGUAGEID>
     </LANGUAGENAME.LIST>
    </LEDGER>
    <LEDGER NAME="Vjn Poly Manufacture" RESERVEDNAME="">
     <PARENT TYPE="String">Sundry Creditors</PARENT>
     <LANGUAGENAME.LIST>
      <NAME.LIST TYPE="String">
       <NAME>Vjn Poly Manufacture</NAME>
      </NAME.LIST>
      <LANGUAGEID TYPE="Number"> 1033</LANGUAGEID>
     </LANGUAGENAME.LIST>
    </LEDGER>
    <LEDGER NAME="Vythiyanathan" RESERVEDNAME="">
     <PARENT TYPE="String">Debtors-VR</PARENT>
     <LANGUAGENAME.LIST>
      <NAME.LIST TYPE="String">
       <NAME>Vythiyanathan</NAME>
      </NAME.LIST>
      <LANGUAGEID TYPE="Number"> 1033</LANGUAGEID>
     </LANGUAGENAME.LIST>
    </LEDGER>
    <LEDGER NAME="Waheeda Muneem" RESERVEDNAME="">
     <PARENT TYPE="String">Unsecured Loans</PARENT>
     <LANGUAGENAME.LIST>
      <NAME.LIST TYPE="String">
       <NAME>Waheeda Muneem</NAME>
      </NAME.LIST>
      <LANGUAGEID TYPE="Number"> 1033</LANGUAGEID>
     </LANGUAGENAME.LIST>
    </LEDGER>
    <LEDGER NAME="Weighing Scale" RESERVEDNAME="">
     <PARENT TYPE="String">Assest @15%</PARENT>
     <LANGUAGENAME.LIST>
      <NAME.LIST TYPE="String">
       <NAME>Weighing Scale</NAME>
      </NAME.LIST>
      <LANGUAGEID TYPE="Number"> 1033</LANGUAGEID>
     </LANGUAGENAME.LIST>
    </LEDGER>
    <LEDGER NAME="WELLKNOWNS SYNDICATE" RESERVEDNAME="">
     <PARENT TYPE="String">Sundry Creditors</PARENT>
     <LANGUAGENAME.LIST>
      <NAME.LIST TYPE="String">
       <NAME>WELLKNOWNS SYNDICATE</NAME>
      </NAME.LIST>
      <LANGUAGEID TYPE="Number"> 1033</LANGUAGEID>
     </LANGUAGENAME.LIST>
    </LEDGER>
    <LEDGER NAME="Wonders Shoes&amp; Gifts" RESERVEDNAME="">
     <PARENT TYPE="String">Debtors-Sps</PARENT>
     <LANGUAGENAME.LIST>
      <NAME.LIST TYPE="String">
       <NAME>Wonders Shoes&amp; Gifts</NAME>
      </NAME.LIST>
      <LANGUAGEID TYPE="Number"> 1033</LANGUAGEID>
     </LANGUAGENAME.LIST>
    </LEDGER>
    <LEDGER NAME="Xavier" RESERVEDNAME="">
     <PARENT TYPE="String">Sundry Debtors</PARENT>
     <LANGUAGENAME.LIST>
      <NAME.LIST TYPE="String">
       <NAME>Xavier</NAME>
      </NAME.LIST>
      <LANGUAGEID TYPE="Number"> 1033</LANGUAGEID>
     </LANGUAGENAME.LIST>
    </LEDGER>
    <LEDGER NAME="Yuvaraj" RESERVEDNAME="">
     <PARENT TYPE="String">Debtors-VR</PARENT>
     <LANGUAGENAME.LIST>
      <NAME.LIST TYPE="String">
       <NAME>Yuvaraj</NAME>
      </NAME.LIST>
      <LANGUAGEID TYPE="Number"> 1033</LANGUAGEID>
     </LANGUAGENAME.LIST>
    </LEDGER>
   </COLLECTION>
  </DATA>
 </BODY>
</ENVELOPE>


<ENVELOPE>
 <HEADER>
  <VERSION>1</VERSION>
  <STATUS>1</STATUS>
 </HEADER>
 <BODY>
  <DESC>
   <CMPINFO>
    <COMPANY>0</COMPANY>
    <GROUP>0</GROUP>
    <LEDGER>0</LEDGER>
    <COSTCATEGORY>0</COSTCATEGORY>
    <COSTCENTRE>0</COSTCENTRE>
    <GODOWN>0</GODOWN>
    <STOCKGROUP>0</STOCKGROUP>
    <STOCKCATEGORY>0</STOCKCATEGORY>
    <STOCKITEM>0</STOCKITEM>
    <VOUCHERTYPE>0</VOUCHERTYPE>
    <CURRENCY>0</CURRENCY>
    <UNIT>0</UNIT>
    <BUDGET>0</BUDGET>
    <CLIENTRULE>0</CLIENTRULE>
    <SERVERRULE>0</SERVERRULE>
    <STATE>0</STATE>
    <TDSRATE>0</TDSRATE>
    <TAXCLASSIFICATION>0</TAXCLASSIFICATION>
    <STCATEGORY>0</STCATEGORY>
    <DEDUCTEETYPE>0</DEDUCTEETYPE>
    <ATTENDANCETYPE>0</ATTENDANCETYPE>
    <FBTCATEGORY>0</FBTCATEGORY>
    <FBTASSESSEETYPE>0</FBTASSESSEETYPE>
    <TARIFFCLASSIFICATION>0</TARIFFCLASSIFICATION>
    <EXCISEDUTYCLASSIFICATION>0</EXCISEDUTYCLASSIFICATION>
    <SERIALNUMBER>0</SERIALNUMBER>
    <ADJUSTMENTCLASSIFICATION>0</ADJUSTMENTCLASSIFICATION>
    <INCOMETAXSLAB>0</INCOMETAXSLAB>
    <INCOMETAXCLASSIFICATION>0</INCOMETAXCLASSIFICATION>
    <LBTCLASSIFICATION>0</LBTCLASSIFICATION>
    <TAXUNIT>0</TAXUNIT>
    <RETURNMASTER>0</RETURNMASTER>
    <GSTCLASSIFICATION>0</GSTCLASSIFICATION>
    <VOUCHERNUMBERSERIES>0</VOUCHERNUMBERSERIES>
    <VOUCHER>0</VOUCHER>
   </CMPINFO>
  </DESC>
  <DATA>
   <COLLECTION ISMSTDEPTYPE="Yes" MSTDEPTYPE="8">
    <LEDGER NAME="Accounting Charge Payable" RESERVEDNAME="">
     <PARENT TYPE="String">Provisions</PARENT>
     <LANGUAGENAME.LIST>
      <NAME.LIST TYPE="String">
       <NAME>Accounting Charge Payable</NAME>
      </NAME.LIST>
      <LANGUAGEID TYPE="Number"> 1033</LANGUAGEID>
     </LANGUAGENAME.LIST>
    </LEDGER>
    <LEDGER NAME="Accounting Charges" RESERVEDNAME="">
     <PARENT TYPE="String">Indirect Expenses</PARENT>
     <LANGUAGENAME.LIST>
      <NAME.LIST TYPE="String">
       <NAME>Accounting Charges</NAME>
      </NAME.LIST>
      <LANGUAGEID TYPE="Number"> 1033</LANGUAGEID>
     </LANGUAGENAME.LIST>
    </LEDGER>
    <LEDGER NAME="A.G.S. Rathna Stores P Ltd" RESERVEDNAME="">
     <PARENT TYPE="String">Debtors - VBR</PARENT>
     <LANGUAGENAME.LIST>
      <NAME.LIST TYPE="String">
       <NAME>A.G.S. Rathna Stores P Ltd</NAME>
      </NAME.LIST>
      <LANGUAGEID TYPE="Number"> 1033</LANGUAGEID>
     </LANGUAGENAME.LIST>
    </LEDGER>
    <LEDGER NAME="Akilan" RESERVEDNAME="">
     <PARENT TYPE="String">Sundry Debtors</PARENT>
     <LANGUAGENAME.LIST>
      <NAME.LIST TYPE="String">
       <NAME>Akilan</NAME>
      </NAME.LIST>
      <LANGUAGEID TYPE="Number"> 1033</LANGUAGEID>
     </LANGUAGENAME.LIST>
    </LEDGER>
    <LEDGER NAME="AKR EXPRESS PRIVATE LIMITED" RESERVEDNAME="">
     <PARENT TYPE="String">Sundry Creditors</PARENT>
     <LANGUAGENAME.LIST>
      <NAME.LIST TYPE="String">
       <NAME>AKR EXPRESS PRIVATE LIMITED</NAME>
      </NAME.LIST>
      <LANGUAGEID TYPE="Number"> 1033</LANGUAGEID>
     </LANGUAGENAME.LIST>
    </LEDGER>
    <LEDGER NAME="Ambika Polypacks" RESERVEDNAME="">
     <PARENT TYPE="String">Sundry Creditors</PARENT>
     <LANGUAGENAME.LIST>
      <NAME.LIST TYPE="String">
       <NAME>Ambika Polypacks</NAME>
      </NAME.LIST>
      <LANGUAGEID TYPE="Number"> 1033</LANGUAGEID>
     </LANGUAGENAME.LIST>
    </LEDGER>
    <LEDGER NAME="Amudha" RESERVEDNAME="">
     <PARENT TYPE="String">Unsecured Loans</PARENT>
     <LANGUAGENAME.LIST>
      <NAME.LIST TYPE="String">
       <NAME>Amudha</NAME>
      </NAME.LIST>
      <LANGUAGEID TYPE="Number"> 1033</LANGUAGEID>
     </LANGUAGENAME.LIST>
    </LEDGER>
    <LEDGER NAME="Anadhan" RESERVEDNAME="">
     <PARENT TYPE="String">Sundry Debtors</PARENT>
     <LANGUAGENAME.LIST>
      <NAME.LIST TYPE="String">
       <NAME>Anadhan</NAME>
      </NAME.LIST>
      <LANGUAGEID TYPE="Number"> 1033</LANGUAGEID>
     </LANGUAGENAME.LIST>
    </LEDGER>
    <LEDGER NAME="ANANDA TEXTILES AND READYMADES" RESERVEDNAME="">
     <PARENT TYPE="String">Sundry Debtors</PARENT>
     <LANGUAGENAME.LIST>
      <NAME.LIST TYPE="String">
       <NAME>ANANDA TEXTILES AND READYMADES</NAME>
      </NAME.LIST>
      <LANGUAGEID TYPE="Number"> 1033</LANGUAGEID>
     </LANGUAGENAME.LIST>
    </LEDGER>
    <LEDGER NAME="Anandhan" RESERVEDNAME="">
     <PARENT TYPE="String">Sundry Debtors</PARENT>
     <LANGUAGENAME.LIST>
      <NAME.LIST TYPE="String">
       <NAME>Anandhan</NAME>
      </NAME.LIST>
      <LANGUAGEID TYPE="Number"> 1033</LANGUAGEID>
     </LANGUAGENAME.LIST>
    </LEDGER>
    <LEDGER NAME="Annadurai" RESERVEDNAME="">
     <PARENT TYPE="String">Sundry Debtors</PARENT>
     <LANGUAGENAME.LIST>
      <NAME.LIST TYPE="String">
       <NAME>Annadurai</NAME>
      </NAME.LIST>
      <LANGUAGEID TYPE="Number"> 1033</LANGUAGEID>
     </LANGUAGENAME.LIST>
    </LEDGER>
    <LEDGER NAME="APURVA TRADERS" RESERVEDNAME="">
     <PARENT TYPE="String">Sundry Debtors</PARENT>
     <LANGUAGENAME.LIST>
      <NAME.LIST TYPE="String">
       <NAME>APURVA TRADERS</NAME>
      </NAME.LIST>
      <LANGUAGEID TYPE="Number"> 1033</LANGUAGEID>
     </LANGUAGENAME.LIST>
    </LEDGER>
    <LEDGER NAME="Arulmozhi" RESERVEDNAME="">
     <PARENT TYPE="String">Sundry Creditors</PARENT>
     <LANGUAGENAME.LIST>
      <NAME.LIST TYPE="String">
       <NAME>Arulmozhi</NAME>
      </NAME.LIST>
      <LANGUAGEID TYPE="Number"> 1033</LANGUAGEID>
     </LANGUAGENAME.LIST>
    </LEDGER>
    <LEDGER NAME="Arulmozhi Commission Agent" RESERVEDNAME="">
     <PARENT TYPE="String">Sundry Creditors</PARENT>
     <LANGUAGENAME.LIST>
      <NAME.LIST TYPE="String">
       <NAME>Arulmozhi Commission Agent</NAME>
      </NAME.LIST>
      <LANGUAGEID TYPE="Number"> 1033</LANGUAGEID>
     </LANGUAGENAME.LIST>
    </LEDGER>
    <LEDGER NAME="A.Shanmugasundharam" RESERVEDNAME="">
     <PARENT TYPE="String">Sundry Debtors</PARENT>
     <LANGUAGENAME.LIST>
      <NAME.LIST TYPE="String">
       <NAME>A.Shanmugasundharam</NAME>
      </NAME.LIST>
      <LANGUAGEID TYPE="Number"> 1033</LANGUAGEID>
     </LANGUAGENAME.LIST>
    </LEDGER>
    <LEDGER NAME="Aswin Consultancy Service" RESERVEDNAME="">
     <PARENT TYPE="String">Sundry Creditors</PARENT>
     <LANGUAGENAME.LIST>
      <NAME.LIST TYPE="String">
       <NAME>Aswin Consultancy Service</NAME>
      </NAME.LIST>
      <LANGUAGEID TYPE="Number"> 1033</LANGUAGEID>
     </LANGUAGENAME.LIST>
    </LEDGER>
    <LEDGER NAME="Audit Fees Payable" RESERVEDNAME="">
     <PARENT TYPE="String">Provisions</PARENT>
     <LANGUAGENAME.LIST>
      <NAME.LIST TYPE="String">
       <NAME>Audit Fees Payable</NAME>
      </NAME.LIST>
      <LANGUAGEID TYPE="Number"> 1033</LANGUAGEID>
     </LANGUAGENAME.LIST>
    </LEDGER>
    <LEDGER NAME="AVC Traders" RESERVEDNAME="">
     <PARENT TYPE="String">Sundry Creditors</PARENT>
     <LANGUAGENAME.LIST>
      <NAME.LIST TYPE="String">
       <NAME>AVC Traders</NAME>
      </NAME.LIST>
      <LANGUAGEID TYPE="Number"> 1033</LANGUAGEID>
     </LANGUAGENAME.LIST>
    </LEDGER>
    <LEDGER NAME="Babu" RESERVEDNAME="">
     <PARENT TYPE="String">Sundry Debtors</PARENT>
     <LANGUAGENAME.LIST>
      <NAME.LIST TYPE="String">
       <NAME>Babu</NAME>
      </NAME.LIST>
      <LANGUAGEID TYPE="Number"> 1033</LANGUAGEID>
     </LANGUAGENAME.LIST>
    </LEDGER>
    <LEDGER NAME="Balaji" RESERVEDNAME="">
     <PARENT TYPE="String">Sundry Debtors</PARENT>
     <LANGUAGENAME.LIST>
      <NAME.LIST TYPE="String">
       <NAME>Balaji</NAME>
      </NAME.LIST>
      <LANGUAGEID TYPE="Number"> 1033</LANGUAGEID>
     </LANGUAGENAME.LIST>
    </LEDGER>
    <LEDGER NAME="Balaji Textiles &amp; Show Room" RESERVEDNAME="">
     <PARENT TYPE="String">Debtors-KMY</PARENT>
     <LANGUAGENAME.LIST>
      <NAME.LIST TYPE="String">
       <NAME>Balaji Textiles &amp; Show Room</NAME>
      </NAME.LIST>
      <LANGUAGEID TYPE="Number"> 1033</LANGUAGEID>
     </LANGUAGENAME.LIST>
    </LEDGER>
    <LEDGER NAME="Balu" RESERVEDNAME="">
     <PARENT TYPE="String">Sundry Debtors</PARENT>
     <LANGUAGENAME.LIST>
      <NAME.LIST TYPE="String">
       <NAME>Balu</NAME>
      </NAME.LIST>
      <LANGUAGEID TYPE="Number"> 1033</LANGUAGEID>
     </LANGUAGENAME.LIST>
    </LEDGER>
    <LEDGER NAME="Bank Charges" RESERVEDNAME="">
     <PARENT TYPE="String">Indirect Expenses</PARENT>
     <LANGUAGENAME.LIST>
      <NAME.LIST TYPE="String">
       <NAME>Bank Charges</NAME>
       <NAME>B</NAME>
      </NAME.LIST>
      <LANGUAGEID TYPE="Number"> 1033</LANGUAGEID>
     </LANGUAGENAME.LIST>
    </LEDGER>
    <LEDGER NAME="Barani Step in" RESERVEDNAME="">
     <PARENT TYPE="String">Debtors-Sps</PARENT>
     <LANGUAGENAME.LIST>
      <NAME.LIST TYPE="String">
       <NAME>Barani Step in</NAME>
      </NAME.LIST>
      <LANGUAGEID TYPE="Number"> 1033</LANGUAGEID>
     </LANGUAGENAME.LIST>
    </LEDGER>
    <LEDGER NAME="Baskar" RESERVEDNAME="">
     <PARENT TYPE="String">Sundry Debtors</PARENT>
     <LANGUAGENAME.LIST>
      <NAME.LIST TYPE="String">
       <NAME>Baskar</NAME>
      </NAME.LIST>
      <LANGUAGEID TYPE="Number"> 1033</LANGUAGEID>
     </LANGUAGENAME.LIST>
    </LEDGER>
    <LEDGER NAME="Baskaran" RESERVEDNAME="">
     <PARENT TYPE="String">Sundry Debtors</PARENT>
     <LANGUAGENAME.LIST>
      <NAME.LIST TYPE="String">
       <NAME>Baskaran</NAME>
      </NAME.LIST>
      <LANGUAGEID TYPE="Number"> 1033</LANGUAGEID>
     </LANGUAGENAME.LIST>
    </LEDGER>
    <LEDGER NAME="Bombay Electricals" RESERVEDNAME="">
     <PARENT TYPE="String">Indirect Expenses</PARENT>
     <LANGUAGENAME.LIST>
      <NAME.LIST TYPE="String">
       <NAME>Bombay Electricals</NAME>
      </NAME.LIST>
      <LANGUAGEID TYPE="Number"> 1033</LANGUAGEID>
     </LANGUAGENAME.LIST>
    </LEDGER>
    <LEDGER NAME="Bombay Electricals Agencies" RESERVEDNAME="">
     <PARENT TYPE="String">Sundry Creditors</PARENT>
     <LANGUAGENAME.LIST>
      <NAME.LIST TYPE="String">
       <NAME>Bombay Electricals Agencies</NAME>
      </NAME.LIST>
      <LANGUAGEID TYPE="Number"> 1033</LANGUAGEID>
     </LANGUAGENAME.LIST>
    </LEDGER>
    <LEDGER NAME="BSP Polymers" RESERVEDNAME="">
     <PARENT TYPE="String">Sundry Creditors</PARENT>
     <LANGUAGENAME.LIST>
      <NAME.LIST TYPE="String">
       <NAME>BSP Polymers</NAME>
      </NAME.LIST>
      <LANGUAGEID TYPE="Number"> 1033</LANGUAGEID>
     </LANGUAGENAME.LIST>
    </LEDGER>
    <LEDGER NAME="Building" RESERVEDNAME="">
     <PARENT TYPE="String">Fixed Assets</PARENT>
     <LANGUAGENAME.LIST>
      <NAME.LIST TYPE="String">
       <NAME>Building</NAME>
      </NAME.LIST>
      <LANGUAGEID TYPE="Number"> 1033</LANGUAGEID>
     </LANGUAGENAME.LIST>
    </LEDGER>
    <LEDGER NAME="CAR-PY01BF5667" RESERVEDNAME="">
     <PARENT TYPE="String">Assest @15%</PARENT>
     <LANGUAGENAME.LIST>
      <NAME.LIST TYPE="String">
       <NAME>CAR-PY01BF5667</NAME>
      </NAME.LIST>
      <LANGUAGEID TYPE="Number"> 1033</LANGUAGEID>
     </LANGUAGENAME.LIST>
    </LEDGER>
    <LEDGER NAME="Cash" RESERVEDNAME="">
     <PARENT TYPE="String">Cash-in-Hand</PARENT>
     <LANGUAGENAME.LIST>
      <NAME.LIST TYPE="String">
       <NAME>Cash</NAME>
      </NAME.LIST>
      <LANGUAGEID TYPE="Number"> 1033</LANGUAGEID>
     </LANGUAGENAME.LIST>
    </LEDGER>
    <LEDGER NAME="Cgst@6%" RESERVEDNAME="">
     <PARENT TYPE="String">Duties &amp; Taxes</PARENT>
     <LANGUAGENAME.LIST>
      <NAME.LIST TYPE="String">
       <NAME>Cgst@6%</NAME>
      </NAME.LIST>
      <LANGUAGEID TYPE="Number"> 1033</LANGUAGEID>
     </LANGUAGENAME.LIST>
    </LEDGER>
    <LEDGER NAME="Cgst@9%" RESERVEDNAME="">
     <PARENT TYPE="String">Duties &amp; Taxes</PARENT>
     <LANGUAGENAME.LIST>
      <NAME.LIST TYPE="String">
       <NAME>Cgst@9%</NAME>
      </NAME.LIST>
      <LANGUAGEID TYPE="Number"> 1033</LANGUAGEID>
     </LANGUAGENAME.LIST>
    </LEDGER>
    <LEDGER NAME="Chandra Hardware &amp; Electricals" RESERVEDNAME="">
     <PARENT TYPE="String">Sundry Creditors</PARENT>
     <LANGUAGENAME.LIST>
      <NAME.LIST TYPE="String">
       <NAME>Chandra Hardware &amp; Electricals</NAME>
      </NAME.LIST>
      <LANGUAGEID TYPE="Number"> 1033</LANGUAGEID>
     </LANGUAGENAME.LIST>
    </LEDGER>
    <LEDGER NAME="Chandralekha" RESERVEDNAME="">
     <PARENT TYPE="String">Sundry Creditors</PARENT>
     <LANGUAGENAME.LIST>
      <NAME.LIST TYPE="String">
       <NAME>Chandralekha</NAME>
      </NAME.LIST>
      <LANGUAGEID TYPE="Number"> 1033</LANGUAGEID>
     </LANGUAGENAME.LIST>
    </LEDGER>
    <LEDGER NAME="Chandran" RESERVEDNAME="">
     <PARENT TYPE="String">Sundry Debtors</PARENT>
     <LANGUAGENAME.LIST>
      <NAME.LIST TYPE="String">
       <NAME>Chandran</NAME>
      </NAME.LIST>
      <LANGUAGEID TYPE="Number"> 1033</LANGUAGEID>
     </LANGUAGENAME.LIST>
    </LEDGER>
    <LEDGER NAME="Chinnayan" RESERVEDNAME="">
     <PARENT TYPE="String">Sundry Debtors</PARENT>
     <LANGUAGENAME.LIST>
      <NAME.LIST TYPE="String">
       <NAME>Chinnayan</NAME>
      </NAME.LIST>
      <LANGUAGEID TYPE="Number"> 1033</LANGUAGEID>
     </LANGUAGENAME.LIST>
    </LEDGER>
    <LEDGER NAME="Chitra" RESERVEDNAME="">
     <PARENT TYPE="String">Sundry Debtors</PARENT>
     <LANGUAGENAME.LIST>
      <NAME.LIST TYPE="String">
       <NAME>Chitra</NAME>
      </NAME.LIST>
      <LANGUAGEID TYPE="Number"> 1033</LANGUAGEID>
     </LANGUAGENAME.LIST>
    </LEDGER>
    <LEDGER NAME="Chittra" RESERVEDNAME="">
     <PARENT TYPE="String">Sundry Debtors</PARENT>
     <LANGUAGENAME.LIST>
      <NAME.LIST TYPE="String">
       <NAME>Chittra</NAME>
      </NAME.LIST>
      <LANGUAGEID TYPE="Number"> 1033</LANGUAGEID>
     </LANGUAGENAME.LIST>
    </LEDGER>
    <LEDGER NAME="CHOLAMANDALAM INVESTMENT &amp; FINANCE COMPANY LTD" RESERVEDNAME="">
     <PARENT TYPE="String">Sundry Creditors</PARENT>
     <LANGUAGENAME.LIST>
      <NAME.LIST TYPE="String">
       <NAME>CHOLAMANDALAM INVESTMENT &amp; FINANCE COMPANY LTD</NAME>
      </NAME.LIST>
      <LANGUAGEID TYPE="Number"> 1033</LANGUAGEID>
     </LANGUAGENAME.LIST>
    </LEDGER>
    <LEDGER NAME="Computer" RESERVEDNAME="">
     <PARENT TYPE="String">Assets 40%</PARENT>
     <LANGUAGENAME.LIST>
      <NAME.LIST TYPE="String">
       <NAME>Computer</NAME>
      </NAME.LIST>
      <LANGUAGEID TYPE="Number"> 1033</LANGUAGEID>
     </LANGUAGENAME.LIST>
    </LEDGER>
    <LEDGER NAME="David" RESERVEDNAME="">
     <PARENT TYPE="String">Sundry Debtors</PARENT>
     <LANGUAGENAME.LIST>
      <NAME.LIST TYPE="String">
       <NAME>David</NAME>
      </NAME.LIST>
      <LANGUAGEID TYPE="Number"> 1033</LANGUAGEID>
     </LANGUAGENAME.LIST>
    </LEDGER>
    <LEDGER NAME="DEPRECIATION" RESERVEDNAME="">
     <PARENT TYPE="String">Indirect Expenses</PARENT>
     <LANGUAGENAME.LIST>
      <NAME.LIST TYPE="String">
       <NAME>DEPRECIATION</NAME>
      </NAME.LIST>
      <LANGUAGEID TYPE="Number"> 1033</LANGUAGEID>
     </LANGUAGENAME.LIST>
    </LEDGER>
    <LEDGER NAME="Devaki Foundations" RESERVEDNAME="">
     <PARENT TYPE="String">Sundry Creditors</PARENT>
     <LANGUAGENAME.LIST>
      <NAME.LIST TYPE="String">
       <NAME>Devaki Foundations</NAME>
      </NAME.LIST>
      <LANGUAGEID TYPE="Number"> 1033</LANGUAGEID>
     </LANGUAGENAME.LIST>
    </LEDGER>
    <LEDGER NAME="Devendiran" RESERVEDNAME="">
     <PARENT TYPE="String">Sundry Debtors</PARENT>
     <LANGUAGENAME.LIST>
      <NAME.LIST TYPE="String">
       <NAME>Devendiran</NAME>
      </NAME.LIST>
      <LANGUAGEID TYPE="Number"> 1033</LANGUAGEID>
     </LANGUAGENAME.LIST>
    </LEDGER>
    <LEDGER NAME="Dhamodaran" RESERVEDNAME="">
     <PARENT TYPE="String">Salary Account</PARENT>
     <LANGUAGENAME.LIST>
      <NAME.LIST TYPE="String">
       <NAME>Dhamodaran</NAME>
      </NAME.LIST>
      <LANGUAGEID TYPE="Number"> 1033</LANGUAGEID>
     </LANGUAGENAME.LIST>
    </LEDGER>
    <LEDGER NAME="Dhanapal" RESERVEDNAME="">
     <PARENT TYPE="String">Sundry Debtors</PARENT>
     <LANGUAGENAME.LIST>
      <NAME.LIST TYPE="String">
       <NAME>Dhanapal</NAME>
      </NAME.LIST>
      <LANGUAGEID TYPE="Number"> 1033</LANGUAGEID>
     </LANGUAGENAME.LIST>
    </LEDGER>
    <LEDGER NAME="Dhevendiran Em" RESERVEDNAME="">
     <PARENT TYPE="String">Salary Account</PARENT>
     <LANGUAGENAME.LIST>
      <NAME.LIST TYPE="String">
       <NAME>Dhevendiran Em</NAME>
      </NAME.LIST>
      <LANGUAGEID TYPE="Number"> 1033</LANGUAGEID>
     </LANGUAGENAME.LIST>
    </LEDGER>
    <LEDGER NAME="Dinakaran" RESERVEDNAME="">
     <PARENT TYPE="String">Sundry Debtors</PARENT>
     <LANGUAGENAME.LIST>
      <NAME.LIST TYPE="String">
       <NAME>Dinakaran</NAME>
      </NAME.LIST>
      <LANGUAGEID TYPE="Number"> 1033</LANGUAGEID>
     </LANGUAGENAME.LIST>
    </LEDGER>
    <LEDGER NAME="Discount" RESERVEDNAME="">
     <PARENT TYPE="String">Indirect Expenses</PARENT>
     <LANGUAGENAME.LIST>
      <NAME.LIST TYPE="String">
       <NAME>Discount</NAME>
      </NAME.LIST>
      <LANGUAGEID TYPE="Number"> 1033</LANGUAGEID>
     </LANGUAGENAME.LIST>
    </LEDGER>
    <LEDGER NAME="Drawing" RESERVEDNAME="">
     <PARENT TYPE="String">Capital Account</PARENT>
     <LANGUAGENAME.LIST>
      <NAME.LIST TYPE="String">
       <NAME>Drawing</NAME>
      </NAME.LIST>
      <LANGUAGEID TYPE="Number"> 1033</LANGUAGEID>
     </LANGUAGENAME.LIST>
    </LEDGER>
    <LEDGER NAME="Durai Raj" RESERVEDNAME="">
     <PARENT TYPE="String">Sundry Debtors</PARENT>
     <LANGUAGENAME.LIST>
      <NAME.LIST TYPE="String">
       <NAME>Durai Raj</NAME>
      </NAME.LIST>
      <LANGUAGEID TYPE="Number"> 1033</LANGUAGEID>
     </LANGUAGENAME.LIST>
    </LEDGER>
    <LEDGER NAME="Elagovan" RESERVEDNAME="">
     <PARENT TYPE="String">Sundry Debtors</PARENT>
     <LANGUAGENAME.LIST>
      <NAME.LIST TYPE="String">
       <NAME>Elagovan</NAME>
      </NAME.LIST>
      <LANGUAGEID TYPE="Number"> 1033</LANGUAGEID>
     </LANGUAGENAME.LIST>
    </LEDGER>
    <LEDGER NAME="Emi Refund (Covid19)" RESERVEDNAME="">
     <PARENT TYPE="String">Indirect Incomes</PARENT>
     <LANGUAGENAME.LIST>
      <NAME.LIST TYPE="String">
       <NAME>Emi Refund (Covid19)</NAME>
      </NAME.LIST>
      <LANGUAGEID TYPE="Number"> 1033</LANGUAGEID>
     </LANGUAGENAME.LIST>
    </LEDGER>
    <LEDGER NAME="E Tax Advisors Pvt" RESERVEDNAME="">
     <PARENT TYPE="String">Sundry Creditors</PARENT>
     <LANGUAGENAME.LIST>
      <NAME.LIST TYPE="String">
       <NAME>E Tax Advisors Pvt</NAME>
      </NAME.LIST>
      <LANGUAGEID TYPE="Number"> 1033</LANGUAGEID>
     </LANGUAGENAME.LIST>
    </LEDGER>
    <LEDGER NAME="Fire Safety Equipments" RESERVEDNAME="">
     <PARENT TYPE="String">Assest @15%</PARENT>
     <LANGUAGENAME.LIST>
      <NAME.LIST TYPE="String">
       <NAME>Fire Safety Equipments</NAME>
      </NAME.LIST>
      <LANGUAGEID TYPE="Number"> 1033</LANGUAGEID>
     </LANGUAGENAME.LIST>
    </LEDGER>
    <LEDGER NAME="Fransis Pandiyan" RESERVEDNAME="">
     <PARENT TYPE="String">Sundry Debtors</PARENT>
     <LANGUAGENAME.LIST>
      <NAME.LIST TYPE="String">
       <NAME>Fransis Pandiyan</NAME>
      </NAME.LIST>
      <LANGUAGEID TYPE="Number"> 1033</LANGUAGEID>
     </LANGUAGENAME.LIST>
    </LEDGER>
    <LEDGER NAME="GANAPATHY ENTERPRISES" RESERVEDNAME="">
     <PARENT TYPE="String">Sundry Creditors</PARENT>
     <LANGUAGENAME.LIST>
      <NAME.LIST TYPE="String">
       <NAME>GANAPATHY ENTERPRISES</NAME>
      </NAME.LIST>
      <LANGUAGEID TYPE="Number"> 1033</LANGUAGEID>
     </LANGUAGENAME.LIST>
    </LEDGER>
    <LEDGER NAME="Ganesh" RESERVEDNAME="">
     <PARENT TYPE="String">Sundry Debtors</PARENT>
     <LANGUAGENAME.LIST>
      <NAME.LIST TYPE="String">
       <NAME>Ganesh</NAME>
      </NAME.LIST>
      <LANGUAGEID TYPE="Number"> 1033</LANGUAGEID>
     </LANGUAGENAME.LIST>
    </LEDGER>
    <LEDGER NAME="Gems Traders" RESERVEDNAME="">
     <PARENT TYPE="String">Sundry Creditors</PARENT>
     <LANGUAGENAME.LIST>
      <NAME.LIST TYPE="String">
       <NAME>Gems Traders</NAME>
      </NAME.LIST>
      <LANGUAGEID TYPE="Number"> 1033</LANGUAGEID>
     </LANGUAGENAME.LIST>
    </LEDGER>
    <LEDGER NAME="General Expenses" RESERVEDNAME="">
     <PARENT TYPE="String">Indirect Expenses</PARENT>
     <LANGUAGENAME.LIST>
      <NAME.LIST TYPE="String">
       <NAME>General Expenses</NAME>
      </NAME.LIST>
      <LANGUAGEID TYPE="Number"> 1033</LANGUAGEID>
     </LANGUAGENAME.LIST>
    </LEDGER>
    <LEDGER NAME="GODREJ AND BOYCE MFG CO LTD" RESERVEDNAME="">
     <PARENT TYPE="String">Sundry Creditors</PARENT>
     <LANGUAGENAME.LIST>
      <NAME.LIST TYPE="String">
       <NAME>GODREJ AND BOYCE MFG CO LTD</NAME>
      </NAME.LIST>
      <LANGUAGEID TYPE="Number"> 1033</LANGUAGEID>
     </LANGUAGENAME.LIST>
    </LEDGER>
    <LEDGER NAME="Gold Loan Inetrest" RESERVEDNAME="">
     <PARENT TYPE="String">Indirect Expenses</PARENT>
     <LANGUAGENAME.LIST>
      <NAME.LIST TYPE="String">
       <NAME>Gold Loan Inetrest</NAME>
      </NAME.LIST>
      <LANGUAGEID TYPE="Number"> 1033</LANGUAGEID>
     </LANGUAGENAME.LIST>
    </LEDGER>
    <LEDGER NAME="Gopalan" RESERVEDNAME="">
     <PARENT TYPE="String">Sundry Debtors</PARENT>
     <LANGUAGENAME.LIST>
      <NAME.LIST TYPE="String">
       <NAME>Gopalan</NAME>
      </NAME.LIST>
      <LANGUAGEID TYPE="Number"> 1033</LANGUAGEID>
     </LANGUAGENAME.LIST>
    </LEDGER>
    <LEDGER NAME="Gothandapani" RESERVEDNAME="">
     <PARENT TYPE="String">Sundry Debtors</PARENT>
     <LANGUAGENAME.LIST>
      <NAME.LIST TYPE="String">
       <NAME>Gothandapani</NAME>
      </NAME.LIST>
      <LANGUAGEID TYPE="Number"> 1033</LANGUAGEID>
     </LANGUAGENAME.LIST>
    </LEDGER>
    <LEDGER NAME="Govindhan" RESERVEDNAME="">
     <PARENT TYPE="String">Sundry Debtors</PARENT>
     <LANGUAGENAME.LIST>
      <NAME.LIST TYPE="String">
       <NAME>Govindhan</NAME>
      </NAME.LIST>
      <LANGUAGEID TYPE="Number"> 1033</LANGUAGEID>
     </LANGUAGENAME.LIST>
    </LEDGER>
    <LEDGER NAME="G.Poonguzhali" RESERVEDNAME="">
     <PARENT TYPE="String">Debtors-VR</PARENT>
     <LANGUAGENAME.LIST>
      <NAME.LIST TYPE="String">
       <NAME>G.Poonguzhali</NAME>
       <NAME>G</NAME>
      </NAME.LIST>
      <LANGUAGEID TYPE="Number"> 1033</LANGUAGEID>
     </LANGUAGENAME.LIST>
    </LEDGER>
    <LEDGER NAME="GST Cash Balance" RESERVEDNAME="">
     <PARENT TYPE="String">Duties &amp; Taxes</PARENT>
     <LANGUAGENAME.LIST>
      <NAME.LIST TYPE="String">
       <NAME>GST Cash Balance</NAME>
      </NAME.LIST>
      <LANGUAGEID TYPE="Number"> 1033</LANGUAGEID>
     </LANGUAGENAME.LIST>
    </LEDGER>
    <LEDGER NAME="Gst Filing &amp; Account Charges Fees" RESERVEDNAME="">
     <PARENT TYPE="String">Indirect Expenses</PARENT>
     <LANGUAGENAME.LIST>
      <NAME.LIST TYPE="String">
       <NAME>Gst Filing &amp; Account Charges Fees</NAME>
      </NAME.LIST>
      <LANGUAGEID TYPE="Number"> 1033</LANGUAGEID>
     </LANGUAGENAME.LIST>
    </LEDGER>
    <LEDGER NAME="GST Late Fee" RESERVEDNAME="">
     <PARENT TYPE="String">Indirect Expenses</PARENT>
     <LANGUAGENAME.LIST>
      <NAME.LIST TYPE="String">
       <NAME>GST Late Fee</NAME>
      </NAME.LIST>
      <LANGUAGEID TYPE="Number"> 1033</LANGUAGEID>
     </LANGUAGENAME.LIST>
    </LEDGER>
    <LEDGER NAME="GST Paid" RESERVEDNAME="">
     <PARENT TYPE="String">Duties &amp; Taxes</PARENT>
     <LANGUAGENAME.LIST>
      <NAME.LIST TYPE="String">
       <NAME>GST Paid</NAME>
      </NAME.LIST>
      <LANGUAGEID TYPE="Number"> 1033</LANGUAGEID>
     </LANGUAGENAME.LIST>
    </LEDGER>
    <LEDGER NAME="GST Payable" RESERVEDNAME="">
     <PARENT TYPE="String">Provisions</PARENT>
     <LANGUAGENAME.LIST>
      <NAME.LIST TYPE="String">
       <NAME>GST Payable</NAME>
      </NAME.LIST>
      <LANGUAGEID TYPE="Number"> 1033</LANGUAGEID>
     </LANGUAGENAME.LIST>
    </LEDGER>
    <LEDGER NAME="Gunasekaran" RESERVEDNAME="">
     <PARENT TYPE="String">Sundry Debtors</PARENT>
     <LANGUAGENAME.LIST>
      <NAME.LIST TYPE="String">
       <NAME>Gunasekaran</NAME>
      </NAME.LIST>
      <LANGUAGEID TYPE="Number"> 1033</LANGUAGEID>
     </LANGUAGENAME.LIST>
    </LEDGER>
    <LEDGER NAME="Hari" RESERVEDNAME="">
     <PARENT TYPE="String">Sundry Debtors</PARENT>
     <LANGUAGENAME.LIST>
      <NAME.LIST TYPE="String">
       <NAME>Hari</NAME>
      </NAME.LIST>
      <LANGUAGEID TYPE="Number"> 1033</LANGUAGEID>
     </LANGUAGENAME.LIST>
    </LEDGER>
    <LEDGER NAME="Hariharan" RESERVEDNAME="">
     <PARENT TYPE="String">Sundry Debtors</PARENT>
     <LANGUAGENAME.LIST>
      <NAME.LIST TYPE="String">
       <NAME>Hariharan</NAME>
      </NAME.LIST>
      <LANGUAGEID TYPE="Number"> 1033</LANGUAGEID>
     </LANGUAGENAME.LIST>
    </LEDGER>
    <LEDGER NAME="Harish" RESERVEDNAME="">
     <PARENT TYPE="String">Sundry Debtors</PARENT>
     <LANGUAGENAME.LIST>
      <NAME.LIST TYPE="String">
       <NAME>Harish</NAME>
      </NAME.LIST>
      <LANGUAGEID TYPE="Number"> 1033</LANGUAGEID>
     </LANGUAGENAME.LIST>
    </LEDGER>
    <LEDGER NAME="Hemalatha T" RESERVEDNAME="">
     <PARENT TYPE="String">Capital Account</PARENT>
     <LANGUAGENAME.LIST>
      <NAME.LIST TYPE="String">
       <NAME>Hemalatha T</NAME>
      </NAME.LIST>
      <LANGUAGEID TYPE="Number"> 1033</LANGUAGEID>
     </LANGUAGENAME.LIST>
    </LEDGER>
    <LEDGER NAME="Hotel Campus" RESERVEDNAME="">
     <PARENT TYPE="String">Sundry Debtors</PARENT>
     <LANGUAGENAME.LIST>
      <NAME.LIST TYPE="String">
       <NAME>Hotel Campus</NAME>
      </NAME.LIST>
      <LANGUAGEID TYPE="Number"> 1033</LANGUAGEID>
     </LANGUAGENAME.LIST>
    </LEDGER>
    <LEDGER NAME="Hotel Saraswathy Bangajam" RESERVEDNAME="">
     <PARENT TYPE="String">Debtors-VR</PARENT>
     <LANGUAGENAME.LIST>
      <NAME.LIST TYPE="String">
       <NAME>Hotel Saraswathy Bangajam</NAME>
      </NAME.LIST>
      <LANGUAGEID TYPE="Number"> 1033</LANGUAGEID>
     </LANGUAGENAME.LIST>
    </LEDGER>
    <LEDGER NAME="Hriday Polyplast" RESERVEDNAME="">
     <PARENT TYPE="String">Sundry Creditors</PARENT>
     <LANGUAGENAME.LIST>
      <NAME.LIST TYPE="String">
       <NAME>Hriday Polyplast</NAME>
      </NAME.LIST>
      <LANGUAGEID TYPE="Number"> 1033</LANGUAGEID>
     </LANGUAGENAME.LIST>
    </LEDGER>
    <LEDGER NAME="Igst 18%" RESERVEDNAME="">
     <PARENT TYPE="String">Duties &amp; Taxes</PARENT>
     <LANGUAGENAME.LIST>
      <NAME.LIST TYPE="String">
       <NAME>Igst 18%</NAME>
      </NAME.LIST>
      <LANGUAGEID TYPE="Number"> 1033</LANGUAGEID>
     </LANGUAGENAME.LIST>
    </LEDGER>
    <LEDGER NAME="Igst@12%" RESERVEDNAME="">
     <PARENT TYPE="String">Duties &amp; Taxes</PARENT>
     <LANGUAGENAME.LIST>
      <NAME.LIST TYPE="String">
       <NAME>Igst@12%</NAME>
       <NAME>Ig</NAME>
      </NAME.LIST>
      <LANGUAGEID TYPE="Number"> 1033</LANGUAGEID>
     </LANGUAGENAME.LIST>
    </LEDGER>
    <LEDGER NAME="Igst@18%" RESERVEDNAME="">
     <PARENT TYPE="String">Duties &amp; Taxes</PARENT>
     <LANGUAGENAME.LIST>
      <NAME.LIST TYPE="String">
       <NAME>Igst@18%</NAME>
       <NAME>Ii</NAME>
      </NAME.LIST>
      <LANGUAGEID TYPE="Number"> 1033</LANGUAGEID>
     </LANGUAGENAME.LIST>
    </LEDGER>
    <LEDGER NAME="Indica Computers and Web Square" RESERVEDNAME="">
     <PARENT TYPE="String">Sundry Creditors</PARENT>
     <LANGUAGENAME.LIST>
      <NAME.LIST TYPE="String">
       <NAME>Indica Computers and Web Square</NAME>
      </NAME.LIST>
      <LANGUAGEID TYPE="Number"> 1033</LANGUAGEID>
     </LANGUAGENAME.LIST>
    </LEDGER>
    <LEDGER NAME="Input Cgst 2.5%" RESERVEDNAME="">
     <PARENT TYPE="String">Duties &amp; Taxes</PARENT>
     <LANGUAGENAME.LIST>
      <NAME.LIST TYPE="String">
       <NAME>Input Cgst 2.5%</NAME>
      </NAME.LIST>
      <LANGUAGEID TYPE="Number"> 1033</LANGUAGEID>
     </LANGUAGENAME.LIST>
    </LEDGER>
    <LEDGER NAME="INPUT CGST@14%" RESERVEDNAME="">
     <PARENT TYPE="String">Duties &amp; Taxes</PARENT>
     <LANGUAGENAME.LIST>
      <NAME.LIST TYPE="String">
       <NAME>INPUT CGST@14%</NAME>
      </NAME.LIST>
      <LANGUAGEID TYPE="Number"> 1033</LANGUAGEID>
     </LANGUAGENAME.LIST>
    </LEDGER>
    <LEDGER NAME="INPUT CGST@ 6%" RESERVEDNAME="">
     <PARENT TYPE="String">Duties &amp; Taxes</PARENT>
     <LANGUAGENAME.LIST>
      <NAME.LIST TYPE="String">
       <NAME>INPUT CGST@ 6%</NAME>
       <NAME>C6</NAME>
      </NAME.LIST>
      <LANGUAGEID TYPE="Number"> 1033</LANGUAGEID>
     </LANGUAGENAME.LIST>
    </LEDGER>
    <LEDGER NAME="INPUT CGST @ 9%" RESERVEDNAME="">
     <PARENT TYPE="String">Duties &amp; Taxes</PARENT>
     <LANGUAGENAME.LIST>
      <NAME.LIST TYPE="String">
       <NAME>INPUT CGST @ 9%</NAME>
       <NAME>Ic</NAME>
      </NAME.LIST>
      <LANGUAGEID TYPE="Number"> 1033</LANGUAGEID>
     </LANGUAGENAME.LIST>
    </LEDGER>
    <LEDGER NAME="Input IGST 18%" RESERVEDNAME="">
     <PARENT TYPE="String">Duties &amp; Taxes</PARENT>
     <LANGUAGENAME.LIST>
      <NAME.LIST TYPE="String">
       <NAME>Input IGST 18%</NAME>
      </NAME.LIST>
      <LANGUAGEID TYPE="Number"> 1033</LANGUAGEID>
     </LANGUAGENAME.LIST>
    </LEDGER>
    <LEDGER NAME="INPUT IGST @ 12%" RESERVEDNAME="">
     <PARENT TYPE="String">Duties &amp; Taxes</PARENT>
     <LANGUAGENAME.LIST>
      <NAME.LIST TYPE="String">
       <NAME>INPUT IGST @ 12%</NAME>
       <NAME>I1</NAME>
      </NAME.LIST>
      <LANGUAGEID TYPE="Number"> 1033</LANGUAGEID>
     </LANGUAGENAME.LIST>
    </LEDGER>
    <LEDGER NAME="Input Sgst 2.5%" RESERVEDNAME="">
     <PARENT TYPE="String">Duties &amp; Taxes</PARENT>
     <LANGUAGENAME.LIST>
      <NAME.LIST TYPE="String">
       <NAME>Input Sgst 2.5%</NAME>
      </NAME.LIST>
      <LANGUAGEID TYPE="Number"> 1033</LANGUAGEID>
     </LANGUAGENAME.LIST>
    </LEDGER>
    <LEDGER NAME="INPUT SGST@14%" RESERVEDNAME="">
     <PARENT TYPE="String">Duties &amp; Taxes</PARENT>
     <LANGUAGENAME.LIST>
      <NAME.LIST TYPE="String">
       <NAME>INPUT SGST@14%</NAME>
      </NAME.LIST>
      <LANGUAGEID TYPE="Number"> 1033</LANGUAGEID>
     </LANGUAGENAME.LIST>
    </LEDGER>
    <LEDGER NAME="INPUT SGST@ 6%" RESERVEDNAME="">
     <PARENT TYPE="String">Duties &amp; Taxes</PARENT>
     <LANGUAGENAME.LIST>
      <NAME.LIST TYPE="String">
       <NAME>INPUT SGST@ 6%</NAME>
       <NAME>S6</NAME>
      </NAME.LIST>
      <LANGUAGEID TYPE="Number"> 1033</LANGUAGEID>
     </LANGUAGENAME.LIST>
    </LEDGER>
    <LEDGER NAME="INPUT SGST@ 9%" RESERVEDNAME="">
     <PARENT TYPE="String">Duties &amp; Taxes</PARENT>
     <LANGUAGENAME.LIST>
      <NAME.LIST TYPE="String">
       <NAME>INPUT SGST@ 9%</NAME>
       <NAME>Is</NAME>
      </NAME.LIST>
      <LANGUAGEID TYPE="Number"> 1033</LANGUAGEID>
     </LANGUAGENAME.LIST>
    </LEDGER>
    <LEDGER NAME="Insurance" RESERVEDNAME="">
     <PARENT TYPE="String">Indirect Expenses</PARENT>
     <LANGUAGENAME.LIST>
      <NAME.LIST TYPE="String">
       <NAME>Insurance</NAME>
      </NAME.LIST>
      <LANGUAGEID TYPE="Number"> 1033</LANGUAGEID>
     </LANGUAGENAME.LIST>
    </LEDGER>
    <LEDGER NAME="Intercom" RESERVEDNAME="">
     <PARENT TYPE="String">Assest @15%</PARENT>
     <LANGUAGENAME.LIST>
      <NAME.LIST TYPE="String">
       <NAME>Intercom</NAME>
      </NAME.LIST>
      <LANGUAGEID TYPE="Number"> 1033</LANGUAGEID>
     </LANGUAGENAME.LIST>
    </LEDGER>
    <LEDGER NAME="Interest Accurred" RESERVEDNAME="">
     <PARENT TYPE="String">Current Assets</PARENT>
     <LANGUAGENAME.LIST>
      <NAME.LIST TYPE="String">
       <NAME>Interest Accurred</NAME>
      </NAME.LIST>
      <LANGUAGEID TYPE="Number"> 1033</LANGUAGEID>
     </LANGUAGENAME.LIST>
    </LEDGER>
    <LEDGER NAME="Interest on LC Margin" RESERVEDNAME="">
     <PARENT TYPE="String">Indirect Incomes</PARENT>
     <LANGUAGENAME.LIST>
      <NAME.LIST TYPE="String">
       <NAME>Interest on LC Margin</NAME>
      </NAME.LIST>
      <LANGUAGEID TYPE="Number"> 1033</LANGUAGEID>
     </LANGUAGENAME.LIST>
    </LEDGER>
    <LEDGER NAME="Interest on OD ACCOUNT" RESERVEDNAME="">
     <PARENT TYPE="String">Indirect Expenses</PARENT>
     <LANGUAGENAME.LIST>
      <NAME.LIST TYPE="String">
       <NAME>Interest on OD ACCOUNT</NAME>
       <NAME>Od</NAME>
      </NAME.LIST>
      <LANGUAGEID TYPE="Number"> 1033</LANGUAGEID>
     </LANGUAGENAME.LIST>
    </LEDGER>
    <LEDGER NAME="Internet Bill" RESERVEDNAME="">
     <PARENT TYPE="String">Indirect Expenses</PARENT>
     <LANGUAGENAME.LIST>
      <NAME.LIST TYPE="String">
       <NAME>Internet Bill</NAME>
      </NAME.LIST>
      <LANGUAGEID TYPE="Number"> 1033</LANGUAGEID>
     </LANGUAGENAME.LIST>
    </LEDGER>
    <LEDGER NAME="Int. on TL" RESERVEDNAME="">
     <PARENT TYPE="String">Indirect Expenses</PARENT>
     <LANGUAGENAME.LIST>
      <NAME.LIST TYPE="String">
       <NAME>Int. on TL</NAME>
      </NAME.LIST>
      <LANGUAGEID TYPE="Number"> 1033</LANGUAGEID>
     </LANGUAGENAME.LIST>
    </LEDGER>
    <LEDGER NAME="Jagan Enterprises" RESERVEDNAME="">
     <PARENT TYPE="String">Sundry Creditors</PARENT>
     <LANGUAGENAME.LIST>
      <NAME.LIST TYPE="String">
       <NAME>Jagan Enterprises</NAME>
      </NAME.LIST>
      <LANGUAGEID TYPE="Number"> 1033</LANGUAGEID>
     </LANGUAGENAME.LIST>
    </LEDGER>
    <LEDGER NAME="Janakiraman" RESERVEDNAME="">
     <PARENT TYPE="String">Sundry Debtors</PARENT>
     <LANGUAGENAME.LIST>
      <NAME.LIST TYPE="String">
       <NAME>Janakiraman</NAME>
      </NAME.LIST>
      <LANGUAGEID TYPE="Number"> 1033</LANGUAGEID>
     </LANGUAGENAME.LIST>
    </LEDGER>
    <LEDGER NAME="Jayakandhan" RESERVEDNAME="">
     <PARENT TYPE="String">Sundry Debtors</PARENT>
     <LANGUAGENAME.LIST>
      <NAME.LIST TYPE="String">
       <NAME>Jayakandhan</NAME>
      </NAME.LIST>
      <LANGUAGEID TYPE="Number"> 1033</LANGUAGEID>
     </LANGUAGENAME.LIST>
    </LEDGER>
    <LEDGER NAME="Jayakumar" RESERVEDNAME="">
     <PARENT TYPE="String">Sundry Creditors</PARENT>
     <LANGUAGENAME.LIST>
      <NAME.LIST TYPE="String">
       <NAME>Jayakumar</NAME>
      </NAME.LIST>
      <LANGUAGEID TYPE="Number"> 1033</LANGUAGEID>
     </LANGUAGENAME.LIST>
    </LEDGER>
    <LEDGER NAME="Jayaprakash" RESERVEDNAME="">
     <PARENT TYPE="String">Debtors-VR</PARENT>
     <LANGUAGENAME.LIST>
      <NAME.LIST TYPE="String">
       <NAME>Jayaprakash</NAME>
      </NAME.LIST>
      <LANGUAGEID TYPE="Number"> 1033</LANGUAGEID>
     </LANGUAGENAME.LIST>
    </LEDGER>
    <LEDGER NAME="Jaya Priya Chit Fund" RESERVEDNAME="">
     <PARENT TYPE="String">Sundry Debtors</PARENT>
     <LANGUAGENAME.LIST>
      <NAME.LIST TYPE="String">
       <NAME>Jaya Priya Chit Fund</NAME>
      </NAME.LIST>
      <LANGUAGEID TYPE="Number"> 1033</LANGUAGEID>
     </LANGUAGENAME.LIST>
    </LEDGER>
    <LEDGER NAME="Jayaraman" RESERVEDNAME="">
     <PARENT TYPE="String">Sundry Debtors</PARENT>
     <LANGUAGENAME.LIST>
      <NAME.LIST TYPE="String">
       <NAME>Jayaraman</NAME>
      </NAME.LIST>
      <LANGUAGEID TYPE="Number"> 1033</LANGUAGEID>
     </LANGUAGENAME.LIST>
    </LEDGER>
    <LEDGER NAME="Jeetendra Agencies" RESERVEDNAME="">
     <PARENT TYPE="String">Sundry Creditors</PARENT>
     <LANGUAGENAME.LIST>
      <NAME.LIST TYPE="String">
       <NAME>Jeetendra Agencies</NAME>
      </NAME.LIST>
      <LANGUAGEID TYPE="Number"> 1033</LANGUAGEID>
     </LANGUAGENAME.LIST>
    </LEDGER>
    <LEDGER NAME="JKR Tex" RESERVEDNAME="">
     <PARENT TYPE="String">Debtors-VR</PARENT>
     <LANGUAGENAME.LIST>
      <NAME.LIST TYPE="String">
       <NAME>JKR Tex</NAME>
      </NAME.LIST>
      <LANGUAGEID TYPE="Number"> 1033</LANGUAGEID>
     </LANGUAGENAME.LIST>
    </LEDGER>
    <LEDGER NAME="Jkr Tex - Kallakurichi" RESERVEDNAME="">
     <PARENT TYPE="String">Debtors-VR</PARENT>
     <LANGUAGENAME.LIST>
      <NAME.LIST TYPE="String">
       <NAME>Jkr Tex - Kallakurichi</NAME>
      </NAME.LIST>
      <LANGUAGEID TYPE="Number"> 1033</LANGUAGEID>
     </LANGUAGENAME.LIST>
    </LEDGER>
    <LEDGER NAME="Jkr Tex - Neyveli" RESERVEDNAME="">
     <PARENT TYPE="String">Debtors-VR</PARENT>
     <LANGUAGENAME.LIST>
      <NAME.LIST TYPE="String">
       <NAME>Jkr Tex - Neyveli</NAME>
      </NAME.LIST>
      <LANGUAGEID TYPE="Number"> 1033</LANGUAGEID>
     </LANGUAGENAME.LIST>
    </LEDGER>
    <LEDGER NAME="J.K.V. Tyres" RESERVEDNAME="">
     <PARENT TYPE="String">Sundry Creditors</PARENT>
     <LANGUAGENAME.LIST>
      <NAME.LIST TYPE="String">
       <NAME>J.K.V. Tyres</NAME>
      </NAME.LIST>
      <LANGUAGEID TYPE="Number"> 1033</LANGUAGEID>
     </LANGUAGENAME.LIST>
    </LEDGER>
    <LEDGER NAME="Kalanjiyam Designers" RESERVEDNAME="">
     <PARENT TYPE="String">Sundry Debtors</PARENT>
     <LANGUAGENAME.LIST>
      <NAME.LIST TYPE="String">
       <NAME>Kalanjiyam Designers</NAME>
      </NAME.LIST>
      <LANGUAGEID TYPE="Number"> 1033</LANGUAGEID>
     </LANGUAGENAME.LIST>
    </LEDGER>
    <LEDGER NAME="Kaliyan" RESERVEDNAME="">
     <PARENT TYPE="String">Sundry Debtors</PARENT>
     <LANGUAGENAME.LIST>
      <NAME.LIST TYPE="String">
       <NAME>Kaliyan</NAME>
      </NAME.LIST>
      <LANGUAGEID TYPE="Number"> 1033</LANGUAGEID>
     </LANGUAGENAME.LIST>
    </LEDGER>
    <LEDGER NAME="Kamal" RESERVEDNAME="">
     <PARENT TYPE="String">Sundry Debtors</PARENT>
     <LANGUAGENAME.LIST>
      <NAME.LIST TYPE="String">
       <NAME>Kamal</NAME>
      </NAME.LIST>
      <LANGUAGEID TYPE="Number"> 1033</LANGUAGEID>
     </LANGUAGENAME.LIST>
    </LEDGER>
    <LEDGER NAME="Kanna Agency" RESERVEDNAME="">
     <PARENT TYPE="String">Sundry Creditors</PARENT>
     <LANGUAGENAME.LIST>
      <NAME.LIST TYPE="String">
       <NAME>Kanna Agency</NAME>
      </NAME.LIST>
      <LANGUAGEID TYPE="Number"> 1033</LANGUAGEID>
     </LANGUAGENAME.LIST>
    </LEDGER>
    <LEDGER NAME="Kannan" RESERVEDNAME="">
     <PARENT TYPE="String">Sundry Debtors</PARENT>
     <LANGUAGENAME.LIST>
      <NAME.LIST TYPE="String">
       <NAME>Kannan</NAME>
      </NAME.LIST>
      <LANGUAGEID TYPE="Number"> 1033</LANGUAGEID>
     </LANGUAGENAME.LIST>
    </LEDGER>
    <LEDGER NAME="Kanna Silks" RESERVEDNAME="">
     <PARENT TYPE="String">Sundry Debtors</PARENT>
     <LANGUAGENAME.LIST>
      <NAME.LIST TYPE="String">
       <NAME>Kanna Silks</NAME>
      </NAME.LIST>
      <LANGUAGEID TYPE="Number"> 1033</LANGUAGEID>
     </LANGUAGENAME.LIST>
    </LEDGER>
    <LEDGER NAME="Karthik Safety Equipment" RESERVEDNAME="">
     <PARENT TYPE="String">Sundry Creditors</PARENT>
     <LANGUAGENAME.LIST>
      <NAME.LIST TYPE="String">
       <NAME>Karthik Safety Equipment</NAME>
      </NAME.LIST>
      <LANGUAGEID TYPE="Number"> 1033</LANGUAGEID>
     </LANGUAGENAME.LIST>
    </LEDGER>
    <LEDGER NAME="KARUR VYSYA BANK LTD" RESERVEDNAME="">
     <PARENT TYPE="String">Sundry Creditors</PARENT>
     <LANGUAGENAME.LIST>
      <NAME.LIST TYPE="String">
       <NAME>KARUR VYSYA BANK LTD</NAME>
      </NAME.LIST>
      <LANGUAGEID TYPE="Number"> 1033</LANGUAGEID>
     </LANGUAGENAME.LIST>
    </LEDGER>
    <LEDGER NAME="Kathiravan" RESERVEDNAME="">
     <PARENT TYPE="String">Sundry Debtors</PARENT>
     <LANGUAGENAME.LIST>
      <NAME.LIST TYPE="String">
       <NAME>Kathiravan</NAME>
      </NAME.LIST>
      <LANGUAGEID TYPE="Number"> 1033</LANGUAGEID>
     </LANGUAGENAME.LIST>
    </LEDGER>
    <LEDGER NAME="Kaviyarasan" RESERVEDNAME="">
     <PARENT TYPE="String">Sundry Debtors</PARENT>
     <LANGUAGENAME.LIST>
      <NAME.LIST TYPE="String">
       <NAME>Kaviyarasan</NAME>
      </NAME.LIST>
      <LANGUAGEID TYPE="Number"> 1033</LANGUAGEID>
     </LANGUAGENAME.LIST>
    </LEDGER>
    <LEDGER NAME="K.G. Chemicals &amp; Coatings" RESERVEDNAME="">
     <PARENT TYPE="String">Sundry Creditors</PARENT>
     <LANGUAGENAME.LIST>
      <NAME.LIST TYPE="String">
       <NAME>K.G. Chemicals &amp; Coatings</NAME>
      </NAME.LIST>
      <LANGUAGEID TYPE="Number"> 1033</LANGUAGEID>
     </LANGUAGENAME.LIST>
    </LEDGER>
    <LEDGER NAME="Khadhi Bavan -Pollachi" RESERVEDNAME="">
     <PARENT TYPE="String">Debtors-VR</PARENT>
     <LANGUAGENAME.LIST>
      <NAME.LIST TYPE="String">
       <NAME>Khadhi Bavan -Pollachi</NAME>
      </NAME.LIST>
      <LANGUAGEID TYPE="Number"> 1033</LANGUAGEID>
     </LANGUAGENAME.LIST>
    </LEDGER>
    <LEDGER NAME="K,Hari" RESERVEDNAME="">
     <PARENT TYPE="String">Debtors-VR</PARENT>
     <LANGUAGENAME.LIST>
      <NAME.LIST TYPE="String">
       <NAME>K,Hari</NAME>
      </NAME.LIST>
      <LANGUAGEID TYPE="Number"> 1033</LANGUAGEID>
     </LANGUAGENAME.LIST>
    </LEDGER>
    <LEDGER NAME="Kirudham Readymates" RESERVEDNAME="">
     <PARENT TYPE="String">Debtors-Sps</PARENT>
     <LANGUAGENAME.LIST>
      <NAME.LIST TYPE="String">
       <NAME>Kirudham Readymates</NAME>
      </NAME.LIST>
      <LANGUAGEID TYPE="Number"> 1033</LANGUAGEID>
     </LANGUAGENAME.LIST>
    </LEDGER>
    <LEDGER NAME="Kkv Chakra Ltd" RESERVEDNAME="">
     <PARENT TYPE="String">Sundry Debtors</PARENT>
     <LANGUAGENAME.LIST>
      <NAME.LIST TYPE="String">
       <NAME>Kkv Chakra Ltd</NAME>
      </NAME.LIST>
      <LANGUAGEID TYPE="Number"> 1033</LANGUAGEID>
     </LANGUAGENAME.LIST>
    </LEDGER>
    <LEDGER NAME="Klene Paks Ltd" RESERVEDNAME="">
     <PARENT TYPE="String">Sundry Creditors</PARENT>
     <LANGUAGENAME.LIST>
      <NAME.LIST TYPE="String">
       <NAME>Klene Paks Ltd</NAME>
      </NAME.LIST>
      <LANGUAGEID TYPE="Number"> 1033</LANGUAGEID>
     </LANGUAGENAME.LIST>
    </LEDGER>
    <LEDGER NAME="K Narasimhalu Chettiar" RESERVEDNAME="">
     <PARENT TYPE="String">Sundry Debtors</PARENT>
     <LANGUAGENAME.LIST>
      <NAME.LIST TYPE="String">
       <NAME>K Narasimhalu Chettiar</NAME>
      </NAME.LIST>
      <LANGUAGEID TYPE="Number"> 1033</LANGUAGEID>
     </LANGUAGENAME.LIST>
    </LEDGER>
    <LEDGER NAME="Krishnamoorty" RESERVEDNAME="">
     <PARENT TYPE="String">Sundry Creditors</PARENT>
     <LANGUAGENAME.LIST>
      <NAME.LIST TYPE="String">
       <NAME>Krishnamoorty</NAME>
      </NAME.LIST>
      <LANGUAGEID TYPE="Number"> 1033</LANGUAGEID>
     </LANGUAGENAME.LIST>
    </LEDGER>
    <LEDGER NAME="Krishnan" RESERVEDNAME="">
     <PARENT TYPE="String">Debtors-VR</PARENT>
     <LANGUAGENAME.LIST>
      <NAME.LIST TYPE="String">
       <NAME>Krishnan</NAME>
      </NAME.LIST>
      <LANGUAGEID TYPE="Number"> 1033</LANGUAGEID>
     </LANGUAGENAME.LIST>
    </LEDGER>
    <LEDGER NAME="Krishnann" RESERVEDNAME="">
     <PARENT TYPE="String">Sundry Debtors</PARENT>
     <LANGUAGENAME.LIST>
      <NAME.LIST TYPE="String">
       <NAME>Krishnann</NAME>
      </NAME.LIST>
      <LANGUAGEID TYPE="Number"> 1033</LANGUAGEID>
     </LANGUAGENAME.LIST>
    </LEDGER>
    <LEDGER NAME="Krystals Impex" RESERVEDNAME="">
     <PARENT TYPE="String">Sundry Creditors</PARENT>
     <LANGUAGENAME.LIST>
      <NAME.LIST TYPE="String">
       <NAME>Krystals Impex</NAME>
      </NAME.LIST>
      <LANGUAGEID TYPE="Number"> 1033</LANGUAGEID>
     </LANGUAGENAME.LIST>
    </LEDGER>
    <LEDGER NAME="Kumar" RESERVEDNAME="">
     <PARENT TYPE="String">Sundry Debtors</PARENT>
     <LANGUAGENAME.LIST>
      <NAME.LIST TYPE="String">
       <NAME>Kumar</NAME>
      </NAME.LIST>
      <LANGUAGEID TYPE="Number"> 1033</LANGUAGEID>
     </LANGUAGENAME.LIST>
    </LEDGER>
    <LEDGER NAME="Kumaran" RESERVEDNAME="">
     <PARENT TYPE="String">Sundry Debtors</PARENT>
     <LANGUAGENAME.LIST>
      <NAME.LIST TYPE="String">
       <NAME>Kumaran</NAME>
      </NAME.LIST>
      <LANGUAGEID TYPE="Number"> 1033</LANGUAGEID>
     </LANGUAGENAME.LIST>
    </LEDGER>
    <LEDGER NAME="KUN CAPITAL MOTORS PRIVATE LIMITED" RESERVEDNAME="">
     <PARENT TYPE="String">Sundry Creditors</PARENT>
     <LANGUAGENAME.LIST>
      <NAME.LIST TYPE="String">
       <NAME>KUN CAPITAL MOTORS PRIVATE LIMITED</NAME>
      </NAME.LIST>
      <LANGUAGEID TYPE="Number"> 1033</LANGUAGEID>
     </LANGUAGENAME.LIST>
    </LEDGER>
    <LEDGER NAME="Kuppan" RESERVEDNAME="">
     <PARENT TYPE="String">Sundry Debtors</PARENT>
     <LANGUAGENAME.LIST>
      <NAME.LIST TYPE="String">
       <NAME>Kuppan</NAME>
      </NAME.LIST>
      <LANGUAGEID TYPE="Number"> 1033</LANGUAGEID>
     </LANGUAGENAME.LIST>
    </LEDGER>
    <LEDGER NAME="KVN Impax Pvt Ltd" RESERVEDNAME="">
     <PARENT TYPE="String">Sundry Creditors</PARENT>
     <LANGUAGENAME.LIST>
      <NAME.LIST TYPE="String">
       <NAME>KVN Impax Pvt Ltd</NAME>
      </NAME.LIST>
      <LANGUAGEID TYPE="Number"> 1033</LANGUAGEID>
     </LANGUAGENAME.LIST>
    </LEDGER>
    <LEDGER NAME="K V N IMPEX PVT LTD" RESERVEDNAME="">
     <PARENT TYPE="String">Sundry Creditors</PARENT>
     <LANGUAGENAME.LIST>
      <NAME.LIST TYPE="String">
       <NAME>K V N IMPEX PVT LTD</NAME>
      </NAME.LIST>
      <LANGUAGEID TYPE="Number"> 1033</LANGUAGEID>
     </LANGUAGENAME.LIST>
    </LEDGER>
    <LEDGER NAME="K.V Tex" RESERVEDNAME="">
     <PARENT TYPE="String">Debtors-VR</PARENT>
     <LANGUAGENAME.LIST>
      <NAME.LIST TYPE="String">
       <NAME>K.V Tex</NAME>
      </NAME.LIST>
      <LANGUAGEID TYPE="Number"> 1033</LANGUAGEID>
     </LANGUAGENAME.LIST>
    </LEDGER>
    <LEDGER NAME="Lakshmi Inks (Kkl) Pvt.Ltd" RESERVEDNAME="">
     <PARENT TYPE="String">Sundry Creditors</PARENT>
     <LANGUAGENAME.LIST>
      <NAME.LIST TYPE="String">
       <NAME>Lakshmi Inks (Kkl) Pvt.Ltd</NAME>
      </NAME.LIST>
      <LANGUAGEID TYPE="Number"> 1033</LANGUAGEID>
     </LANGUAGENAME.LIST>
    </LEDGER>
    <LEDGER NAME="Land &amp; Building At Mariyappa Nagar , Usppur Village" RESERVEDNAME="">
     <PARENT TYPE="String">Assets @ 0%</PARENT>
     <LANGUAGENAME.LIST>
      <NAME.LIST TYPE="String">
       <NAME>Land &amp; Building At Mariyappa Nagar , Usppur Village</NAME>
      </NAME.LIST>
      <LANGUAGEID TYPE="Number"> 1033</LANGUAGEID>
     </LANGUAGENAME.LIST>
    </LEDGER>
    <LEDGER NAME="LC Morgine" RESERVEDNAME="">
     <PARENT TYPE="String">Current Assets</PARENT>
     <LANGUAGENAME.LIST>
      <NAME.LIST TYPE="String">
       <NAME>LC Morgine</NAME>
       <NAME>9</NAME>
      </NAME.LIST>
      <LANGUAGEID TYPE="Number"> 1033</LANGUAGEID>
     </LANGUAGENAME.LIST>
    </LEDGER>
    <LEDGER NAME="Lingam Pantone" RESERVEDNAME="">
     <PARENT TYPE="String">Sundry Creditors</PARENT>
     <LANGUAGENAME.LIST>
      <NAME.LIST TYPE="String">
       <NAME>Lingam Pantone</NAME>
      </NAME.LIST>
      <LANGUAGEID TYPE="Number"> 1033</LANGUAGEID>
     </LANGUAGENAME.LIST>
    </LEDGER>
    <LEDGER NAME="Lingam Vibgyor" RESERVEDNAME="">
     <PARENT TYPE="String">Sundry Creditors</PARENT>
     <LANGUAGENAME.LIST>
      <NAME.LIST TYPE="String">
       <NAME>Lingam Vibgyor</NAME>
      </NAME.LIST>
      <LANGUAGEID TYPE="Number"> 1033</LANGUAGEID>
     </LANGUAGENAME.LIST>
    </LEDGER>
    <LEDGER NAME="Linga Polymer" RESERVEDNAME="">
     <PARENT TYPE="String">Sundry Creditors</PARENT>
     <LANGUAGENAME.LIST>
      <NAME.LIST TYPE="String">
       <NAME>Linga Polymer</NAME>
      </NAME.LIST>
      <LANGUAGEID TYPE="Number"> 1033</LANGUAGEID>
     </LANGUAGENAME.LIST>
    </LEDGER>
    <LEDGER NAME="Loan Pracessing Fee" RESERVEDNAME="">
     <PARENT TYPE="String">Indirect Expenses</PARENT>
     <LANGUAGENAME.LIST>
      <NAME.LIST TYPE="String">
       <NAME>Loan Pracessing Fee</NAME>
      </NAME.LIST>
      <LANGUAGEID TYPE="Number"> 1033</LANGUAGEID>
     </LANGUAGENAME.LIST>
    </LEDGER>
    <LEDGER NAME="Madhan Packaging Machineries" RESERVEDNAME="">
     <PARENT TYPE="String">Sundry Creditors</PARENT>
     <LANGUAGENAME.LIST>
      <NAME.LIST TYPE="String">
       <NAME>Madhan Packaging Machineries</NAME>
      </NAME.LIST>
      <LANGUAGEID TYPE="Number"> 1033</LANGUAGEID>
     </LANGUAGENAME.LIST>
    </LEDGER>
    <LEDGER NAME="Madras Paper Agencies" RESERVEDNAME="">
     <PARENT TYPE="String">Sundry Creditors</PARENT>
     <LANGUAGENAME.LIST>
      <NAME.LIST TYPE="String">
       <NAME>Madras Paper Agencies</NAME>
      </NAME.LIST>
      <LANGUAGEID TYPE="Number"> 1033</LANGUAGEID>
     </LANGUAGENAME.LIST>
    </LEDGER>
    <LEDGER NAME="MADRAS PAPER MART" RESERVEDNAME="">
     <PARENT TYPE="String">Sundry Creditors</PARENT>
     <LANGUAGENAME.LIST>
      <NAME.LIST TYPE="String">
       <NAME>MADRAS PAPER MART</NAME>
      </NAME.LIST>
      <LANGUAGEID TYPE="Number"> 1033</LANGUAGEID>
     </LANGUAGENAME.LIST>
    </LEDGER>
    <LEDGER NAME="MADURAI ACME ENTERPRISES (P) LTD" RESERVEDNAME="">
     <PARENT TYPE="String">Sundry Creditors</PARENT>
     <LANGUAGENAME.LIST>
      <NAME.LIST TYPE="String">
       <NAME>MADURAI ACME ENTERPRISES (P) LTD</NAME>
      </NAME.LIST>
      <LANGUAGEID TYPE="Number"> 1033</LANGUAGEID>
     </LANGUAGENAME.LIST>
    </LEDGER>
    <LEDGER NAME="Madurai Engineer" RESERVEDNAME="">
     <PARENT TYPE="String">Loans &amp; Advances (Asset)</PARENT>
     <LANGUAGENAME.LIST>
      <NAME.LIST TYPE="String">
       <NAME>Madurai Engineer</NAME>
      </NAME.LIST>
      <LANGUAGEID TYPE="Number"> 1033</LANGUAGEID>
     </LANGUAGENAME.LIST>
    </LEDGER>
    <LEDGER NAME="Madurai Engineering Work" RESERVEDNAME="">
     <PARENT TYPE="String">Sundry Creditors</PARENT>
     <LANGUAGENAME.LIST>
      <NAME.LIST TYPE="String">
       <NAME>Madurai Engineering Work</NAME>
      </NAME.LIST>
      <LANGUAGEID TYPE="Number"> 1033</LANGUAGEID>
     </LANGUAGENAME.LIST>
    </LEDGER>
    <LEDGER NAME="Magesh" RESERVEDNAME="">
     <PARENT TYPE="String">Sundry Debtors</PARENT>
     <LANGUAGENAME.LIST>
      <NAME.LIST TYPE="String">
       <NAME>Magesh</NAME>
      </NAME.LIST>
      <LANGUAGEID TYPE="Number"> 1033</LANGUAGEID>
     </LANGUAGENAME.LIST>
    </LEDGER>
    <LEDGER NAME="Magesh Electricals" RESERVEDNAME="">
     <PARENT TYPE="String">Sundry Creditors</PARENT>
     <LANGUAGENAME.LIST>
      <NAME.LIST TYPE="String">
       <NAME>Magesh Electricals</NAME>
      </NAME.LIST>
      <LANGUAGEID TYPE="Number"> 1033</LANGUAGEID>
     </LANGUAGENAME.LIST>
    </LEDGER>
    <LEDGER NAME="Maharaja Silks- Thiruvarur" RESERVEDNAME="">
     <PARENT TYPE="String">Debtors-VR</PARENT>
     <LANGUAGENAME.LIST>
      <NAME.LIST TYPE="String">
       <NAME>Maharaja Silks- Thiruvarur</NAME>
      </NAME.LIST>
      <LANGUAGEID TYPE="Number"> 1033</LANGUAGEID>
     </LANGUAGENAME.LIST>
    </LEDGER>
    <LEDGER NAME="Mallika" RESERVEDNAME="">
     <PARENT TYPE="String">Sundry Debtors</PARENT>
     <LANGUAGENAME.LIST>
      <NAME.LIST TYPE="String">
       <NAME>Mallika</NAME>
      </NAME.LIST>
      <LANGUAGEID TYPE="Number"> 1033</LANGUAGEID>
     </LANGUAGENAME.LIST>
    </LEDGER>
    <LEDGER NAME="Mani" RESERVEDNAME="">
     <PARENT TYPE="String">Sundry Debtors</PARENT>
     <LANGUAGENAME.LIST>
      <NAME.LIST TYPE="String">
       <NAME>Mani</NAME>
      </NAME.LIST>
      <LANGUAGEID TYPE="Number"> 1033</LANGUAGEID>
     </LANGUAGENAME.LIST>
    </LEDGER>
    <LEDGER NAME="Manian" RESERVEDNAME="">
     <PARENT TYPE="String">Sundry Debtors</PARENT>
     <LANGUAGENAME.LIST>
      <NAME.LIST TYPE="String">
       <NAME>Manian</NAME>
      </NAME.LIST>
      <LANGUAGEID TYPE="Number"> 1033</LANGUAGEID>
     </LANGUAGENAME.LIST>
    </LEDGER>
    <LEDGER NAME="Manickam" RESERVEDNAME="">
     <PARENT TYPE="String">Sundry Debtors</PARENT>
     <LANGUAGENAME.LIST>
      <NAME.LIST TYPE="String">
       <NAME>Manickam</NAME>
      </NAME.LIST>
      <LANGUAGEID TYPE="Number"> 1033</LANGUAGEID>
     </LANGUAGENAME.LIST>
    </LEDGER>
    <LEDGER NAME="Manikandan" RESERVEDNAME="">
     <PARENT TYPE="String">Sundry Debtors</PARENT>
     <LANGUAGENAME.LIST>
      <NAME.LIST TYPE="String">
       <NAME>Manikandan</NAME>
      </NAME.LIST>
      <LANGUAGEID TYPE="Number"> 1033</LANGUAGEID>
     </LANGUAGENAME.LIST>
    </LEDGER>
    <LEDGER NAME="MANI &amp; PRABHU" RESERVEDNAME="">
     <PARENT TYPE="String">Sundry Debtors</PARENT>
     <LANGUAGENAME.LIST>
      <NAME.LIST TYPE="String">
       <NAME>MANI &amp; PRABHU</NAME>
      </NAME.LIST>
      <LANGUAGEID TYPE="Number"> 1033</LANGUAGEID>
     </LANGUAGENAME.LIST>
    </LEDGER>
    <LEDGER NAME="Mani &amp; Prabhu Silk House" RESERVEDNAME="">
     <PARENT TYPE="String">Debtors - VBR</PARENT>
     <LANGUAGENAME.LIST>
      <NAME.LIST TYPE="String">
       <NAME>Mani &amp; Prabhu Silk House</NAME>
      </NAME.LIST>
      <LANGUAGEID TYPE="Number"> 1033</LANGUAGEID>
     </LANGUAGENAME.LIST>
    </LEDGER>
    <LEDGER NAME="Mani Readymates" RESERVEDNAME="">
     <PARENT TYPE="String">Debtors - VBR</PARENT>
     <LANGUAGENAME.LIST>
      <NAME.LIST TYPE="String">
       <NAME>Mani Readymates</NAME>
      </NAME.LIST>
      <LANGUAGEID TYPE="Number"> 1033</LANGUAGEID>
     </LANGUAGENAME.LIST>
    </LEDGER>
    <LEDGER NAME="Manohar" RESERVEDNAME="">
     <PARENT TYPE="String">Sundry Debtors</PARENT>
     <LANGUAGENAME.LIST>
      <NAME.LIST TYPE="String">
       <NAME>Manohar</NAME>
      </NAME.LIST>
      <LANGUAGEID TYPE="Number"> 1033</LANGUAGEID>
     </LANGUAGENAME.LIST>
    </LEDGER>
    <LEDGER NAME="Martin" RESERVEDNAME="">
     <PARENT TYPE="String">Sundry Debtors</PARENT>
     <LANGUAGENAME.LIST>
      <NAME.LIST TYPE="String">
       <NAME>Martin</NAME>
      </NAME.LIST>
      <LANGUAGEID TYPE="Number"> 1033</LANGUAGEID>
     </LANGUAGENAME.LIST>
    </LEDGER>
    <LEDGER NAME="Maruthi Chemecals" RESERVEDNAME="">
     <PARENT TYPE="String">Sundry Creditors</PARENT>
     <LANGUAGENAME.LIST>
      <NAME.LIST TYPE="String">
       <NAME>Maruthi Chemecals</NAME>
      </NAME.LIST>
      <LANGUAGEID TYPE="Number"> 1033</LANGUAGEID>
     </LANGUAGENAME.LIST>
    </LEDGER>
    <LEDGER NAME="Mayan" RESERVEDNAME="">
     <PARENT TYPE="String">Sundry Debtors</PARENT>
     <LANGUAGENAME.LIST>
      <NAME.LIST TYPE="String">
       <NAME>Mayan</NAME>
      </NAME.LIST>
      <LANGUAGEID TYPE="Number"> 1033</LANGUAGEID>
     </LANGUAGENAME.LIST>
    </LEDGER>
    <LEDGER NAME="MISC. EXPENSES" RESERVEDNAME="">
     <PARENT TYPE="String">Indirect Expenses</PARENT>
     <LANGUAGENAME.LIST>
      <NAME.LIST TYPE="String">
       <NAME>MISC. EXPENSES</NAME>
      </NAME.LIST>
      <LANGUAGEID TYPE="Number"> 1033</LANGUAGEID>
     </LANGUAGENAME.LIST>
    </LEDGER>
    <LEDGER NAME="Misc. Income" RESERVEDNAME="">
     <PARENT TYPE="String">Indirect Incomes</PARENT>
     <LANGUAGENAME.LIST>
      <NAME.LIST TYPE="String">
       <NAME>Misc. Income</NAME>
      </NAME.LIST>
      <LANGUAGEID TYPE="Number"> 1033</LANGUAGEID>
     </LANGUAGENAME.LIST>
    </LEDGER>
    <LEDGER NAME="Mohammed Raffic" RESERVEDNAME="">
     <PARENT TYPE="String">Unsecured Loans</PARENT>
     <LANGUAGENAME.LIST>
      <NAME.LIST TYPE="String">
       <NAME>Mohammed Raffic</NAME>
      </NAME.LIST>
      <LANGUAGEID TYPE="Number"> 1033</LANGUAGEID>
     </LANGUAGENAME.LIST>
    </LEDGER>
    <LEDGER NAME="Mohan Doss" RESERVEDNAME="">
     <PARENT TYPE="String">Salary Account</PARENT>
     <LANGUAGENAME.LIST>
      <NAME.LIST TYPE="String">
       <NAME>Mohan Doss</NAME>
       <NAME>M</NAME>
      </NAME.LIST>
      <LANGUAGEID TYPE="Number"> 1033</LANGUAGEID>
     </LANGUAGENAME.LIST>
    </LEDGER>
    <LEDGER NAME="Mohan . J" RESERVEDNAME="">
     <PARENT TYPE="String">Sundry Creditors</PARENT>
     <LANGUAGENAME.LIST>
      <NAME.LIST TYPE="String">
       <NAME>Mohan . J</NAME>
      </NAME.LIST>
      <LANGUAGEID TYPE="Number"> 1033</LANGUAGEID>
     </LANGUAGENAME.LIST>
    </LEDGER>
    <LEDGER NAME="Mohan Raj" RESERVEDNAME="">
     <PARENT TYPE="String">Sundry Debtors</PARENT>
     <LANGUAGENAME.LIST>
      <NAME.LIST TYPE="String">
       <NAME>Mohan Raj</NAME>
      </NAME.LIST>
      <LANGUAGEID TYPE="Number"> 1033</LANGUAGEID>
     </LANGUAGENAME.LIST>
    </LEDGER>
    <LEDGER NAME="Moorthy" RESERVEDNAME="">
     <PARENT TYPE="String">Sundry Debtors</PARENT>
     <LANGUAGENAME.LIST>
      <NAME.LIST TYPE="String">
       <NAME>Moorthy</NAME>
      </NAME.LIST>
      <LANGUAGEID TYPE="Number"> 1033</LANGUAGEID>
     </LANGUAGENAME.LIST>
    </LEDGER>
    <LEDGER NAME="Mrs.Hemalatha" RESERVEDNAME="">
     <PARENT TYPE="String">Sundry Debtors</PARENT>
     <LANGUAGENAME.LIST>
      <NAME.LIST TYPE="String">
       <NAME>Mrs.Hemalatha</NAME>
      </NAME.LIST>
      <LANGUAGEID TYPE="Number"> 1033</LANGUAGEID>
     </LANGUAGENAME.LIST>
    </LEDGER>
    <LEDGER NAME="MR Sons" RESERVEDNAME="">
     <PARENT TYPE="String">Debtors-VR</PARENT>
     <LANGUAGENAME.LIST>
      <NAME.LIST TYPE="String">
       <NAME>MR Sons</NAME>
      </NAME.LIST>
      <LANGUAGEID TYPE="Number"> 1033</LANGUAGEID>
     </LANGUAGENAME.LIST>
    </LEDGER>
    <LEDGER NAME="M/S. GANPATI MACHINERY &amp; SPARES" RESERVEDNAME="">
     <PARENT TYPE="String">Sundry Creditors</PARENT>
     <LANGUAGENAME.LIST>
      <NAME.LIST TYPE="String">
       <NAME>M/S. GANPATI MACHINERY &amp; SPARES</NAME>
      </NAME.LIST>
      <LANGUAGEID TYPE="Number"> 1033</LANGUAGEID>
     </LANGUAGENAME.LIST>
    </LEDGER>
    <LEDGER NAME="Mura Textile" RESERVEDNAME="">
     <PARENT TYPE="String">Debtors - JMD</PARENT>
     <LANGUAGENAME.LIST>
      <NAME.LIST TYPE="String">
       <NAME>Mura Textile</NAME>
      </NAME.LIST>
      <LANGUAGEID TYPE="Number"> 1033</LANGUAGEID>
     </LANGUAGENAME.LIST>
    </LEDGER>
    <LEDGER NAME="Murugan" RESERVEDNAME="">
     <PARENT TYPE="String">Sundry Debtors</PARENT>
     <LANGUAGENAME.LIST>
      <NAME.LIST TYPE="String">
       <NAME>Murugan</NAME>
      </NAME.LIST>
      <LANGUAGEID TYPE="Number"> 1033</LANGUAGEID>
     </LANGUAGENAME.LIST>
    </LEDGER>
    <LEDGER NAME="Nagarajan" RESERVEDNAME="">
     <PARENT TYPE="String">Salary Account</PARENT>
     <LANGUAGENAME.LIST>
      <NAME.LIST TYPE="String">
       <NAME>Nagarajan</NAME>
      </NAME.LIST>
      <LANGUAGEID TYPE="Number"> 1033</LANGUAGEID>
     </LANGUAGENAME.LIST>
    </LEDGER>
    <LEDGER NAME="Namachivayam" RESERVEDNAME="">
     <PARENT TYPE="String">Sundry Debtors</PARENT>
     <LANGUAGENAME.LIST>
      <NAME.LIST TYPE="String">
       <NAME>Namachivayam</NAME>
      </NAME.LIST>
      <LANGUAGEID TYPE="Number"> 1033</LANGUAGEID>
     </LANGUAGENAME.LIST>
    </LEDGER>
    <LEDGER NAME="Narayanan" RESERVEDNAME="">
     <PARENT TYPE="String">Sundry Debtors</PARENT>
     <LANGUAGENAME.LIST>
      <NAME.LIST TYPE="String">
       <NAME>Narayanan</NAME>
      </NAME.LIST>
      <LANGUAGEID TYPE="Number"> 1033</LANGUAGEID>
     </LANGUAGENAME.LIST>
    </LEDGER>
    <LEDGER NAME="New Piolt Plastics" RESERVEDNAME="">
     <PARENT TYPE="String">Sundry Debtors</PARENT>
     <LANGUAGENAME.LIST>
      <NAME.LIST TYPE="String">
       <NAME>New Piolt Plastics</NAME>
      </NAME.LIST>
      <LANGUAGEID TYPE="Number"> 1033</LANGUAGEID>
     </LANGUAGENAME.LIST>
    </LEDGER>
    <LEDGER NAME="No Sales Cancelled" RESERVEDNAME="">
     <PARENT TYPE="String">Debtors-VR</PARENT>
     <LANGUAGENAME.LIST>
      <NAME.LIST TYPE="String">
       <NAME>No Sales Cancelled</NAME>
      </NAME.LIST>
      <LANGUAGEID TYPE="Number"> 1033</LANGUAGEID>
     </LANGUAGENAME.LIST>
    </LEDGER>
    <LEDGER NAME="Nua Enterprises" RESERVEDNAME="">
     <PARENT TYPE="String">Sundry Debtors</PARENT>
     <LANGUAGENAME.LIST>
      <NAME.LIST TYPE="String">
       <NAME>Nua Enterprises</NAME>
      </NAME.LIST>
      <LANGUAGEID TYPE="Number"> 1033</LANGUAGEID>
     </LANGUAGENAME.LIST>
    </LEDGER>
    <LEDGER NAME="OUTPUT CGST @ 6%" RESERVEDNAME="">
     <PARENT TYPE="String">Duties &amp; Taxes</PARENT>
     <LANGUAGENAME.LIST>
      <NAME.LIST TYPE="String">
       <NAME>OUTPUT CGST @ 6%</NAME>
       <NAME>C</NAME>
      </NAME.LIST>
      <LANGUAGEID TYPE="Number"> 1033</LANGUAGEID>
     </LANGUAGENAME.LIST>
    </LEDGER>
    <LEDGER NAME="OUTPUT CGST@9%" RESERVEDNAME="">
     <PARENT TYPE="String">Duties &amp; Taxes</PARENT>
     <LANGUAGENAME.LIST>
      <NAME.LIST TYPE="String">
       <NAME>OUTPUT CGST@9%</NAME>
      </NAME.LIST>
      <LANGUAGEID TYPE="Number"> 1033</LANGUAGEID>
     </LANGUAGENAME.LIST>
    </LEDGER>
    <LEDGER NAME="Output Igst 5%" RESERVEDNAME="">
     <PARENT TYPE="String">Duties &amp; Taxes</PARENT>
     <LANGUAGENAME.LIST>
      <NAME.LIST TYPE="String">
       <NAME>Output Igst 5%</NAME>
      </NAME.LIST>
      <LANGUAGEID TYPE="Number"> 1033</LANGUAGEID>
     </LANGUAGENAME.LIST>
    </LEDGER>
    <LEDGER NAME="OUTPUT IGST @12%" RESERVEDNAME="">
     <PARENT TYPE="String">Duties &amp; Taxes</PARENT>
     <LANGUAGENAME.LIST>
      <NAME.LIST TYPE="String">
       <NAME>OUTPUT IGST @12%</NAME>
       <NAME>I</NAME>
      </NAME.LIST>
      <LANGUAGEID TYPE="Number"> 1033</LANGUAGEID>
     </LANGUAGENAME.LIST>
    </LEDGER>
    <LEDGER NAME="OUTPUT IGST@18%" RESERVEDNAME="">
     <PARENT TYPE="String">Duties &amp; Taxes</PARENT>
     <LANGUAGENAME.LIST>
      <NAME.LIST TYPE="String">
       <NAME>OUTPUT IGST@18%</NAME>
       <NAME>18</NAME>
      </NAME.LIST>
      <LANGUAGEID TYPE="Number"> 1033</LANGUAGEID>
     </LANGUAGENAME.LIST>
    </LEDGER>
    <LEDGER NAME="OUTPUT SGST @ 6%" RESERVEDNAME="">
     <PARENT TYPE="String">Duties &amp; Taxes</PARENT>
     <LANGUAGENAME.LIST>
      <NAME.LIST TYPE="String">
       <NAME>OUTPUT SGST @ 6%</NAME>
       <NAME>S</NAME>
      </NAME.LIST>
      <LANGUAGEID TYPE="Number"> 1033</LANGUAGEID>
     </LANGUAGENAME.LIST>
    </LEDGER>
    <LEDGER NAME="OUTPUT SGST@9%" RESERVEDNAME="">
     <PARENT TYPE="String">Duties &amp; Taxes</PARENT>
     <LANGUAGENAME.LIST>
      <NAME.LIST TYPE="String">
       <NAME>OUTPUT SGST@9%</NAME>
      </NAME.LIST>
      <LANGUAGEID TYPE="Number"> 1033</LANGUAGEID>
     </LANGUAGENAME.LIST>
    </LEDGER>
    <LEDGER NAME="Pachappan" RESERVEDNAME="">
     <PARENT TYPE="String">Sundry Debtors</PARENT>
     <LANGUAGENAME.LIST>
      <NAME.LIST TYPE="String">
       <NAME>Pachappan</NAME>
      </NAME.LIST>
      <LANGUAGEID TYPE="Number"> 1033</LANGUAGEID>
     </LANGUAGENAME.LIST>
    </LEDGER>
    <LEDGER NAME="Padmavathy" RESERVEDNAME="">
     <PARENT TYPE="String">Salary Account</PARENT>
     <LANGUAGENAME.LIST>
      <NAME.LIST TYPE="String">
       <NAME>Padmavathy</NAME>
      </NAME.LIST>
      <LANGUAGEID TYPE="Number"> 1033</LANGUAGEID>
     </LANGUAGENAME.LIST>
    </LEDGER>
    <LEDGER NAME="Pandiyan" RESERVEDNAME="">
     <PARENT TYPE="String">Sundry Debtors</PARENT>
     <LANGUAGENAME.LIST>
      <NAME.LIST TYPE="String">
       <NAME>Pandiyan</NAME>
      </NAME.LIST>
      <LANGUAGEID TYPE="Number"> 1033</LANGUAGEID>
     </LANGUAGENAME.LIST>
    </LEDGER>
    <LEDGER NAME="Pari" RESERVEDNAME="">
     <PARENT TYPE="String">Sundry Debtors</PARENT>
     <LANGUAGENAME.LIST>
      <NAME.LIST TYPE="String">
       <NAME>Pari</NAME>
      </NAME.LIST>
      <LANGUAGEID TYPE="Number"> 1033</LANGUAGEID>
     </LANGUAGENAME.LIST>
    </LEDGER>
    <LEDGER NAME="Paris Textiles" RESERVEDNAME="">
     <PARENT TYPE="String">Sundry Debtors</PARENT>
     <LANGUAGENAME.LIST>
      <NAME.LIST TYPE="String">
       <NAME>Paris Textiles</NAME>
      </NAME.LIST>
      <LANGUAGEID TYPE="Number"> 1033</LANGUAGEID>
     </LANGUAGENAME.LIST>
    </LEDGER>
    <LEDGER NAME="Pazhaniappan" RESERVEDNAME="">
     <PARENT TYPE="String">Sundry Debtors</PARENT>
     <LANGUAGENAME.LIST>
      <NAME.LIST TYPE="String">
       <NAME>Pazhaniappan</NAME>
      </NAME.LIST>
      <LANGUAGEID TYPE="Number"> 1033</LANGUAGEID>
     </LANGUAGENAME.LIST>
    </LEDGER>
    <LEDGER NAME="Pazhanivel" RESERVEDNAME="">
     <PARENT TYPE="String">Sundry Debtors</PARENT>
     <LANGUAGENAME.LIST>
      <NAME.LIST TYPE="String">
       <NAME>Pazhanivel</NAME>
      </NAME.LIST>
      <LANGUAGEID TYPE="Number"> 1033</LANGUAGEID>
     </LANGUAGENAME.LIST>
    </LEDGER>
    <LEDGER NAME="Penality" RESERVEDNAME="">
     <PARENT TYPE="String">Indirect Expenses</PARENT>
     <LANGUAGENAME.LIST>
      <NAME.LIST TYPE="String">
       <NAME>Penality</NAME>
      </NAME.LIST>
      <LANGUAGEID TYPE="Number"> 1033</LANGUAGEID>
     </LANGUAGENAME.LIST>
    </LEDGER>
    <LEDGER NAME="Plant &amp; Machinery" RESERVEDNAME="">
     <PARENT TYPE="String">Assest @15%</PARENT>
     <LANGUAGENAME.LIST>
      <NAME.LIST TYPE="String">
       <NAME>Plant &amp; Machinery</NAME>
      </NAME.LIST>
      <LANGUAGEID TYPE="Number"> 1033</LANGUAGEID>
     </LANGUAGENAME.LIST>
    </LEDGER>
    <LEDGER NAME="Plasto Polychem Industries" RESERVEDNAME="">
     <PARENT TYPE="String">Sundry Creditors</PARENT>
     <LANGUAGENAME.LIST>
      <NAME.LIST TYPE="String">
       <NAME>Plasto Polychem Industries</NAME>
      </NAME.LIST>
      <LANGUAGEID TYPE="Number"> 1033</LANGUAGEID>
     </LANGUAGENAME.LIST>
    </LEDGER>
    <LEDGER NAME="Plot at Vadakkuthu 48" RESERVEDNAME="">
     <PARENT TYPE="String">Assets @ 0%</PARENT>
     <LANGUAGENAME.LIST>
      <NAME.LIST TYPE="String">
       <NAME>Plot at Vadakkuthu 48</NAME>
      </NAME.LIST>
      <LANGUAGEID TYPE="Number"> 1033</LANGUAGEID>
     </LANGUAGENAME.LIST>
    </LEDGER>
    <LEDGER NAME="Plot at Vadakkuthu-Durai Kaliyaperumal Nagar" RESERVEDNAME="">
     <PARENT TYPE="String">Assets @ 0%</PARENT>
     <LANGUAGENAME.LIST>
      <NAME.LIST TYPE="String">
       <NAME>Plot at Vadakkuthu-Durai Kaliyaperumal Nagar</NAME>
      </NAME.LIST>
      <LANGUAGEID TYPE="Number"> 1033</LANGUAGEID>
     </LANGUAGENAME.LIST>
    </LEDGER>
    <LEDGER NAME="Plot at Vadakkuthu No 26" RESERVEDNAME="">
     <PARENT TYPE="String">Assets @ 0%</PARENT>
     <LANGUAGENAME.LIST>
      <NAME.LIST TYPE="String">
       <NAME>Plot at Vadakkuthu No 26</NAME>
      </NAME.LIST>
      <LANGUAGEID TYPE="Number"> 1033</LANGUAGEID>
     </LANGUAGENAME.LIST>
    </LEDGER>
    <LEDGER NAME="Pollution Feses" RESERVEDNAME="">
     <PARENT TYPE="String">Indirect Expenses</PARENT>
     <LANGUAGENAME.LIST>
      <NAME.LIST TYPE="String">
       <NAME>Pollution Feses</NAME>
      </NAME.LIST>
      <LANGUAGEID TYPE="Number"> 1033</LANGUAGEID>
     </LANGUAGENAME.LIST>
    </LEDGER>
    <LEDGER NAME="PONDY WEIGHING SYSTEM" RESERVEDNAME="">
     <PARENT TYPE="String">Sundry Creditors</PARENT>
     <LANGUAGENAME.LIST>
      <NAME.LIST TYPE="String">
       <NAME>PONDY WEIGHING SYSTEM</NAME>
      </NAME.LIST>
      <LANGUAGEID TYPE="Number"> 1033</LANGUAGEID>
     </LANGUAGENAME.LIST>
    </LEDGER>
    <LEDGER NAME="Pooja Exp" RESERVEDNAME="">
     <PARENT TYPE="String">Indirect Expenses</PARENT>
     <LANGUAGENAME.LIST>
      <NAME.LIST TYPE="String">
       <NAME>Pooja Exp</NAME>
      </NAME.LIST>
      <LANGUAGEID TYPE="Number"> 1033</LANGUAGEID>
     </LANGUAGENAME.LIST>
    </LEDGER>
    <LEDGER NAME="Poongulali" RESERVEDNAME="">
     <PARENT TYPE="String">Unsecured Loans</PARENT>
     <LANGUAGENAME.LIST>
      <NAME.LIST TYPE="String">
       <NAME>Poongulali</NAME>
       <NAME>P</NAME>
      </NAME.LIST>
      <LANGUAGEID TYPE="Number"> 1033</LANGUAGEID>
     </LANGUAGENAME.LIST>
    </LEDGER>
    <LEDGER NAME="POORVIKA MOBILES PRIVATE LIMITED" RESERVEDNAME="">
     <PARENT TYPE="String">Sundry Creditors</PARENT>
     <LANGUAGENAME.LIST>
      <NAME.LIST TYPE="String">
       <NAME>POORVIKA MOBILES PRIVATE LIMITED</NAME>
      </NAME.LIST>
      <LANGUAGEID TYPE="Number"> 1033</LANGUAGEID>
     </LANGUAGENAME.LIST>
    </LEDGER>
    <LEDGER NAME="Prabhagaran" RESERVEDNAME="">
     <PARENT TYPE="String">Sundry Debtors</PARENT>
     <LANGUAGENAME.LIST>
      <NAME.LIST TYPE="String">
       <NAME>Prabhagaran</NAME>
      </NAME.LIST>
      <LANGUAGEID TYPE="Number"> 1033</LANGUAGEID>
     </LANGUAGENAME.LIST>
    </LEDGER>
    <LEDGER NAME="Prabhu" RESERVEDNAME="">
     <PARENT TYPE="String">Salary Account</PARENT>
     <LANGUAGENAME.LIST>
      <NAME.LIST TYPE="String">
       <NAME>Prabhu</NAME>
      </NAME.LIST>
      <LANGUAGEID TYPE="Number"> 1033</LANGUAGEID>
     </LANGUAGENAME.LIST>
    </LEDGER>
    <LEDGER NAME="Prakasam" RESERVEDNAME="">
     <PARENT TYPE="String">Consultant</PARENT>
     <LANGUAGENAME.LIST>
      <NAME.LIST TYPE="String">
       <NAME>Prakasam</NAME>
      </NAME.LIST>
      <LANGUAGEID TYPE="Number"> 1033</LANGUAGEID>
     </LANGUAGENAME.LIST>
    </LEDGER>
    <LEDGER NAME="Prakesh K" RESERVEDNAME="">
     <PARENT TYPE="String">Sundry Debtors</PARENT>
     <LANGUAGENAME.LIST>
      <NAME.LIST TYPE="String">
       <NAME>Prakesh K</NAME>
      </NAME.LIST>
      <LANGUAGEID TYPE="Number"> 1033</LANGUAGEID>
     </LANGUAGENAME.LIST>
    </LEDGER>
    <LEDGER NAME="Praveen" RESERVEDNAME="">
     <PARENT TYPE="String">Sundry Debtors</PARENT>
     <LANGUAGENAME.LIST>
      <NAME.LIST TYPE="String">
       <NAME>Praveen</NAME>
      </NAME.LIST>
      <LANGUAGEID TYPE="Number"> 1033</LANGUAGEID>
     </LANGUAGENAME.LIST>
    </LEDGER>
    <LEDGER NAME="Printing &amp; Stationery" RESERVEDNAME="">
     <PARENT TYPE="String">Indirect Expenses</PARENT>
     <LANGUAGENAME.LIST>
      <NAME.LIST TYPE="String">
       <NAME>Printing &amp; Stationery</NAME>
      </NAME.LIST>
      <LANGUAGEID TYPE="Number"> 1033</LANGUAGEID>
     </LANGUAGENAME.LIST>
    </LEDGER>
    <LEDGER NAME="Priyasamy Mouppanar &amp; Sons" RESERVEDNAME="">
     <PARENT TYPE="String">Debtors-VRJ</PARENT>
     <LANGUAGENAME.LIST>
      <NAME.LIST TYPE="String">
       <NAME>Priyasamy Mouppanar &amp; Sons</NAME>
      </NAME.LIST>
      <LANGUAGEID TYPE="Number"> 1033</LANGUAGEID>
     </LANGUAGENAME.LIST>
    </LEDGER>
    <LEDGER NAME="Professional Charges" RESERVEDNAME="">
     <PARENT TYPE="String">Indirect Expenses</PARENT>
     <LANGUAGENAME.LIST>
      <NAME.LIST TYPE="String">
       <NAME>Professional Charges</NAME>
      </NAME.LIST>
      <LANGUAGEID TYPE="Number"> 1033</LANGUAGEID>
     </LANGUAGENAME.LIST>
    </LEDGER>
    <LEDGER NAME="Profit &amp; Loss A/c" RESERVEDNAME="Profit &amp; Loss A/c">
     <PARENT TYPE="String">&#4; Primary</PARENT>
     <LANGUAGENAME.LIST>
      <NAME.LIST TYPE="String">
       <NAME>Profit &amp; Loss A/c</NAME>
      </NAME.LIST>
      <LANGUAGEID TYPE="Number"> 1033</LANGUAGEID>
     </LANGUAGENAME.LIST>
    </LEDGER>
    <LEDGER NAME="Purchase 5%" RESERVEDNAME="">
     <PARENT TYPE="String">Purchase Accounts</PARENT>
     <LANGUAGENAME.LIST>
      <NAME.LIST TYPE="String">
       <NAME>Purchase 5%</NAME>
      </NAME.LIST>
      <LANGUAGEID TYPE="Number"> 1033</LANGUAGEID>
     </LANGUAGENAME.LIST>
    </LEDGER>
    <LEDGER NAME="Purchase @ 12%" RESERVEDNAME="">
     <PARENT TYPE="String">Purchase Accounts</PARENT>
     <LANGUAGENAME.LIST>
      <NAME.LIST TYPE="String">
       <NAME>Purchase @ 12%</NAME>
      </NAME.LIST>
      <LANGUAGEID TYPE="Number"> 1033</LANGUAGEID>
     </LANGUAGENAME.LIST>
    </LEDGER>
    <LEDGER NAME="Purchase @ 18%" RESERVEDNAME="">
     <PARENT TYPE="String">Purchase Accounts</PARENT>
     <LANGUAGENAME.LIST>
      <NAME.LIST TYPE="String">
       <NAME>Purchase @ 18%</NAME>
      </NAME.LIST>
      <LANGUAGEID TYPE="Number"> 1033</LANGUAGEID>
     </LANGUAGENAME.LIST>
    </LEDGER>
    <LEDGER NAME="Purchase @28%" RESERVEDNAME="">
     <PARENT TYPE="String">Purchase Accounts</PARENT>
     <LANGUAGENAME.LIST>
      <NAME.LIST TYPE="String">
       <NAME>Purchase @28%</NAME>
      </NAME.LIST>
      <LANGUAGEID TYPE="Number"> 1033</LANGUAGEID>
     </LANGUAGENAME.LIST>
    </LEDGER>
    <LEDGER NAME="PURCHASE EXEMPTED" RESERVEDNAME="">
     <PARENT TYPE="String">Purchase Accounts</PARENT>
     <LANGUAGENAME.LIST>
      <NAME.LIST TYPE="String">
       <NAME>PURCHASE EXEMPTED</NAME>
      </NAME.LIST>
      <LANGUAGEID TYPE="Number"> 1033</LANGUAGEID>
     </LANGUAGENAME.LIST>
    </LEDGER>
    <LEDGER NAME="PURCHASE IGST 12%" RESERVEDNAME="">
     <PARENT TYPE="String">Purchase Accounts</PARENT>
     <LANGUAGENAME.LIST>
      <NAME.LIST TYPE="String">
       <NAME>PURCHASE IGST 12%</NAME>
      </NAME.LIST>
      <LANGUAGEID TYPE="Number"> 1033</LANGUAGEID>
     </LANGUAGENAME.LIST>
    </LEDGER>
    <LEDGER NAME="Purchase Igst @ 18%" RESERVEDNAME="">
     <PARENT TYPE="String">Purchase Accounts</PARENT>
     <LANGUAGENAME.LIST>
      <NAME.LIST TYPE="String">
       <NAME>Purchase Igst @ 18%</NAME>
      </NAME.LIST>
      <LANGUAGEID TYPE="Number"> 1033</LANGUAGEID>
     </LANGUAGENAME.LIST>
    </LEDGER>
    <LEDGER NAME="QUALITY ENTERPRISES" RESERVEDNAME="">
     <PARENT TYPE="String">Sundry Creditors</PARENT>
     <LANGUAGENAME.LIST>
      <NAME.LIST TYPE="String">
       <NAME>QUALITY ENTERPRISES</NAME>
      </NAME.LIST>
      <LANGUAGEID TYPE="Number"> 1033</LANGUAGEID>
     </LANGUAGENAME.LIST>
    </LEDGER>
    <LEDGER NAME="Ragavan" RESERVEDNAME="">
     <PARENT TYPE="String">Sundry Debtors</PARENT>
     <LANGUAGENAME.LIST>
      <NAME.LIST TYPE="String">
       <NAME>Ragavan</NAME>
      </NAME.LIST>
      <LANGUAGEID TYPE="Number"> 1033</LANGUAGEID>
     </LANGUAGENAME.LIST>
    </LEDGER>
    <LEDGER NAME="Raja" RESERVEDNAME="">
     <PARENT TYPE="String">Sundry Debtors</PARENT>
     <LANGUAGENAME.LIST>
      <NAME.LIST TYPE="String">
       <NAME>Raja</NAME>
      </NAME.LIST>
      <LANGUAGEID TYPE="Number"> 1033</LANGUAGEID>
     </LANGUAGENAME.LIST>
    </LEDGER>
    <LEDGER NAME="Rajan" RESERVEDNAME="">
     <PARENT TYPE="String">Sundry Debtors</PARENT>
     <LANGUAGENAME.LIST>
      <NAME.LIST TYPE="String">
       <NAME>Rajan</NAME>
      </NAME.LIST>
      <LANGUAGEID TYPE="Number"> 1033</LANGUAGEID>
     </LANGUAGENAME.LIST>
    </LEDGER>
    <LEDGER NAME="Raja Readymades" RESERVEDNAME="">
     <PARENT TYPE="String">Sundry Debtors</PARENT>
     <LANGUAGENAME.LIST>
      <NAME.LIST TYPE="String">
       <NAME>Raja Readymades</NAME>
      </NAME.LIST>
      <LANGUAGEID TYPE="Number"> 1033</LANGUAGEID>
     </LANGUAGENAME.LIST>
    </LEDGER>
    <LEDGER NAME="Rajasekar" RESERVEDNAME="">
     <PARENT TYPE="String">Sundry Debtors</PARENT>
     <LANGUAGENAME.LIST>
      <NAME.LIST TYPE="String">
       <NAME>Rajasekar</NAME>
      </NAME.LIST>
      <LANGUAGEID TYPE="Number"> 1033</LANGUAGEID>
     </LANGUAGENAME.LIST>
    </LEDGER>
    <LEDGER NAME="Rajesh" RESERVEDNAME="">
     <PARENT TYPE="String">Sundry Debtors</PARENT>
     <LANGUAGENAME.LIST>
      <NAME.LIST TYPE="String">
       <NAME>Rajesh</NAME>
      </NAME.LIST>
      <LANGUAGEID TYPE="Number"> 1033</LANGUAGEID>
     </LANGUAGENAME.LIST>
    </LEDGER>
    <LEDGER NAME="Raj Textiles" RESERVEDNAME="">
     <PARENT TYPE="String">Debtors-KMY</PARENT>
     <LANGUAGENAME.LIST>
      <NAME.LIST TYPE="String">
       <NAME>Raj Textiles</NAME>
      </NAME.LIST>
      <LANGUAGEID TYPE="Number"> 1033</LANGUAGEID>
     </LANGUAGENAME.LIST>
    </LEDGER>
    <LEDGER NAME="Ramachandran" RESERVEDNAME="">
     <PARENT TYPE="String">Sundry Debtors</PARENT>
     <LANGUAGENAME.LIST>
      <NAME.LIST TYPE="String">
       <NAME>Ramachandran</NAME>
      </NAME.LIST>
      <LANGUAGEID TYPE="Number"> 1033</LANGUAGEID>
     </LANGUAGENAME.LIST>
    </LEDGER>
    <LEDGER NAME="Ramalingam" RESERVEDNAME="">
     <PARENT TYPE="String">Unsecured Loans</PARENT>
     <LANGUAGENAME.LIST>
      <NAME.LIST TYPE="String">
       <NAME>Ramalingam</NAME>
      </NAME.LIST>
      <LANGUAGEID TYPE="Number"> 1033</LANGUAGEID>
     </LANGUAGENAME.LIST>
    </LEDGER>
    <LEDGER NAME="Ramalingam.V" RESERVEDNAME="">
     <PARENT TYPE="String">Debtors-VR</PARENT>
     <LANGUAGENAME.LIST>
      <NAME.LIST TYPE="String">
       <NAME>Ramalingam.V</NAME>
       <NAME>R</NAME>
      </NAME.LIST>
      <LANGUAGEID TYPE="Number"> 1033</LANGUAGEID>
     </LANGUAGENAME.LIST>
    </LEDGER>
    <LEDGER NAME="Ramamoorthy" RESERVEDNAME="">
     <PARENT TYPE="String">Sundry Debtors</PARENT>
     <LANGUAGENAME.LIST>
      <NAME.LIST TYPE="String">
       <NAME>Ramamoorthy</NAME>
      </NAME.LIST>
      <LANGUAGEID TYPE="Number"> 1033</LANGUAGEID>
     </LANGUAGENAME.LIST>
    </LEDGER>
    <LEDGER NAME="Raman" RESERVEDNAME="">
     <PARENT TYPE="String">Debtors-VR</PARENT>
     <LANGUAGENAME.LIST>
      <NAME.LIST TYPE="String">
       <NAME>Raman</NAME>
      </NAME.LIST>
      <LANGUAGEID TYPE="Number"> 1033</LANGUAGEID>
     </LANGUAGENAME.LIST>
    </LEDGER>
    <LEDGER NAME="Ramesh" RESERVEDNAME="">
     <PARENT TYPE="String">Sundry Debtors</PARENT>
     <LANGUAGENAME.LIST>
      <NAME.LIST TYPE="String">
       <NAME>Ramesh</NAME>
      </NAME.LIST>
      <LANGUAGEID TYPE="Number"> 1033</LANGUAGEID>
     </LANGUAGENAME.LIST>
    </LEDGER>
    <LEDGER NAME="Ramgopal" RESERVEDNAME="">
     <PARENT TYPE="String">Sundry Debtors</PARENT>
     <LANGUAGENAME.LIST>
      <NAME.LIST TYPE="String">
       <NAME>Ramgopal</NAME>
      </NAME.LIST>
      <LANGUAGEID TYPE="Number"> 1033</LANGUAGEID>
     </LANGUAGENAME.LIST>
    </LEDGER>
    <LEDGER NAME="Ramkrishnan" RESERVEDNAME="">
     <PARENT TYPE="String">Sundry Debtors</PARENT>
     <LANGUAGENAME.LIST>
      <NAME.LIST TYPE="String">
       <NAME>Ramkrishnan</NAME>
      </NAME.LIST>
      <LANGUAGEID TYPE="Number"> 1033</LANGUAGEID>
     </LANGUAGENAME.LIST>
    </LEDGER>
    <LEDGER NAME="RAMNATH AND COMPANY PRIVATE LIMITED" RESERVEDNAME="">
     <PARENT TYPE="String">Sundry Creditors</PARENT>
     <LANGUAGENAME.LIST>
      <NAME.LIST TYPE="String">
       <NAME>RAMNATH AND COMPANY PRIVATE LIMITED</NAME>
      </NAME.LIST>
      <LANGUAGEID TYPE="Number"> 1033</LANGUAGEID>
     </LANGUAGENAME.LIST>
    </LEDGER>
    <LEDGER NAME="RAM-NATH AND CO PVT LTD" RESERVEDNAME="">
     <PARENT TYPE="String">Sundry Creditors</PARENT>
     <LANGUAGENAME.LIST>
      <NAME.LIST TYPE="String">
       <NAME>RAM-NATH AND CO PVT LTD</NAME>
      </NAME.LIST>
      <LANGUAGEID TYPE="Number"> 1033</LANGUAGEID>
     </LANGUAGENAME.LIST>
    </LEDGER>
    <LEDGER NAME="Ram Silks" RESERVEDNAME="">
     <PARENT TYPE="String">Sundry Debtors</PARENT>
     <LANGUAGENAME.LIST>
      <NAME.LIST TYPE="String">
       <NAME>Ram Silks</NAME>
      </NAME.LIST>
      <LANGUAGEID TYPE="Number"> 1033</LANGUAGEID>
     </LANGUAGENAME.LIST>
    </LEDGER>
    <LEDGER NAME="Ravi" RESERVEDNAME="">
     <PARENT TYPE="String">Sundry Debtors</PARENT>
     <LANGUAGENAME.LIST>
      <NAME.LIST TYPE="String">
       <NAME>Ravi</NAME>
      </NAME.LIST>
      <LANGUAGEID TYPE="Number"> 1033</LANGUAGEID>
     </LANGUAGENAME.LIST>
    </LEDGER>
    <LEDGER NAME="Ravichandran" RESERVEDNAME="">
     <PARENT TYPE="String">Sundry Debtors</PARENT>
     <LANGUAGENAME.LIST>
      <NAME.LIST TYPE="String">
       <NAME>Ravichandran</NAME>
      </NAME.LIST>
      <LANGUAGEID TYPE="Number"> 1033</LANGUAGEID>
     </LANGUAGENAME.LIST>
    </LEDGER>
    <LEDGER NAME="Reliance Industries Limited" RESERVEDNAME="">
     <PARENT TYPE="String">Sundry Creditors</PARENT>
     <LANGUAGENAME.LIST>
      <NAME.LIST TYPE="String">
       <NAME>Reliance Industries Limited</NAME>
      </NAME.LIST>
      <LANGUAGEID TYPE="Number"> 1033</LANGUAGEID>
     </LANGUAGENAME.LIST>
    </LEDGER>
    <LEDGER NAME="Rental Advance" RESERVEDNAME="">
     <PARENT TYPE="String">Loans &amp; Advances (Asset)</PARENT>
     <LANGUAGENAME.LIST>
      <NAME.LIST TYPE="String">
       <NAME>Rental Advance</NAME>
      </NAME.LIST>
      <LANGUAGEID TYPE="Number"> 1033</LANGUAGEID>
     </LANGUAGENAME.LIST>
    </LEDGER>
    <LEDGER NAME="Rent Paid" RESERVEDNAME="">
     <PARENT TYPE="String">Indirect Expenses</PARENT>
     <LANGUAGENAME.LIST>
      <NAME.LIST TYPE="String">
       <NAME>Rent Paid</NAME>
      </NAME.LIST>
      <LANGUAGEID TYPE="Number"> 1033</LANGUAGEID>
     </LANGUAGENAME.LIST>
    </LEDGER>
    <LEDGER NAME="RENUKA SILKS" RESERVEDNAME="">
     <PARENT TYPE="String">Sundry Debtors</PARENT>
     <LANGUAGENAME.LIST>
      <NAME.LIST TYPE="String">
       <NAME>RENUKA SILKS</NAME>
      </NAME.LIST>
      <LANGUAGEID TYPE="Number"> 1033</LANGUAGEID>
     </LANGUAGENAME.LIST>
    </LEDGER>
    <LEDGER NAME="Renuka Silks And REadymates" RESERVEDNAME="">
     <PARENT TYPE="String">Sundry Debtors</PARENT>
     <LANGUAGENAME.LIST>
      <NAME.LIST TYPE="String">
       <NAME>Renuka Silks And REadymates</NAME>
      </NAME.LIST>
      <LANGUAGEID TYPE="Number"> 1033</LANGUAGEID>
     </LANGUAGENAME.LIST>
    </LEDGER>
    <LEDGER NAME="RENUKA SILKS &amp; READYMADE" RESERVEDNAME="">
     <PARENT TYPE="String">Sundry Debtors</PARENT>
     <LANGUAGENAME.LIST>
      <NAME.LIST TYPE="String">
       <NAME>RENUKA SILKS &amp; READYMADE</NAME>
      </NAME.LIST>
      <LANGUAGEID TYPE="Number"> 1033</LANGUAGEID>
     </LANGUAGENAME.LIST>
    </LEDGER>
    <LEDGER NAME="Repaire and Maintance" RESERVEDNAME="">
     <PARENT TYPE="String">Indirect Expenses</PARENT>
     <LANGUAGENAME.LIST>
      <NAME.LIST TYPE="String">
       <NAME>Repaire and Maintance</NAME>
      </NAME.LIST>
      <LANGUAGEID TYPE="Number"> 1033</LANGUAGEID>
     </LANGUAGENAME.LIST>
    </LEDGER>
    <LEDGER NAME="Rishabh Trixim LLP-Chennai" RESERVEDNAME="">
     <PARENT TYPE="String">Sundry Creditors</PARENT>
     <LANGUAGENAME.LIST>
      <NAME.LIST TYPE="String">
       <NAME>Rishabh Trixim LLP-Chennai</NAME>
      </NAME.LIST>
      <LANGUAGEID TYPE="Number"> 1033</LANGUAGEID>
     </LANGUAGENAME.LIST>
    </LEDGER>
    <LEDGER NAME="Riyazathunnisha Begam" RESERVEDNAME="">
     <PARENT TYPE="String">Loans (Liability)</PARENT>
     <LANGUAGENAME.LIST>
      <NAME.LIST TYPE="String">
       <NAME>Riyazathunnisha Begam</NAME>
      </NAME.LIST>
      <LANGUAGEID TYPE="Number"> 1033</LANGUAGEID>
     </LANGUAGENAME.LIST>
    </LEDGER>
    <LEDGER NAME="Round Off" RESERVEDNAME="">
     <PARENT TYPE="String">Indirect Expenses</PARENT>
     <LANGUAGENAME.LIST>
      <NAME.LIST TYPE="String">
       <NAME>Round Off</NAME>
       <NAME>O</NAME>
      </NAME.LIST>
      <LANGUAGEID TYPE="Number"> 1033</LANGUAGEID>
     </LANGUAGENAME.LIST>
    </LEDGER>
    <LEDGER NAME="R.S. ENTERPRISES" RESERVEDNAME="">
     <PARENT TYPE="String">Sundry Creditors</PARENT>
     <LANGUAGENAME.LIST>
      <NAME.LIST TYPE="String">
       <NAME>R.S. ENTERPRISES</NAME>
      </NAME.LIST>
      <LANGUAGEID TYPE="Number"> 1033</LANGUAGEID>
     </LANGUAGENAME.LIST>
    </LEDGER>
    <LEDGER NAME="SABARI AGENCIES" RESERVEDNAME="">
     <PARENT TYPE="String">Sundry Creditors</PARENT>
     <LANGUAGENAME.LIST>
      <NAME.LIST TYPE="String">
       <NAME>SABARI AGENCIES</NAME>
      </NAME.LIST>
      <LANGUAGEID TYPE="Number"> 1033</LANGUAGEID>
     </LANGUAGENAME.LIST>
    </LEDGER>
    <LEDGER NAME="Sai Graphics" RESERVEDNAME="">
     <PARENT TYPE="String">Sundry Creditors</PARENT>
     <LANGUAGENAME.LIST>
      <NAME.LIST TYPE="String">
       <NAME>Sai Graphics</NAME>
      </NAME.LIST>
      <LANGUAGEID TYPE="Number"> 1033</LANGUAGEID>
     </LANGUAGENAME.LIST>
    </LEDGER>
    <LEDGER NAME="SAKTHI MURUGAN COMPANY" RESERVEDNAME="">
     <PARENT TYPE="String">Sundry Creditors</PARENT>
     <LANGUAGENAME.LIST>
      <NAME.LIST TYPE="String">
       <NAME>SAKTHI MURUGAN COMPANY</NAME>
      </NAME.LIST>
      <LANGUAGEID TYPE="Number"> 1033</LANGUAGEID>
     </LANGUAGENAME.LIST>
    </LEDGER>
    <LEDGER NAME="Sakthivel" RESERVEDNAME="">
     <PARENT TYPE="String">Sundry Debtors</PARENT>
     <LANGUAGENAME.LIST>
      <NAME.LIST TYPE="String">
       <NAME>Sakthivel</NAME>
      </NAME.LIST>
      <LANGUAGEID TYPE="Number"> 1033</LANGUAGEID>
     </LANGUAGENAME.LIST>
    </LEDGER>
    <LEDGER NAME="Salary" RESERVEDNAME="">
     <PARENT TYPE="String">Indirect Expenses</PARENT>
     <LANGUAGENAME.LIST>
      <NAME.LIST TYPE="String">
       <NAME>Salary</NAME>
       <NAME>A</NAME>
      </NAME.LIST>
      <LANGUAGEID TYPE="Number"> 1033</LANGUAGEID>
     </LANGUAGENAME.LIST>
    </LEDGER>
    <LEDGER NAME="Sales" RESERVEDNAME="">
     <PARENT TYPE="String">Sales Accounts</PARENT>
     <LANGUAGENAME.LIST>
      <NAME.LIST TYPE="String">
       <NAME>Sales</NAME>
      </NAME.LIST>
      <LANGUAGEID TYPE="Number"> 1033</LANGUAGEID>
     </LANGUAGENAME.LIST>
    </LEDGER>
    <LEDGER NAME="Sales @12%" RESERVEDNAME="">
     <PARENT TYPE="String">Sales Accounts</PARENT>
     <LANGUAGENAME.LIST>
      <NAME.LIST TYPE="String">
       <NAME>Sales @12%</NAME>
      </NAME.LIST>
      <LANGUAGEID TYPE="Number"> 1033</LANGUAGEID>
     </LANGUAGENAME.LIST>
    </LEDGER>
    <LEDGER NAME="Sales@18%" RESERVEDNAME="">
     <PARENT TYPE="String">Sales Accounts</PARENT>
     <LANGUAGENAME.LIST>
      <NAME.LIST TYPE="String">
       <NAME>Sales@18%</NAME>
       <NAME>SA</NAME>
      </NAME.LIST>
      <LANGUAGEID TYPE="Number"> 1033</LANGUAGEID>
     </LANGUAGENAME.LIST>
    </LEDGER>
    <LEDGER NAME="Sales Igst@12%" RESERVEDNAME="">
     <PARENT TYPE="String">Sales Accounts</PARENT>
     <LANGUAGENAME.LIST>
      <NAME.LIST TYPE="String">
       <NAME>Sales Igst@12%</NAME>
       <NAME>12</NAME>
      </NAME.LIST>
      <LANGUAGEID TYPE="Number"> 1033</LANGUAGEID>
     </LANGUAGENAME.LIST>
    </LEDGER>
    <LEDGER NAME="Sales Igst@18%" RESERVEDNAME="">
     <PARENT TYPE="String">Sales Accounts</PARENT>
     <LANGUAGENAME.LIST>
      <NAME.LIST TYPE="String">
       <NAME>Sales Igst@18%</NAME>
       <NAME>Ss</NAME>
      </NAME.LIST>
      <LANGUAGEID TYPE="Number"> 1033</LANGUAGEID>
     </LANGUAGENAME.LIST>
    </LEDGER>
    <LEDGER NAME="Sales Igst @ 5%" RESERVEDNAME="">
     <PARENT TYPE="String">Sales Accounts</PARENT>
     <LANGUAGENAME.LIST>
      <NAME.LIST TYPE="String">
       <NAME>Sales Igst @ 5%</NAME>
      </NAME.LIST>
      <LANGUAGEID TYPE="Number"> 1033</LANGUAGEID>
     </LANGUAGENAME.LIST>
    </LEDGER>
    <LEDGER NAME="Saminathan" RESERVEDNAME="">
     <PARENT TYPE="String">Sundry Debtors</PARENT>
     <LANGUAGENAME.LIST>
      <NAME.LIST TYPE="String">
       <NAME>Saminathan</NAME>
      </NAME.LIST>
      <LANGUAGEID TYPE="Number"> 1033</LANGUAGEID>
     </LANGUAGENAME.LIST>
    </LEDGER>
    <LEDGER NAME="Samson Packaging" RESERVEDNAME="">
     <PARENT TYPE="String">Sundry Creditors</PARENT>
     <LANGUAGENAME.LIST>
      <NAME.LIST TYPE="String">
       <NAME>Samson Packaging</NAME>
      </NAME.LIST>
      <LANGUAGEID TYPE="Number"> 1033</LANGUAGEID>
     </LANGUAGENAME.LIST>
    </LEDGER>
    <LEDGER NAME="Sankar" RESERVEDNAME="">
     <PARENT TYPE="String">Sundry Debtors</PARENT>
     <LANGUAGENAME.LIST>
      <NAME.LIST TYPE="String">
       <NAME>Sankar</NAME>
      </NAME.LIST>
      <LANGUAGEID TYPE="Number"> 1033</LANGUAGEID>
     </LANGUAGENAME.LIST>
    </LEDGER>
    <LEDGER NAME="Sankaran" RESERVEDNAME="">
     <PARENT TYPE="String">Sundry Debtors</PARENT>
     <LANGUAGENAME.LIST>
      <NAME.LIST TYPE="String">
       <NAME>Sankaran</NAME>
      </NAME.LIST>
      <LANGUAGEID TYPE="Number"> 1033</LANGUAGEID>
     </LANGUAGENAME.LIST>
    </LEDGER>
    <LEDGER NAME="Santha Kumar" RESERVEDNAME="">
     <PARENT TYPE="String">Sundry Debtors</PARENT>
     <LANGUAGENAME.LIST>
      <NAME.LIST TYPE="String">
       <NAME>Santha Kumar</NAME>
      </NAME.LIST>
      <LANGUAGEID TYPE="Number"> 1033</LANGUAGEID>
     </LANGUAGENAME.LIST>
    </LEDGER>
    <LEDGER NAME="Santhosh" RESERVEDNAME="">
     <PARENT TYPE="String">Sundry Debtors</PARENT>
     <LANGUAGENAME.LIST>
      <NAME.LIST TYPE="String">
       <NAME>Santhosh</NAME>
      </NAME.LIST>
      <LANGUAGEID TYPE="Number"> 1033</LANGUAGEID>
     </LANGUAGENAME.LIST>
    </LEDGER>
    <LEDGER NAME="Santhosh Sweets" RESERVEDNAME="">
     <PARENT TYPE="String">Debtors-KMY</PARENT>
     <LANGUAGENAME.LIST>
      <NAME.LIST TYPE="String">
       <NAME>Santhosh Sweets</NAME>
      </NAME.LIST>
      <LANGUAGEID TYPE="Number"> 1033</LANGUAGEID>
     </LANGUAGENAME.LIST>
    </LEDGER>
    <LEDGER NAME="Saravanan" RESERVEDNAME="">
     <PARENT TYPE="String">Sundry Debtors</PARENT>
     <LANGUAGENAME.LIST>
      <NAME.LIST TYPE="String">
       <NAME>Saravanan</NAME>
      </NAME.LIST>
      <LANGUAGEID TYPE="Number"> 1033</LANGUAGEID>
     </LANGUAGENAME.LIST>
    </LEDGER>
    <LEDGER NAME="Saravanan Silks" RESERVEDNAME="">
     <PARENT TYPE="String">Sundry Debtors</PARENT>
     <LANGUAGENAME.LIST>
      <NAME.LIST TYPE="String">
       <NAME>Saravanan Silks</NAME>
      </NAME.LIST>
      <LANGUAGEID TYPE="Number"> 1033</LANGUAGEID>
     </LANGUAGENAME.LIST>
    </LEDGER>
    <LEDGER NAME="Saravana Stores (Celebrity)" RESERVEDNAME="">
     <PARENT TYPE="String">Sundry Debtors</PARENT>
     <LANGUAGENAME.LIST>
      <NAME.LIST TYPE="String">
       <NAME>Saravana Stores (Celebrity)</NAME>
      </NAME.LIST>
      <LANGUAGEID TYPE="Number"> 1033</LANGUAGEID>
     </LANGUAGENAME.LIST>
    </LEDGER>
    <LEDGER NAME="Saravana Textiles" RESERVEDNAME="">
     <PARENT TYPE="String">Debtors-VR</PARENT>
     <LANGUAGENAME.LIST>
      <NAME.LIST TYPE="String">
       <NAME>Saravana Textiles</NAME>
      </NAME.LIST>
      <LANGUAGEID TYPE="Number"> 1033</LANGUAGEID>
     </LANGUAGENAME.LIST>
    </LEDGER>
    <LEDGER NAME="Sarkar Silk House" RESERVEDNAME="">
     <PARENT TYPE="String">Sundry Debtors</PARENT>
     <LANGUAGENAME.LIST>
      <NAME.LIST TYPE="String">
       <NAME>Sarkar Silk House</NAME>
      </NAME.LIST>
      <LANGUAGEID TYPE="Number"> 1033</LANGUAGEID>
     </LANGUAGENAME.LIST>
    </LEDGER>
    <LEDGER NAME="Sathya" RESERVEDNAME="">
     <PARENT TYPE="String">Sundry Debtors</PARENT>
     <LANGUAGENAME.LIST>
      <NAME.LIST TYPE="String">
       <NAME>Sathya</NAME>
      </NAME.LIST>
      <LANGUAGEID TYPE="Number"> 1033</LANGUAGEID>
     </LANGUAGENAME.LIST>
    </LEDGER>
    <LEDGER NAME="Sathya Moorthy" RESERVEDNAME="">
     <PARENT TYPE="String">Sundry Debtors</PARENT>
     <LANGUAGENAME.LIST>
      <NAME.LIST TYPE="String">
       <NAME>Sathya Moorthy</NAME>
      </NAME.LIST>
      <LANGUAGEID TYPE="Number"> 1033</LANGUAGEID>
     </LANGUAGENAME.LIST>
    </LEDGER>
    <LEDGER NAME="Sathya Raj" RESERVEDNAME="">
     <PARENT TYPE="String">Sundry Debtors</PARENT>
     <LANGUAGENAME.LIST>
      <NAME.LIST TYPE="String">
       <NAME>Sathya Raj</NAME>
      </NAME.LIST>
      <LANGUAGEID TYPE="Number"> 1033</LANGUAGEID>
     </LANGUAGENAME.LIST>
    </LEDGER>
    <LEDGER NAME="Sathya Silks" RESERVEDNAME="">
     <PARENT TYPE="String">The Chennai Silks Groups</PARENT>
     <LANGUAGENAME.LIST>
      <NAME.LIST TYPE="String">
       <NAME>Sathya Silks</NAME>
      </NAME.LIST>
      <LANGUAGEID TYPE="Number"> 1033</LANGUAGEID>
     </LANGUAGENAME.LIST>
    </LEDGER>
    <LEDGER NAME="S.A. Traders" RESERVEDNAME="">
     <PARENT TYPE="String">Sundry Creditors</PARENT>
     <LANGUAGENAME.LIST>
      <NAME.LIST TYPE="String">
       <NAME>S.A. Traders</NAME>
      </NAME.LIST>
      <LANGUAGEID TYPE="Number"> 1033</LANGUAGEID>
     </LANGUAGENAME.LIST>
    </LEDGER>
    <LEDGER NAME="Sbi Credit Card Charges" RESERVEDNAME="">
     <PARENT TYPE="String">Indirect Expenses</PARENT>
     <LANGUAGENAME.LIST>
      <NAME.LIST TYPE="String">
       <NAME>Sbi Credit Card Charges</NAME>
      </NAME.LIST>
      <LANGUAGEID TYPE="Number"> 1033</LANGUAGEID>
     </LANGUAGENAME.LIST>
    </LEDGER>
    <LEDGER NAME="SBI GENERAL INSURANCE COMPANY LTD" RESERVEDNAME="">
     <PARENT TYPE="String">Sundry Creditors</PARENT>
     <LANGUAGENAME.LIST>
      <NAME.LIST TYPE="String">
       <NAME>SBI GENERAL INSURANCE COMPANY LTD</NAME>
      </NAME.LIST>
      <LANGUAGEID TYPE="Number"> 1033</LANGUAGEID>
     </LANGUAGENAME.LIST>
    </LEDGER>
    <LEDGER NAME="SBI OD A/c No. 670310703077" RESERVEDNAME="">
     <PARENT TYPE="String">Bank OD A/c</PARENT>
     <LANGUAGENAME.LIST>
      <NAME.LIST TYPE="String">
       <NAME>SBI OD A/c No. 670310703077</NAME>
       <NAME>7</NAME>
      </NAME.LIST>
      <LANGUAGEID TYPE="Number"> 1033</LANGUAGEID>
     </LANGUAGENAME.LIST>
    </LEDGER>
    <LEDGER NAME="SCIETECH INSPECTION SERVICES" RESERVEDNAME="">
     <PARENT TYPE="String">Loans &amp; Advances (Asset)</PARENT>
     <LANGUAGENAME.LIST>
      <NAME.LIST TYPE="String">
       <NAME>SCIETECH INSPECTION SERVICES</NAME>
      </NAME.LIST>
      <LANGUAGEID TYPE="Number"> 1033</LANGUAGEID>
     </LANGUAGENAME.LIST>
    </LEDGER>
    <LEDGER NAME="Scm Creation" RESERVEDNAME="">
     <PARENT TYPE="String">Sundry Debtors</PARENT>
     <LANGUAGENAME.LIST>
      <NAME.LIST TYPE="String">
       <NAME>Scm Creation</NAME>
      </NAME.LIST>
      <LANGUAGEID TYPE="Number"> 1033</LANGUAGEID>
     </LANGUAGENAME.LIST>
    </LEDGER>
    <LEDGER NAME="Scm Creations" RESERVEDNAME="">
     <PARENT TYPE="String">The Chennai Silks Groups</PARENT>
     <LANGUAGENAME.LIST>
      <NAME.LIST TYPE="String">
       <NAME>Scm Creations</NAME>
      </NAME.LIST>
      <LANGUAGEID TYPE="Number"> 1033</LANGUAGEID>
     </LANGUAGENAME.LIST>
    </LEDGER>
    <LEDGER NAME="Seanel Shipping Pvt Ltd" RESERVEDNAME="">
     <PARENT TYPE="String">Sundry Creditors</PARENT>
     <LANGUAGENAME.LIST>
      <NAME.LIST TYPE="String">
       <NAME>Seanel Shipping Pvt Ltd</NAME>
      </NAME.LIST>
      <LANGUAGEID TYPE="Number"> 1033</LANGUAGEID>
     </LANGUAGENAME.LIST>
    </LEDGER>
    <LEDGER NAME="Segar-Rent Advance" RESERVEDNAME="">
     <PARENT TYPE="String">Loans &amp; Advances (Asset)</PARENT>
     <LANGUAGENAME.LIST>
      <NAME.LIST TYPE="String">
       <NAME>Segar-Rent Advance</NAME>
      </NAME.LIST>
      <LANGUAGEID TYPE="Number"> 1033</LANGUAGEID>
     </LANGUAGENAME.LIST>
    </LEDGER>
    <LEDGER NAME="Sekar" RESERVEDNAME="">
     <PARENT TYPE="String">Sundry Debtors</PARENT>
     <LANGUAGENAME.LIST>
      <NAME.LIST TYPE="String">
       <NAME>Sekar</NAME>
      </NAME.LIST>
      <LANGUAGEID TYPE="Number"> 1033</LANGUAGEID>
     </LANGUAGENAME.LIST>
    </LEDGER>
    <LEDGER NAME="Selvam" RESERVEDNAME="">
     <PARENT TYPE="String">Sundry Debtors</PARENT>
     <LANGUAGENAME.LIST>
      <NAME.LIST TYPE="String">
       <NAME>Selvam</NAME>
      </NAME.LIST>
      <LANGUAGEID TYPE="Number"> 1033</LANGUAGEID>
     </LANGUAGENAME.LIST>
    </LEDGER>
    <LEDGER NAME="Senthil" RESERVEDNAME="">
     <PARENT TYPE="String">Sundry Debtors</PARENT>
     <LANGUAGENAME.LIST>
      <NAME.LIST TYPE="String">
       <NAME>Senthil</NAME>
      </NAME.LIST>
      <LANGUAGEID TYPE="Number"> 1033</LANGUAGEID>
     </LANGUAGENAME.LIST>
    </LEDGER>
    <LEDGER NAME="Senthil Kumar" RESERVEDNAME="">
     <PARENT TYPE="String">Sundry Debtors</PARENT>
     <LANGUAGENAME.LIST>
      <NAME.LIST TYPE="String">
       <NAME>Senthil Kumar</NAME>
      </NAME.LIST>
      <LANGUAGEID TYPE="Number"> 1033</LANGUAGEID>
     </LANGUAGENAME.LIST>
    </LEDGER>
    <LEDGER NAME="Sero Packagingn Limited" RESERVEDNAME="">
     <PARENT TYPE="String">Sundry Creditors</PARENT>
     <LANGUAGENAME.LIST>
      <NAME.LIST TYPE="String">
       <NAME>Sero Packagingn Limited</NAME>
      </NAME.LIST>
      <LANGUAGEID TYPE="Number"> 1033</LANGUAGEID>
     </LANGUAGENAME.LIST>
    </LEDGER>
    <LEDGER NAME="Sesha Agencies" RESERVEDNAME="">
     <PARENT TYPE="String">Debtors-VR</PARENT>
     <LANGUAGENAME.LIST>
      <NAME.LIST TYPE="String">
       <NAME>Sesha Agencies</NAME>
      </NAME.LIST>
      <LANGUAGEID TYPE="Number"> 1033</LANGUAGEID>
     </LANGUAGENAME.LIST>
    </LEDGER>
    <LEDGER NAME="Seyyon Hitech Poly Fabs Pvt. Ltd" RESERVEDNAME="">
     <PARENT TYPE="String">Sundry Creditors</PARENT>
     <LANGUAGENAME.LIST>
      <NAME.LIST TYPE="String">
       <NAME>Seyyon Hitech Poly Fabs Pvt. Ltd</NAME>
      </NAME.LIST>
      <LANGUAGEID TYPE="Number"> 1033</LANGUAGEID>
     </LANGUAGENAME.LIST>
    </LEDGER>
    <LEDGER NAME="Sgst@6%" RESERVEDNAME="">
     <PARENT TYPE="String">Duties &amp; Taxes</PARENT>
     <LANGUAGENAME.LIST>
      <NAME.LIST TYPE="String">
       <NAME>Sgst@6%</NAME>
      </NAME.LIST>
      <LANGUAGEID TYPE="Number"> 1033</LANGUAGEID>
     </LANGUAGENAME.LIST>
    </LEDGER>
    <LEDGER NAME="Sgst@9%" RESERVEDNAME="">
     <PARENT TYPE="String">Duties &amp; Taxes</PARENT>
     <LANGUAGENAME.LIST>
      <NAME.LIST TYPE="String">
       <NAME>Sgst@9%</NAME>
      </NAME.LIST>
      <LANGUAGEID TYPE="Number"> 1033</LANGUAGEID>
     </LANGUAGENAME.LIST>
    </LEDGER>
    <LEDGER NAME="Shanmugasundharam" RESERVEDNAME="">
     <PARENT TYPE="String">Debtors-VR</PARENT>
     <LANGUAGENAME.LIST>
      <NAME.LIST TYPE="String">
       <NAME>Shanmugasundharam</NAME>
      </NAME.LIST>
      <LANGUAGEID TYPE="Number"> 1033</LANGUAGEID>
     </LANGUAGENAME.LIST>
    </LEDGER>
    <LEDGER NAME="Shivasakthi Bearing Centre" RESERVEDNAME="">
     <PARENT TYPE="String">Sundry Creditors</PARENT>
     <LANGUAGENAME.LIST>
      <NAME.LIST TYPE="String">
       <NAME>Shivasakthi Bearing Centre</NAME>
      </NAME.LIST>
      <LANGUAGEID TYPE="Number"> 1033</LANGUAGEID>
     </LANGUAGENAME.LIST>
    </LEDGER>
    <LEDGER NAME="Shri Munishwara Poly Pvt Ltd" RESERVEDNAME="">
     <PARENT TYPE="String">Sundry Creditors</PARENT>
     <LANGUAGENAME.LIST>
      <NAME.LIST TYPE="String">
       <NAME>Shri Munishwara Poly Pvt Ltd</NAME>
      </NAME.LIST>
      <LANGUAGEID TYPE="Number"> 1033</LANGUAGEID>
     </LANGUAGENAME.LIST>
    </LEDGER>
    <LEDGER NAME="SI Media Poly Tech" RESERVEDNAME="">
     <PARENT TYPE="String">Sundry Creditors</PARENT>
     <LANGUAGENAME.LIST>
      <NAME.LIST TYPE="String">
       <NAME>SI Media Poly Tech</NAME>
      </NAME.LIST>
      <LANGUAGEID TYPE="Number"> 1033</LANGUAGEID>
     </LANGUAGENAME.LIST>
    </LEDGER>
    <LEDGER NAME="Sinduja" RESERVEDNAME="">
     <PARENT TYPE="String">Salary Account</PARENT>
     <LANGUAGENAME.LIST>
      <NAME.LIST TYPE="String">
       <NAME>Sinduja</NAME>
      </NAME.LIST>
      <LANGUAGEID TYPE="Number"> 1033</LANGUAGEID>
     </LANGUAGENAME.LIST>
    </LEDGER>
    <LEDGER NAME="Sivanantham" RESERVEDNAME="">
     <PARENT TYPE="String">Sundry Debtors</PARENT>
     <LANGUAGENAME.LIST>
      <NAME.LIST TYPE="String">
       <NAME>Sivanantham</NAME>
      </NAME.LIST>
      <LANGUAGEID TYPE="Number"> 1033</LANGUAGEID>
     </LANGUAGENAME.LIST>
    </LEDGER>
    <LEDGER NAME="Sivaranjani Agencies" RESERVEDNAME="">
     <PARENT TYPE="String">Sundry Creditors</PARENT>
     <LANGUAGENAME.LIST>
      <NAME.LIST TYPE="String">
       <NAME>Sivaranjani Agencies</NAME>
      </NAME.LIST>
      <LANGUAGEID TYPE="Number"> 1033</LANGUAGEID>
     </LANGUAGENAME.LIST>
    </LEDGER>
    <LEDGER NAME="SKA Agencies" RESERVEDNAME="">
     <PARENT TYPE="String">Sundry Creditors</PARENT>
     <LANGUAGENAME.LIST>
      <NAME.LIST TYPE="String">
       <NAME>SKA Agencies</NAME>
      </NAME.LIST>
      <LANGUAGEID TYPE="Number"> 1033</LANGUAGEID>
     </LANGUAGENAME.LIST>
    </LEDGER>
    <LEDGER NAME="Skanda Agencies" RESERVEDNAME="">
     <PARENT TYPE="String">Sundry Creditors</PARENT>
     <LANGUAGENAME.LIST>
      <NAME.LIST TYPE="String">
       <NAME>Skanda Agencies</NAME>
       <NAME>Sk</NAME>
      </NAME.LIST>
      <LANGUAGEID TYPE="Number"> 1033</LANGUAGEID>
     </LANGUAGENAME.LIST>
    </LEDGER>
    <LEDGER NAME="Skanda Agencies ADVANCE" RESERVEDNAME="">
     <PARENT TYPE="String">Loans &amp; Advances (Asset)</PARENT>
     <LANGUAGENAME.LIST>
      <NAME.LIST TYPE="String">
       <NAME>Skanda Agencies ADVANCE</NAME>
      </NAME.LIST>
      <LANGUAGEID TYPE="Number"> 1033</LANGUAGEID>
     </LANGUAGENAME.LIST>
    </LEDGER>
    <LEDGER NAME="SLC LOAN-40646350894" RESERVEDNAME="">
     <PARENT TYPE="String">Secured Loans</PARENT>
     <LANGUAGENAME.LIST>
      <NAME.LIST TYPE="String">
       <NAME>SLC LOAN-40646350894</NAME>
      </NAME.LIST>
      <LANGUAGEID TYPE="Number"> 1033</LANGUAGEID>
     </LANGUAGENAME.LIST>
    </LEDGER>
    <LEDGER NAME="SLC LOAN Interest" RESERVEDNAME="">
     <PARENT TYPE="String">Indirect Expenses</PARENT>
     <LANGUAGENAME.LIST>
      <NAME.LIST TYPE="String">
       <NAME>SLC LOAN Interest</NAME>
      </NAME.LIST>
      <LANGUAGEID TYPE="Number"> 1033</LANGUAGEID>
     </LANGUAGENAME.LIST>
    </LEDGER>
    <LEDGER NAME="SME GOLD LOAN 40469319594" RESERVEDNAME="">
     <PARENT TYPE="String">Secured Loans</PARENT>
     <LANGUAGENAME.LIST>
      <NAME.LIST TYPE="String">
       <NAME>SME GOLD LOAN 40469319594</NAME>
       <NAME>594</NAME>
      </NAME.LIST>
      <LANGUAGEID TYPE="Number"> 1033</LANGUAGEID>
     </LANGUAGENAME.LIST>
    </LEDGER>
    <LEDGER NAME="Space Textiles" RESERVEDNAME="">
     <PARENT TYPE="String">The Chennai Silks Groups</PARENT>
     <LANGUAGENAME.LIST>
      <NAME.LIST TYPE="String">
       <NAME>Space Textiles</NAME>
      </NAME.LIST>
      <LANGUAGEID TYPE="Number"> 1033</LANGUAGEID>
     </LANGUAGENAME.LIST>
    </LEDGER>
    <LEDGER NAME="Spectraa Net" RESERVEDNAME="">
     <PARENT TYPE="String">Sundry Creditors</PARENT>
     <LANGUAGENAME.LIST>
      <NAME.LIST TYPE="String">
       <NAME>Spectraa Net</NAME>
      </NAME.LIST>
      <LANGUAGEID TYPE="Number"> 1033</LANGUAGEID>
     </LANGUAGENAME.LIST>
    </LEDGER>
    <LEDGER NAME="Sree Durga Plasyics" RESERVEDNAME="">
     <PARENT TYPE="String">Sundry Debtors</PARENT>
     <LANGUAGENAME.LIST>
      <NAME.LIST TYPE="String">
       <NAME>Sree Durga Plasyics</NAME>
      </NAME.LIST>
      <LANGUAGEID TYPE="Number"> 1033</LANGUAGEID>
     </LANGUAGENAME.LIST>
    </LEDGER>
    <LEDGER NAME="Sree Jayasakthi Electrical" RESERVEDNAME="">
     <PARENT TYPE="String">Sundry Creditors</PARENT>
     <LANGUAGENAME.LIST>
      <NAME.LIST TYPE="String">
       <NAME>Sree Jayasakthi Electrical</NAME>
      </NAME.LIST>
      <LANGUAGEID TYPE="Number"> 1033</LANGUAGEID>
     </LANGUAGENAME.LIST>
    </LEDGER>
    <LEDGER NAME="Sree Kumaran" RESERVEDNAME="">
     <PARENT TYPE="String">The Chennai Silks Groups</PARENT>
     <LANGUAGENAME.LIST>
      <NAME.LIST TYPE="String">
       <NAME>Sree Kumaran</NAME>
      </NAME.LIST>
      <LANGUAGEID TYPE="Number"> 1033</LANGUAGEID>
     </LANGUAGENAME.LIST>
    </LEDGER>
    <LEDGER NAME="Sree Nandhi Silks" RESERVEDNAME="">
     <PARENT TYPE="String">The Chennai Silks Groups</PARENT>
     <LANGUAGENAME.LIST>
      <NAME.LIST TYPE="String">
       <NAME>Sree Nandhi Silks</NAME>
      </NAME.LIST>
      <LANGUAGEID TYPE="Number"> 1033</LANGUAGEID>
     </LANGUAGENAME.LIST>
    </LEDGER>
    <LEDGER NAME="Sri Amman Textiles" RESERVEDNAME="">
     <PARENT TYPE="String">Sundry Debtors</PARENT>
     <LANGUAGENAME.LIST>
      <NAME.LIST TYPE="String">
       <NAME>Sri Amman Textiles</NAME>
      </NAME.LIST>
      <LANGUAGEID TYPE="Number"> 1033</LANGUAGEID>
     </LANGUAGENAME.LIST>
    </LEDGER>
    <LEDGER NAME="Sri Chitra Paper Store" RESERVEDNAME="">
     <PARENT TYPE="String">Sundry Creditors</PARENT>
     <LANGUAGENAME.LIST>
      <NAME.LIST TYPE="String">
       <NAME>Sri Chitra Paper Store</NAME>
      </NAME.LIST>
      <LANGUAGEID TYPE="Number"> 1033</LANGUAGEID>
     </LANGUAGENAME.LIST>
    </LEDGER>
    <LEDGER NAME="Sri Durga Flastiks" RESERVEDNAME="">
     <PARENT TYPE="String">Sundry Debtors</PARENT>
     <LANGUAGENAME.LIST>
      <NAME.LIST TYPE="String">
       <NAME>Sri Durga Flastiks</NAME>
      </NAME.LIST>
      <LANGUAGEID TYPE="Number"> 1033</LANGUAGEID>
     </LANGUAGENAME.LIST>
    </LEDGER>
    <LEDGER NAME="SRI GANESH AGENCIES" RESERVEDNAME="">
     <PARENT TYPE="String">Sundry Creditors</PARENT>
     <LANGUAGENAME.LIST>
      <NAME.LIST TYPE="String">
       <NAME>SRI GANESH AGENCIES</NAME>
      </NAME.LIST>
      <LANGUAGEID TYPE="Number"> 1033</LANGUAGEID>
     </LANGUAGENAME.LIST>
    </LEDGER>
    <LEDGER NAME="Sri Ganesh Electricals" RESERVEDNAME="">
     <PARENT TYPE="String">Sundry Creditors</PARENT>
     <LANGUAGENAME.LIST>
      <NAME.LIST TYPE="String">
       <NAME>Sri Ganesh Electricals</NAME>
      </NAME.LIST>
      <LANGUAGEID TYPE="Number"> 1033</LANGUAGEID>
     </LANGUAGENAME.LIST>
    </LEDGER>
    <LEDGER NAME="Sri Gopal Greens" RESERVEDNAME="">
     <PARENT TYPE="String">Debtors - JMD</PARENT>
     <LANGUAGENAME.LIST>
      <NAME.LIST TYPE="String">
       <NAME>Sri Gopal Greens</NAME>
      </NAME.LIST>
      <LANGUAGEID TYPE="Number"> 1033</LANGUAGEID>
     </LANGUAGENAME.LIST>
    </LEDGER>
    <LEDGER NAME="Sri Guberan Traders" RESERVEDNAME="">
     <PARENT TYPE="String">Sundry Creditors</PARENT>
     <LANGUAGENAME.LIST>
      <NAME.LIST TYPE="String">
       <NAME>Sri Guberan Traders</NAME>
      </NAME.LIST>
      <LANGUAGEID TYPE="Number"> 1033</LANGUAGEID>
     </LANGUAGENAME.LIST>
    </LEDGER>
    <LEDGER NAME="Sri Kms Paper" RESERVEDNAME="">
     <PARENT TYPE="String">Sundry Creditors</PARENT>
     <LANGUAGENAME.LIST>
      <NAME.LIST TYPE="String">
       <NAME>Sri Kms Paper</NAME>
      </NAME.LIST>
      <LANGUAGEID TYPE="Number"> 1033</LANGUAGEID>
     </LANGUAGENAME.LIST>
    </LEDGER>
    <LEDGER NAME="Sri Kumaran Khadhi Bavan-Kum" RESERVEDNAME="">
     <PARENT TYPE="String">Debtors-VR</PARENT>
     <LANGUAGENAME.LIST>
      <NAME.LIST TYPE="String">
       <NAME>Sri Kumaran Khadhi Bavan-Kum</NAME>
      </NAME.LIST>
      <LANGUAGEID TYPE="Number"> 1033</LANGUAGEID>
     </LANGUAGENAME.LIST>
    </LEDGER>
    <LEDGER NAME="Sri Kumaran Silks" RESERVEDNAME="">
     <PARENT TYPE="String">Sundry Debtors</PARENT>
     <LANGUAGENAME.LIST>
      <NAME.LIST TYPE="String">
       <NAME>Sri Kumaran Silks</NAME>
      </NAME.LIST>
      <LANGUAGEID TYPE="Number"> 1033</LANGUAGEID>
     </LANGUAGENAME.LIST>
    </LEDGER>
    <LEDGER NAME="Sri Lakshmi Narayana Agencies" RESERVEDNAME="">
     <PARENT TYPE="String">Sundry Debtors</PARENT>
     <LANGUAGENAME.LIST>
      <NAME.LIST TYPE="String">
       <NAME>Sri Lakshmi Narayana Agencies</NAME>
      </NAME.LIST>
      <LANGUAGEID TYPE="Number"> 1033</LANGUAGEID>
     </LANGUAGENAME.LIST>
    </LEDGER>
    <LEDGER NAME="Sri Mahalakshmi Textiles &amp; Readymates" RESERVEDNAME="">
     <PARENT TYPE="String">Debtors-VR</PARENT>
     <LANGUAGENAME.LIST>
      <NAME.LIST TYPE="String">
       <NAME>Sri Mahalakshmi Textiles &amp; Readymates</NAME>
      </NAME.LIST>
      <LANGUAGEID TYPE="Number"> 1033</LANGUAGEID>
     </LANGUAGENAME.LIST>
    </LEDGER>
    <LEDGER NAME="Sri Murugan Khadhi Vasthralayam-Kum" RESERVEDNAME="">
     <PARENT TYPE="String">Debtors - JMD</PARENT>
     <LANGUAGENAME.LIST>
      <NAME.LIST TYPE="String">
       <NAME>Sri Murugan Khadhi Vasthralayam-Kum</NAME>
      </NAME.LIST>
      <LANGUAGEID TYPE="Number"> 1033</LANGUAGEID>
     </LANGUAGENAME.LIST>
    </LEDGER>
    <LEDGER NAME="Sri Murugan Khadi Bhavan" RESERVEDNAME="">
     <PARENT TYPE="String">Sundry Debtors</PARENT>
     <LANGUAGENAME.LIST>
      <NAME.LIST TYPE="String">
       <NAME>Sri Murugan Khadi Bhavan</NAME>
      </NAME.LIST>
      <LANGUAGEID TYPE="Number"> 1033</LANGUAGEID>
     </LANGUAGENAME.LIST>
    </LEDGER>
    <LEDGER NAME="Sri Murugan Textiles" RESERVEDNAME="">
     <PARENT TYPE="String">Sundry Debtors</PARENT>
     <LANGUAGENAME.LIST>
      <NAME.LIST TYPE="String">
       <NAME>Sri Murugan Textiles</NAME>
      </NAME.LIST>
      <LANGUAGEID TYPE="Number"> 1033</LANGUAGEID>
     </LANGUAGENAME.LIST>
    </LEDGER>
    <LEDGER NAME="Sri Senthil Murugan Khadhi Vastralayam- Erode" RESERVEDNAME="">
     <PARENT TYPE="String">Debtors-VR</PARENT>
     <LANGUAGENAME.LIST>
      <NAME.LIST TYPE="String">
       <NAME>Sri Senthil Murugan Khadhi Vastralayam- Erode</NAME>
      </NAME.LIST>
      <LANGUAGEID TYPE="Number"> 1033</LANGUAGEID>
     </LANGUAGENAME.LIST>
    </LEDGER>
    <LEDGER NAME="Sri Senthil Murugan Khadhi Vastralayam-Salem" RESERVEDNAME="">
     <PARENT TYPE="String">Debtors-VR</PARENT>
     <LANGUAGENAME.LIST>
      <NAME.LIST TYPE="String">
       <NAME>Sri Senthil Murugan Khadhi Vastralayam-Salem</NAME>
      </NAME.LIST>
      <LANGUAGEID TYPE="Number"> 1033</LANGUAGEID>
     </LANGUAGENAME.LIST>
    </LEDGER>
    <LEDGER NAME="Sri Senthil Murugan Khadi Vastralayam" RESERVEDNAME="">
     <PARENT TYPE="String">Sundry Debtors</PARENT>
     <LANGUAGENAME.LIST>
      <NAME.LIST TYPE="String">
       <NAME>Sri Senthil Murugan Khadi Vastralayam</NAME>
      </NAME.LIST>
      <LANGUAGEID TYPE="Number"> 1033</LANGUAGEID>
     </LANGUAGENAME.LIST>
    </LEDGER>
    <LEDGER NAME="Sri Turgai Graphics" RESERVEDNAME="">
     <PARENT TYPE="String">Sundry Creditors</PARENT>
     <LANGUAGENAME.LIST>
      <NAME.LIST TYPE="String">
       <NAME>Sri Turgai Graphics</NAME>
      </NAME.LIST>
      <LANGUAGEID TYPE="Number"> 1033</LANGUAGEID>
     </LANGUAGENAME.LIST>
    </LEDGER>
    <LEDGER NAME="Sri Vijayaganapathy Stores" RESERVEDNAME="">
     <PARENT TYPE="String">Debtors - JMD</PARENT>
     <LANGUAGENAME.LIST>
      <NAME.LIST TYPE="String">
       <NAME>Sri Vijayaganapathy Stores</NAME>
      </NAME.LIST>
      <LANGUAGEID TYPE="Number"> 1033</LANGUAGEID>
     </LANGUAGENAME.LIST>
    </LEDGER>
    <LEDGER NAME="SRI VIJAYALAKSHMI STORES" RESERVEDNAME="">
     <PARENT TYPE="String">Sundry Creditors</PARENT>
     <LANGUAGENAME.LIST>
      <NAME.LIST TYPE="String">
       <NAME>SRI VIJAYALAKSHMI STORES</NAME>
      </NAME.LIST>
      <LANGUAGEID TYPE="Number"> 1033</LANGUAGEID>
     </LANGUAGENAME.LIST>
    </LEDGER>
    <LEDGER NAME="Staff Welfare" RESERVEDNAME="">
     <PARENT TYPE="String">Indirect Expenses</PARENT>
     <LANGUAGENAME.LIST>
      <NAME.LIST TYPE="String">
       <NAME>Staff Welfare</NAME>
      </NAME.LIST>
      <LANGUAGEID TYPE="Number"> 1033</LANGUAGEID>
     </LANGUAGENAME.LIST>
    </LEDGER>
    <LEDGER NAME="State Bank  of India" RESERVEDNAME="">
     <PARENT TYPE="String">Sundry Creditors</PARENT>
     <LANGUAGENAME.LIST>
      <NAME.LIST TYPE="String">
       <NAME>State Bank  of India</NAME>
      </NAME.LIST>
      <LANGUAGEID TYPE="Number"> 1033</LANGUAGEID>
     </LANGUAGENAME.LIST>
    </LEDGER>
    <LEDGER NAME="State Bank of India 34" RESERVEDNAME="">
     <PARENT TYPE="String">Sundry Creditors</PARENT>
     <LANGUAGENAME.LIST>
      <NAME.LIST TYPE="String">
       <NAME>State Bank of India 34</NAME>
      </NAME.LIST>
      <LANGUAGEID TYPE="Number"> 1033</LANGUAGEID>
     </LANGUAGENAME.LIST>
    </LEDGER>
    <LEDGER NAME="Stickwel Industries" RESERVEDNAME="">
     <PARENT TYPE="String">Sundry Creditors</PARENT>
     <LANGUAGENAME.LIST>
      <NAME.LIST TYPE="String">
       <NAME>Stickwel Industries</NAME>
      </NAME.LIST>
      <LANGUAGEID TYPE="Number"> 1033</LANGUAGEID>
     </LANGUAGENAME.LIST>
    </LEDGER>
    <LEDGER NAME="Stock" RESERVEDNAME="">
     <PARENT TYPE="String">Stock-in-Hand</PARENT>
     <LANGUAGENAME.LIST>
      <NAME.LIST TYPE="String">
       <NAME>Stock</NAME>
      </NAME.LIST>
      <LANGUAGEID TYPE="Number"> 1033</LANGUAGEID>
     </LANGUAGENAME.LIST>
    </LEDGER>
    <LEDGER NAME="SUBASREE" RESERVEDNAME="">
     <PARENT TYPE="String">Sundry Debtors</PARENT>
     <LANGUAGENAME.LIST>
      <NAME.LIST TYPE="String">
       <NAME>SUBASREE</NAME>
      </NAME.LIST>
      <LANGUAGEID TYPE="Number"> 1033</LANGUAGEID>
     </LANGUAGENAME.LIST>
    </LEDGER>
    <LEDGER NAME="Subasree Resma" RESERVEDNAME="">
     <PARENT TYPE="String">Salary Account</PARENT>
     <LANGUAGENAME.LIST>
      <NAME.LIST TYPE="String">
       <NAME>Subasree Resma</NAME>
      </NAME.LIST>
      <LANGUAGEID TYPE="Number"> 1033</LANGUAGEID>
     </LANGUAGENAME.LIST>
    </LEDGER>
    <LEDGER NAME="Subramanian" RESERVEDNAME="">
     <PARENT TYPE="String">Sundry Debtors</PARENT>
     <LANGUAGENAME.LIST>
      <NAME.LIST TYPE="String">
       <NAME>Subramanian</NAME>
      </NAME.LIST>
      <LANGUAGEID TYPE="Number"> 1033</LANGUAGEID>
     </LANGUAGENAME.LIST>
    </LEDGER>
    <LEDGER NAME="Sudhakar" RESERVEDNAME="">
     <PARENT TYPE="String">Sundry Debtors</PARENT>
     <LANGUAGENAME.LIST>
      <NAME.LIST TYPE="String">
       <NAME>Sudhakar</NAME>
      </NAME.LIST>
      <LANGUAGEID TYPE="Number"> 1033</LANGUAGEID>
     </LANGUAGENAME.LIST>
    </LEDGER>
    <LEDGER NAME="Sudharsan" RESERVEDNAME="">
     <PARENT TYPE="String">Sundry Debtors</PARENT>
     <LANGUAGENAME.LIST>
      <NAME.LIST TYPE="String">
       <NAME>Sudharsan</NAME>
      </NAME.LIST>
      <LANGUAGEID TYPE="Number"> 1033</LANGUAGEID>
     </LANGUAGENAME.LIST>
    </LEDGER>
    <LEDGER NAME="SUMAN ELECTRICAL AGENCIES" RESERVEDNAME="">
     <PARENT TYPE="String">Sundry Creditors</PARENT>
     <LANGUAGENAME.LIST>
      <NAME.LIST TYPE="String">
       <NAME>SUMAN ELECTRICAL AGENCIES</NAME>
      </NAME.LIST>
      <LANGUAGEID TYPE="Number"> 1033</LANGUAGEID>
     </LANGUAGENAME.LIST>
    </LEDGER>
    <LEDGER NAME="Suman Electricals Agencies" RESERVEDNAME="">
     <PARENT TYPE="String">Sundry Creditors</PARENT>
     <LANGUAGENAME.LIST>
      <NAME.LIST TYPE="String">
       <NAME>Suman Electricals Agencies</NAME>
      </NAME.LIST>
      <LANGUAGEID TYPE="Number"> 1033</LANGUAGEID>
     </LANGUAGENAME.LIST>
    </LEDGER>
    <LEDGER NAME="Sumangali Silks" RESERVEDNAME="">
     <PARENT TYPE="String">Sundry Debtors</PARENT>
     <LANGUAGENAME.LIST>
      <NAME.LIST TYPE="String">
       <NAME>Sumangali Silks</NAME>
       <NAME>Mm</NAME>
      </NAME.LIST>
      <LANGUAGEID TYPE="Number"> 1033</LANGUAGEID>
     </LANGUAGENAME.LIST>
    </LEDGER>
    <LEDGER NAME="SUMANGALI SILKS-CHENNAI" RESERVEDNAME="">
     <PARENT TYPE="String">Sundry Debtors</PARENT>
     <LANGUAGENAME.LIST>
      <NAME.LIST TYPE="String">
       <NAME>SUMANGALI SILKS-CHENNAI</NAME>
      </NAME.LIST>
      <LANGUAGEID TYPE="Number"> 1033</LANGUAGEID>
     </LANGUAGENAME.LIST>
    </LEDGER>
    <LEDGER NAME="SUMANGALI TEX" RESERVEDNAME="">
     <PARENT TYPE="String">Sundry Debtors</PARENT>
     <LANGUAGENAME.LIST>
      <NAME.LIST TYPE="String">
       <NAME>SUMANGALI TEX</NAME>
      </NAME.LIST>
      <LANGUAGEID TYPE="Number"> 1033</LANGUAGEID>
     </LANGUAGENAME.LIST>
    </LEDGER>
    <LEDGER NAME="Sundaramoorthy" RESERVEDNAME="">
     <PARENT TYPE="String">Sundry Debtors</PARENT>
     <LANGUAGENAME.LIST>
      <NAME.LIST TYPE="String">
       <NAME>Sundaramoorthy</NAME>
      </NAME.LIST>
      <LANGUAGEID TYPE="Number"> 1033</LANGUAGEID>
     </LANGUAGENAME.LIST>
    </LEDGER>
    <LEDGER NAME="Sundhar" RESERVEDNAME="">
     <PARENT TYPE="String">Sundry Debtors</PARENT>
     <LANGUAGENAME.LIST>
      <NAME.LIST TYPE="String">
       <NAME>Sundhar</NAME>
      </NAME.LIST>
      <LANGUAGEID TYPE="Number"> 1033</LANGUAGEID>
     </LANGUAGENAME.LIST>
    </LEDGER>
    <LEDGER NAME="Sundharam" RESERVEDNAME="">
     <PARENT TYPE="String">Sundry Debtors</PARENT>
     <LANGUAGENAME.LIST>
      <NAME.LIST TYPE="String">
       <NAME>Sundharam</NAME>
      </NAME.LIST>
      <LANGUAGEID TYPE="Number"> 1033</LANGUAGEID>
     </LANGUAGENAME.LIST>
    </LEDGER>
    <LEDGER NAME="Sundry Debtors Sales" RESERVEDNAME="">
     <PARENT TYPE="String">Sundry Debtors</PARENT>
     <LANGUAGENAME.LIST>
      <NAME.LIST TYPE="String">
       <NAME>Sundry Debtors Sales</NAME>
      </NAME.LIST>
      <LANGUAGEID TYPE="Number"> 1033</LANGUAGEID>
     </LANGUAGENAME.LIST>
    </LEDGER>
    <LEDGER NAME="Supreme Rubber Industries" RESERVEDNAME="">
     <PARENT TYPE="String">Sundry Creditors</PARENT>
     <LANGUAGENAME.LIST>
      <NAME.LIST TYPE="String">
       <NAME>Supreme Rubber Industries</NAME>
      </NAME.LIST>
      <LANGUAGEID TYPE="Number"> 1033</LANGUAGEID>
     </LANGUAGENAME.LIST>
    </LEDGER>
    <LEDGER NAME="Suspense" RESERVEDNAME="">
     <PARENT TYPE="String">Suspense A/c</PARENT>
     <LANGUAGENAME.LIST>
      <NAME.LIST TYPE="String">
       <NAME>Suspense</NAME>
       <NAME>Su</NAME>
      </NAME.LIST>
      <LANGUAGEID TYPE="Number"> 1033</LANGUAGEID>
     </LANGUAGENAME.LIST>
    </LEDGER>
    <LEDGER NAME="Swastik Polimers Indusind Ltd" RESERVEDNAME="">
     <PARENT TYPE="String">Sundry Creditors</PARENT>
     <LANGUAGENAME.LIST>
      <NAME.LIST TYPE="String">
       <NAME>Swastik Polimers Indusind Ltd</NAME>
      </NAME.LIST>
      <LANGUAGEID TYPE="Number"> 1033</LANGUAGEID>
     </LANGUAGENAME.LIST>
    </LEDGER>
    <LEDGER NAME="Swastik Polymers" RESERVEDNAME="">
     <PARENT TYPE="String">Sundry Creditors</PARENT>
     <LANGUAGENAME.LIST>
      <NAME.LIST TYPE="String">
       <NAME>Swastik Polymers</NAME>
      </NAME.LIST>
      <LANGUAGEID TYPE="Number"> 1033</LANGUAGEID>
     </LANGUAGENAME.LIST>
    </LEDGER>
    <LEDGER NAME="SWASTIK WORLD" RESERVEDNAME="">
     <PARENT TYPE="String">Sundry Creditors</PARENT>
     <LANGUAGENAME.LIST>
      <NAME.LIST TYPE="String">
       <NAME>SWASTIK WORLD</NAME>
      </NAME.LIST>
      <LANGUAGEID TYPE="Number"> 1033</LANGUAGEID>
     </LANGUAGENAME.LIST>
    </LEDGER>
    <LEDGER NAME="TDS" RESERVEDNAME="">
     <PARENT TYPE="String">Current Assets</PARENT>
     <LANGUAGENAME.LIST>
      <NAME.LIST TYPE="String">
       <NAME>TDS</NAME>
      </NAME.LIST>
      <LANGUAGEID TYPE="Number"> 1033</LANGUAGEID>
     </LANGUAGENAME.LIST>
    </LEDGER>
    <LEDGER NAME="TDS 2014-15" RESERVEDNAME="">
     <PARENT TYPE="String">Current Assets</PARENT>
     <LANGUAGENAME.LIST>
      <NAME.LIST TYPE="String">
       <NAME>TDS 2014-15</NAME>
      </NAME.LIST>
      <LANGUAGEID TYPE="Number"> 1033</LANGUAGEID>
     </LANGUAGENAME.LIST>
    </LEDGER>
    <LEDGER NAME="TDS 2016-17" RESERVEDNAME="">
     <PARENT TYPE="String">Current Assets</PARENT>
     <LANGUAGENAME.LIST>
      <NAME.LIST TYPE="String">
       <NAME>TDS 2016-17</NAME>
      </NAME.LIST>
      <LANGUAGEID TYPE="Number"> 1033</LANGUAGEID>
     </LANGUAGENAME.LIST>
    </LEDGER>
    <LEDGER NAME="TDS 2017-16" RESERVEDNAME="">
     <PARENT TYPE="String">Current Assets</PARENT>
     <LANGUAGENAME.LIST>
      <NAME.LIST TYPE="String">
       <NAME>TDS 2017-16</NAME>
      </NAME.LIST>
      <LANGUAGEID TYPE="Number"> 1033</LANGUAGEID>
     </LANGUAGENAME.LIST>
    </LEDGER>
    <LEDGER NAME="Telephone Exp Paid" RESERVEDNAME="">
     <PARENT TYPE="String">Indirect Expenses</PARENT>
     <LANGUAGENAME.LIST>
      <NAME.LIST TYPE="String">
       <NAME>Telephone Exp Paid</NAME>
      </NAME.LIST>
      <LANGUAGEID TYPE="Number"> 1033</LANGUAGEID>
     </LANGUAGENAME.LIST>
    </LEDGER>
    <LEDGER NAME="Term Loan 39293663770" RESERVEDNAME="">
     <PARENT TYPE="String">Secured Loans</PARENT>
     <LANGUAGENAME.LIST>
      <NAME.LIST TYPE="String">
       <NAME>Term Loan 39293663770</NAME>
       <NAME>770</NAME>
      </NAME.LIST>
      <LANGUAGEID TYPE="Number"> 1033</LANGUAGEID>
     </LANGUAGENAME.LIST>
    </LEDGER>
    <LEDGER NAME="Term Loan 39363647173" RESERVEDNAME="">
     <PARENT TYPE="String">Secured Loans</PARENT>
     <LANGUAGENAME.LIST>
      <NAME.LIST TYPE="String">
       <NAME>Term Loan 39363647173</NAME>
       <NAME>7173</NAME>
      </NAME.LIST>
      <LANGUAGEID TYPE="Number"> 1033</LANGUAGEID>
     </LANGUAGENAME.LIST>
    </LEDGER>
    <LEDGER NAME="Term Loan 39507454906" RESERVEDNAME="">
     <PARENT TYPE="String">Secured Loans</PARENT>
     <LANGUAGENAME.LIST>
      <NAME.LIST TYPE="String">
       <NAME>Term Loan 39507454906</NAME>
      </NAME.LIST>
      <LANGUAGEID TYPE="Number"> 1033</LANGUAGEID>
     </LANGUAGENAME.LIST>
    </LEDGER>
    <LEDGER NAME="Term Loan 39607421559" RESERVEDNAME="">
     <PARENT TYPE="String">Secured Loans</PARENT>
     <LANGUAGENAME.LIST>
      <NAME.LIST TYPE="String">
       <NAME>Term Loan 39607421559</NAME>
      </NAME.LIST>
      <LANGUAGEID TYPE="Number"> 1033</LANGUAGEID>
     </LANGUAGENAME.LIST>
    </LEDGER>
    <LEDGER NAME="Term Loan 40344953090" RESERVEDNAME="">
     <PARENT TYPE="String">Secured Loans</PARENT>
     <LANGUAGENAME.LIST>
      <NAME.LIST TYPE="String">
       <NAME>Term Loan 40344953090</NAME>
       <NAME>3090</NAME>
      </NAME.LIST>
      <LANGUAGEID TYPE="Number"> 1033</LANGUAGEID>
     </LANGUAGENAME.LIST>
    </LEDGER>
    <LEDGER NAME="Term Loan 40345144192" RESERVEDNAME="">
     <PARENT TYPE="String">Secured Loans</PARENT>
     <LANGUAGENAME.LIST>
      <NAME.LIST TYPE="String">
       <NAME>Term Loan 40345144192</NAME>
       <NAME>192</NAME>
      </NAME.LIST>
      <LANGUAGEID TYPE="Number"> 1033</LANGUAGEID>
     </LANGUAGENAME.LIST>
    </LEDGER>
    <LEDGER NAME="Term Loan 41315329057" RESERVEDNAME="">
     <PARENT TYPE="String">Secured Loans</PARENT>
     <LANGUAGENAME.LIST>
      <NAME.LIST TYPE="String">
       <NAME>Term Loan 41315329057</NAME>
       <NAME>57</NAME>
      </NAME.LIST>
      <LANGUAGEID TYPE="Number"> 1033</LANGUAGEID>
     </LANGUAGENAME.LIST>
    </LEDGER>
    <LEDGER NAME="Term Loan 67396497592" RESERVEDNAME="">
     <PARENT TYPE="String">Secured Loans</PARENT>
     <LANGUAGENAME.LIST>
      <NAME.LIST TYPE="String">
       <NAME>Term Loan 67396497592</NAME>
       <NAME>7592</NAME>
      </NAME.LIST>
      <LANGUAGEID TYPE="Number"> 1033</LANGUAGEID>
     </LANGUAGENAME.LIST>
    </LEDGER>
    <LEDGER NAME="Term Loan7592" RESERVEDNAME="">
     <PARENT TYPE="String">Secured Loans</PARENT>
     <LANGUAGENAME.LIST>
      <NAME.LIST TYPE="String">
       <NAME>Term Loan7592</NAME>
      </NAME.LIST>
      <LANGUAGEID TYPE="Number"> 1033</LANGUAGEID>
     </LANGUAGENAME.LIST>
    </LEDGER>
    <LEDGER NAME="Term Loan Inetrest" RESERVEDNAME="">
     <PARENT TYPE="String">Indirect Expenses</PARENT>
     <LANGUAGENAME.LIST>
      <NAME.LIST TYPE="String">
       <NAME>Term Loan Inetrest</NAME>
       <NAME>L</NAME>
      </NAME.LIST>
      <LANGUAGEID TYPE="Number"> 1033</LANGUAGEID>
     </LANGUAGENAME.LIST>
    </LEDGER>
    <LEDGER NAME="The Apurvaa Silks" RESERVEDNAME="">
     <PARENT TYPE="String">Sundry Debtors</PARENT>
     <LANGUAGENAME.LIST>
      <NAME.LIST TYPE="String">
       <NAME>The Apurvaa Silks</NAME>
      </NAME.LIST>
      <LANGUAGEID TYPE="Number"> 1033</LANGUAGEID>
     </LANGUAGENAME.LIST>
    </LEDGER>
    <LEDGER NAME="The Chennai Silks" RESERVEDNAME="">
     <PARENT TYPE="String">The Chennai Silks Groups</PARENT>
     <LANGUAGENAME.LIST>
      <NAME.LIST TYPE="String">
       <NAME>The Chennai Silks</NAME>
       <NAME>T</NAME>
      </NAME.LIST>
      <LANGUAGEID TYPE="Number"> 1033</LANGUAGEID>
     </LANGUAGENAME.LIST>
    </LEDGER>
    <LEDGER NAME="The Chennai Silks - Chittoor" RESERVEDNAME="">
     <PARENT TYPE="String">The Chennai Silks Groups</PARENT>
     <LANGUAGENAME.LIST>
      <NAME.LIST TYPE="String">
       <NAME>The Chennai Silks - Chittoor</NAME>
      </NAME.LIST>
      <LANGUAGEID TYPE="Number"> 1033</LANGUAGEID>
     </LANGUAGENAME.LIST>
    </LEDGER>
    <LEDGER NAME="The Chennai Silks -Chrompet" RESERVEDNAME="">
     <PARENT TYPE="String">The Chennai Silks Groups</PARENT>
     <LANGUAGENAME.LIST>
      <NAME.LIST TYPE="String">
       <NAME>The Chennai Silks -Chrompet</NAME>
      </NAME.LIST>
      <LANGUAGEID TYPE="Number"> 1033</LANGUAGEID>
     </LANGUAGENAME.LIST>
    </LEDGER>
    <LEDGER NAME="The Chennai Silks - Coimbutore" RESERVEDNAME="">
     <PARENT TYPE="String">The Chennai Silks Groups</PARENT>
     <LANGUAGENAME.LIST>
      <NAME.LIST TYPE="String">
       <NAME>The Chennai Silks - Coimbutore</NAME>
      </NAME.LIST>
      <LANGUAGEID TYPE="Number"> 1033</LANGUAGEID>
     </LANGUAGENAME.LIST>
    </LEDGER>
    <LEDGER NAME="The Chennai Silks - Crosscut" RESERVEDNAME="">
     <PARENT TYPE="String">Debtors-VR</PARENT>
     <LANGUAGENAME.LIST>
      <NAME.LIST TYPE="String">
       <NAME>The Chennai Silks - Crosscut</NAME>
      </NAME.LIST>
      <LANGUAGEID TYPE="Number"> 1033</LANGUAGEID>
     </LANGUAGENAME.LIST>
    </LEDGER>
    <LEDGER NAME="The Chennai Silks- Dindigul" RESERVEDNAME="">
     <PARENT TYPE="String">The Chennai Silks Groups</PARENT>
     <LANGUAGENAME.LIST>
      <NAME.LIST TYPE="String">
       <NAME>The Chennai Silks- Dindigul</NAME>
      </NAME.LIST>
      <LANGUAGEID TYPE="Number"> 1033</LANGUAGEID>
     </LANGUAGENAME.LIST>
    </LEDGER>
    <LEDGER NAME="The Chennai Silks - Hosur" RESERVEDNAME="">
     <PARENT TYPE="String">The Chennai Silks Groups</PARENT>
     <LANGUAGENAME.LIST>
      <NAME.LIST TYPE="String">
       <NAME>The Chennai Silks - Hosur</NAME>
      </NAME.LIST>
      <LANGUAGEID TYPE="Number"> 1033</LANGUAGEID>
     </LANGUAGENAME.LIST>
    </LEDGER>
    <LEDGER NAME="The Chennai Silks- Karur" RESERVEDNAME="">
     <PARENT TYPE="String">The Chennai Silks Groups</PARENT>
     <LANGUAGENAME.LIST>
      <NAME.LIST TYPE="String">
       <NAME>The Chennai Silks- Karur</NAME>
      </NAME.LIST>
      <LANGUAGEID TYPE="Number"> 1033</LANGUAGEID>
     </LANGUAGENAME.LIST>
    </LEDGER>
    <LEDGER NAME="The Chennai Silks - Karur(Gst)" RESERVEDNAME="">
     <PARENT TYPE="String">The Chennai Silks Groups</PARENT>
     <LANGUAGENAME.LIST>
      <NAME.LIST TYPE="String">
       <NAME>The Chennai Silks - Karur(Gst)</NAME>
      </NAME.LIST>
      <LANGUAGEID TYPE="Number"> 1033</LANGUAGEID>
     </LANGUAGENAME.LIST>
    </LEDGER>
    <LEDGER NAME="The Chennai Silks - Kumbakonam" RESERVEDNAME="">
     <PARENT TYPE="String">The Chennai Silks Groups</PARENT>
     <LANGUAGENAME.LIST>
      <NAME.LIST TYPE="String">
       <NAME>The Chennai Silks - Kumbakonam</NAME>
      </NAME.LIST>
      <LANGUAGEID TYPE="Number"> 1033</LANGUAGEID>
     </LANGUAGENAME.LIST>
    </LEDGER>
    <LEDGER NAME="The Chennai Silks- Madurai" RESERVEDNAME="">
     <PARENT TYPE="String">The Chennai Silks Groups</PARENT>
     <LANGUAGENAME.LIST>
      <NAME.LIST TYPE="String">
       <NAME>The Chennai Silks- Madurai</NAME>
      </NAME.LIST>
      <LANGUAGEID TYPE="Number"> 1033</LANGUAGEID>
     </LANGUAGENAME.LIST>
    </LEDGER>
    <LEDGER NAME="The Chennai Silks-Ooty" RESERVEDNAME="">
     <PARENT TYPE="String">The Chennai Silks Groups</PARENT>
     <LANGUAGENAME.LIST>
      <NAME.LIST TYPE="String">
       <NAME>The Chennai Silks-Ooty</NAME>
      </NAME.LIST>
      <LANGUAGEID TYPE="Number"> 1033</LANGUAGEID>
     </LANGUAGENAME.LIST>
    </LEDGER>
    <LEDGER NAME="The Chennai Silks- Puducherry" RESERVEDNAME="">
     <PARENT TYPE="String">The Chennai Silks Groups</PARENT>
     <LANGUAGENAME.LIST>
      <NAME.LIST TYPE="String">
       <NAME>The Chennai Silks- Puducherry</NAME>
      </NAME.LIST>
      <LANGUAGEID TYPE="Number"> 1033</LANGUAGEID>
     </LANGUAGENAME.LIST>
    </LEDGER>
    <LEDGER NAME="The Chennai Silks- Pudukkottai" RESERVEDNAME="">
     <PARENT TYPE="String">The Chennai Silks Groups</PARENT>
     <LANGUAGENAME.LIST>
      <NAME.LIST TYPE="String">
       <NAME>The Chennai Silks- Pudukkottai</NAME>
      </NAME.LIST>
      <LANGUAGEID TYPE="Number"> 1033</LANGUAGEID>
     </LANGUAGENAME.LIST>
    </LEDGER>
    <LEDGER NAME="The Chennai Silks - Thanjavur" RESERVEDNAME="">
     <PARENT TYPE="String">The Chennai Silks Groups</PARENT>
     <LANGUAGENAME.LIST>
      <NAME.LIST TYPE="String">
       <NAME>The Chennai Silks - Thanjavur</NAME>
       <NAME>Z2</NAME>
      </NAME.LIST>
      <LANGUAGEID TYPE="Number"> 1033</LANGUAGEID>
     </LANGUAGENAME.LIST>
    </LEDGER>
    <LEDGER NAME="The Chennai Silks - Thirunelveli" RESERVEDNAME="">
     <PARENT TYPE="String">The Chennai Silks Groups</PARENT>
     <LANGUAGENAME.LIST>
      <NAME.LIST TYPE="String">
       <NAME>The Chennai Silks - Thirunelveli</NAME>
      </NAME.LIST>
      <LANGUAGEID TYPE="Number"> 1033</LANGUAGEID>
     </LANGUAGENAME.LIST>
    </LEDGER>
    <LEDGER NAME="THE CHENNAI SILKS - THOOTHUKUDI" RESERVEDNAME="">
     <PARENT TYPE="String">The Chennai Silks Groups</PARENT>
     <LANGUAGENAME.LIST>
      <NAME.LIST TYPE="String">
       <NAME>THE CHENNAI SILKS - THOOTHUKUDI</NAME>
      </NAME.LIST>
      <LANGUAGEID TYPE="Number"> 1033</LANGUAGEID>
     </LANGUAGENAME.LIST>
    </LEDGER>
    <LEDGER NAME="The Chennai Silks- Tiruppur" RESERVEDNAME="">
     <PARENT TYPE="String">The Chennai Silks Groups</PARENT>
     <LANGUAGENAME.LIST>
      <NAME.LIST TYPE="String">
       <NAME>The Chennai Silks- Tiruppur</NAME>
      </NAME.LIST>
      <LANGUAGEID TYPE="Number"> 1033</LANGUAGEID>
     </LANGUAGENAME.LIST>
    </LEDGER>
    <LEDGER NAME="The Chennai Silks - Tiruvallur ZB" RESERVEDNAME="">
     <PARENT TYPE="String">The Chennai Silks Groups</PARENT>
     <LANGUAGENAME.LIST>
      <NAME.LIST TYPE="String">
       <NAME>The Chennai Silks - Tiruvallur ZB</NAME>
       <NAME>ZB</NAME>
      </NAME.LIST>
      <LANGUAGEID TYPE="Number"> 1033</LANGUAGEID>
     </LANGUAGENAME.LIST>
    </LEDGER>
    <LEDGER NAME="The Chennai Silks - T. Nagar" RESERVEDNAME="">
     <PARENT TYPE="String">The Chennai Silks Groups</PARENT>
     <LANGUAGENAME.LIST>
      <NAME.LIST TYPE="String">
       <NAME>The Chennai Silks - T. Nagar</NAME>
      </NAME.LIST>
      <LANGUAGEID TYPE="Number"> 1033</LANGUAGEID>
     </LANGUAGENAME.LIST>
    </LEDGER>
    <LEDGER NAME="The Chennai Silks - Trichy" RESERVEDNAME="">
     <PARENT TYPE="String">The Chennai Silks Groups</PARENT>
     <LANGUAGENAME.LIST>
      <NAME.LIST TYPE="String">
       <NAME>The Chennai Silks - Trichy</NAME>
       <NAME>TH</NAME>
      </NAME.LIST>
      <LANGUAGEID TYPE="Number"> 1033</LANGUAGEID>
     </LANGUAGENAME.LIST>
    </LEDGER>
    <LEDGER NAME="The Chennai Silks - Tuticorin" RESERVEDNAME="">
     <PARENT TYPE="String">Debtors-VR</PARENT>
     <LANGUAGENAME.LIST>
      <NAME.LIST TYPE="String">
       <NAME>The Chennai Silks - Tuticorin</NAME>
      </NAME.LIST>
      <LANGUAGEID TYPE="Number"> 1033</LANGUAGEID>
     </LANGUAGENAME.LIST>
    </LEDGER>
    <LEDGER NAME="The Chennai Silks -Velacherry" RESERVEDNAME="">
     <PARENT TYPE="String">The Chennai Silks Groups</PARENT>
     <LANGUAGENAME.LIST>
      <NAME.LIST TYPE="String">
       <NAME>The Chennai Silks -Velacherry</NAME>
      </NAME.LIST>
      <LANGUAGEID TYPE="Number"> 1033</LANGUAGEID>
     </LANGUAGENAME.LIST>
    </LEDGER>
    <LEDGER NAME="The Chennai Silks- Vellore" RESERVEDNAME="">
     <PARENT TYPE="String">The Chennai Silks Groups</PARENT>
     <LANGUAGENAME.LIST>
      <NAME.LIST TYPE="String">
       <NAME>The Chennai Silks- Vellore</NAME>
      </NAME.LIST>
      <LANGUAGEID TYPE="Number"> 1033</LANGUAGEID>
     </LANGUAGENAME.LIST>
    </LEDGER>
    <LEDGER NAME="The Chennai Silks - Villupuram" RESERVEDNAME="">
     <PARENT TYPE="String">The Chennai Silks Groups</PARENT>
     <LANGUAGENAME.LIST>
      <NAME.LIST TYPE="String">
       <NAME>The Chennai Silks - Villupuram</NAME>
      </NAME.LIST>
      <LANGUAGEID TYPE="Number"> 1033</LANGUAGEID>
     </LANGUAGENAME.LIST>
    </LEDGER>
    <LEDGER NAME="The Fortune Enterrprises" RESERVEDNAME="">
     <PARENT TYPE="String">Sundry Creditors</PARENT>
     <LANGUAGENAME.LIST>
      <NAME.LIST TYPE="String">
       <NAME>The Fortune Enterrprises</NAME>
      </NAME.LIST>
      <LANGUAGEID TYPE="Number"> 1033</LANGUAGEID>
     </LANGUAGENAME.LIST>
    </LEDGER>
    <LEDGER NAME="The Madras Silks" RESERVEDNAME="">
     <PARENT TYPE="String">The Chennai Silks Groups</PARENT>
     <LANGUAGENAME.LIST>
      <NAME.LIST TYPE="String">
       <NAME>The Madras Silks</NAME>
      </NAME.LIST>
      <LANGUAGEID TYPE="Number"> 1033</LANGUAGEID>
     </LANGUAGENAME.LIST>
    </LEDGER>
    <LEDGER NAME="THE MURUGAN KHADI BHAVAN" RESERVEDNAME="">
     <PARENT TYPE="String">Sundry Debtors</PARENT>
     <LANGUAGENAME.LIST>
      <NAME.LIST TYPE="String">
       <NAME>THE MURUGAN KHADI BHAVAN</NAME>
      </NAME.LIST>
      <LANGUAGEID TYPE="Number"> 1033</LANGUAGEID>
     </LANGUAGENAME.LIST>
    </LEDGER>
    <LEDGER NAME="THE PROFESSIONAL COURIERS" RESERVEDNAME="">
     <PARENT TYPE="String">Sundry Creditors</PARENT>
     <LANGUAGENAME.LIST>
      <NAME.LIST TYPE="String">
       <NAME>THE PROFESSIONAL COURIERS</NAME>
      </NAME.LIST>
      <LANGUAGEID TYPE="Number"> 1033</LANGUAGEID>
     </LANGUAGENAME.LIST>
    </LEDGER>
    <LEDGER NAME="Thirumuruga Polymers" RESERVEDNAME="">
     <PARENT TYPE="String">Debtors-VR</PARENT>
     <LANGUAGENAME.LIST>
      <NAME.LIST TYPE="String">
       <NAME>Thirumuruga Polymers</NAME>
      </NAME.LIST>
      <LANGUAGEID TYPE="Number"> 1033</LANGUAGEID>
     </LANGUAGENAME.LIST>
    </LEDGER>
    <LEDGER NAME="Thiru Senthil Andavar &amp; Co" RESERVEDNAME="">
     <PARENT TYPE="String">Sundry Debtors</PARENT>
     <LANGUAGENAME.LIST>
      <NAME.LIST TYPE="String">
       <NAME>Thiru Senthil Andavar &amp; Co</NAME>
      </NAME.LIST>
      <LANGUAGEID TYPE="Number"> 1033</LANGUAGEID>
     </LANGUAGENAME.LIST>
    </LEDGER>
    <LEDGER NAME="Tirumala Colours" RESERVEDNAME="">
     <PARENT TYPE="String">Sundry Creditors</PARENT>
     <LANGUAGENAME.LIST>
      <NAME.LIST TYPE="String">
       <NAME>Tirumala Colours</NAME>
      </NAME.LIST>
      <LANGUAGEID TYPE="Number"> 1033</LANGUAGEID>
     </LANGUAGENAME.LIST>
    </LEDGER>
    <LEDGER NAME="T. NITHYANATHAM&#13;&#10;" RESERVEDNAME="">
     <PARENT TYPE="String">Sundry Creditors</PARENT>
     <LANGUAGENAME.LIST>
      <NAME.LIST TYPE="String">
       <NAME>T. NITHYANATHAM&#13;&#10;</NAME>
      </NAME.LIST>
      <LANGUAGEID TYPE="Number"> 1033</LANGUAGEID>
     </LANGUAGENAME.LIST>
    </LEDGER>
    <LEDGER NAME="Unichem Impex" RESERVEDNAME="">
     <PARENT TYPE="String">Sundry Creditors</PARENT>
     <LANGUAGENAME.LIST>
      <NAME.LIST TYPE="String">
       <NAME>Unichem Impex</NAME>
      </NAME.LIST>
      <LANGUAGEID TYPE="Number"> 1033</LANGUAGEID>
     </LANGUAGENAME.LIST>
    </LEDGER>
    <LEDGER NAME="Vallaban" RESERVEDNAME="">
     <PARENT TYPE="String">Sundry Debtors</PARENT>
     <LANGUAGENAME.LIST>
      <NAME.LIST TYPE="String">
       <NAME>Vallaban</NAME>
      </NAME.LIST>
      <LANGUAGEID TYPE="Number"> 1033</LANGUAGEID>
     </LANGUAGENAME.LIST>
    </LEDGER>
    <LEDGER NAME="VAMSHA RETAIL VENTURES PVT LTD" RESERVEDNAME="">
     <PARENT TYPE="String">Sundry Debtors</PARENT>
     <LANGUAGENAME.LIST>
      <NAME.LIST TYPE="String">
       <NAME>VAMSHA RETAIL VENTURES PVT LTD</NAME>
      </NAME.LIST>
      <LANGUAGEID TYPE="Number"> 1033</LANGUAGEID>
     </LANGUAGENAME.LIST>
    </LEDGER>
    <LEDGER NAME="Van Rent" RESERVEDNAME="">
     <PARENT TYPE="String">Indirect Expenses</PARENT>
     <LANGUAGENAME.LIST>
      <NAME.LIST TYPE="String">
       <NAME>Van Rent</NAME>
      </NAME.LIST>
      <LANGUAGEID TYPE="Number"> 1033</LANGUAGEID>
     </LANGUAGENAME.LIST>
    </LEDGER>
    <LEDGER NAME="Vasudevan" RESERVEDNAME="">
     <PARENT TYPE="String">Sundry Debtors</PARENT>
     <LANGUAGENAME.LIST>
      <NAME.LIST TYPE="String">
       <NAME>Vasudevan</NAME>
      </NAME.LIST>
      <LANGUAGEID TYPE="Number"> 1033</LANGUAGEID>
     </LANGUAGENAME.LIST>
    </LEDGER>
    <LEDGER NAME="Vat &amp; CST" RESERVEDNAME="">
     <PARENT TYPE="String">Provisions</PARENT>
     <LANGUAGENAME.LIST>
      <NAME.LIST TYPE="String">
       <NAME>Vat &amp; CST</NAME>
      </NAME.LIST>
      <LANGUAGEID TYPE="Number"> 1033</LANGUAGEID>
     </LANGUAGENAME.LIST>
    </LEDGER>
    <LEDGER NAME="Vee Arr Infotech" RESERVEDNAME="">
     <PARENT TYPE="String">Sundry Creditors</PARENT>
     <LANGUAGENAME.LIST>
      <NAME.LIST TYPE="String">
       <NAME>Vee Arr Infotech</NAME>
      </NAME.LIST>
      <LANGUAGEID TYPE="Number"> 1033</LANGUAGEID>
     </LANGUAGENAME.LIST>
    </LEDGER>
    <LEDGER NAME="Veeran" RESERVEDNAME="">
     <PARENT TYPE="String">Sundry Debtors</PARENT>
     <LANGUAGENAME.LIST>
      <NAME.LIST TYPE="String">
       <NAME>Veeran</NAME>
      </NAME.LIST>
      <LANGUAGEID TYPE="Number"> 1033</LANGUAGEID>
     </LANGUAGENAME.LIST>
    </LEDGER>
    <LEDGER NAME="VELAVAN STORES SILKS P LTD" RESERVEDNAME="">
     <PARENT TYPE="String">Sundry Debtors</PARENT>
     <LANGUAGENAME.LIST>
      <NAME.LIST TYPE="String">
       <NAME>VELAVAN STORES SILKS P LTD</NAME>
      </NAME.LIST>
      <LANGUAGEID TYPE="Number"> 1033</LANGUAGEID>
     </LANGUAGENAME.LIST>
    </LEDGER>
    <LEDGER NAME="Velayudham" RESERVEDNAME="">
     <PARENT TYPE="String">Sundry Debtors</PARENT>
     <LANGUAGENAME.LIST>
      <NAME.LIST TYPE="String">
       <NAME>Velayudham</NAME>
      </NAME.LIST>
      <LANGUAGEID TYPE="Number"> 1033</LANGUAGEID>
     </LANGUAGENAME.LIST>
    </LEDGER>
    <LEDGER NAME="Vellumani" RESERVEDNAME="">
     <PARENT TYPE="String">Salary Account</PARENT>
     <LANGUAGENAME.LIST>
      <NAME.LIST TYPE="String">
       <NAME>Vellumani</NAME>
      </NAME.LIST>
      <LANGUAGEID TYPE="Number"> 1033</LANGUAGEID>
     </LANGUAGENAME.LIST>
    </LEDGER>
    <LEDGER NAME="Velu" RESERVEDNAME="">
     <PARENT TYPE="String">Sundry Debtors</PARENT>
     <LANGUAGENAME.LIST>
      <NAME.LIST TYPE="String">
       <NAME>Velu</NAME>
      </NAME.LIST>
      <LANGUAGEID TYPE="Number"> 1033</LANGUAGEID>
     </LANGUAGENAME.LIST>
    </LEDGER>
    <LEDGER NAME="Venkat" RESERVEDNAME="">
     <PARENT TYPE="String">Sundry Debtors</PARENT>
     <LANGUAGENAME.LIST>
      <NAME.LIST TYPE="String">
       <NAME>Venkat</NAME>
      </NAME.LIST>
      <LANGUAGEID TYPE="Number"> 1033</LANGUAGEID>
     </LANGUAGENAME.LIST>
    </LEDGER>
    <LEDGER NAME="Venkatesan" RESERVEDNAME="">
     <PARENT TYPE="String">Debtors-VR</PARENT>
     <LANGUAGENAME.LIST>
      <NAME.LIST TYPE="String">
       <NAME>Venkatesan</NAME>
      </NAME.LIST>
      <LANGUAGEID TYPE="Number"> 1033</LANGUAGEID>
     </LANGUAGENAME.LIST>
    </LEDGER>
    <LEDGER NAME="Venus Plastics" RESERVEDNAME="">
     <PARENT TYPE="String">Sundry Debtors</PARENT>
     <LANGUAGENAME.LIST>
      <NAME.LIST TYPE="String">
       <NAME>Venus Plastics</NAME>
      </NAME.LIST>
      <LANGUAGEID TYPE="Number"> 1033</LANGUAGEID>
     </LANGUAGENAME.LIST>
    </LEDGER>
    <LEDGER NAME="Vignesh" RESERVEDNAME="">
     <PARENT TYPE="String">Sundry Debtors</PARENT>
     <LANGUAGENAME.LIST>
      <NAME.LIST TYPE="String">
       <NAME>Vignesh</NAME>
      </NAME.LIST>
      <LANGUAGEID TYPE="Number"> 1033</LANGUAGEID>
     </LANGUAGENAME.LIST>
    </LEDGER>
    <LEDGER NAME="Vignesh Agency" RESERVEDNAME="">
     <PARENT TYPE="String">Sundry Creditors</PARENT>
     <LANGUAGENAME.LIST>
      <NAME.LIST TYPE="String">
       <NAME>Vignesh Agency</NAME>
      </NAME.LIST>
      <LANGUAGEID TYPE="Number"> 1033</LANGUAGEID>
     </LANGUAGENAME.LIST>
    </LEDGER>
    <LEDGER NAME="Viknesh" RESERVEDNAME="">
     <PARENT TYPE="String">Sundry Creditors</PARENT>
     <LANGUAGENAME.LIST>
      <NAME.LIST TYPE="String">
       <NAME>Viknesh</NAME>
      </NAME.LIST>
      <LANGUAGEID TYPE="Number"> 1033</LANGUAGEID>
     </LANGUAGENAME.LIST>
    </LEDGER>
    <LEDGER NAME="Vikram Narayan" RESERVEDNAME="">
     <PARENT TYPE="String">Sundry Debtors</PARENT>
     <LANGUAGENAME.LIST>
      <NAME.LIST TYPE="String">
       <NAME>Vikram Narayan</NAME>
      </NAME.LIST>
      <LANGUAGEID TYPE="Number"> 1033</LANGUAGEID>
     </LANGUAGENAME.LIST>
    </LEDGER>
    <LEDGER NAME="Vinayagam" RESERVEDNAME="">
     <PARENT TYPE="String">Sundry Debtors</PARENT>
     <LANGUAGENAME.LIST>
      <NAME.LIST TYPE="String">
       <NAME>Vinayagam</NAME>
      </NAME.LIST>
      <LANGUAGEID TYPE="Number"> 1033</LANGUAGEID>
     </LANGUAGENAME.LIST>
    </LEDGER>
    <LEDGER NAME="Vin Poly Manfacturing LLP" RESERVEDNAME="">
     <PARENT TYPE="String">Sundry Creditors</PARENT>
     <LANGUAGENAME.LIST>
      <NAME.LIST TYPE="String">
       <NAME>Vin Poly Manfacturing LLP</NAME>
      </NAME.LIST>
      <LANGUAGEID TYPE="Number"> 1033</LANGUAGEID>
     </LANGUAGENAME.LIST>
    </LEDGER>
    <LEDGER NAME="Vishnu" RESERVEDNAME="">
     <PARENT TYPE="String">Sundry Debtors</PARENT>
     <LANGUAGENAME.LIST>
      <NAME.LIST TYPE="String">
       <NAME>Vishnu</NAME>
      </NAME.LIST>
      <LANGUAGEID TYPE="Number"> 1033</LANGUAGEID>
     </LANGUAGENAME.LIST>
    </LEDGER>
    <LEDGER NAME="Vivek" RESERVEDNAME="">
     <PARENT TYPE="String">Sundry Debtors</PARENT>
     <LANGUAGENAME.LIST>
      <NAME.LIST TYPE="String">
       <NAME>Vivek</NAME>
      </NAME.LIST>
      <LANGUAGEID TYPE="Number"> 1033</LANGUAGEID>
     </LANGUAGENAME.LIST>
    </LEDGER>
    <LEDGER NAME="Vjn Poly Manufacture" RESERVEDNAME="">
     <PARENT TYPE="String">Sundry Creditors</PARENT>
     <LANGUAGENAME.LIST>
      <NAME.LIST TYPE="String">
       <NAME>Vjn Poly Manufacture</NAME>
      </NAME.LIST>
      <LANGUAGEID TYPE="Number"> 1033</LANGUAGEID>
     </LANGUAGENAME.LIST>
    </LEDGER>
    <LEDGER NAME="Vythiyanathan" RESERVEDNAME="">
     <PARENT TYPE="String">Debtors-VR</PARENT>
     <LANGUAGENAME.LIST>
      <NAME.LIST TYPE="String">
       <NAME>Vythiyanathan</NAME>
      </NAME.LIST>
      <LANGUAGEID TYPE="Number"> 1033</LANGUAGEID>
     </LANGUAGENAME.LIST>
    </LEDGER>
    <LEDGER NAME="Waheeda Muneem" RESERVEDNAME="">
     <PARENT TYPE="String">Unsecured Loans</PARENT>
     <LANGUAGENAME.LIST>
      <NAME.LIST TYPE="String">
       <NAME>Waheeda Muneem</NAME>
      </NAME.LIST>
      <LANGUAGEID TYPE="Number"> 1033</LANGUAGEID>
     </LANGUAGENAME.LIST>
    </LEDGER>
    <LEDGER NAME="Weighing Scale" RESERVEDNAME="">
     <PARENT TYPE="String">Assest @15%</PARENT>
     <LANGUAGENAME.LIST>
      <NAME.LIST TYPE="String">
       <NAME>Weighing Scale</NAME>
      </NAME.LIST>
      <LANGUAGEID TYPE="Number"> 1033</LANGUAGEID>
     </LANGUAGENAME.LIST>
    </LEDGER>
    <LEDGER NAME="WELLKNOWNS SYNDICATE" RESERVEDNAME="">
     <PARENT TYPE="String">Sundry Creditors</PARENT>
     <LANGUAGENAME.LIST>
      <NAME.LIST TYPE="String">
       <NAME>WELLKNOWNS SYNDICATE</NAME>
      </NAME.LIST>
      <LANGUAGEID TYPE="Number"> 1033</LANGUAGEID>
     </LANGUAGENAME.LIST>
    </LEDGER>
    <LEDGER NAME="Wonders Shoes&amp; Gifts" RESERVEDNAME="">
     <PARENT TYPE="String">Debtors-Sps</PARENT>
     <LANGUAGENAME.LIST>
      <NAME.LIST TYPE="String">
       <NAME>Wonders Shoes&amp; Gifts</NAME>
      </NAME.LIST>
      <LANGUAGEID TYPE="Number"> 1033</LANGUAGEID>
     </LANGUAGENAME.LIST>
    </LEDGER>
    <LEDGER NAME="Xavier" RESERVEDNAME="">
     <PARENT TYPE="String">Sundry Debtors</PARENT>
     <LANGUAGENAME.LIST>
      <NAME.LIST TYPE="String">
       <NAME>Xavier</NAME>
      </NAME.LIST>
      <LANGUAGEID TYPE="Number"> 1033</LANGUAGEID>
     </LANGUAGENAME.LIST>
    </LEDGER>
    <LEDGER NAME="Yuvaraj" RESERVEDNAME="">
     <PARENT TYPE="String">Debtors-VR</PARENT>
     <LANGUAGENAME.LIST>
      <NAME.LIST TYPE="String">
       <NAME>Yuvaraj</NAME>
      </NAME.LIST>
      <LANGUAGEID TYPE="Number"> 1033</LANGUAGEID>
     </LANGUAGENAME.LIST>
    </LEDGER>
   </COLLECTION>
  </DATA>
 </BODY>
</ENVELOPE>


